07-28 21:16:26.745  1369  1369 I SurfaceFlinger: [LayerHierarchy{RequestedLayerState{Transition Root: ActivityRecord{6538d09 u0 com.fceumm.wrapper/.MainMenuActivity t2683}#29536 z=1} 3 children}] RelativeParent to null
07-28 21:16:26.745  1369  1369 I SurfaceFlinger: [LayerHierarchy{RequestedLayerState{ActivityRecord{2606f11 u0 com.fceumm.wrapper/.SplashActivity t2683}#29522 parentId=29514} 3 children}] reparent to LayerHierarchy{RequestedLayerState{Task=2683#29514 parentId=11 z=5} 1 children}
07-28 21:16:26.745  1369  1369 I SurfaceFlinger: [LayerHierarchy{RequestedLayerState{ActivityRecord{6538d09 u0 com.fceumm.wrapper/.MainMenuActivity t2683}#29531 parentId=29514 z=1} 4 children}] reparent to LayerHierarchy{RequestedLayerState{Task=2683#29514 parentId=11 z=5} 2 children}
07-28 21:16:26.745  1369  1369 I SurfaceFlinger: [LayerHierarchy{RequestedLayerState{Right Edge Extension#29537 z=-2147483648} 1 children}] reparent to OffscreenRoot
07-28 21:16:26.745  1369  1369 I SurfaceFlinger: [LayerHierarchy{RequestedLayerState{Right Edge Extension#29537 z=-2147483648} 1 children}] RelativeParent to null
07-28 21:16:26.745  1369  1369 I SurfaceFlinger: [LayerHierarchy{RequestedLayerState{DimTransitionLayer for Surface(name=ActivityRecord{6538d09 u0 com.fceumm.wrapper/.MainMenuActivity t2683})/@0x2fd4969#29540 z=-1} no children}] reparent to OffscreenRoot
07-28 21:16:26.745  1369  1369 I SurfaceFlinger: [LayerHierarchy{RequestedLayerState{DimTransitionLayer for Surface(name=ActivityRecord{6538d09 u0 com.fceumm.wrapper/.MainMenuActivity t2683})/@0x2fd4969#29540 z=-1} no children}] RelativeParent to null
07-28 21:16:26.746  1525  5841 D ChangeTransitionController: onTransitionFinished: TransitionRecord{7668e10 id=1946 type=OPEN flags=0x0}
07-28 21:16:26.747  8031  8031 I VRI[SplashActivity]@4331781: handleAppVisibility mAppVisible = true visible = false
07-28 21:16:26.747  8031  8031 D VRI[SplashActivity]@4331781: visibilityChanged oldVisibility=true newVisibility=false
07-28 21:16:26.748  2762  2815 V WindowManagerShell: Track 0 became idle
07-28 21:16:26.748  1369  1369 W Layer   : gatherBufferInfo: Received unknown dataspace from gralloc
07-28 21:16:26.748  2762  2815 V WindowManagerShell: All active transition animations finished
07-28 21:16:26.748  1369  1369 I SurfaceFlinger: id=29539 Removed bbq-wrapper#29539 (184)
07-28 21:16:26.748  1369  1369 I SurfaceFlinger: id=29536 Removed Transition Root: ActivityRecord{6538d09 u0 com.fceumm.wrapper/.MainMenuActivity t2683}#29536 (184)
07-28 21:16:26.748  1369  1369 I SurfaceFlinger: id=29537 Removed Right Edge Extension#29537 (184)
07-28 21:16:26.749  1525  5395 W UserManagerService: Requested status bar icon for non-badged user 0
07-28 21:16:26.750  1525  5841 W UserManagerService: Requested status bar icon for non-badged user 0
07-28 21:16:26.751  2762  2762 D SystemUIService: SYSUI_RAM_OPTIMIZATION onTrimMemory=20
07-28 21:16:26.751  2762  2762 D CentralSurfaces: SYSUI_RAM_OPTIMIZATION onTrimMemory=20
07-28 21:16:26.751  2762  2917 D HWUI    : CacheManager::trimMemory(20)
07-28 21:16:26.754  1369  1369 I SurfaceFlinger: Layer [com.fceumm.wrapper/com.fceumm.wrapper.SplashActivity$_8031#29526] hidden!! flag(1)
07-28 21:16:26.754  1369  1369 I SurfaceFlinger: destroyed Transition Root: ActivityRecord{6538d09 u0 com.fceumm.wrapper/.MainMenuActivity t2683}#29536
07-28 21:16:26.754  1369  1369 I SurfaceFlinger: destroyed Right Edge Extension#29537
07-28 21:16:26.754  1369  1369 I SurfaceFlinger: destroyed bbq-wrapper#29539
07-28 21:16:26.756  1369  1369 W Layer   : gatherBufferInfo: Received unknown dataspace from gralloc
07-28 21:16:26.757  1369  1369 I Layer   : id=29537 Destroyed Right Edge Extension#29537
07-28 21:16:26.757  1525  5841 V WindowManager: Relayout Window{e05485f u0 com.fceumm.wrapper/com.fceumm.wrapper.SplashActivity}: viewVisibility=8 req=1080x2340 ty=1 d0
07-28 21:16:26.757  1369  1369 I Layer   : id=29539 Destroyed bbq-wrapper#29539
07-28 21:16:26.757  1369  1369 I Layer   : id=29536 Destroyed Transition Root: ActivityRecord{6538d09 u0 com.fceumm.wrapper/.MainMenuActivity t2683}#29536
07-28 21:16:26.758  1525  5841 V WindowManager: Relayout hash=e05485f, pid=8031, syncId=-1: mAttrs={(0,0)(fillxfill) sim={adjust=pan forwardNavigation} layoutInDisplayCutoutMode=always ty=BASE_APPLICATION wanim=0x1030312
07-28 21:16:26.758  1525  5841 V WindowManager:   fl=81810500
07-28 21:16:26.758  1525  5841 V WindowManager:   pfl=100088c0
07-28 21:16:26.758  1525  5841 V WindowManager:   apr=210
07-28 21:16:26.758  1525  5841 V WindowManager:   bhv=2
07-28 21:16:26.758  1525  5841 V WindowManager:   fitSides=0
07-28 21:16:26.758  1525  5841 V WindowManager:   frameRateBoostOnTouch=true
07-28 21:16:26.758  1525  5841 V WindowManager:   dvrrWindowFrameRateHint=true naviIconColor=0
07-28 21:16:26.758  1525  5841 V WindowManager:   sfl=100000}
07-28 21:16:26.760  8031  8031 I VRI[SplashActivity]@4331781: Relayout returned: old=(0,0,1080,2340) new=(0,0,1080,2340) relayoutAsync=false req=(1080,2340)8 dur=3 res=0x2 s={false 0x0} ch=true seqId=0
07-28 21:16:26.760  8031  8031 D VRI[SplashActivity]@4331781: Not drawing due to not visible. Reason=!mAppVisible && !mForceDecorViewVisibility
07-28 21:16:26.760  8031  8031 I VRI[SplashActivity]@4331781: stopped(true) old = false
07-28 21:16:26.760  8031  8031 D VRI[SplashActivity]@4331781: WindowStopped on com.fceumm.wrapper/com.fceumm.wrapper.SplashActivity set to true
07-28 21:16:26.762  8031  8031 W WindowOnBackDispatcher: sendCancelIfRunning: isInProgress=false callback=android.view.ViewRootImpl$$ExternalSyntheticLambda15@d84ffac
07-28 21:16:26.762  1525  5841 D CoreBackPreview: Window{e05485f u0 com.fceumm.wrapper/com.fceumm.wrapper.SplashActivity}: Setting back callback null
07-28 21:16:26.762  1369  1369 W Layer   : gatherBufferInfo: Received unknown dataspace from gralloc
07-28 21:16:26.762  8031  8031 I VRI[SplashActivity]@4331781: dispatchDetachedFromWindow
07-28 21:16:26.763  1525  5395 D InputTransport: Input channel destroyed: 'e05485f', fd=1186
07-28 21:16:26.763  1525  5395 W InputManager-JNI: Input channel object 'e05485f com.fceumm.wrapper/com.fceumm.wrapper.SplashActivity (client)' was disposed without first being removed with the input manager!
07-28 21:16:26.763  1525  5395 D InputTransport: Input channel destroyed: 'e05485f', fd=1188
07-28 21:16:26.763  1525  5395 V WindowManager: Remove Window{e05485f u0 com.fceumm.wrapper/com.fceumm.wrapper.SplashActivity}: mSurfaceController=Surface(name=com.fceumm.wrapper/com.fceumm.wrapper.SplashActivity$_8031)/@0xfe5c6b3 mAnimatingExit=false mRemoveOnExit=false mHasSurface=true surfaceShowing=false animating=false app-animation=false mDisplayFrozen=false callers=com.android.server.wm.Session.remove:16 android.view.IWindowSession$Stub.onTransact:794 com.android.server.wm.Session.onTransact:1 android.os.Binder.execTransactInternal:1536 android.os.Binder.execTransact:1480 <bottom of call stack> 
07-28 21:16:26.763  1525  5395 I WindowManager: Destroying surface Surface(name=com.fceumm.wrapper/com.fceumm.wrapper.SplashActivity$_8031)/@0xfe5c6b3 called by com.android.server.wm.WindowStateAnimator.destroySurface:11 com.android.server.wm.WindowStateAnimator.destroySurfaceLocked:54 com.android.server.wm.WindowState.removeImmediately:43 com.android.server.wm.WindowState.removeIfPossible:638 com.android.server.wm.Session.remove:16 android.view.IWindowSession$Stub.onTransact:794 com.android.server.wm.Session.onTransact:1 android.os.Binder.execTransactInternal:1536 
07-28 21:16:26.763  1525  5395 D RestrictionPolicy: isScreenCaptureEnabled : ret=true userId=0
07-28 21:16:26.764  8031  8031 D InputTransport: Input channel destroyed: 'e05485f', fd=122
07-28 21:16:26.765  1525  1626 D SGM:FgCheckThread: getForegroundApp(), foregroundPkgName=com.fceumm.wrapper
07-28 21:16:26.765  1369  1422 I SurfaceFlinger: id=29524 Removed 7c0a39b ActivityRecordInputSink com.fceumm.wrapper/.SplashActivity#29524 (181)
07-28 21:16:26.765  1525  1626 D SGM:FgCheckThread: pkgName: com.fceumm.wrapper is in foreground
07-28 21:16:26.769  1369  1369 I SurfaceFlinger: [LayerHierarchy{RequestedLayerState{e05485f com.fceumm.wrapper/com.fceumm.wrapper.SplashActivity#29525} 1 children}] reparent to OffscreenRoot
07-28 21:16:26.769  1369  1369 I SurfaceFlinger: [LayerHierarchy{RequestedLayerState{e05485f com.fceumm.wrapper/com.fceumm.wrapper.SplashActivity#29525} 1 children}] RelativeParent to null
07-28 21:16:26.769  1369  1369 I SurfaceFlinger: [LayerHierarchy{RequestedLayerState{com.fceumm.wrapper/com.fceumm.wrapper.SplashActivity$_8031#29526} no children}] reparent to OffscreenRoot
07-28 21:16:26.769  1369  1369 I SurfaceFlinger: [LayerHierarchy{RequestedLayerState{com.fceumm.wrapper/com.fceumm.wrapper.SplashActivity$_8031#29526} no children}] RelativeParent to null
07-28 21:16:26.769  1369  1369 I SurfaceFlinger: [LayerHierarchy{RequestedLayerState{ActivityRecord{2606f11 u0 com.fceumm.wrapper/.SplashActivity t2683}#29522} 1 children}] reparent to OffscreenRoot
07-28 21:16:26.769  1369  1369 I SurfaceFlinger: [LayerHierarchy{RequestedLayerState{ActivityRecord{2606f11 u0 com.fceumm.wrapper/.SplashActivity t2683}#29522} 1 children}] RelativeParent to null
07-28 21:16:26.770  1369  1369 W Layer   : gatherBufferInfo: Received unknown dataspace from gralloc
07-28 21:16:26.771  1369  1369 I SurfaceFlinger: id=29525 Removed e05485f com.fceumm.wrapper/com.fceumm.wrapper.SplashActivity#29525 (181)
07-28 21:16:26.776  1369  1369 I SurfaceFlinger: destroyed e05485f com.fceumm.wrapper/com.fceumm.wrapper.SplashActivity#29525
07-28 21:16:26.778  1369  1369 I Layer   : id=29525 Destroyed e05485f com.fceumm.wrapper/com.fceumm.wrapper.SplashActivity#29525
07-28 21:16:26.778  1369  1369 I SurfaceFlinger: id=29526 Removed com.fceumm.wrapper/com.fceumm.wrapper.SplashActivity$_8031#29526 (180)
07-28 21:16:26.785  1369  1369 I SurfaceFlinger: destroyed com.fceumm.wrapper/com.fceumm.wrapper.SplashActivity$_8031#29526
07-28 21:16:26.787  1369  1369 I Layer   : id=29526 Destroyed com.fceumm.wrapper/com.fceumm.wrapper.SplashActivity$_8031#29526
07-28 21:16:26.799  1525  1626 D SGM:GameManager: identifyForegroundApp. com.fceumm.wrapper, mCurrentUserId: 0, callerUserId: 0
07-28 21:16:26.799  1525  1626 D SGM:SemGameManager: isForegroundGame(), ret=false
07-28 21:16:26.803 20209 20209 I InputMethodService: removeImeSurface
07-28 21:16:26.803 20209 20209 I InputMethodService: cancelImeSurfaceRemoval: removeCallbacks
07-28 21:16:27.399   796   796 D io_stats: !@   8,0 r 23358150 614384364 w 7557325 111426668 d 677775 58498012 f 0 0 iot 10876052 0 th 0 0 0 pt 0 inp 0 0 179816.171
07-28 21:16:27.400   796   796 D io_stats: !@ Read_top(KB): system_server(1525) 180 chbox:googleapp(30781) 120
07-28 21:16:27.400   796   796 D io_stats: !@ Write_top(KB): kworker/u16:1(5852) 648 .gms.persistent(22522) 8 system_server(1525) 8
07-28 21:16:27.413  1525  2734 I Pageboost: Launcher App Execution
07-28 21:16:27.843  1186  1186 I android.hardware.health@2.1-service-samsung: updateLrpSysfs: write: 361
07-28 21:16:28.051  1196  8030 I HYPER-HAL: [ResourceManager.cpp]removeResource(): [CPUMaxFreq] RemoveResource Request ID : 13104656
07-28 21:16:28.051  1196  8030 I HYPER-HAL: [RequestManager.cpp]releaseLocked(): Released ID : 13104656
07-28 21:16:28.058  5103  5445 I N0      : limitCPUFreq:: freq = 2150400
07-28 21:16:28.058  5103  5445 I SemDvfsHyPerManager: acquire hyper - SIOP_ARM_MAX/5103@2, type = 301993986
07-28 21:16:28.059  1196  1358 I HYPER-HAL: [RequestManager.cpp]acquire(): Acquired ID : 13033067  [5103 / 2]    HINT :      list : [CPUMaxFreq / 2150400] 
07-28 21:16:28.060  1196  1358 I HYPER-HAL: [ResourceManager.cpp]updateResource(): [CPUMaxFreq] UpdateResource Request ID : 13033067    Value : 2150400
07-28 21:16:28.429  1525  2621 I SemWifiServiceDetector: Service det. suspended: T / T / 28310
07-28 21:16:29.261  1525  2734 I Pageboost: Launcher App Execution
07-28 21:16:29.280  8031  8079 D ProfileInstaller: Installing profile for com.fceumm.wrapper
07-28 21:16:29.401   796   796 D io_stats: !@   8,0 r 23358150 614384364 w 7557328 111426676 d 677775 58498012 f 0 0 iot 10876060 0 th 0 0 0 pt 0 inp 0 0 179818.173
07-28 21:16:29.538  1525  4310 D SemWifiUsabilityStatsMonitor: onWifiUsabilityStats - seqNum 29346, isSameBssidAndFreq true
07-28 21:16:29.543  2762  2899 D Tile.WifiTile: handleUpdateState isTransient=false transientEnabling =false cb.isTransient=false state.state = 2 mStateBeforeClick.value =false enabled =true
07-28 21:16:29.546  1369  1494 I VSyncReactor: Current= 120, Period= 120, hwcPeriod= 120
07-28 21:16:29.573  1369  1369 W Layer   : gatherBufferInfo: Received unknown dataspace from gralloc
07-28 21:16:29.811  1525  3852 D FreecessController: com.radiocanada.android(10202) is important[18]
07-28 21:16:30.507  5103  5756 I SDHMS:x : SIOP:: AP:392 BAT:370 USB:362 CHG:392 WIFI:376 CF:375 BLK:0 SUBBAT:0 SKIN:362 SKINF:368 SKINB:363 LRP:368 LRP2:362 LRF:368 LRB:363 LRF2:362 LRB2:362 AP2:362 CHG2:362 WIFI2:360 RCV2:360 SPK2:352 FCAM:361 UPSPK:376 DNSPK:360 VAP:391 AVGCUR:244 AVGSYS:268 POWER:1054
07-28 21:16:30.510  5103  5445 I SDHMS:N0: p2p-if:: false, , 
07-28 21:16:30.885 24212 24212 I wpa_supplicant: Heartbeat 2231
