07-28 21:16:24.265  8031  8050 I AdrenoGLES-0: PFP: 0x016dc094, ME: 0x00000000
07-28 21:16:24.271  8031  8031 I System.out: Répertoire roms: /data/user/0/com.fceumm.wrapper/files/roms
07-28 21:16:24.271  8031  8031 I System.out: Copie de Mario Bros. (World).nes...
07-28 21:16:24.272  8031  8031 I System.out: ROM copiée: Mario Bros. (World).nes (24592 bytes)
07-28 21:16:24.272  8031  8031 I System.out: Copie de sweethome.nes...
07-28 21:16:24.273  1525  2587 I CocktailBarManagerServiceContainer: handleMessage: entry what = 5
07-28 21:16:24.273  1525  2587 I CocktailBarManagerServiceImpl: noteResumeComponent : no active host
07-28 21:16:24.274  1525  1626 D SGM:FgCheckThread: noteResumeComponent(), received pkgName: com.fceumm.wrapper, userId: 0
07-28 21:16:24.275  1525  2471 D SGM:FgCheckThread: onLooperPrepared(), msg: MSG_APP_RESUME, pkgName: com.fceumm.wrapper, userid: 0
07-28 21:16:24.275  1525  2471 D SGM:FgCheckThread: handleResume().
07-28 21:16:24.275  1525  2471 D SGM:FgCheckThread:   handleResume(). same package with Prev KILL_YOURSELF. ignore
07-28 21:16:24.275  5103 20015 I SDHMS:l : handleResumeComponent : put = com.fceumm.wrapper, userid = 0 instanceid =6175635
07-28 21:16:24.275  1525  1626 D SGM:GameManager: identifyGamePackage. com.fceumm.wrapper, mCurrentUserId: 0, callerUserId: 0, callingMethodInfo: com.samsung.android.game.SemGameManager.isGamePackage(SemGameManager.java:105)
07-28 21:16:24.275  1525  1626 D SGM:SemGameManager: isGamePackage(), pkgName=com.fceumm.wrapper, ret=false
07-28 21:16:24.275  8031  8031 I System.out: ROM copiée: sweethome.nes (262288 bytes)
07-28 21:16:24.275  8031  8031 I System.out: Copie de marioduckhunt.nes...
07-28 21:16:24.277  8031  8031 I System.out: ROM copiée: marioduckhunt.nes (81936 bytes)
07-28 21:16:24.277  8031  8031 I System.out: Copie de Chiller.nes...
07-28 21:16:24.278  8031  8031 I System.out: ROM copiée: Chiller.nes (81936 bytes)
07-28 21:16:24.278  8031  8031 I System.out: Fichiers dans le répertoire roms:
07-28 21:16:24.278  8031  8031 I System.out:   - sweethome.nes (262288 bytes)
07-28 21:16:24.278  8031  8031 I System.out:   - marioduckhunt.nes (81936 bytes)
07-28 21:16:24.278  8031  8031 I System.out:   - Chiller.nes (81936 bytes)
07-28 21:16:24.278  8031  8031 I System.out:   - Mario Bros. (World).nes (24592 bytes)
07-28 21:16:24.278  1525  2387 D ActivityTaskManager: startActivityAsUser: callingPid=8031, callingUid=10260, caller=com.android.server.wm.ActivityTaskManagerService.startActivity:120 android.app.IActivityTaskManager$Stub.onTransact:1356 com.android.server.wm.ActivityTaskManagerService.onTransact:1 android.os.Binder.execTransactInternal:1536 android.os.Binder.execTransact:1480 <bottom of call stack> <bottom of call stack> 
07-28 21:16:24.279  1525  2387 D ActivityTaskManager: TaskLaunchParamsModifier:task=null activity=null display-area-from-source=DefaultTaskDisplayArea_d0@214964408 display-id=0 task-display-area-windowing-mode=1 suggested-display-area=DefaultTaskDisplayArea_d0@214964408
07-28 21:16:24.279  1525  2387 W OptProp : Cannot read opt property android.window.PROPERTY_COMPAT_ALLOW_ORIENTATION_OVERRIDE
07-28 21:16:24.279  1525  2387 V GrammaticalInflectionUtils: AttributionSource: AttributionSource { uid = 10260, packageName = null, attributionTag = null, token = android.os.Binder@e084b9f, deviceId = 0, next = null } does not have READ_SYSTEM_GRAMMATICAL_GENDER permission.
07-28 21:16:24.279  1525  2387 W OptProp : Cannot read opt property android.window.PROPERTY_COMPAT_ALLOW_RESIZEABLE_ACTIVITY_OVERRIDES
07-28 21:16:24.279  1525  2387 W OptProp : Cannot read opt property android.window.PROPERTY_COMPAT_ALLOW_MIN_ASPECT_RATIO_OVERRIDE
07-28 21:16:24.279  1525  2387 D WindowManager: Transition is created, t=TransitionRecord{3c11338 id=-1 type=OPEN flags=0x0}, caller=com.android.server.wm.Transition.<init>:170 com.android.server.wm.ActivityStarter.startActivityUnchecked:330 com.android.server.wm.ActivityStarter.executeRequest:3361 com.android.server.wm.ActivityStarter.execute:1122 com.android.server.wm.ActivityTaskManagerService.startActivityAsUser:88 
07-28 21:16:24.280  1525  2387 D BLASTSyncEngine: SyncGroup is created, id=1945, name=Transition-OPEN, caller=com.android.server.wm.BLASTSyncEngine$SyncGroup.<init>:51 com.android.server.wm.TransitionController.moveToCollecting:78 com.android.server.wm.ActivityStarter.startActivityUnchecked:333 com.android.server.wm.ActivityStarter.executeRequest:3361 com.android.server.wm.ActivityStarter.execute:1122 com.android.server.wm.ActivityTaskManagerService.startActivityAsUser:88 com.android.server.wm.ActivityTaskManagerService.startActivity:120 
07-28 21:16:24.280  1525  2387 W BLASTSyncEngine: setSyncMethod, id=1945, method=0, caller=com.android.server.wm.TransitionController.moveToCollecting:90 com.android.server.wm.ActivityStarter.startActivityUnchecked:333 com.android.server.wm.ActivityStarter.executeRequest:3361 
07-28 21:16:24.280  1525  2387 V WindowManager: Start collecting in Transition: TransitionRecord{3c11338 id=1945 type=OPEN flags=0x0}, caller=com.android.server.wm.ActivityStarter.startActivityUnchecked:333 com.android.server.wm.ActivityStarter.executeRequest:3361 com.android.server.wm.ActivityStarter.execute:1122 com.android.server.wm.ActivityTaskManagerService.startActivityAsUser:88 com.android.server.wm.ActivityTaskManagerService.startActivity:120 
07-28 21:16:24.280  1525  2387 V WindowManager: Collecting in transition 1945: ActivityRecord{2606f11 u0 com.fceumm.wrapper/.SplashActivity, caller=com.android.server.wm.TransitionController.collect:7 com.android.server.wm.ActivityStarter.startActivityUnchecked:626 com.android.server.wm.ActivityStarter.executeRequest:3361 com.android.server.wm.ActivityStarter.execute:1122 com.android.server.wm.ActivityTaskManagerService.startActivityAsUser:88 
07-28 21:16:24.280  1525  2387 D ActivityTaskManager: TaskLaunchParamsModifier:task=null activity=ActivityRecord{2606f11 u0 com.fceumm.wrapper/.SplashActivity t-1} display-area-from-source=DefaultTaskDisplayArea_d0@214964408 display-id=0 task-display-area-windowing-mode=1 suggested-display-area=DefaultTaskDisplayArea_d0@214964408
07-28 21:16:24.280  1525  2387 D ActivityTaskManager: TaskLaunchParamsModifier:task=Task{9901882 #2683 type=standard A=10260:com.fceumm.wrapper} activity=ActivityRecord{2606f11 u0 com.fceumm.wrapper/.SplashActivity t-1} display-area-from-source=DefaultTaskDisplayArea_d0@214964408 display-id=0 task-display-area-windowing-mode=1 suggested-display-area=DefaultTaskDisplayArea_d0@214964408 inherit-from-source=fullscreen non-freeform-task-display-area display-area=DefaultTaskDisplayArea_d0@214964408 default-portrait freeform-size-mismatch=Rect(81, 612 - 999, 1782)
07-28 21:16:24.280  1525  2387 V WindowManager: Collecting in transition 1945: ActivityRecord{4720964 u0 com.fceumm.wrapper/.MainActivity t2683}, caller=com.android.server.wm.TransitionController.collect:7 com.android.server.wm.ActivityStarter.startActivityInner:235 com.android.server.wm.ActivityStarter.startActivityUnchecked:639 com.android.server.wm.ActivityStarter.executeRequest:3361 com.android.server.wm.ActivityStarter.execute:1122 
07-28 21:16:24.280  1525  2387 D WindowManager: prepareSync <SYNC_STATE_WAITING_FOR_DRAW>, mPrepareSyncSeqId=0, win=Window{c1c9394 u0 Splash Screen com.fceumm.wrapper}
07-28 21:16:24.281  1369  3421 I SurfaceFlinger: id=29522 createSurf, flag=84004, ActivityRecord{2606f11 u0 com.fceumm.wrapper/.SplashActivity t2683}#29522
07-28 21:16:24.281  1525  2387 V WindowManager: Checking theme of starting window: 0x7f10026d
07-28 21:16:24.281  1525  2387 V WindowManager: Translucent=false Floating=false ShowWallpaper=false Disable=false
07-28 21:16:24.281  1525  2387 D ActivityTaskManager: addStartingWindow: type=0 typeParameter=2c
07-28 21:16:24.281  1525  2387 V WindowManager: Moving existing starting Window{c1c9394 u0 Splash Screen com.fceumm.wrapper} from ActivityRecord{4720964 u0 com.fceumm.wrapper/.MainActivity t2683} to ActivityRecord{2606f11 u0 com.fceumm.wrapper/.SplashActivity t2683}
07-28 21:16:24.282  1525  2387 V WindowManager: Collecting in transition 1945: Window{c1c9394 u0 Splash Screen com.fceumm.wrapper}, caller=com.android.server.wm.TransitionController.collect:7 com.android.server.wm.ActivityRecord.transferStartingWindow:194 com.android.server.wm.ActivityRecord.addStartingWindow:710 com.android.server.wm.ActivityRecord.showStartingWindow:57 com.android.server.wm.Task.startActivityLocked:384 
07-28 21:16:24.282  1525  2387 D ActivityTaskManager: scheduleTopResumedActivityChanged, onTop=false, r=ActivityRecord{4720964 u0 com.fceumm.wrapper/.MainActivity t2683}, caller=com.android.server.wm.ActivityTaskSupervisor.scheduleTopResumedActivityStateLossIfNeeded:11 com.android.server.wm.ActivityTaskSupervisor.updateTopResumedActivityIfNeeded:19 com.android.server.wm.TaskFragment.setResumedActivity:29 com.android.server.wm.ActivityRecord.setState:95 com.android.server.wm.TaskFragment.startPausing$1:210 com.android.server.wm.TaskFragment.resumeTopActivity:698 
07-28 21:16:24.282  1525  2387 V WindowManager: Collecting in transition 1945: ActivityRecord{2606f11 u0 com.fceumm.wrapper/.SplashActivity t2683}, caller=com.android.server.wm.Transition.collectExistenceChange:42 com.android.server.wm.ActivityStarter.handleStartResult:523 com.android.server.wm.ActivityStarter.startActivityUnchecked:653 com.android.server.wm.ActivityStarter.executeRequest:3361 com.android.server.wm.ActivityStarter.execute:1122 
07-28 21:16:24.282  1525  2387 V WindowManager: Requesting StartTransition: TransitionRecord{3c11338 id=1945 type=OPEN flags=0x0}, caller=com.android.server.wm.ActivityStarter.handleStartResult:677 com.android.server.wm.ActivityStarter.startActivityUnchecked:653 com.android.server.wm.ActivityStarter.executeRequest:3361 com.android.server.wm.ActivityStarter.execute:1122 com.android.server.wm.ActivityTaskManagerService.startActivityAsUser:88 
07-28 21:16:24.283  2762  2815 V WindowManagerShell: Transition requested (#1945): android.os.BinderProxy@bd04359 TransitionRequestInfo { type = OPEN, triggerTask = TaskInfo{userId=0 taskId=2683 displayId=0 isRunning=true baseIntent=Intent { flg=0x10000000 cmp=com.fceumm.wrapper/.MainActivity } baseActivity=ComponentInfo{com.fceumm.wrapper/com.fceumm.wrapper.MainActivity} topActivity=ComponentInfo{com.fceumm.wrapper/com.fceumm.wrapper.SplashActivity} origActivity=null realActivity=ComponentInfo{com.fceumm.wrapper/com.fceumm.wrapper.MainActivity} numActivities=2 lastActiveTime=815942844 supportsMultiWindow=true resizeMode=1 isResizeable=true minWidth=-1 minHeight=-1 maxWidth=-1 maxHeight=-1 defaultMinSize=220 token=WCT{android.window.IWindowContainerToken$Stub$Proxy@c07fb1e} topActivityType=1 pictureInPictureParams=null shouldDockBigOverlays=false launchIntoPipHostTaskId=-1 lastParentTaskIdBeforePip=-1 displayCutoutSafeInsets=null topActivityInfo=ActivityInfo{51d3fff com.fceumm.wrapper.SplashActivity} launchCookies=[] positionInParent=Point(0, 0) parentTaskId=-1 isFocused=true isVisible=true isVisibleRequested=true isSleeping=false topActivityInSizeCompat=false locusId=null displayAreaFeatureId=1 isTopActivityTransparent=false isTopActivityStyleFloating=false appCompatTaskInfo=AppCompatTaskInfo { topActivityInSizeCompat=false eligibleForLetterboxEducation= false isLetterboxEducationEnabled= false isLetterboxDoubleTapEnabled= false eligibleForUserAspectRatioButton= false topActivityBoundsLetterboxed= false isFromLetterboxDoubleTap= false topActivityLetterboxVerticalPosition= -1 topActivityLetterboxHorizontalPosition= -1 topActivityLetterboxWidth=1080 topActivityLetterboxHeight=2340 topActivityLetterboxAppWidth=1080 topActivityLetterboxAppHeight=2340 isUserFullscreenOverrideEnabled=false isSystemFullscreenOverrideEnabled=false hasMinAspectRatioOverride=false cameraCompatTaskInfo=CameraCompatTaskInfo { freeformCameraCompatMode=inactive} topActivityBounds=null topActivityInDisplayCompat=false} originallySupportedMultiWindow=true hasWallpaper=false rootAffinity=10260:com.fceumm.wrapper isTopTaskInStage=false topActivityUiMode=17 CoverLauncherWidgetTask=false isAllowedSeamlessRotation=false isTopTransparentActivity=false snappingGuideBounds=Rect(81, 612 - 999, 1782) isAliasManaged=false hasConfigChanged=false isAiKeyRemoveAppTask=false}, pipTask = null, remoteTransition = null, displayChange = null, flags = 0, debugId = 1945 }
07-28 21:16:24.283  1525  2387 I Pageboost: stop alp
07-28 21:16:24.284  1525  2387 I ActivityTaskManager: START u0 {cmp=com.fceumm.wrapper/.SplashActivity} with LAUNCH_MULTIPLE from uid 10260 (BAL_ALLOW_VISIBLE_WINDOW) result code=0
07-28 21:16:24.284  1525  5395 V WindowManager: Starting Transition 1945, caller=com.android.server.wm.WindowOrganizerController.startTransition:37 com.android.server.wm.WindowOrganizerController.startTransition:1 android.window.IWindowOrganizerController$Stub.onTransact:271 
07-28 21:16:24.284  3875  3875 E pageboostd: Received HALT command code 2
07-28 21:16:24.284  1525  2387 V WindowManager: Collecting in transition 1945: ActivityRecord{4720964 u0 com.fceumm.wrapper/.MainActivity t2683 f}}, caller=com.android.server.wm.Transition.collectExistenceChange:42 com.android.server.wm.Transition.collectClose:7 com.android.server.wm.ActivityRecord.finishIfPossible:46 com.android.server.wm.ActivityClientController.finishActivity:225 android.app.IActivityClientController$Stub.onTransact:822 
07-28 21:16:24.289  1369  1369 I SurfaceFlinger: [ActivityRecord{2606f11 u0 com.fceumm.wrapper/.SplashActivity t2683}#29522] attach to parent LayerHierarchy{RequestedLayerState{Task=2683#29514 parentId=29518 z=7} 2 children}
07-28 21:16:24.292  8031  8031 I DecorView: setWindowBackground: isPopOver=false color=ffffffff d=android.graphics.drawable.ColorDrawable@e995f3b
07-28 21:16:24.295  1525  1626 D SGM:FgCheckThread: notePauseComponent(), received pkgName: com.fceumm.wrapper, userId: 0
07-28 21:16:24.295  1525  1626 D SGM:FgCheckThread: notePauseComponent(), received pkgName: com.fceumm.wrapper, userId: 0
07-28 21:16:24.295  1525  2587 I CocktailBarManagerServiceContainer: handleMessage: entry what = 6
07-28 21:16:24.295  1525  1626 D SGM:FgCheckThread: notifyFocusInOut(). of pkg: com.fceumm.wrapper, type: 20, isSecGameFamily: false, userId: 0
07-28 21:16:24.295  1525  2587 I CocktailBarManagerServiceImpl: notePauseComponent : no active host
07-28 21:16:24.295  1525  2553 V WindowManager: Collecting in transition 1945: ActivityRecord{4720964 u0 com.fceumm.wrapper/.MainActivity t2683 f}}, caller=com.android.server.wm.TransitionController.collect:7 com.android.server.wm.ActivityRecord.setVisibility:189 com.android.server.wm.TaskFragment.resumeTopActivity:1617 com.android.server.wm.Task.resumeTopActivityInnerLocked:98 com.android.server.wm.Task.resumeTopActivityUncheckedLocked:23 
07-28 21:16:24.295  1525  1626 D SGM:GameManager: identifyGamePackage. com.fceumm.wrapper, mCurrentUserId: 0, callerUserId: 0, callingMethodInfo: com.samsung.android.game.SemGameManager.isGamePackage(SemGameManager.java:105)
07-28 21:16:24.295  1525  2553 V WindowManager: rotationForOrientation(orient=SCREEN_ORIENTATION_UNSPECIFIED (-1), last=ROTATION_0 (0)); user=ROTATION_0 (0) 
07-28 21:16:24.295  1525  2553 D WindowManager: rotationForOrientation, orientationSource=ActivityRecord{2606f11 u0 com.fceumm.wrapper/.SplashActivity t2683}
07-28 21:16:24.295  1525  1626 D SGM:SemGameManager: isGamePackage(), pkgName=com.fceumm.wrapper, ret=false
07-28 21:16:24.295  1525  1626 D SGM:FgCheckThread:   notifyFocusInOut(). unexpected type. 20
07-28 21:16:24.295  1525  2553 V WindowManager: Computed rotation=ROTATION_0 (0) for display id=0 based on lastOrientation=SCREEN_ORIENTATION_UNSPECIFIED (-1) and oldRotation=ROTATION_0 (0), caller=com.android.server.wm.DisplayRotation.updateOrientation:25 com.android.server.wm.DisplayContent.updateOrientation:65 com.android.server.wm.DisplayContent.updateOrientation:11 com.android.server.wm.RootWindowContainer.ensureVisibilityAndConfig:7 com.android.server.wm.ActivityTaskSupervisor.realStartActivityLocked:213 com.android.server.wm.ActivityTaskSupervisor.startSpecificActivity:27 
07-28 21:16:24.295  1525  2553 D SGM:FgCheckThread: notifyAppCreated(), packageName: com.fceumm.wrapper, userId: 0, sendRet: true
07-28 21:16:24.295  1525  2471 D SGM:FgCheckThread: onLooperPrepared(), msg: MSG_APP_CREATE, pkgName: com.fceumm.wrapper, userId: 0
07-28 21:16:24.296  1525  2553 D InputDispatcher: Focused application(0): ActivityRecord{2606f11 u0 com.fceumm.wrapper/.SplashActivity t2683}
07-28 21:16:24.296  1525  2553 D ActivityTaskManager: scheduleTopResumedActivityChanged, onTop=true, r=ActivityRecord{2606f11 u0 com.fceumm.wrapper/.SplashActivity t2683}, caller=com.android.server.wm.ActivityTaskSupervisor.updateTopResumedActivityIfNeeded:62 com.android.server.wm.TaskFragment.setResumedActivity:29 com.android.server.wm.ActivityRecord.setState:104 com.android.server.wm.ActivityTaskSupervisor.realStartActivityLocked:949 com.android.server.wm.ActivityTaskSupervisor.startSpecificActivity:27 com.android.server.wm.TaskFragment.resumeTopActivity:2204 
07-28 21:16:24.296  1525  2553 D WindowManagerServiceExt: updateTaskbarTargetIfNeeded: cn=ComponentInfo{com.fceumm.wrapper/com.fceumm.wrapper.SplashActivity} occludesParent=true isInSplitScreenMode=false styleFloating=false
07-28 21:16:24.296  1525  2553 V WindowManager: SyncGroup 1945: Finished!
07-28 21:16:24.296  1525  2553 D ChangeTransitionController: onTransactionReady: TransitionRecord{3c11338 id=1945 type=OPEN flags=0x0}
07-28 21:16:24.297  1525  2553 V WindowManager: Start calculating TransitionInfo based on participants: {ActivityRecord{2606f11 u0 com.fceumm.wrapper/.SplashActivity t2683}, ActivityRecord{4720964 u0 com.fceumm.wrapper/.MainActivity t2683 f}}, Window{c1c9394 u0 Splash Screen com.fceumm.wrapper}}
07-28 21:16:24.297  1525  2553 V WindowManager:   Final targets: [ActivityRecord{2606f11 u0 com.fceumm.wrapper/.SplashActivity t2683}, ActivityRecord{4720964 u0 com.fceumm.wrapper/.MainActivity t2683 f}}]
07-28 21:16:24.297  1369  1534 I SurfaceFlinger: id=29523 createSurf, flag=84004, Transition Root: ActivityRecord{2606f11 u0 com.fceumm.wrapper/.SplashActivity t2683}#29523
07-28 21:16:24.297  1525  2553 I SurfaceControlRegistry: show, t=StartTransaction_SyncId<1945> sc=ActivityRecord{2606f11 u0 com.fceumm.wrapper/.SplashActivity t2683}, caller=android.view.SurfaceControl$Transaction.show:3232 com.android.server.wm.Transition.onTransactionReady:2273 com.android.server.wm.BLASTSyncEngine$SyncGroup.finishNow:195 com.android.server.wm.BLASTSyncEngine.onSurfacePlacement:269 com.android.server.wm.RootWindowContainer.performSurfacePlacementNoTrace:471 com.android.server.wm.RootWindowContainer.performSurfacePlacement:9 
07-28 21:16:24.298  1525  2553 I SurfaceControlRegistry: show, t=StartTransaction_SyncId<1945> sc=Task=2683, caller=android.view.SurfaceControl$Transaction.show:3232 com.android.server.wm.Transition.onTransactionReady:2300 com.android.server.wm.BLASTSyncEngine$SyncGroup.finishNow:195 com.android.server.wm.BLASTSyncEngine.onSurfacePlacement:269 com.android.server.wm.RootWindowContainer.performSurfacePlacementNoTrace:471 com.android.server.wm.RootWindowContainer.performSurfacePlacement:9 
07-28 21:16:24.298  1369  1369 I SurfaceFlinger: [Transition Root: ActivityRecord{2606f11 u0 com.fceumm.wrapper/.SplashActivity t2683}#29523] attach to parent LayerHierarchy{RequestedLayerState{Task=2683#29514 parentId=29518 z=7} 3 children}
07-28 21:16:24.298  1525  2553 I SurfaceControlRegistry: show, t=StartTransaction_SyncId<1945> sc=DefaultTaskDisplayArea_d0, caller=android.view.SurfaceControl$Transaction.show:3232 com.android.server.wm.Transition.onTransactionReady:2300 com.android.server.wm.BLASTSyncEngine$SyncGroup.finishNow:195 com.android.server.wm.BLASTSyncEngine.onSurfacePlacement:269 com.android.server.wm.RootWindowContainer.performSurfacePlacementNoTrace:471 com.android.server.wm.RootWindowContainer.performSurfacePlacement:9 
07-28 21:16:24.298  1525  2553 I SurfaceControlRegistry: show, t=StartTransaction_SyncId<1945> sc=FullscreenMagnification:2:12, caller=android.view.SurfaceControl$Transaction.show:3232 com.android.server.wm.Transition.onTransactionReady:2300 com.android.server.wm.BLASTSyncEngine$SyncGroup.finishNow:195 com.android.server.wm.BLASTSyncEngine.onSurfacePlacement:269 com.android.server.wm.RootWindowContainer.performSurfacePlacementNoTrace:471 com.android.server.wm.RootWindowContainer.performSurfacePlacement:9 
07-28 21:16:24.298  1525  2553 I SurfaceControlRegistry: show, t=StartTransaction_SyncId<1945> sc=OneHanded:0:14, caller=android.view.SurfaceControl$Transaction.show:3232 com.android.server.wm.Transition.onTransactionReady:2300 com.android.server.wm.BLASTSyncEngine$SyncGroup.finishNow:195 com.android.server.wm.BLASTSyncEngine.onSurfacePlacement:269 com.android.server.wm.RootWindowContainer.performSurfacePlacementNoTrace:471 com.android.server.wm.RootWindowContainer.performSurfacePlacement:9 
07-28 21:16:24.298  1525  2553 I SurfaceControlRegistry: show, t=StartTransaction_SyncId<1945> sc=HideDisplayCutout:0:14, caller=android.view.SurfaceControl$Transaction.show:3232 com.android.server.wm.Transition.onTransactionReady:2300 com.android.server.wm.BLASTSyncEngine$SyncGroup.finishNow:195 com.android.server.wm.BLASTSyncEngine.onSurfacePlacement:269 com.android.server.wm.RootWindowContainer.performSurfacePlacementNoTrace:471 com.android.server.wm.RootWindowContainer.performSurfacePlacement:9 
07-28 21:16:24.298  1525  2553 I SurfaceControlRegistry: show, t=StartTransaction_SyncId<1945> sc=WindowedMagnification:0:31, caller=android.view.SurfaceControl$Transaction.show:3232 com.android.server.wm.Transition.onTransactionReady:2300 com.android.server.wm.BLASTSyncEngine$SyncGroup.finishNow:195 com.android.server.wm.BLASTSyncEngine.onSurfacePlacement:269 com.android.server.wm.RootWindowContainer.performSurfacePlacementNoTrace:471 com.android.server.wm.RootWindowContainer.performSurfacePlacement:9 
07-28 21:16:24.298  1525  2553 I SurfaceControlRegistry: show, t=StartTransaction_SyncId<1945> sc=Display 0 name="Écran intégré", caller=android.view.SurfaceControl$Transaction.show:3232 com.android.server.wm.Transition.onTransactionReady:2300 com.android.server.wm.BLASTSyncEngine$SyncGroup.finishNow:195 com.android.server.wm.BLASTSyncEngine.onSurfacePlacement:269 com.android.server.wm.RootWindowContainer.performSurfacePlacementNoTrace:471 com.android.server.wm.RootWindowContainer.performSurfacePlacement:9 
07-28 21:16:24.298  1525  2553 V WindowManager: Calling onTransitionReady: {id=1945 t=OPEN f=0x0 trk=0 r=[0@Point(0, 0)] c=[
07-28 21:16:24.298  1525  2553 V WindowManager:         {null m=OPEN f=STARTING_WINDOW_TRANSFER|FILLS_TASK|IS_BEHIND_STARTING_WINDOW|IS_ACTIVITY leash=Surface(name=ActivityRecord{2606f11 u0 com.fceumm.wrapper/.SplashActivity t2683})/@0x8171150 sb=Rect(0, 0 - 0, 0) eb=Rect(0, 0 - 1080, 2340) d=-1->0 r=-1->0:-1 bc=ffffffff component=com.fceumm.wrapper/.SplashActivity inset=Rect(0, 0 - 0, 0) dim=true taskIdForActivity=2683},
07-28 21:16:24.298  1525  2553 V WindowManager:         {null m=CLOSE f=FILLS_TASK|IS_BEHIND_STARTING_WINDOW|IS_OCCLUDED|IS_ACTIVITY|EDGE_EXTENSION_RESTRICTION leash=Surface(name=ActivityRecord{4720964 u0 com.fceumm.wrapper/.MainActivity t2683})/@0xd45eb13 sb=Rect(0, 0 - 1080, 2340) eb=Rect(0, 0 - 1080, 2340) d=0 bc=ffffffff component=com.fceumm.wrapper/.MainActivity inset=Rect(0, 0 - 0, 0) taskIdForActivity=2683}
07-28 21:16:24.298  1525  2553 V WindowManager:     ]}
07-28 21:16:24.299  2762  6536 V WindowManagerShell: onTransitionReady(transaction=6549825290846)
07-28 21:16:24.299  1525  1623 V WindowManager: Sent Transition (#1945) createdAt=07-28 21:16:24.279 via request=TransitionRequestInfo { type = OPEN, triggerTask = TaskInfo{userId=0 taskId=2683 displayId=0 isRunning=true baseIntent=Intent { flg=0x10000000 cmp=com.fceumm.wrapper/.MainActivity } baseActivity=ComponentInfo{com.fceumm.wrapper/com.fceumm.wrapper.MainActivity} topActivity=ComponentInfo{com.fceumm.wrapper/com.fceumm.wrapper.SplashActivity} origActivity=null realActivity=ComponentInfo{com.fceumm.wrapper/com.fceumm.wrapper.MainActivity} numActivities=2 lastActiveTime=815942844 supportsMultiWindow=true resizeMode=1 isResizeable=true minWidth=-1 minHeight=-1 maxWidth=-1 maxHeight=-1 defaultMinSize=220 token=WCT{RemoteToken{de439c7 Task{9901882 #2683 type=standard A=10260:com.fceumm.wrapper}}} topActivityType=1 pictureInPictureParams=null shouldDockBigOverlays=false launchIntoPipHostTaskId=-1 lastParentTaskIdBeforePip=-1 displayCutoutSafeInsets=null topActivityInfo=ActivityInfo{a5c504e com.fceumm.wrapper.SplashActivity} launchCookies=[] positionInParent=Point(0, 0) parentTaskId=-1 isFocused=true isVisible=true isVisibleRequested=true isSleeping=false topActivityInSizeCompat=false locusId=null displayAreaFeatureId=1 isTopActivityTransparent=false isTopActivityStyleFloating=false appCompatTaskInfo=AppCompatTaskInfo { topActivityInSizeCompat=false eligibleForLetterboxEducation= false isLetterboxEducationEnabled= false isLetterboxDoubleTapEnabled= false eligibleForUserAspectRatioButton= false topActivityBoundsLetterboxed= false isFromLetterboxDoubleTap= false topActivityLetterboxVerticalPosition= -1 topActivityLetterboxHorizontalPosition= -1 topActivityLetterboxWidth=1080 topActivityLetterboxHeight=2340 topActivityLetterboxAppWidth=1080 topActivityLetterboxAppHeight=2340 isUserFullscreenOverrideEnabled=false isSystemFullscreenOverrideEnabled=false hasMinAspectRatioOverride=false cameraCompatTaskInfo=CameraCompatTaskInfo { freeformCameraCompatMode=inactive} topActivityBounds=null topActivityInDisplayCompat=false} originallySupportedMultiWindow=true hasWallpaper=false rootAffinity=10260:com.fceumm.wrapper isTopTaskInStage=false topActivityUiMode=17 CoverLauncherWidgetTask=false isAllowedSeamlessRotation=false isTopTransparentActivity=false snappingGuideBounds=Rect(81, 612 - 999, 1782) isAliasManaged=false hasConfigChanged=false isAiKeyRemoveAppTask=false}, pipTask = null, remoteTransition = null, displayChange = null, flags = 0, debugId = 1945 }
07-28 21:16:24.299  2762  2815 V WindowManagerShell: onTransitionReady (#1945) android.os.BinderProxy@bd04359: {id=1945 t=OPEN f=0x0 trk=0 r=[0@Point(0, 0)] c=[{null m=OPEN f=STARTING_WINDOW_TRANSFER|FILLS_TASK|IS_BEHIND_STARTING_WINDOW|IS_ACTIVITY leash=Surface(name=ActivityRecord{2606f11 u0 com.fceumm.wrapper/.SplashActivity t2683})/@0x52e21cc sb=Rect(0, 0 - 0, 0) eb=Rect(0, 0 - 1080, 2340) d=-1->0 r=-1->0:-1 bc=ffffffff component=com.fceumm.wrapper/.SplashActivity inset=Rect(0, 0 - 0, 0) dim=true taskIdForActivity=2683},{null m=CLOSE f=FILLS_TASK|IS_BEHIND_STARTING_WINDOW|IS_OCCLUDED|IS_ACTIVITY|EDGE_EXTENSION_RESTRICTION leash=Surface(name=ActivityRecord{4720964 u0 com.fceumm.wrapper/.MainActivity t2683})/@0x2b8bc15 sb=Rect(0, 0 - 1080, 2340) eb=Rect(0, 0 - 1080, 2340) d=0 bc=ffffffff component=com.fceumm.wrapper/.MainActivity inset=Rect(0, 0 - 0, 0) taskIdForActivity=2683}]}
07-28 21:16:24.299  2762  2815 V WindowManagerShell: Non-visible anim so abort: (#1945) android.os.BinderProxy@bd04359@0
07-28 21:16:24.299  1525  1623 V WindowManager:     startWCT=WindowContainerTransaction { changes = {} hops = [] errorCallbackToken=null taskFragmentOrganizer=null }
07-28 21:16:24.299  2762  2815 V WindowManagerShell: Transition was merged: (#1945) android.os.BinderProxy@bd04359@0 into (#1944) android.os.BinderProxy@afbd269@0
07-28 21:16:24.299  1525  2553 D GraphicsStatsService: requestRenderEngineFor(com.fceumm.wrapper)
07-28 21:16:24.299  1525  1623 V WindowManager:     info={id=1945 t=OPEN f=0x0 trk=0 r=[0@Point(0, 0)] c=[
07-28 21:16:24.299  1525  1623 V WindowManager:         {null m=OPEN f=STARTING_WINDOW_TRANSFER|FILLS_TASK|IS_BEHIND_STARTING_WINDOW|IS_ACTIVITY leash=Surface(name=ActivityRecord{2606f11 u0 com.fceumm.wrapper/.SplashActivity t2683})/@0x8171150 sb=Rect(0, 0 - 0, 0) eb=Rect(0, 0 - 1080, 2340) d=-1->0 r=-1->0:-1 bc=ffffffff component=com.fceumm.wrapper/.SplashActivity inset=Rect(0, 0 - 0, 0) dim=true taskIdForActivity=2683},
07-28 21:16:24.299  1525  1623 V WindowManager:         {null m=CLOSE f=FILLS_TASK|IS_BEHIND_STARTING_WINDOW|IS_OCCLUDED|IS_ACTIVITY|EDGE_EXTENSION_RESTRICTION leash=Surface(name=ActivityRecord{4720964 u0 com.fceumm.wrapper/.MainActivity t2683})/@0xd45eb13 sb=Rect(0, 0 - 1080, 2340) eb=Rect(0, 0 - 1080, 2340) d=0 bc=ffffffff component=com.fceumm.wrapper/.MainActivity inset=Rect(0, 0 - 0, 0) taskIdForActivity=2683}
07-28 21:16:24.299  1525  1623 V WindowManager:     ]}
07-28 21:16:24.299  8031  8031 D ActivityThread: com.fceumm.wrapper will use render engine as VK
07-28 21:16:24.300  1369  1534 I SurfaceFlinger: id=29524 createSurf, flag=84000, 7c0a39b ActivityRecordInputSink com.fceumm.wrapper/.SplashActivity#29524
07-28 21:16:24.306  1369  1369 I SurfaceFlinger: [7c0a39b ActivityRecordInputSink com.fceumm.wrapper/.SplashActivity#29524] attach to parent LayerHierarchy{RequestedLayerState{ActivityRecord{2606f11 u0 com.fceumm.wrapper/.SplashActivity t2683}#29522 parentId=29514} 1 children}
07-28 21:16:24.307  8031  8031 I DecorView: setWindowBackground: isPopOver=false color=ffffffff d=android.graphics.drawable.ColorDrawable@15a17e9
07-28 21:16:24.312  1525  2587 I CocktailBarManagerServiceContainer: handleMessage: entry what = 5
07-28 21:16:24.312  1525  2587 I CocktailBarManagerServiceImpl: noteResumeComponent : no active host
07-28 21:16:24.313  1525  1626 D SGM:FgCheckThread: noteResumeComponent(), received pkgName: com.fceumm.wrapper, userId: 0
07-28 21:16:24.313  1525  2471 D SGM:FgCheckThread: onLooperPrepared(), msg: MSG_APP_RESUME, pkgName: com.fceumm.wrapper, userid: 0
07-28 21:16:24.313  1525  2471 D SGM:FgCheckThread: handleResume().
07-28 21:16:24.313  1525  2471 D SGM:FgCheckThread:   handleResume(). same package with Prev KILL_YOURSELF. ignore
07-28 21:16:24.314  5103 20015 I SDHMS:l : handleResumeComponent : put = com.fceumm.wrapper, userid = 0 instanceid =218933366
07-28 21:16:24.342  1525  2543 V MdnieScenarioControlService: mAclOffEnabled : false
07-28 21:16:24.353  8031  8031 I ViewRootImpl: dVRR is disabled
07-28 21:16:24.354  8031  8031 D HardwareRenderer: onDisplayChanged. displayId=0 current wxh=1080x2340 mLargest wxh=0x0
07-28 21:16:24.354  8031  8031 D HardwareRenderer: Set largestWidth and largestHeight as logical resolution. (1080x2340)
07-28 21:16:24.354  8031  8050 D HWUI    : setMaxSurfaceArea requested wxh=(1080,2340) requestedSurfaceArea(2527200) mMaxSurfaceArea(2073600)
07-28 21:16:24.354  8031  8050 D NativeCustomFrequencyManager: [NativeCFMS] BpCustomFrequencyManager::BpCustomFrequencyManager()
07-28 21:16:24.356  8031  8031 I InsetsController: setRequestedVisibleTypes: visible=false, mask=statusBars captionBar, host=com.fceumm.wrapper/com.fceumm.wrapper.SplashActivity, from=android.view.InsetsController.controlAnimationUnchecked:1498 android.view.InsetsController.applyAnimation:2228 android.view.InsetsController.applyAnimation:2159 android.view.InsetsController.hide:1452 android.view.InsetsController.hide:1368 android.view.ViewRootImpl.controlInsetsForCompatibility:3953 android.view.ViewRootImpl.setView:1955 android.view.WindowManagerGlobal.addView:578 android.view.WindowManagerImpl.addView:158 android.app.ActivityThread.handleResumeActivity:6060 
07-28 21:16:24.357  1525 11354 W WindowManager: Failed looking up window session=Session{1f96e80 8031:u0a10260} callers=com.android.server.wm.WindowManagerService.windowForClientLocked:1 com.android.server.wm.Session.updateRequestedVisibleTypes:12 android.view.IWindowSession$Stub.onTransact:1244 
07-28 21:16:24.357  1525  5841 D InputTransport: Input channel constructed: 'e05485f', fd=1186
07-28 21:16:24.357  1525  5841 D InputTransport: Input channel constructed: 'e05485f', fd=1188
07-28 21:16:24.357  1525  5841 D InputTransport: Input channel constructed: 'e05485f', fd=1190
07-28 21:16:24.358  1369  1534 I SurfaceFlinger: id=29525 createSurf, flag=84004, e05485f com.fceumm.wrapper/com.fceumm.wrapper.SplashActivity#29525
07-28 21:16:24.358  1525  5841 D RestrictionPolicy: isScreenCaptureEnabled : ret=true userId=0
07-28 21:16:24.358  1525  5841 D RestrictionPolicy: isScreenCaptureEnabled : ret=true userId=0
07-28 21:16:24.358  1525  5841 D InputTransport: Input channel destroyed: 'e05485f', fd=1190
07-28 21:16:24.359  8031  8031 D InputTransport: Input channel constructed: 'e05485f', fd=122
07-28 21:16:24.359  8031  8031 I InsetsController: onStateChanged: host=com.fceumm.wrapper/com.fceumm.wrapper.SplashActivity, from=android.view.ViewRootImpl.setView:1999, state=InsetsState: {mDisplayFrame=Rect(0, 0 - 1080, 2340), mDisplayCutout=DisplayCutout{insets=Rect(0, 99 - 0, 0) waterfall=Insets{left=0, top=0, right=0, bottom=0} boundingRect={Bounds=[Rect(0, 0 - 0, 0), Rect(505, 0 - 575, 99), Rect(0, 0 - 0, 0), Rect(0, 0 - 0, 0)]} cutoutPathParserInfo={CutoutPathParserInfo{displayWidth=1080 displayHeight=2340 physicalDisplayWidth=1080 physicalDisplayHeight=2340 density={3.0} cutoutSpec={M 0,0 M 0,29 a 35,35 0 1,0 0,70 a 35,35 0 1,0 0,-70 Z} rotation={0} scale={1.0} physicalPixelDisplaySizeRatio={1.0}}} sideOverrides={}}, mRoundedCorners=RoundedCorners{[RoundedCorner{position=TopLeft, radius=108, center=Point(108, 108)}, RoundedCorner{position=TopRight, radius=108, center=Point(972, 108)}, RoundedCorner{position=BottomRight, radius=108, center=Point(972, 2232)}, RoundedCorner{position=BottomLeft, radius=108, center=Point(108, 2232)}]}  mRoundedCornerFrame=Rect(0, 0 - 1080, 2340), mPrivacyIndicatorBounds=PrivacyIndicatorBounds {static bounds=Rect(948, 0 - 1080, 99) rotation=0}, mDisplayShape=DisplayShape{ spec=-311912193 displayWidth=1080 displayHeight=2340 physicalPixelDisplaySizeRatio=1.0 rotation=0 offsetX=0 offsetY=0 scale=1.0}, mSources= { InsetsSource: {b2f90001 mType=navigationBars mFrame=[0,2295][1080,2340] mVisible=true mFlags=SUPPRESS_SCRIM mSideHint=BOTTOM mBoundingRects=null}, InsetsSource: {b2f90004 mType=systemGestures mFrame=[0,0][90,2340] mVisible=true mFlags= mSideHint=LEFT mBoundingRects=null}, InsetsSource: {b2f90005 mType=mandatorySystemGestures mFrame=[0,2244][1080,2340] mVisible=true mFlags= mSideHint=BOTTOM mBoundingRects=null}, InsetsSource: {b2f90006 mType=tappableElement mFrame=[0,0][0,0] mVisible=true mFlags= mSideHint=NONE mBoundingRects=null}, InsetsSource: {b2f90024 mType=systemGestures mFrame=[990,0][1080,2340] mVisible=true mFlags= mSideHint=RIGHT mBoundingRects=null}, InsetsSource: {cf990000 mType=statusBars mFrame=[0,0][1080,99] mVisible=true mFlags= mSideHint=TOP mBoundingRects=null}, InsetsSource: {cf990005 mType=mandatorySystemGestures mFrame=[0,0][1080,135] mVisible=true mFlags= mSideHint=TOP mBoundingRects=null}, InsetsSource: {cf990006 mType=tappableElement mFrame=[0,0][1080,99] mVisible=true mFlags= mSideHint=TOP mBoundingRects=null}, InsetsSource: {3 mType=ime mFrame=[0,0][0,0] mVisible=false mFlags= mSideHint=NONE mBoundingRects=null}, InsetsSource: {27 mType=displayCutout mFrame=[0,0][1080,99] mVisible=true mFlags= mSideHint=TOP mBoundingRects=null} }
07-28 21:16:24.360  8031  8031 I VRI[SplashActivity]@4331781: synced displayState. AttachInfo displayState=2
07-28 21:16:24.360  8031  8031 I VRI[SplashActivity]@4331781: setView = com.android.internal.policy.DecorView@178aabd IsHRR=false TM=true
07-28 21:16:24.361  8031  8031 I IDS_TAG : Starting IDS observe window
07-28 21:16:24.361  8031  8031 I IDS_TAG : Getting Shared Preference for android.app.Application@dd84d2f uid = 10260
07-28 21:16:24.363  8031  8031 I IDS_TAG : App android.app.Application@dd84d2f has not finished training
07-28 21:16:24.363  8031  8050 D HWUI    : HWUI - treat SMPTE_170M as sRGB
07-28 21:16:24.363  8031  8031 I IDS_TAG : Closing IDS observe window
07-28 21:16:24.364  8031  8031 I IDS_TAG : Getting Shared Preference for android.app.Application@dd84d2f uid = 10260
07-28 21:16:24.364  8031  8031 I IDS_TAG : IDS count updated to 3 for android.app.Application@dd84d2f
07-28 21:16:24.364  1369  1369 I SurfaceFlinger: Layer [e05485f com.fceumm.wrapper/com.fceumm.wrapper.SplashActivity#29525] hidden!! flag(4096)
07-28 21:16:24.364  1369  1369 I SurfaceFlinger: [e05485f com.fceumm.wrapper/com.fceumm.wrapper.SplashActivity#29525] attach to parent LayerHierarchy{RequestedLayerState{ActivityRecord{2606f11 u0 com.fceumm.wrapper/.SplashActivity t2683}#29522 parentId=29514} 2 children}
07-28 21:16:24.367  1525  5841 D CoreBackPreview: Window{e05485f u0 com.fceumm.wrapper/com.fceumm.wrapper.SplashActivity}: Setting back callback OnBackInvokedCallbackInfo{mCallback=android.window.IOnBackInvokedCallback$Stub$Proxy@badeb75, mPriority=0, mIsAnimationCallback=false}
07-28 21:16:24.369  1525 11354 V WindowManager: Relayout Window{e05485f u0 com.fceumm.wrapper/com.fceumm.wrapper.SplashActivity}: viewVisibility=0 req=1080x2340 ty=1 d0
07-28 21:16:24.370  1369  1534 I SurfaceFlinger: id=29526 createSurf, flag=44004, com.fceumm.wrapper/com.fceumm.wrapper.SplashActivity$_8031#29526
07-28 21:16:24.370  1525 11354 D WindowManager: makeSurface duration=1 name=com.fceumm.wrapper/com.fceumm.wrapper.SplashActivity$_8031
07-28 21:16:24.372  1525 11354 D WindowManager: Changing focus from null to Window{e05485f u0 com.fceumm.wrapper/com.fceumm.wrapper.SplashActivity} displayId=0 Callers=com.android.server.wm.WindowManagerService.relayoutWindowInner:142 com.android.server.wm.WindowManagerService.relayoutWindow:6 com.android.server.wm.Session.relayout:27 android.view.IWindowSession$Stub.onTransact:861 
07-28 21:16:24.372  1525 11354 I WindowManager: Cancelling animation restarting=true, leash=Surface(name=Surface(name=569e615 StatusBar)/@0x68bafa6 - animation-leash of insets_animation)/@0x9fa2592
07-28 21:16:24.372  1525 11354 I WindowManager: Reparenting to original parent: Surface(name=WindowToken{2bbd9ff type=2000 android.os.BinderProxy@1c45da0})/@0x9628de7, destroy=false, syncState=0, syncCommitDepth=0, surface=Surface(name=569e615 StatusBar)/@0x68bafa6
07-28 21:16:24.372  1525 11354 I WindowManager: Reparenting to leash, surface=Surface(name=569e615 StatusBar)/@0x68bafa6, syncState=0, syncCommitDepth=0, leashParent=Surface(name=WindowToken{2bbd9ff type=2000 android.os.BinderProxy@1c45da0})/@0x9628de7
07-28 21:16:24.373  1369  1369 I SurfaceFlinger: [com.fceumm.wrapper/com.fceumm.wrapper.SplashActivity$_8031#29526] attach to parent LayerHierarchy{RequestedLayerState{e05485f com.fceumm.wrapper/com.fceumm.wrapper.SplashActivity#29525 parentId=29522} 1 children}
07-28 21:16:24.373  1369  3421 I SurfaceFlinger: id=29527 createSurf, flag=24000, Surface(name=569e615 StatusBar)/@0x68bafa6 - animation-leash of insets_animation#29527
07-28 21:16:24.373  1525 11354 D WindowManager: makeSurface duration=1 leash=Surface(name=Surface(name=569e615 StatusBar)/@0x68bafa6 - animation-leash of insets_animation)/@0x7e00b7b
07-28 21:16:24.373  1525 11354 D InsetsSourceProvider: updateControlForTarget: control=InsetsSourceControl: {cf990000 mType=statusBars initiallyVisible mSurfacePosition=Point(0, 0) mInsetsHint=Insets{left=0, top=99, right=0, bottom=0}}, target=Window{e05485f u0 com.fceumm.wrapper/com.fceumm.wrapper.SplashActivity}, from=com.android.server.wm.InsetsStateController.onControlTargetChanged:81 com.android.server.wm.InsetsPolicy.updateBarControlTarget:175 com.android.server.wm.DisplayPolicy.updateSystemBarAttributes:269 com.android.server.wm.WindowManagerService.updateFocusedWindowLocked:375 com.android.server.wm.WindowManagerService.relayoutWindowInner:142 
07-28 21:16:24.373  1525 11354 I WindowManager: Cancelling animation restarting=true, leash=Surface(name=Surface(name=c34a82d NavigationBar0)/@0xd3403d - animation-leash of insets_animation)/@0x735360
07-28 21:16:24.373  1525 11354 I WindowManager: Reparenting to original parent: Surface(name=WindowToken{2244f44 type=2019 android.os.BinderProxy@fcb5dd6})/@0x3b32032, destroy=false, syncState=0, syncCommitDepth=0, surface=Surface(name=c34a82d NavigationBar0)/@0xd3403d
07-28 21:16:24.373  1525 11354 I WindowManager: Reparenting to leash, surface=Surface(name=c34a82d NavigationBar0)/@0xd3403d, syncState=0, syncCommitDepth=0, leashParent=Surface(name=WindowToken{2244f44 type=2019 android.os.BinderProxy@fcb5dd6})/@0x3b32032
07-28 21:16:24.373  1369  3421 I SurfaceFlinger: id=29528 createSurf, flag=24000, Surface(name=c34a82d NavigationBar0)/@0xd3403d - animation-leash of insets_animation#29528
07-28 21:16:24.374  1525 11354 D WindowManager: makeSurface duration=1 leash=Surface(name=Surface(name=c34a82d NavigationBar0)/@0xd3403d - animation-leash of insets_animation)/@0xf7ec9f1
07-28 21:16:24.374  1525 11354 D InsetsSourceProvider: updateControlForTarget: control=InsetsSourceControl: {b2f90001 mType=navigationBars initiallyVisible mSurfacePosition=Point(0, 2196) mInsetsHint=Insets{left=0, top=0, right=0, bottom=45}}, target=Window{e05485f u0 com.fceumm.wrapper/com.fceumm.wrapper.SplashActivity}, from=com.android.server.wm.InsetsStateController.onControlTargetChanged:81 com.android.server.wm.InsetsPolicy.updateBarControlTarget:188 com.android.server.wm.DisplayPolicy.updateSystemBarAttributes:269 com.android.server.wm.WindowManagerService.updateFocusedWindowLocked:375 com.android.server.wm.WindowManagerService.relayoutWindowInner:142 
07-28 21:16:24.374  1525 11354 D WindowManager: updateSystemBarAttributes: displayId=0, focusedCanBeNavColorWin=false, win=Window{e05485f u0 com.fceumm.wrapper/com.fceumm.wrapper.SplashActivity}, navColorWin=Window{c1c9394 u0 Splash Screen com.fceumm.wrapper}, caller=com.android.server.wm.WindowManagerService.updateFocusedWindowLocked:375 com.android.server.wm.WindowManagerService.relayoutWindowInner:142 com.android.server.wm.WindowManagerService.relayoutWindow:6 
07-28 21:16:24.374  1525 11354 D WindowManager: updateSystemBarAttributes, bhv=2, apr=528, statusBarAprRegions=[AppearanceRegion{LIGHT_STATUS_BARS bounds=[0,0][1080,2340]}], requestedVisibilities=-14
07-28 21:16:24.374  1525 11354 V SystemKeyManager: updateFocusedWindow() is called, com.fceumm.wrapper/com.fceumm.wrapper.SplashActivity
07-28 21:16:24.374  1525 11354 I SystemKeyManager: requested systemKeyInfo size=1 focusedWindow=com.fceumm.wrapper/com.fceumm.wrapper.SplashActivity
07-28 21:16:24.374  1525 11354 I SystemKeyManager: requested systemKeyInfo size=1 focusedWindow=com.fceumm.wrapper/com.fceumm.wrapper.SplashActivity
07-28 21:16:24.374  2762  2762 D SamsungNotificationShadeWindowFullscreenHelper: needFullscreen(false >> true) isScreenOn:true, isViewShown:false
07-28 21:16:24.374  2762  2762 D NavigationBar: onSystemBarAttributesChanged() -  displayId:0, appearance:528, packageName: com.fceumm.wrapper (APPEARANCE_LIGHT_NAVIGATION_BARS ), navbarColorManagedByIme:false
07-28 21:16:24.374  2762  2762 D SysUiState: SysUiState changed: old=0x10020000 new=0x10000000
07-28 21:16:24.375  1525 11354 V WindowManager: Relayout hash=e05485f, pid=8031, syncId=-1: mAttrs={(0,0)(fillxfill) sim={adjust=pan forwardNavigation} layoutInDisplayCutoutMode=always ty=BASE_APPLICATION wanim=0x1030312
07-28 21:16:24.375  1525 11354 V WindowManager:   fl=81810500
07-28 21:16:24.375  1525 11354 V WindowManager:   pfl=100088c0
07-28 21:16:24.375  1525 11354 V WindowManager:   apr=210
07-28 21:16:24.375  1525 11354 V WindowManager:   bhv=2
07-28 21:16:24.375  1525 11354 V WindowManager:   fitSides=0
07-28 21:16:24.375  1525 11354 V WindowManager:   frameRateBoostOnTouch=true
07-28 21:16:24.375  1525 11354 V WindowManager:   dvrrWindowFrameRateHint=true naviIconColor=0
07-28 21:16:24.375  1525 11354 V WindowManager:   sfl=100000}
07-28 21:16:24.375  3284  3471 I HoneySpace.SystemUiRepository: systemUiFlags: awake
07-28 21:16:24.375  3284  3442 I HoneySpace.TaskbarEventTracker: invokeEvent() called with: event = SystemUiStateChanged(stateFlags=268435456)
07-28 21:16:24.376  8031  8031 E .fceumm.wrapper: Unable to open libpenguin.so: dlopen failed: library "libpenguin.so" not found.
07-28 21:16:24.376  8031  8031 I BufferQueueProducer: [](id:1f5f00000000,api:0,p:0,c:8031) setDequeueTimeout:2077252342
07-28 21:16:24.377  8031  8031 I BLASTBufferQueue_Java: new BLASTBufferQueue, mName= VRI[SplashActivity]@4331781 mNativeObject= 0xb400007343e72f70 sc.mNativeObject= 0xb4000073c3e72a90 caller= android.view.ViewRootImpl.updateBlastSurfaceIfNeeded:3397 android.view.ViewRootImpl.relayoutWindow:11361 android.view.ViewRootImpl.performTraversals:4544 android.view.ViewRootImpl.doTraversal:3708 android.view.ViewRootImpl$TraversalRunnable.run:12542 android.view.Choreographer$CallbackRecord.run:1751 android.view.Choreographer$CallbackRecord.run:1760 android.view.Choreographer.doCallbacks:1216 android.view.Choreographer.doFrame:1142 android.view.Choreographer$FrameDisplayEventReceiver.run:1707 
07-28 21:16:24.377  8031  8031 I BLASTBufferQueue_Java: update, w= 1080 h= 2340 mName = VRI[SplashActivity]@4331781 mNativeObject= 0xb400007343e72f70 sc.mNativeObject= 0xb4000073c3e72a90 format= -1 caller= android.graphics.BLASTBufferQueue.<init>:88 android.view.ViewRootImpl.updateBlastSurfaceIfNeeded:3397 android.view.ViewRootImpl.relayoutWindow:11361 android.view.ViewRootImpl.performTraversals:4544 android.view.ViewRootImpl.doTraversal:3708 android.view.ViewRootImpl$TraversalRunnable.run:12542 
07-28 21:16:24.377  8031  8031 W libc    : Access denied finding property "vendor.display.enable_optimal_refresh_rate"
07-28 21:16:24.377  8031  8031 W libc    : Access denied finding property "vendor.gpp.create_frc_extension"
07-28 21:16:24.378  8031  8031 I VRI[SplashActivity]@4331781: Relayout returned: old=(0,0,1080,2340) new=(0,0,1080,2340) relayoutAsync=false req=(1080,2340)0 dur=7 res=0x3 s={true 0xb400007293e88110} ch=true seqId=0
07-28 21:16:24.378  8031  8031 I VRI[SplashActivity]@4331781: performConfigurationChange setNightDimText nightDimLevel=0
07-28 21:16:24.379  8031  8031 D VRI[SplashActivity]@4331781: mThreadedRenderer.initialize() mSurface={isValid=true 0xb400007293e88110} hwInitialized=true
07-28 21:16:24.380  8031  8031 D VRI[SplashActivity]@4331781: reportNextDraw android.view.ViewRootImpl.performTraversals:5193 android.view.ViewRootImpl.doTraversal:3708 android.view.ViewRootImpl$TraversalRunnable.run:12542 android.view.Choreographer$CallbackRecord.run:1751 android.view.Choreographer$CallbackRecord.run:1760 
07-28 21:16:24.380  8031  8031 D VRI[SplashActivity]@4331781: Setup new sync=wmsSync-VRI[SplashActivity]@4331781#0
07-28 21:16:24.380  8031  8031 I VRI[SplashActivity]@4331781: Creating new active sync group VRI[SplashActivity]@4331781#1
07-28 21:16:24.381  8031  8031 D VRI[SplashActivity]@4331781: registerCallbacksForSync syncBuffer=false
07-28 21:16:24.381  1525  1627 D InsetsSourceProvider: updateVisibility: serverVisible=true, clientVisible=false, source=InsetsSource: {cf990000 mType=statusBars mFrame=[0,0][1080,99] mVisible=false mFlags= mSideHint=TOP mBoundingRects=null}, controlTarget=Window{e05485f u0 com.fceumm.wrapper/com.fceumm.wrapper.SplashActivity}, from=com.android.server.wm.InsetsSourceProvider.setClientVisible:8 com.android.server.wm.InsetsSourceProvider.updateClientVisibility:20 com.android.server.wm.InsetsStateController.onRequestedVisibleTypesChanged:20 com.android.server.wm.InsetsStateController$$ExternalSyntheticLambda0.run:87 com.android.server.wm.WindowAnimator.animate:469 com.android.server.wm.WindowAnimator$$ExternalSyntheticLambda1.doFrame:14 android.view.Choreographer$CallbackRecord.run:1749 android.view.Choreographer$CallbackRecord.run:1760 android.view.Choreographer.doCallbacks:1216 android.view.Choreographer.doFrame:1132 
07-28 21:16:24.381  1369  1369 I SurfaceFlinger: [Surface(name=569e615 StatusBar)/@0x68bafa6 - animation-leash of insets_animation#29527] attach to parent LayerHierarchy{RequestedLayerState{WindowToken{2bbd9ff type=2000 android.os.BinderProxy@1c45da0}#89 parentId=19} 2 children}
07-28 21:16:24.381  1369  1369 I SurfaceFlinger: [Surface(name=c34a82d NavigationBar0)/@0xd3403d - animation-leash of insets_animation#29528] attach to parent LayerHierarchy{RequestedLayerState{WindowToken{2244f44 type=2019 android.os.BinderProxy@fcb5dd6}#82 parentId=31} 2 children}
07-28 21:16:24.383  2762  2762 I VRI[NavigationBar0]@1459cd8: handleResized, frames=ClientWindowFrames{frame=[0,2196][1080,2340] display=[0,0][1080,2340] parentFrame=[0,0][0,0]} displayId=0 dragResizing=false compatScale=1.0 frameChanged=false attachedFrameChanged=false configChanged=false displayChanged=false compatScaleChanged=false dragResizingChanged=false
07-28 21:16:24.383  2762  2762 I VRI[ScreenDecorOverlay]@2675291: Resizing android.view.ViewRootImpl@da25089: frame = [0,0][1080,121] reportDraw = false forceLayout = false syncSeqId = -1
07-28 21:16:24.383  2762  2762 I VRI[ScreenDecorOverlayBottom]@13dc000: Resizing android.view.ViewRootImpl@16d03fa: frame = [0,2219][1080,2340] reportDraw = false forceLayout = false syncSeqId = -1
07-28 21:16:24.384  2762  3786 I VRI[ScreenDecorOverlay]@2675291: handleResized, frames=ClientWindowFrames{frame=[0,0][1080,121] display=[0,0][1080,2340] parentFrame=[0,0][0,0]} displayId=0 dragResizing=false compatScale=1.0 frameChanged=false attachedFrameChanged=false configChanged=false displayChanged=false compatScaleChanged=false dragResizingChanged=false
07-28 21:16:24.384  2762  3786 I VRI[ScreenDecorOverlayBottom]@13dc000: handleResized, frames=ClientWindowFrames{frame=[0,2219][1080,2340] display=[0,0][1080,2340] parentFrame=[0,0][0,0]} displayId=0 dragResizing=false compatScale=1.0 frameChanged=false attachedFrameChanged=false configChanged=false displayChanged=false compatScaleChanged=false dragResizingChanged=false
07-28 21:16:24.384  8031  8057 D VRI[SplashActivity]@4331781: Received frameDrawingCallback syncResult=0 frameNum=1.
