07-28 21:16:26.149  1525 11354 D ActivityTaskManager: TaskLaunchParamsModifier:task=null activity=null display-area-from-source=DefaultTaskDisplayArea_d0@214964408 display-id=0 task-display-area-windowing-mode=1 suggested-display-area=DefaultTaskDisplayArea_d0@214964408
07-28 21:16:26.150  1525 11354 W OptProp : Cannot read opt property android.window.PROPERTY_COMPAT_ALLOW_ORIENTATION_OVERRIDE
07-28 21:16:26.150  1525 11354 V GrammaticalInflectionUtils: AttributionSource: AttributionSource { uid = 10260, packageName = null, attributionTag = null, token = android.os.Binder@e084b9f, deviceId = 0, next = null } does not have READ_SYSTEM_GRAMMATICAL_GENDER permission.
07-28 21:16:26.150  1525 11354 W OptProp : Cannot read opt property android.window.PROPERTY_COMPAT_ALLOW_RESIZEABLE_ACTIVITY_OVERRIDES
07-28 21:16:26.151  1525 11354 W OptProp : Cannot read opt property android.window.PROPERTY_COMPAT_ALLOW_MIN_ASPECT_RATIO_OVERRIDE
07-28 21:16:26.151  1525 11354 D WindowManager: Transition is created, t=TransitionRecord{7668e10 id=-1 type=OPEN flags=0x0}, caller=com.android.server.wm.Transition.<init>:170 com.android.server.wm.ActivityStarter.startActivityUnchecked:330 com.android.server.wm.ActivityStarter.executeRequest:3361 com.android.server.wm.ActivityStarter.execute:1122 com.android.server.wm.ActivityTaskManagerService.startActivityAsUser:88 
07-28 21:16:26.151  1525 11354 D BLASTSyncEngine: SyncGroup is created, id=1946, name=Transition-OPEN, caller=com.android.server.wm.BLASTSyncEngine$SyncGroup.<init>:51 com.android.server.wm.TransitionController.moveToCollecting:78 com.android.server.wm.ActivityStarter.startActivityUnchecked:333 com.android.server.wm.ActivityStarter.executeRequest:3361 com.android.server.wm.ActivityStarter.execute:1122 com.android.server.wm.ActivityTaskManagerService.startActivityAsUser:88 com.android.server.wm.ActivityTaskManagerService.startActivity:120 
07-28 21:16:26.152  1525 11354 W BLASTSyncEngine: setSyncMethod, id=1946, method=0, caller=com.android.server.wm.TransitionController.moveToCollecting:90 com.android.server.wm.ActivityStarter.startActivityUnchecked:333 com.android.server.wm.ActivityStarter.executeRequest:3361 
07-28 21:16:26.152  1525 11354 V WindowManager: Start collecting in Transition: TransitionRecord{7668e10 id=1946 type=OPEN flags=0x0}, caller=com.android.server.wm.ActivityStarter.startActivityUnchecked:333 com.android.server.wm.ActivityStarter.executeRequest:3361 com.android.server.wm.ActivityStarter.execute:1122 com.android.server.wm.ActivityTaskManagerService.startActivityAsUser:88 com.android.server.wm.ActivityTaskManagerService.startActivity:120 
07-28 21:16:26.152  1369  1369 W Layer   : gatherBufferInfo: Received unknown dataspace from gralloc
07-28 21:16:26.152  1525 11354 V WindowManager: Collecting in transition 1946: ActivityRecord{6538d09 u0 com.fceumm.wrapper/.MainMenuActivity, caller=com.android.server.wm.TransitionController.collect:7 com.android.server.wm.ActivityStarter.startActivityUnchecked:626 com.android.server.wm.ActivityStarter.executeRequest:3361 com.android.server.wm.ActivityStarter.execute:1122 com.android.server.wm.ActivityTaskManagerService.startActivityAsUser:88 
07-28 21:16:26.152  1525 11354 D ActivityTaskManager: TaskLaunchParamsModifier:task=null activity=ActivityRecord{6538d09 u0 com.fceumm.wrapper/.MainMenuActivity t-1} display-area-from-source=DefaultTaskDisplayArea_d0@214964408 display-id=0 task-display-area-windowing-mode=1 suggested-display-area=DefaultTaskDisplayArea_d0@214964408
07-28 21:16:26.153  1525 11354 D ActivityTaskManager: TaskLaunchParamsModifier:task=Task{9901882 #2683 type=standard A=10260:com.fceumm.wrapper} activity=ActivityRecord{6538d09 u0 com.fceumm.wrapper/.MainMenuActivity t-1} display-area-from-source=DefaultTaskDisplayArea_d0@214964408 display-id=0 task-display-area-windowing-mode=1 suggested-display-area=DefaultTaskDisplayArea_d0@214964408 inherit-from-source=fullscreen non-freeform-task-display-area display-area=DefaultTaskDisplayArea_d0@214964408 default-portrait freeform-size-mismatch=Rect(81, 612 - 999, 1782)
07-28 21:16:26.153  1525 11354 I SemDvfsHyPerManager: acquire hyper - AMS_ACT_START/1525@20, type = -999
07-28 21:16:26.153  1525 11354 D ActivityManagerPerformance: AMP_acquire() ACT_START
07-28 21:16:26.154  1525 11354 V WindowManager: Collecting in transition 1946: ActivityRecord{2606f11 u0 com.fceumm.wrapper/.SplashActivity t2683}, caller=com.android.server.wm.TransitionController.collect:7 com.android.server.wm.ActivityStarter.startActivityInner:235 com.android.server.wm.ActivityStarter.startActivityUnchecked:639 com.android.server.wm.ActivityStarter.executeRequest:3361 com.android.server.wm.ActivityStarter.execute:1122 
07-28 21:16:26.154  1525 11354 D WindowManager: prepareSync <SYNC_STATE_WAITING_FOR_DRAW>, mPrepareSyncSeqId=0, win=Window{e05485f u0 com.fceumm.wrapper/com.fceumm.wrapper.SplashActivity}
07-28 21:16:26.154  1196  1358 I HYPER-HAL: [RequestManager.cpp]acquire(): Acquired ID : 1194305  [1525 / 20]    HINT : AMS_ACT_START    list : 
07-28 21:16:26.155  1369  1422 I SurfaceFlinger: id=29531 createSurf, flag=84004, ActivityRecord{6538d09 u0 com.fceumm.wrapper/.MainMenuActivity t2683}#29531
07-28 21:16:26.157  1525 11354 V WindowManager: Checking theme of starting window: 0x7f10026d
07-28 21:16:26.157  1525 11354 V WindowManager: Translucent=false Floating=false ShowWallpaper=false Disable=false
07-28 21:16:26.157  1525 11354 D ActivityTaskManager: addStartingWindow: type=0 typeParameter=2c
07-28 21:16:26.158  1525 11354 D ActivityTaskManager: scheduleTopResumedActivityChanged, onTop=false, r=ActivityRecord{2606f11 u0 com.fceumm.wrapper/.SplashActivity t2683}, caller=com.android.server.wm.ActivityTaskSupervisor.scheduleTopResumedActivityStateLossIfNeeded:11 com.android.server.wm.ActivityTaskSupervisor.updateTopResumedActivityIfNeeded:19 com.android.server.wm.TaskFragment.setResumedActivity:29 com.android.server.wm.ActivityRecord.setState:95 com.android.server.wm.TaskFragment.startPausing$1:210 com.android.server.wm.TaskFragment.resumeTopActivity:698 
07-28 21:16:26.159  1196  1358 I HYPER-HAL: [ResourceManager.cpp]updateResource(): [CPUMinFreq] UpdateResource Request ID : 1194305    Value : 1785600
07-28 21:16:26.159  1369  1369 I SurfaceFlinger: [ActivityRecord{6538d09 u0 com.fceumm.wrapper/.MainMenuActivity t2683}#29531] attach to parent LayerHierarchy{RequestedLayerState{Task=2683#29514 parentId=11 z=5} 2 children}
07-28 21:16:26.160  1525 11354 V WindowManager: Collecting in transition 1946: ActivityRecord{6538d09 u0 com.fceumm.wrapper/.MainMenuActivity t2683}, caller=com.android.server.wm.Transition.collectExistenceChange:42 com.android.server.wm.ActivityStarter.handleStartResult:523 com.android.server.wm.ActivityStarter.startActivityUnchecked:653 com.android.server.wm.ActivityStarter.executeRequest:3361 com.android.server.wm.ActivityStarter.execute:1122 
07-28 21:16:26.160  1525 11354 V WindowManager: Requesting StartTransition: TransitionRecord{7668e10 id=1946 type=OPEN flags=0x0}, caller=com.android.server.wm.ActivityStarter.handleStartResult:677 com.android.server.wm.ActivityStarter.startActivityUnchecked:653 com.android.server.wm.ActivityStarter.executeRequest:3361 com.android.server.wm.ActivityStarter.execute:1122 com.android.server.wm.ActivityTaskManagerService.startActivityAsUser:88 
07-28 21:16:26.161  1525 11354 I Pageboost: stop alp
07-28 21:16:26.161  1525 11354 I ActivityTaskManager: START u0 {cmp=com.fceumm.wrapper/.MainMenuActivity} with LAUNCH_MULTIPLE from uid 10260 (BAL_ALLOW_VISIBLE_WINDOW) result code=0
07-28 21:16:26.161  1369  1369 W Layer   : gatherBufferInfo: Received unknown dataspace from gralloc
07-28 21:16:26.161  2762  2815 V WindowManagerShell: Transition requested (#1946): android.os.BinderProxy@6823ba2 TransitionRequestInfo { type = OPEN, triggerTask = TaskInfo{userId=0 taskId=2683 displayId=0 isRunning=true baseIntent=Intent { flg=0x10000000 cmp=com.fceumm.wrapper/.MainActivity } baseActivity=ComponentInfo{com.fceumm.wrapper/com.fceumm.wrapper.SplashActivity} topActivity=ComponentInfo{com.fceumm.wrapper/com.fceumm.wrapper.MainMenuActivity} origActivity=null realActivity=ComponentInfo{com.fceumm.wrapper/com.fceumm.wrapper.MainActivity} numActivities=2 lastActiveTime=815944721 supportsMultiWindow=true resizeMode=1 isResizeable=true minWidth=-1 minHeight=-1 maxWidth=-1 maxHeight=-1 defaultMinSize=220 token=WCT{android.window.IWindowContainerToken$Stub$Proxy@4eaf033} topActivityType=1 pictureInPictureParams=null shouldDockBigOverlays=false launchIntoPipHostTaskId=-1 lastParentTaskIdBeforePip=-1 displayCutoutSafeInsets=null topActivityInfo=ActivityInfo{7a9fff0 com.fceumm.wrapper.MainMenuActivity} launchCookies=[] positionInParent=Point(0, 0) parentTaskId=-1 isFocused=true isVisible=true isVisibleRequested=true isSleeping=false topActivityInSizeCompat=false locusId=null displayAreaFeatureId=1 isTopActivityTransparent=false isTopActivityStyleFloating=false appCompatTaskInfo=AppCompatTaskInfo { topActivityInSizeCompat=false eligibleForLetterboxEducation= false isLetterboxEducationEnabled= false isLetterboxDoubleTapEnabled= false eligibleForUserAspectRatioButton= false topActivityBoundsLetterboxed= false isFromLetterboxDoubleTap= false topActivityLetterboxVerticalPosition= -1 topActivityLetterboxHorizontalPosition= -1 topActivityLetterboxWidth=1080 topActivityLetterboxHeight=2340 topActivityLetterboxAppWidth=1080 topActivityLetterboxAppHeight=2340 isUserFullscreenOverrideEnabled=false isSystemFullscreenOverrideEnabled=false hasMinAspectRatioOverride=false cameraCompatTaskInfo=CameraCompatTaskInfo { freeformCameraCompatMode=inactive} topActivityBounds=null topActivityInDisplayCompat=false} originallySupportedMultiWindow=true hasWallpaper=false rootAffinity=10260:com.fceumm.wrapper isTopTaskInStage=false topActivityUiMode=17 CoverLauncherWidgetTask=false isKeepScreenOn=true isAllowedSeamlessRotation=false isTopTransparentActivity=false snappingGuideBounds=Rect(81, 612 - 999, 1782) isAliasManaged=false hasConfigChanged=false isAiKeyRemoveAppTask=false}, pipTask = null, remoteTransition = null, displayChange = null, flags = 0, debugId = 1946 }
07-28 21:16:26.161  3875  3875 E pageboostd: Received HALT command code 2
07-28 21:16:26.162  1525  5395 V WindowManager: Starting Transition 1946, caller=com.android.server.wm.WindowOrganizerController.startTransition:37 com.android.server.wm.WindowOrganizerController.startTransition:1 android.window.IWindowOrganizerController$Stub.onTransact:271 
07-28 21:16:26.162  1525 11354 V WindowManager: Collecting in transition 1946: ActivityRecord{2606f11 u0 com.fceumm.wrapper/.SplashActivity t2683 f}}, caller=com.android.server.wm.Transition.collectExistenceChange:42 com.android.server.wm.Transition.collectClose:7 com.android.server.wm.ActivityRecord.finishIfPossible:46 com.android.server.wm.ActivityClientController.finishActivity:225 android.app.IActivityClientController$Stub.onTransact:822 
07-28 21:16:26.164  1525 11354 D SGM:GameManager: identifyGamePackage. com.fceumm.wrapper, mCurrentUserId: 0, callerUserId: 0, callingMethodInfo: com.samsung.android.game.IGameManagerService$Stub.onTransact(IGameManagerService.java:228)
07-28 21:16:26.165  1525  1626 D SGM:FgCheckThread: notePauseComponent(), received pkgName: com.fceumm.wrapper, userId: 0
07-28 21:16:26.165  1525  1626 D SGM:FgCheckThread: notePauseComponent(), received pkgName: com.fceumm.wrapper, userId: 0
07-28 21:16:26.165  1525  2587 I CocktailBarManagerServiceContainer: handleMessage: entry what = 6
07-28 21:16:26.165  1525 11354 V WindowManager: Collecting in transition 1946: ActivityRecord{2606f11 u0 com.fceumm.wrapper/.SplashActivity t2683 f}}, caller=com.android.server.wm.TransitionController.collect:7 com.android.server.wm.ActivityRecord.setVisibility:189 com.android.server.wm.TaskFragment.resumeTopActivity:1617 com.android.server.wm.Task.resumeTopActivityInnerLocked:98 com.android.server.wm.Task.resumeTopActivityUncheckedLocked:23 
07-28 21:16:26.165  1525  1626 D SGM:FgCheckThread: notifyFocusInOut(). of pkg: com.fceumm.wrapper, type: 20, isSecGameFamily: false, userId: 0
07-28 21:16:26.165  1525  2587 I CocktailBarManagerServiceImpl: notePauseComponent : no active host
07-28 21:16:26.165  1525 11354 V WindowManager: Collecting in transition 1946: ActivityRecord{6538d09 u0 com.fceumm.wrapper/.MainMenuActivity t2683}, caller=com.android.server.wm.TransitionController.collect:7 com.android.server.wm.ActivityRecord.setVisibility:189 com.android.server.wm.EnsureActivitiesVisibleHelper.process:561 com.android.server.wm.TaskFragment.updateActivityVisibilities:12 com.android.server.wm.Task$$ExternalSyntheticLambda3.accept:399 
07-28 21:16:26.165  1525  1626 D SGM:GameManager: identifyGamePackage. com.fceumm.wrapper, mCurrentUserId: 0, callerUserId: 0, callingMethodInfo: com.samsung.android.game.SemGameManager.isGamePackage(SemGameManager.java:105)
07-28 21:16:26.165  1525  1626 D SGM:SemGameManager: isGamePackage(), pkgName=com.fceumm.wrapper, ret=false
07-28 21:16:26.165  1525  1626 D SGM:FgCheckThread:   notifyFocusInOut(). unexpected type. 20
07-28 21:16:26.165  1525 11354 V WindowManager: rotationForOrientation(orient=SCREEN_ORIENTATION_UNSPECIFIED (-1), last=ROTATION_0 (0)); user=ROTATION_0 (0) 
07-28 21:16:26.165  1525 11354 D WindowManager: rotationForOrientation, orientationSource=ActivityRecord{6538d09 u0 com.fceumm.wrapper/.MainMenuActivity t2683}
07-28 21:16:26.166  1525 11354 V WindowManager: Computed rotation=ROTATION_0 (0) for display id=0 based on lastOrientation=SCREEN_ORIENTATION_UNSPECIFIED (-1) and oldRotation=ROTATION_0 (0), caller=com.android.server.wm.DisplayRotation.updateOrientation:25 com.android.server.wm.DisplayContent.updateOrientation:65 com.android.server.wm.DisplayContent.updateOrientation:11 com.android.server.wm.RootWindowContainer.ensureVisibilityAndConfig:7 com.android.server.wm.ActivityTaskSupervisor.realStartActivityLocked:213 com.android.server.wm.ActivityTaskSupervisor.startSpecificActivity:27 
07-28 21:16:26.166  1525 11354 V WindowManager: Collecting in transition 1946: ActivityRecord{6538d09 u0 com.fceumm.wrapper/.MainMenuActivity t2683}, caller=com.android.server.wm.TransitionController.collect:7 com.android.server.wm.ActivityRecord.setVisibility:189 com.android.server.wm.ActivityTaskSupervisor.realStartActivityLocked:234 com.android.server.wm.ActivityTaskSupervisor.startSpecificActivity:27 com.android.server.wm.TaskFragment.resumeTopActivity:2204 
07-28 21:16:26.166  1525 11354 D SGM:FgCheckThread: notifyAppCreated(), packageName: com.fceumm.wrapper, userId: 0, sendRet: true
07-28 21:16:26.166  1525  2471 D SGM:FgCheckThread: onLooperPrepared(), msg: MSG_APP_CREATE, pkgName: com.fceumm.wrapper, userId: 0
07-28 21:16:26.167  1525 11354 D InputDispatcher: Focused application(0): ActivityRecord{6538d09 u0 com.fceumm.wrapper/.MainMenuActivity t2683}
07-28 21:16:26.167  1525 11354 D WindowManager: Changing focus from Window{e05485f u0 com.fceumm.wrapper/com.fceumm.wrapper.SplashActivity} to null displayId=0 Callers=com.android.server.wm.ActivityTaskManagerService.setLastResumedActivityUncheckLocked:264 com.android.server.wm.ActivityTaskSupervisor.updateTopResumedActivityIfNeeded:50 com.android.server.wm.TaskFragment.setResumedActivity:29 com.android.server.wm.ActivityRecord.setState:104 
07-28 21:16:26.167  1525 11354 V SystemKeyManager: updateFocusedWindow() is called, 
07-28 21:16:26.167  1525 11354 I SystemKeyManager: isSystemKeyEventRequested() : focusedWindow is empty.
07-28 21:16:26.167  1525 11354 I SystemKeyManager: isSystemKeyEventRequested() : focusedWindow is empty.
07-28 21:16:26.167  1525 11354 D ActivityTaskManager: scheduleTopResumedActivityChanged, onTop=true, r=ActivityRecord{6538d09 u0 com.fceumm.wrapper/.MainMenuActivity t2683}, caller=com.android.server.wm.ActivityTaskSupervisor.updateTopResumedActivityIfNeeded:62 com.android.server.wm.TaskFragment.setResumedActivity:29 com.android.server.wm.ActivityRecord.setState:104 com.android.server.wm.ActivityTaskSupervisor.realStartActivityLocked:949 com.android.server.wm.ActivityTaskSupervisor.startSpecificActivity:27 com.android.server.wm.TaskFragment.resumeTopActivity:2204 
07-28 21:16:26.168  1525 11354 D WindowManagerServiceExt: updateTaskbarTargetIfNeeded: cn=ComponentInfo{com.fceumm.wrapper/com.fceumm.wrapper.MainMenuActivity} occludesParent=true isInSplitScreenMode=false styleFloating=false
07-28 21:16:26.168  1525 11354 D BLASTSyncEngine: SyncGroup 1946:  Unfinished container: ActivityRecord{6538d09 u0 com.fceumm.wrapper/.MainMenuActivity t2683} mSyncState=2
07-28 21:16:26.169  1525  5841 D GraphicsStatsService: requestRenderEngineFor(com.fceumm.wrapper)
07-28 21:16:26.169  8031  8031 D ActivityThread: com.fceumm.wrapper will use render engine as VK
07-28 21:16:26.170  1369  1369 W Layer   : gatherBufferInfo: Received unknown dataspace from gralloc
07-28 21:16:26.176  1369  1369 I SurfaceFlinger: [LayerHierarchy{RequestedLayerState{ImeContainer#16 parentId=29522 relativeParentId=29522 z=1} 1 children}] RelativeParent to null
07-28 21:16:26.178  1369  1369 W Layer   : gatherBufferInfo: Received unknown dataspace from gralloc
07-28 21:16:26.178  1369  1369 I BpBinder: onLastStrongRef automatically unlinking death recipients: 
07-28 21:16:26.181  8031  8031 D AppCompatDelegate: Checking for metadata for AppLocalesMetadataHolderService : Service not found
07-28 21:16:26.182  1525  2587 I CocktailBarManagerServiceContainer: handleMessage: entry what = 5
07-28 21:16:26.183  1525  2587 I CocktailBarManagerServiceImpl: noteResumeComponent : no active host
07-28 21:16:26.183  1525  1626 D SGM:FgCheckThread: noteResumeComponent(), received pkgName: com.fceumm.wrapper, userId: 0
07-28 21:16:26.183  1525  2471 D SGM:FgCheckThread: onLooperPrepared(), msg: MSG_APP_RESUME, pkgName: com.fceumm.wrapper, userid: 0
07-28 21:16:26.183  1525  2471 D SGM:FgCheckThread: handleResume().
07-28 21:16:26.183  1525  2471 D SGM:FgCheckThread:   handleResume(). same package with Prev KILL_YOURSELF. ignore
07-28 21:16:26.184  1369  1512 D SurfaceFlinger: [input] setFocusedWindow: <null>
07-28 21:16:26.184  1525  5395 D InputDispatcher: Focus left window (0): e05485f com.fceumm.wrapper/com.fceumm.wrapper.SplashActivity
07-28 21:16:26.185  1369  1369 W Layer   : gatherBufferInfo: Received unknown dataspace from gralloc
07-28 21:16:26.184  5103  5998 I SDHMS:l : handleResumeComponent : put = com.fceumm.wrapper, userid = 0 instanceid =75627278
07-28 21:16:26.185  1525 11354 D InputDispatcher: Once focus requested (0): <null>
07-28 21:16:26.193  1369  1369 W Layer   : gatherBufferInfo: Received unknown dataspace from gralloc
07-28 21:16:26.193  8031  8031 I DecorView: setWindowBackground: isPopOver=false color=ffffffff d=android.graphics.drawable.ColorDrawable@b75c2e6
07-28 21:16:26.196  8031  8031 I .fceumm.wrapper: hiddenapi: Accessing hidden method Landroid/view/View;->computeFitSystemWindows(Landroid/graphics/Rect;Landroid/graphics/Rect;)Z (runtime_flags=0, domain=platform, api=unsupported) from Landroidx/appcompat/widget/ViewUtils; (domain=app) using reflection: allowed
07-28 21:16:26.196  8031  8031 I .fceumm.wrapper: hiddenapi: Accessing hidden method Landroid/view/ViewGroup;->makeOptionalFitsSystemWindows()V (runtime_flags=0, domain=platform, api=unsupported) from Landroidx/appcompat/widget/ViewUtils; (domain=app) using reflection: allowed
07-28 21:16:26.201  1369  1369 W Layer   : gatherBufferInfo: Received unknown dataspace from gralloc
07-28 21:16:26.209  1369  1369 W Layer   : gatherBufferInfo: Received unknown dataspace from gralloc
07-28 21:16:26.217  8031  8031 I ViewRootImpl: dVRR is disabled
07-28 21:16:26.217  8031  8050 D NativeCustomFrequencyManager: [NativeCFMS] BpCustomFrequencyManager::BpCustomFrequencyManager()
07-28 21:16:26.218  1369  1369 W Layer   : gatherBufferInfo: Received unknown dataspace from gralloc
07-28 21:16:26.218  1525 11354 D InputTransport: Input channel constructed: '75da6c3', fd=1163
07-28 21:16:26.218  1525 11354 D InputTransport: Input channel constructed: '75da6c3', fd=1165
07-28 21:16:26.218  1525 11354 D InputTransport: Input channel constructed: '75da6c3', fd=1191
07-28 21:16:26.218  1525 11354 D WindowManager: prepareSync <SYNC_STATE_WAITING_FOR_DRAW>, mPrepareSyncSeqId=0, win=Window{75da6c3 u0 com.fceumm.wrapper/com.fceumm.wrapper.MainMenuActivity}
07-28 21:16:26.218  1369  1422 I SurfaceFlinger: id=29532 createSurf, flag=84004, 75da6c3 com.fceumm.wrapper/com.fceumm.wrapper.MainMenuActivity#29532
07-28 21:16:26.219  1525 11354 D RestrictionPolicy: isScreenCaptureEnabled : ret=true userId=0
07-28 21:16:26.219  1525 11354 D RestrictionPolicy: isScreenCaptureEnabled : ret=true userId=0
07-28 21:16:26.219  1525 11354 D InputTransport: Input channel destroyed: '75da6c3', fd=1191
07-28 21:16:26.219  8031  8031 D InputTransport: Input channel constructed: '75da6c3', fd=138
07-28 21:16:26.219  8031  8031 I InsetsController: onStateChanged: host=com.fceumm.wrapper/com.fceumm.wrapper.MainMenuActivity, from=android.view.ViewRootImpl.setView:1999, state=InsetsState: {mDisplayFrame=Rect(0, 0 - 1080, 2340), mDisplayCutout=DisplayCutout{insets=Rect(0, 99 - 0, 0) waterfall=Insets{left=0, top=0, right=0, bottom=0} boundingRect={Bounds=[Rect(0, 0 - 0, 0), Rect(505, 0 - 575, 99), Rect(0, 0 - 0, 0), Rect(0, 0 - 0, 0)]} cutoutPathParserInfo={CutoutPathParserInfo{displayWidth=1080 displayHeight=2340 physicalDisplayWidth=1080 physicalDisplayHeight=2340 density={3.0} cutoutSpec={M 0,0 M 0,29 a 35,35 0 1,0 0,70 a 35,35 0 1,0 0,-70 Z} rotation={0} scale={1.0} physicalPixelDisplaySizeRatio={1.0}}} sideOverrides={}}, mRoundedCorners=RoundedCorners{[RoundedCorner{position=TopLeft, radius=108, center=Point(108, 108)}, RoundedCorner{position=TopRight, radius=108, center=Point(972, 108)}, RoundedCorner{position=BottomRight, radius=108, center=Point(972, 2232)}, RoundedCorner{position=BottomLeft, radius=108, center=Point(108, 2232)}]}  mRoundedCornerFrame=Rect(0, 0 - 1080, 2340), mPrivacyIndicatorBounds=PrivacyIndicatorBounds {static bounds=Rect(948, 0 - 1080, 99) rotation=0}, mDisplayShape=DisplayShape{ spec=-311912193 displayWidth=1080 displayHeight=2340 physicalPixelDisplaySizeRatio=1.0 rotation=0 offsetX=0 offsetY=0 scale=1.0}, mSources= { InsetsSource: {b2f90001 mType=navigationBars mFrame=[0,2295][1080,2340] mVisible=true mFlags=SUPPRESS_SCRIM mSideHint=BOTTOM mBoundingRects=null}, InsetsSource: {b2f90004 mType=systemGestures mFrame=[0,0][90,2340] mVisible=true mFlags= mSideHint=LEFT mBoundingRects=null}, InsetsSource: {b2f90005 mType=mandatorySystemGestures mFrame=[0,2244][1080,2340] mVisible=true mFlags= mSideHint=BOTTOM mBoundingRects=null}, InsetsSource: {b2f90006 mType=tappableElement mFrame=[0,0][0,0] mVisible=true mFlags= mSideHint=NONE mBoundingRects=null}, InsetsSource: {b2f90024 mType=systemGestures mFrame=[990,0][1080,2340] mVisible=true mFlags= mSideHint=RIGHT mBoundingRects=null}, InsetsSource: {cf990000 mType=statusBars mFrame=[0,0][1080,99] mVisible=false mFlags= mSideHint=TOP mBoundingRects=null}, InsetsSource: {cf990005 mType=mandatorySystemGestures mFrame=[0,0][1080,135] mVisible=true mFlags= mSideHint=TOP mBoundingRects=null}, InsetsSource: {cf990006 mType=tappableElement mFrame=[0,0][1080,99] mVisible=true mFlags= mSideHint=TOP mBoundingRects=null}, InsetsSource: {3 mType=ime mFrame=[0,0][0,0] mVisible=false mFlags= mSideHint=NONE mBoundingRects=null}, InsetsSource: {27 mType=displayCutout mFrame=[0,0][1080,99] mVisible=true mFlags= mSideHint=TOP mBoundingRects=null} }
07-28 21:16:26.220  8031  8031 I VRI[MainMenuActivity]@b91c189: synced displayState. AttachInfo displayState=2
07-28 21:16:26.220  8031  8031 I VRI[MainMenuActivity]@b91c189: setView = com.android.internal.policy.DecorView@f1799bc IsHRR=false TM=true
07-28 21:16:26.220  8031  8050 D HWUI    : HWUI - treat SMPTE_170M as sRGB
07-28 21:16:26.226  1369  1369 I SurfaceFlinger: [75da6c3 com.fceumm.wrapper/com.fceumm.wrapper.MainMenuActivity#29532] attach to parent LayerHierarchy{RequestedLayerState{ActivityRecord{6538d09 u0 com.fceumm.wrapper/.MainMenuActivity t2683}#29531 parentId=29514 z=1} 1 children}
07-28 21:16:26.227  1525 11354 D CoreBackPreview: Window{75da6c3 u0 com.fceumm.wrapper/com.fceumm.wrapper.MainMenuActivity}: Setting back callback OnBackInvokedCallbackInfo{mCallback=android.window.IOnBackInvokedCallback$Stub$Proxy@cfcca79, mPriority=0, mIsAnimationCallback=false}
07-28 21:16:26.228  1369  1369 W Layer   : gatherBufferInfo: Received unknown dataspace from gralloc
07-28 21:16:26.229  1525  5395 V WindowManager: Relayout Window{75da6c3 u0 com.fceumm.wrapper/com.fceumm.wrapper.MainMenuActivity}: viewVisibility=0 req=1080x2340 ty=1 d0
07-28 21:16:26.230  1369  1423 I SurfaceFlinger: id=29533 createSurf, flag=44004, com.fceumm.wrapper/com.fceumm.wrapper.MainMenuActivity$_8031#29533
07-28 21:16:26.230  1525  5395 D WindowManager: makeSurface duration=1 name=com.fceumm.wrapper/com.fceumm.wrapper.MainMenuActivity$_8031
07-28 21:16:26.231  1525  5395 D BLASTSyncEngine: SyncGroup 1946:  Unfinished container: ActivityRecord{6538d09 u0 com.fceumm.wrapper/.MainMenuActivity t2683} mSyncState=2
07-28 21:16:26.232  1525  5395 D WindowManager: Changing focus from null to Window{75da6c3 u0 com.fceumm.wrapper/com.fceumm.wrapper.MainMenuActivity} displayId=0 Callers=com.android.server.wm.WindowManagerService.relayoutWindowInner:142 com.android.server.wm.WindowManagerService.relayoutWindow:6 com.android.server.wm.Session.relayout:27 android.view.IWindowSession$Stub.onTransact:861 
07-28 21:16:26.232  1525  5395 I WindowManager: Cancelling animation restarting=true, leash=Surface(name=Surface(name=569e615 StatusBar)/@0x68bafa6 - animation-leash of insets_animation)/@0x7e00b7b
07-28 21:16:26.232  1525  5395 I WindowManager: Reparenting to original parent: Surface(name=WindowToken{2bbd9ff type=2000 android.os.BinderProxy@1c45da0})/@0x9628de7, destroy=false, syncState=0, syncCommitDepth=0, surface=Surface(name=569e615 StatusBar)/@0x68bafa6
07-28 21:16:26.232  1525  5395 I WindowManager: Reparenting to leash, surface=Surface(name=569e615 StatusBar)/@0x68bafa6, syncState=0, syncCommitDepth=0, leashParent=Surface(name=WindowToken{2bbd9ff type=2000 android.os.BinderProxy@1c45da0})/@0x9628de7
07-28 21:16:26.232  1369  1423 I SurfaceFlinger: id=29534 createSurf, flag=24004, Surface(name=569e615 StatusBar)/@0x68bafa6 - animation-leash of insets_animation#29534
07-28 21:16:26.233  1525  5395 D WindowManager: makeSurface duration=1 leash=Surface(name=Surface(name=569e615 StatusBar)/@0x68bafa6 - animation-leash of insets_animation)/@0xbe9ec1f
07-28 21:16:26.233  1525  5395 D InsetsSourceProvider: updateControlForTarget: control=InsetsSourceControl: {cf990000 mType=statusBars mSurfacePosition=Point(0, 0) mInsetsHint=Insets{left=0, top=99, right=0, bottom=0}}, target=Window{75da6c3 u0 com.fceumm.wrapper/com.fceumm.wrapper.MainMenuActivity}, from=com.android.server.wm.InsetsStateController.onControlTargetChanged:81 com.android.server.wm.InsetsPolicy.updateBarControlTarget:175 com.android.server.wm.DisplayPolicy.updateSystemBarAttributes:269 com.android.server.wm.WindowManagerService.updateFocusedWindowLocked:375 com.android.server.wm.WindowManagerService.relayoutWindowInner:142 
07-28 21:16:26.233  1525  5395 I WindowManager: Cancelling animation restarting=true, leash=Surface(name=Surface(name=c34a82d NavigationBar0)/@0xd3403d - animation-leash of insets_animation)/@0xf7ec9f1
07-28 21:16:26.233  1525  5395 I WindowManager: Reparenting to original parent: Surface(name=WindowToken{2244f44 type=2019 android.os.BinderProxy@fcb5dd6})/@0x3b32032, destroy=false, syncState=0, syncCommitDepth=0, surface=Surface(name=c34a82d NavigationBar0)/@0xd3403d
07-28 21:16:26.233  1525  5395 I WindowManager: Reparenting to leash, surface=Surface(name=c34a82d NavigationBar0)/@0xd3403d, syncState=0, syncCommitDepth=0, leashParent=Surface(name=WindowToken{2244f44 type=2019 android.os.BinderProxy@fcb5dd6})/@0x3b32032
07-28 21:16:26.234  1369  1423 I SurfaceFlinger: id=29535 createSurf, flag=24000, Surface(name=c34a82d NavigationBar0)/@0xd3403d - animation-leash of insets_animation#29535
07-28 21:16:26.234  1525  5395 D WindowManager: makeSurface duration=1 leash=Surface(name=Surface(name=c34a82d NavigationBar0)/@0xd3403d - animation-leash of insets_animation)/@0x8769535
07-28 21:16:26.234  1369  1369 I SurfaceFlinger: [com.fceumm.wrapper/com.fceumm.wrapper.MainMenuActivity$_8031#29533] attach to parent LayerHierarchy{RequestedLayerState{75da6c3 com.fceumm.wrapper/com.fceumm.wrapper.MainMenuActivity#29532 parentId=29531} 1 children}
07-28 21:16:26.234  1369  1369 I SurfaceFlinger: [Surface(name=569e615 StatusBar)/@0x68bafa6 - animation-leash of insets_animation#29534] attach to parent LayerHierarchy{RequestedLayerState{WindowToken{2bbd9ff type=2000 android.os.BinderProxy@1c45da0}#89 parentId=19} 2 children}
07-28 21:16:26.234  1369  1369 I SurfaceFlinger: [Surface(name=c34a82d NavigationBar0)/@0xd3403d - animation-leash of insets_animation#29535] attach to parent LayerHierarchy{RequestedLayerState{WindowToken{2244f44 type=2019 android.os.BinderProxy@fcb5dd6}#82 parentId=31} 2 children}
07-28 21:16:26.234  1525  5395 D InsetsSourceProvider: updateControlForTarget: control=InsetsSourceControl: {b2f90001 mType=navigationBars initiallyVisible mSurfacePosition=Point(0, 2196) mInsetsHint=Insets{left=0, top=0, right=0, bottom=45}}, target=Window{75da6c3 u0 com.fceumm.wrapper/com.fceumm.wrapper.MainMenuActivity}, from=com.android.server.wm.InsetsStateController.onControlTargetChanged:81 com.android.server.wm.InsetsPolicy.updateBarControlTarget:188 com.android.server.wm.DisplayPolicy.updateSystemBarAttributes:269 com.android.server.wm.WindowManagerService.updateFocusedWindowLocked:375 com.android.server.wm.WindowManagerService.relayoutWindowInner:142 
07-28 21:16:26.234  1525  5395 D WindowManager: updateSystemBarAttributes: displayId=0, focusedCanBeNavColorWin=false, win=Window{75da6c3 u0 com.fceumm.wrapper/com.fceumm.wrapper.MainMenuActivity}, navColorWin=Window{e05485f u0 com.fceumm.wrapper/com.fceumm.wrapper.SplashActivity}, caller=com.android.server.wm.WindowManagerService.updateFocusedWindowLocked:375 com.android.server.wm.WindowManagerService.relayoutWindowInner:142 com.android.server.wm.WindowManagerService.relayoutWindow:6 
07-28 21:16:26.235  1525  5395 D WindowManager: updateSystemBarAttributes, bhv=1, apr=528, statusBarAprRegions=[AppearanceRegion{ bounds=[0,0][1080,2340]}], requestedVisibilities=-9
07-28 21:16:26.235  1525  5395 V SystemKeyManager: updateFocusedWindow() is called, com.fceumm.wrapper/com.fceumm.wrapper.MainMenuActivity
07-28 21:16:26.235  1525  5395 I SystemKeyManager: requested systemKeyInfo size=1 focusedWindow=com.fceumm.wrapper/com.fceumm.wrapper.MainMenuActivity
07-28 21:16:26.235  1525  5395 I SystemKeyManager: requested systemKeyInfo size=1 focusedWindow=com.fceumm.wrapper/com.fceumm.wrapper.MainMenuActivity
07-28 21:16:26.235  1525  5395 V WindowManager: Relayout hash=75da6c3, pid=8031, syncId=-1: mAttrs={(0,0)(fillxfill) sim={adjust=pan forwardNavigation} layoutInDisplayCutoutMode=always ty=BASE_APPLICATION wanim=0x1030312
07-28 21:16:26.235  1525  5395 V WindowManager:   fl=81810100
07-28 21:16:26.235  1525  5395 V WindowManager:   pfl=100088c0
07-28 21:16:26.235  1525  5395 V WindowManager:   apr=210
07-28 21:16:26.235  1525  5395 V WindowManager:   bhv=1
07-28 21:16:26.235  1525  5395 V WindowManager:   fitSides=0
07-28 21:16:26.235  1525  5395 V WindowManager:   frameRateBoostOnTouch=true
07-28 21:16:26.235  1525  5395 V WindowManager:   dvrrWindowFrameRateHint=true naviIconColor=0
07-28 21:16:26.235  1525  5395 V WindowManager:   sfl=100000}
07-28 21:16:26.236  1369  1369 W Layer   : gatherBufferInfo: Received unknown dataspace from gralloc
07-28 21:16:26.236  8031  8031 I BufferQueueProducer: [](id:1f5f00000001,api:0,p:0,c:8031) setDequeueTimeout:2077252342
07-28 21:16:26.237  8031  8031 I BLASTBufferQueue_Java: new BLASTBufferQueue, mName= VRI[MainMenuActivity]@b91c189 mNativeObject= 0xb400007343e7e7d0 sc.mNativeObject= 0xb4000073c3e76750 caller= android.view.ViewRootImpl.updateBlastSurfaceIfNeeded:3397 android.view.ViewRootImpl.relayoutWindow:11361 android.view.ViewRootImpl.performTraversals:4544 android.view.ViewRootImpl.doTraversal:3708 android.view.ViewRootImpl$TraversalRunnable.run:12542 android.view.Choreographer$CallbackRecord.run:1751 android.view.Choreographer$CallbackRecord.run:1760 android.view.Choreographer.doCallbacks:1216 android.view.Choreographer.doFrame:1142 android.view.Choreographer$FrameDisplayEventReceiver.run:1707 
07-28 21:16:26.237  2762  2762 D SamsungNotificationShadeWindowFullscreenHelper: needFullscreen(true >> false) isScreenOn:true, isViewShown:false
07-28 21:16:26.237  8031  8031 I BLASTBufferQueue_Java: update, w= 1080 h= 2340 mName = VRI[MainMenuActivity]@b91c189 mNativeObject= 0xb400007343e7e7d0 sc.mNativeObject= 0xb4000073c3e76750 format= -1 caller= android.graphics.BLASTBufferQueue.<init>:88 android.view.ViewRootImpl.updateBlastSurfaceIfNeeded:3397 android.view.ViewRootImpl.relayoutWindow:11361 android.view.ViewRootImpl.performTraversals:4544 android.view.ViewRootImpl.doTraversal:3708 android.view.ViewRootImpl$TraversalRunnable.run:12542 
07-28 21:16:26.237  1525  1627 D InsetsSourceProvider: updateVisibility: serverVisible=true, clientVisible=true, source=InsetsSource: {cf990000 mType=statusBars mFrame=[0,0][1080,99] mVisible=true mFlags= mSideHint=TOP mBoundingRects=null}, controlTarget=Window{75da6c3 u0 com.fceumm.wrapper/com.fceumm.wrapper.MainMenuActivity}, from=com.android.server.wm.InsetsSourceProvider.setClientVisible:8 com.android.server.wm.InsetsSourceProvider.updateClientVisibility:20 com.android.server.wm.InsetsStateController.onRequestedVisibleTypesChanged:20 com.android.server.wm.InsetsStateController$$ExternalSyntheticLambda0.run:87 com.android.server.wm.WindowAnimator.animate:469 com.android.server.wm.WindowAnimator$$ExternalSyntheticLambda1.doFrame:14 android.view.Choreographer$CallbackRecord.run:1749 android.view.Choreographer$CallbackRecord.run:1760 android.view.Choreographer.doCallbacks:1216 android.view.Choreographer.doFrame:1132 
07-28 21:16:26.237  8031  8031 W libc    : Access denied finding property "vendor.display.enable_optimal_refresh_rate"
07-28 21:16:26.237  8031  8031 W libc    : Access denied finding property "vendor.gpp.create_frc_extension"
07-28 21:16:26.237  2762  2762 D SysUiState: SysUiState changed: old=0x10000000 new=0x10020000
07-28 21:16:26.237  8031  8031 I VRI[MainMenuActivity]@b91c189: Relayout returned: old=(0,0,1080,2340) new=(0,0,1080,2340) relayoutAsync=false req=(1080,2340)0 dur=7 res=0x3 s={true 0xb400007293ea19d0} ch=true seqId=0
07-28 21:16:26.238  8031  8031 I VRI[MainMenuActivity]@b91c189: performConfigurationChange setNightDimText nightDimLevel=0
07-28 21:16:26.238  8031  8031 D VRI[MainMenuActivity]@b91c189: mThreadedRenderer.initialize() mSurface={isValid=true 0xb400007293ea19d0} hwInitialized=true
07-28 21:16:26.239  1525  1626 D BLASTSyncEngine: SyncGroup 1946:  Unfinished container: ActivityRecord{6538d09 u0 com.fceumm.wrapper/.MainMenuActivity t2683} mSyncState=2
07-28 21:16:26.239  8031  8031 D VRI[MainMenuActivity]@b91c189: reportNextDraw android.view.ViewRootImpl.performTraversals:5193 android.view.ViewRootImpl.doTraversal:3708 android.view.ViewRootImpl$TraversalRunnable.run:12542 android.view.Choreographer$CallbackRecord.run:1751 android.view.Choreographer$CallbackRecord.run:1760 
07-28 21:16:26.239  8031  8031 D VRI[MainMenuActivity]@b91c189: Setup new sync=wmsSync-VRI[MainMenuActivity]@b91c189#4
07-28 21:16:26.239  8031  8031 I VRI[MainMenuActivity]@b91c189: Creating new active sync group VRI[MainMenuActivity]@b91c189#5
07-28 21:16:26.239  1525  1627 D BLASTSyncEngine: SyncGroup 1946:  Unfinished container: ActivityRecord{6538d09 u0 com.fceumm.wrapper/.MainMenuActivity t2683} mSyncState=2
07-28 21:16:26.239  2762  2762 I VRI[StatusBar]@756325e: handleResized, frames=ClientWindowFrames{frame=[0,0][1080,99] display=[0,0][1080,2340] parentFrame=[0,0][0,0]} displayId=0 dragResizing=false compatScale=1.0 frameChanged=false attachedFrameChanged=false configChanged=false displayChanged=false compatScaleChanged=false dragResizingChanged=false
07-28 21:16:26.239  2762  2762 I VRI[NavigationBar0]@1459cd8: handleResized, frames=ClientWindowFrames{frame=[0,2196][1080,2340] display=[0,0][1080,2340] parentFrame=[0,0][0,0]} displayId=0 dragResizing=false compatScale=1.0 frameChanged=false attachedFrameChanged=false configChanged=false displayChanged=false compatScaleChanged=false dragResizingChanged=false
07-28 21:16:26.240  2762  2762 I VRI[ScreenDecorOverlay]@2675291: Resizing android.view.ViewRootImpl@da25089: frame = [0,0][1080,121] reportDraw = false forceLayout = false syncSeqId = -1
07-28 21:16:26.240  3284  3471 I HoneySpace.SystemUiRepository: systemUiFlags: allow_gesture|awake
07-28 21:16:26.240  8031  8031 D VRI[MainMenuActivity]@b91c189: registerCallbacksForSync syncBuffer=false
07-28 21:16:26.240  2762  3786 I VRI[ScreenDecorOverlay]@2675291: handleResized, frames=ClientWindowFrames{frame=[0,0][1080,121] display=[0,0][1080,2340] parentFrame=[0,0][0,0]} displayId=0 dragResizing=false compatScale=1.0 frameChanged=false attachedFrameChanged=false configChanged=false displayChanged=false compatScaleChanged=false dragResizingChanged=false
07-28 21:16:26.240  3284  3442 I HoneySpace.TaskbarEventTracker: invokeEvent() called with: event = SystemUiStateChanged(stateFlags=268566528)
07-28 21:16:26.240  2762  2762 I VRI[ScreenDecorOverlayBottom]@13dc000: Resizing android.view.ViewRootImpl@16d03fa: frame = [0,2219][1080,2340] reportDraw = false forceLayout = false syncSeqId = -1
07-28 21:16:26.240  2762  3786 I VRI[ScreenDecorOverlayBottom]@13dc000: handleResized, frames=ClientWindowFrames{frame=[0,2219][1080,2340] display=[0,0][1080,2340] parentFrame=[0,0][0,0]} displayId=0 dragResizing=false compatScale=1.0 frameChanged=false attachedFrameChanged=false configChanged=false displayChanged=false compatScaleChanged=false dragResizingChanged=false
07-28 21:16:26.243  1369  1369 I SurfaceFlinger: Layer [Surface(name=569e615 StatusBar)/@0x6[...]tion-leash of insets_animation#29534] hidden!! flag(0)
07-28 21:16:26.243  1369  1369 E SurfaceFlinger: alpha changed 1.000 -> 0.000 - Surface(name=569e615 StatusBar)/@0x68bafa6 - animation-leash of insets_animation#29534
07-28 21:16:26.243  1369  1369 I SurfaceFlinger: [LayerHierarchy{RequestedLayerState{c34a82d NavigationBar0#83 parentId=29535} 1 children}] reparent to LayerHierarchy{RequestedLayerState{Surface(name=c34a82d NavigationBar0)/@0xd3403d - animation-leash of insets_animation#29535 parentId=82} 1 children}
07-28 21:16:26.243  1369  1369 I SurfaceFlinger: [LayerHierarchy{RequestedLayerState{569e615 StatusBar#90 parentId=29534} 1 children}] reparent to LayerHierarchy{RequestedLayerState{Surface(name=569e615 StatusBar)/@0x68bafa6 - animation-leash of insets_animation#29534 parentId=89} 1 children}
07-28 21:16:26.244  1369  1369 I SurfaceFlinger: [LayerHierarchy{RequestedLayerState{Surface(name=c34a82d NavigationBar0)/@0xd3403d - animation-leash of insets_animation#29528} no children}] reparent to OffscreenRoot
07-28 21:16:26.244  1369  1369 I SurfaceFlinger: [LayerHierarchy{RequestedLayerState{Surface(name=c34a82d NavigationBar0)/@0xd3403d - animation-leash of insets_animation#29528} no children}] RelativeParent to null
07-28 21:16:26.244  1369  1369 I SurfaceFlinger: [LayerHierarchy{RequestedLayerState{Surface(name=569e615 StatusBar)/@0x68bafa6 - animation-leash of insets_animation#29527} no children}] reparent to OffscreenRoot
07-28 21:16:26.244  1369  1369 I SurfaceFlinger: [LayerHierarchy{RequestedLayerState{Surface(name=569e615 StatusBar)/@0x68bafa6 - animation-leash of insets_animation#29527} no children}] RelativeParent to null
07-28 21:16:26.245  8031  8057 D VRI[MainMenuActivity]@b91c189: Received frameDrawingCallback syncResult=0 frameNum=1.
07-28 21:16:26.245  8031  8057 I VRI[MainMenuActivity]@b91c189: mWNT: t=0xb400007483eafd10 mBlastBufferQueue=0xb400007343e7e7d0 fn= 1 HdrRenderState mRenderHdrSdrRatio=1.0 caller= android.view.ViewRootImpl$11.onFrameDraw:15016 android.view.ThreadedRenderer$1.onFrameDraw:761 <bottom of call stack> 
07-28 21:16:26.245  8031  8057 I VRI[MainMenuActivity]@b91c189: Setting up sync and frameCommitCallback
07-28 21:16:26.246  1369  1369 W Layer   : gatherBufferInfo: Received unknown dataspace from gralloc
07-28 21:16:26.248  8031  8050 I BLASTBufferQueue: [VRI[MainMenuActivity]@b91c189#1](f:0,a:0,s:0) onFrameAvailable the first frame is available
07-28 21:16:26.248  8031  8050 I SurfaceComposerClient: apply transaction with the first frame. layerId: 29533, bufferData(ID: 34492882354183, frameNumber: 1)
07-28 21:16:26.248  8031  8050 I VRI[MainMenuActivity]@b91c189: Received frameCommittedCallback lastAttemptedDrawFrameNum=1 didProduceBuffer=true
07-28 21:16:26.249  1369  1423 I SurfaceFlinger: [com.fceumm.wrapper/com.fceumm.wrapper.MainMenuActivity$_8031#29533] setTransactionState with the first frame. bufferData(ID: 34492882354183, frameNumber: 1)
07-28 21:16:26.249  8031  8050 D HWUI    : CFMS:: SetUp Pid : 8031    Tid : 8050
07-28 21:16:26.249  8031  8031 D VRI[MainMenuActivity]@b91c189: reportDrawFinished seqId=0
07-28 21:16:26.249  8031  8031 I ImeFocusController: onPreWindowFocus: skipped hasWindowFocus=false mHasImeFocus=true
07-28 21:16:26.249  8031  8031 I ImeFocusController: onPostWindowFocus: skipped hasWindowFocus=false mHasImeFocus=true
07-28 21:16:26.249  1525  5395 D WindowManager: finishDrawingWindow: Window{75da6c3 u0 com.fceumm.wrapper/com.fceumm.wrapper.MainMenuActivity} mDrawState=DRAW_PENDING seqId=0
07-28 21:16:26.250  1369  1423 I SurfaceFlinger: id=29527 Removed Surface(name=569e615 StatusBar)/@0x68bafa6 - animation-leash of insets_animation#29527 (181)
07-28 21:16:26.250  1369  1422 I SurfaceFlinger: id=29528 Removed Surface(name=c34a82d NavigationBar0)/@0xd3403d - animation-leash of insets_animation#29528 (181)
07-28 21:16:26.250  1525  1627 V WindowManager: SyncGroup 1946: Finished!
07-28 21:16:26.250  8031  8031 I InsetsController: onStateChanged: host=com.fceumm.wrapper/com.fceumm.wrapper.MainMenuActivity, from=android.view.ViewRootImpl.handleInsetsControlChanged:2888, state=InsetsState: {mDisplayFrame=Rect(0, 0 - 1080, 2340), mDisplayCutout=DisplayCutout{insets=Rect(0, 99 - 0, 0) waterfall=Insets{left=0, top=0, right=0, bottom=0} boundingRect={Bounds=[Rect(0, 0 - 0, 0), Rect(505, 0 - 575, 99), Rect(0, 0 - 0, 0), Rect(0, 0 - 0, 0)]} cutoutPathParserInfo={CutoutPathParserInfo{displayWidth=1080 displayHeight=2340 physicalDisplayWidth=1080 physicalDisplayHeight=2340 density={3.0} cutoutSpec={M 0,0 M 0,29 a 35,35 0 1,0 0,70 a 35,35 0 1,0 0,-70 Z} rotation={0} scale={1.0} physicalPixelDisplaySizeRatio={1.0}}} sideOverrides={}}, mRoundedCorners=RoundedCorners{[RoundedCorner{position=TopLeft, radius=108, center=Point(108, 108)}, RoundedCorner{position=TopRight, radius=108, center=Point(972, 108)}, RoundedCorner{position=BottomRight, radius=108, center=Point(972, 2232)}, RoundedCorner{position=BottomLeft, radius=108, center=Point(108, 2232)}]}  mRoundedCornerFrame=Rect(0, 0 - 1080, 2340), mPrivacyIndicatorBounds=PrivacyIndicatorBounds {static bounds=Rect(948, 0 - 1080, 99) rotation=0}, mDisplayShape=DisplayShape{ spec=-311912193 displayWidth=1080 displayHeight=2340 physicalPixelDisplaySizeRatio=1.0 rotation=0 offsetX=0 offsetY=0 scale=1.0}, mSources= { InsetsSource: {b2f90001 mType=navigationBars mFrame=[0,2295][1080,2340] mVisible=true mFlags=SUPPRESS_SCRIM mSideHint=BOTTOM mBoundingRects=null}, InsetsSource: {b2f90004 mType=systemGestures mFrame=[0,0][90,2340] mVisible=true mFlags= mSideHint=LEFT mBoundingRects=null}, InsetsSource: {b2f90005 mType=mandatorySystemGestures mFrame=[0,2244][1080,2340] mVisible=true mFlags= mSideHint=BOTTOM mBoundingRects=null}, InsetsSource: {b2f90006 mType=tappableElement mFrame=[0,0][0,0] mVisible=true mFlags= mSideHint=NONE mBoundingRects=null}, InsetsSource: {b2f90024 mType=systemGestures mFrame=[990,0][1080,2340] mVisible=true mFlags= mSideHint=RIGHT mBoundingRects=null}, InsetsSource: {cf990000 mType=statusBars mFrame=[0,0][1080,99] mVisible=false mFlags= mSideHint=TOP mBoundingRects=null}, InsetsSource: {cf990005 mType=mandatorySystemGestures mFrame=[0,0][1080,135] mVisible=true mFlags= mSideHint=TOP mBoundingRects=null}, InsetsSource: {cf990006 mType=tappableElement mFrame=[0,0][1080,99] mVisible=true mFlags= mSideHint=TOP mBoundingRects=null}, InsetsSource: {3 mType=ime mFrame=[0,0][0,0] mVisible=false mFlags= mSideHint=NONE mBoundingRects=null}, InsetsSource: {27 mType=displayCutout mFrame=[0,0][1080,99] mVisible=true mFlags= mSideHint=TOP mBoundingRects=null} }
07-28 21:16:26.250  1525  1627 I SemDvfsHyPerManager: acquire hyper - AMS_RESUME_TAIL/1525@22, type = -999
07-28 21:16:26.250  8031  8031 I InsetsSourceConsumer: applyRequestedVisibilityToControl: visible=true, type=navigationBars, host=com.fceumm.wrapper/com.fceumm.wrapper.MainMenuActivity
07-28 21:16:26.250  1525  1627 I SemDvfsHyPerManager: acquire hyper - AMS_ACT_LAZY/1525@23, type = -999
07-28 21:16:26.250  1525  1627 D ActivityManagerPerformance: AMP_acquire() TAIL
07-28 21:16:26.250  1525  1627 D ActivityManagerPerformance: AMP_release() ACT_START
07-28 21:16:26.250  1525  1627 V WindowManager: performShowLocked: mDrawState=HAS_DRAWN in Window{75da6c3 u0 com.fceumm.wrapper/com.fceumm.wrapper.MainMenuActivity}
07-28 21:16:26.250  1196  1358 I HYPER-HAL: [RequestManager.cpp]acquire(): Acquired ID : 1197400  [1525 / 22]    HINT : AMS_RESUME_TAIL    list : 
07-28 21:16:26.250  1525  1627 D ChangeTransitionController: onTransactionReady: TransitionRecord{7668e10 id=1946 type=OPEN flags=0x0}
07-28 21:16:26.250  1525  1627 V WindowManager: Start calculating TransitionInfo based on participants: {ActivityRecord{2606f11 u0 com.fceumm.wrapper/.SplashActivity t2683 f}}, ActivityRecord{6538d09 u0 com.fceumm.wrapper/.MainMenuActivity t2683}}
07-28 21:16:26.251  1525  1627 V WindowManager:   Final targets: [ActivityRecord{6538d09 u0 com.fceumm.wrapper/.MainMenuActivity t2683}, ActivityRecord{2606f11 u0 com.fceumm.wrapper/.SplashActivity t2683 f}}]
07-28 21:16:26.251  8031  8031 I InsetsController: controlAnimationUncheckedInner: Added types=statusBars, animType=0, host=com.fceumm.wrapper/com.fceumm.wrapper.MainMenuActivity, from=android.view.InsetsController.controlAnimationUnchecked:1502 android.view.InsetsController.applyAnimation:2228 android.view.InsetsController.applyAnimation:2159 
07-28 21:16:26.251  8031  8031 I VRI[MainMenuActivity]@b91c189: handleResized, frames=ClientWindowFrames{frame=[0,0][1080,2340] display=[0,0][1080,2340] parentFrame=[0,0][0,0]} displayId=0 dragResizing=false compatScale=1.0 frameChanged=false attachedFrameChanged=false configChanged=false displayChanged=false compatScaleChanged=false dragResizingChanged=false
07-28 21:16:26.251  1369  1422 I SurfaceFlinger: id=29536 createSurf, flag=84004, Transition Root: ActivityRecord{6538d09 u0 com.fceumm.wrapper/.MainMenuActivity t2683}#29536
07-28 21:16:26.251  8031  8031 I VRI[MainMenuActivity]@b91c189: handleResized mSyncSeqId = 0
07-28 21:16:26.251  8031  8031 D VRI[MainMenuActivity]@b91c189: reportNextDraw android.view.ViewRootImpl.handleResized:2864 android.view.ViewRootImpl.-$$Nest$mhandleResized:0 android.view.ViewRootImpl$W.resized:13691 android.app.servertransaction.WindowStateResizeItem.execute:64 android.app.servertransaction.WindowStateTransactionItem.execute:59 
07-28 21:16:26.251  1369  1512 D SurfaceFlinger: [input] setFocusedWindow: 75da6c3 com.fceumm.wrapper/com.fceumm.wrapper.MainMenuActivity
07-28 21:16:26.251  1369  1369 I SurfaceFlinger: destroyed Surface(name=c34a82d NavigationBar0)/@0xd3403d - animation-leash of insets_animation#29528
07-28 21:16:26.251  1369  1369 I SurfaceFlinger: destroyed Surface(name=569e615 StatusBar)/@0x68bafa6 - animation-leash of insets_animation#29527
07-28 21:16:26.251  1369  1369 I SurfaceFlinger: [Transition Root: ActivityRecord{6538d09 u0 com.fceumm.wrapper/.MainMenuActivity t2683}#29536] attach to parent LayerHierarchy{RequestedLayerState{Task=2683#29514 parentId=11 z=5} 3 children}
07-28 21:16:26.251  1525 11354 D InputDispatcher: Once focus requested (0): 75da6c3 com.fceumm.wrapper/com.fceumm.wrapper.MainMenuActivity
07-28 21:16:26.251  1525 11354 D InputDispatcher: Focus request (0): 75da6c3 com.fceumm.wrapper/com.fceumm.wrapper.MainMenuActivity but waiting because NOT_VISIBLE
07-28 21:16:26.252  1196  1358 I HYPER-HAL: [ResourceManager.cpp]updateResource(): [CPUMinFreq] UpdateResource Request ID : 1197400    Value : 1785600
07-28 21:16:26.252  1196  1358 I HYPER-HAL: [RequestManager.cpp]acquire(): Acquired ID : 1198949  [1525 / 23]    HINT : AMS_ACT_LAZY    list : 
07-28 21:16:26.253  1525  1627 I SurfaceControlRegistry: show, t=StartTransaction_SyncId<1946> sc=ActivityRecord{6538d09 u0 com.fceumm.wrapper/.MainMenuActivity t2683}, caller=android.view.SurfaceControl$Transaction.show:3232 com.android.server.wm.Transition.onTransactionReady:2273 com.android.server.wm.BLASTSyncEngine$SyncGroup.finishNow:195 com.android.server.wm.BLASTSyncEngine.onSurfacePlacement:269 com.android.server.wm.RootWindowContainer.performSurfacePlacementNoTrace:471 com.android.server.wm.RootWindowContainer.performSurfacePlacement:9 
07-28 21:16:26.253  1525  1627 I SurfaceControlRegistry: show, t=StartTransaction_SyncId<1946> sc=Task=2683, caller=android.view.SurfaceControl$Transaction.show:3232 com.android.server.wm.Transition.onTransactionReady:2300 com.android.server.wm.BLASTSyncEngine$SyncGroup.finishNow:195 com.android.server.wm.BLASTSyncEngine.onSurfacePlacement:269 com.android.server.wm.RootWindowContainer.performSurfacePlacementNoTrace:471 com.android.server.wm.RootWindowContainer.performSurfacePlacement:9 
