--------- beginning of system
07-28 21:16:22.096  1525  2553 D ActivityManager: force stop from com.android.server.am.ActivityManagerService.forceStopPackage:4 com.android.server.am.ActivityManagerShellCommand.runForceStop:106 com.android.server.am.ActivityManagerShellCommand.onCommand:1745 
07-28 21:16:22.098  1525  2553 I ActivityManager: Force stopping com.fceumm.wrapper appid=10260 user=0: from pid 8016
07-28 21:16:22.102  1525  2553 W ProcessStats: Tracking association SourceState{3ba748a com.android.bluetooth/1002 ImpFg #375900} whose proc state 5 is better than process ProcessState{9396b93 com.samsung.android.mcfserver/10115 pkg=com.samsung.android.mcfserver} proc state 14 (9 skipped)
07-28 21:16:22.103  1525  2553 I AppsFilter: interaction: PackageSetting{2280e76 com.sweethome.launcher/10406} -> PackageSetting{c103772 com.fceumm.wrapper/10260} BLOCKED
--------- beginning of main
07-28 21:16:22.109  1369  1494 I VSyncReactor: Current= 120, Period= 120, hwcPeriod= 120
07-28 21:16:22.113  2733  2733 D CarrierSvcBindHelper: onHandleForceStop: [com.fceumm.wrapper]
07-28 21:16:22.113  1525  2541 D LocationManagerService: package com.fceumm.wrapper reset
07-28 21:16:22.115  2733  2733 D CarrierSvcBindHelper: No carrier app for: 0
07-28 21:16:22.115  2762  2762 D Navbar.Store: handleEvent(0) OnPackageRemoved(packageName=com.fceumm.wrapper) [Module] NavBarStoreImpl
07-28 21:16:22.116  2762  2762 D Navbar.Store: [Band]REMOTE_VIEW_PACK_PACKAGE_REMOVED
07-28 21:16:22.124  2762  2899 D SecSTQuickControlRequestReceiver: onReceive intent = Intent { act=android.intent.action.PACKAGE_RESTARTED dat=package: flg=0x4000010 (has extras) }
07-28 21:16:22.124  2762  2762 D SecSTQuickControlRequestReceiver: onReceiveForPackage action = android.intent.action.PACKAGE_RESTARTED, pkgName = com.fceumm.wrapper
07-28 21:16:22.161  1525  2466 D InputMethodManagerService: isImeSwitcherDisabledPackage : false
07-28 21:16:22.161  1525  2466 D InputMethodManagerService: shouldShowImeSwitcherLocked : checking vis : 3
07-28 21:16:22.343   656   740 D WM-DelayedWorkTracker: Scheduling work 688b5361-ea4b-4d4b-bc56-6ff02203f41e
07-28 21:16:22.344   656   740 D WM-GreedyScheduler: Starting tracking for 688b5361-ea4b-4d4b-bc56-6ff02203f41e
07-28 21:16:22.345   656   740 D WM-DelayedWorkTracker: Scheduling work 0233bceb-3304-4e0f-86b1-9d364ab3b9a0
07-28 21:16:22.345   656   740 D WM-GreedyScheduler: Starting tracking for 0233bceb-3304-4e0f-86b1-9d364ab3b9a0
07-28 21:16:22.353   656   716 D WM-ConstraintTracker: mis: initial state = NetworkState(isConnected=true, isValidated=true, isMetered=false, isNotRoaming=true)
07-28 21:16:22.354   656   716 D WM-NetworkStateTracker: Registering network callback
07-28 21:16:22.357   656   716 D ConnectivityManager: StackLog: [android.net.ConnectivityManager.sendRequestForNetwork(ConnectivityManager.java:4736)] [android.net.ConnectivityManager.registerDefaultNetworkCallbackForUid(ConnectivityManager.java:5461)] [android.net.ConnectivityManager.registerDefaultNetworkCallback(ConnectivityManager.java:5428)] [android.net.ConnectivityManager.registerDefaultNetworkCallback(ConnectivityManager.java:5402)] [a$$ExternalSyntheticApiModelOutline0.m(D8$$SyntheticClass:59)] [mis.d(PG:21)] [mhx.b(PG:87)] [mhx.a(PG:13)] [fcar.g(PG:3)] [fcam.b(PG:57)] [fcfj.b(PG:20)] [fbmv.u(PG:12)] [fbwi.run(PG:110)] [mlk.run(PG:3)] [ckiv.run(PG:5)] [ekzp.run(PG:44)] [ckig.run(PG:83)] [java.lang.Thread.run(Thread.java:1119)] [ckjy.run(PG:62)]
07-28 21:16:22.359  1525  2553 D ConnectivityService: requestNetwork for uid/pid:10248/656 activeRequest: null callbackRequest: 9951 [NetworkRequest [ REQUEST id=9952, [ Capabilities: INTERNET&NOT_RESTRICTED&TRUSTED&NOT_VCN_MANAGED&NOT_BANDWIDTH_CONSTRAINED Uid: 10248 RequestorUid: 10248 RequestorPkg: com.google.android.googlequicksearchbox UnderlyingNetworks: Null] ]] callback flags: 0 order: 2147483647 isUidTracked: false declaredMethods: AVAIL|LOST|NC
07-28 21:16:22.360   656   758 D WM-GreedyScheduler: Constraints met: Scheduling work ID WorkGenerationalId(workSpecId=688b5361-ea4b-4d4b-bc56-6ff02203f41e, generation=0)
07-28 21:16:22.360  1525  2525 D ConnectivityService:    accepting network in place of null for NetworkRequest [ REQUEST id=9952, [ Capabilities: INTERNET&NOT_RESTRICTED&TRUSTED&NOT_VCN_MANAGED&NOT_BANDWIDTH_CONSTRAINED Uid: 10248 RequestorUid: 10248 RequestorPkg: com.google.android.googlequicksearchbox UnderlyingNetworks: Null] ]
07-28 21:16:22.360   656   717 D WM-GreedyScheduler: Constraints met: Scheduling work ID WorkGenerationalId(workSpecId=0233bceb-3304-4e0f-86b1-9d364ab3b9a0, generation=0)
07-28 21:16:22.363  1525  2512 D UntrustedWifiNetworkFactory: got request NetworkRequest [ REQUEST id=9952, [ Capabilities: INTERNET&NOT_RESTRICTED&TRUSTED&NOT_VCN_MANAGED&NOT_BANDWIDTH_CONSTRAINED Uid: 10248 RequestorUid: 10248 RequestorPkg: com.google.android.googlequicksearchbox UnderlyingNetworks: Null] ]
07-28 21:16:22.364  1525  2512 D OemPaidWifiNetworkFactory: got request NetworkRequest [ REQUEST id=9952, [ Capabilities: INTERNET&NOT_RESTRICTED&TRUSTED&NOT_VCN_MANAGED&NOT_BANDWIDTH_CONSTRAINED Uid: 10248 RequestorUid: 10248 RequestorPkg: com.google.android.googlequicksearchbox UnderlyingNetworks: Null] ]
07-28 21:16:22.365  1525  2512 D MultiInternetWifiNetworkFactory: got request NetworkRequest [ REQUEST id=9952, [ Capabilities: INTERNET&NOT_RESTRICTED&TRUSTED&NOT_VCN_MANAGED&NOT_BANDWIDTH_CONSTRAINED Uid: 10248 RequestorUid: 10248 RequestorPkg: com.google.android.googlequicksearchbox UnderlyingNetworks: Null] ]
07-28 21:16:22.365  1525  2525 D ConnectivityService: Rematched networks [computed 1ms] [applied 2ms] [issued 3]
07-28 21:16:22.365  1525  2525 D ConnectivityService: NetworkReassignment :
07-28 21:16:22.365  1525  2525 D ConnectivityService:   9952 : null → 166
07-28 21:16:22.368   656   716 D WM-Processor: mdz: processing WorkGenerationalId(workSpecId=688b5361-ea4b-4d4b-bc56-6ff02203f41e, generation=0)
07-28 21:16:22.369   656   716 D WM-Processor: mdz: processing WorkGenerationalId(workSpecId=0233bceb-3304-4e0f-86b1-9d364ab3b9a0, generation=0)
07-28 21:16:22.374   656   765 D WM-NetworkStateTracker: Network capabilities changed: [ Transports: WIFI|VPN Capabilities: NOT_METERED&INTERNET&NOT_RESTRICTED&TRUSTED&VALIDATED&NOT_ROAMING&FOREGROUND&NOT_CONGESTED&NOT_SUSPENDED&NOT_VCN_MANAGED&NOT_BANDWIDTH_CONSTRAINED LinkUpBandwidth>=4623Kbps LinkDnBandwidth>=21427Kbps TransportInfo: <VpnTransportInfo{type=1, sessionId=null, bypassable=false longLivedTcpConnectionsExpensive=false}> UnderlyingNetworks: Null]
07-28 21:16:22.377   656   656 D WM-WorkerWrapper: Starting work for com.google.apps.tiktok.contrib.work.TikTokListenableWorker
07-28 21:16:22.377   656   656 D WM-ListenableWorkerImpl: Binding to com.google.android.googlequicksearchbox, com.google.android.libraries.search.integrations.tiktok.RemoteWorkerService_googleapp
07-28 21:16:22.383   656   656 D WM-WorkerWrapper: Starting work for com.google.apps.tiktok.contrib.work.TikTokListenableWorker
07-28 21:16:22.383   656   656 D WM-ListenableWorkerImpl: Binding to com.google.android.googlequicksearchbox, com.google.android.libraries.search.integrations.tiktok.RemoteWorkerService_googleapp
07-28 21:16:22.385   656   656 D WM-ListenableWorkerImpl: Service connected
07-28 21:16:22.385   656   656 D WM-ListenableWorkerImpl: Service connected
07-28 21:16:22.388 30781  2708 D WM-ListenableWorkerImpl: Executing work request (0233bceb-3304-4e0f-86b1-9d364ab3b9a0, com.google.apps.tiktok.contrib.work.TikTokListenableWorker)
07-28 21:16:22.390 30781  2708 D WM-ListenableWorkerImpl: Executing work request (688b5361-ea4b-4d4b-bc56-6ff02203f41e, com.google.apps.tiktok.contrib.work.TikTokListenableWorker)
07-28 21:16:22.402 30781 30827 E dova    : (REDACTED) WorkManager failure in operation: %s, worker tag: %s
07-28 21:16:22.402 30781 30827 E dova    : java.util.concurrent.ExecutionException: eclw: Account was no longer valid when task executed.
07-28 21:16:22.402 30781 30827 E dova    : 	at emaj.h(PG:21)
07-28 21:16:22.402 30781 30827 E dova    : 	at emak.s(PG:23)
07-28 21:16:22.402 30781 30827 E dova    : 	at emaj.get(PG:1)
07-28 21:16:22.402 30781 30827 E dova    : 	at a.dQ(PG:2)
07-28 21:16:22.402 30781 30827 E dova    : 	at emeq.z(PG:10)
07-28 21:16:22.402 30781 30827 E dova    : 	at doux.a(PG:11)
07-28 21:16:22.402 30781 30827 E dova    : 	at echs.a(PG:3)
07-28 21:16:22.402 30781 30827 E dova    : 	at emem.a(PG:3)
07-28 21:16:22.402 30781 30827 E dova    : 	at emdp.run(PG:19)
07-28 21:16:22.402 30781 30827 E dova    : 	at emeo.run(PG:5)
07-28 21:16:22.402 30781 30827 E dova    : 	at ckiv.run(PG:5)
07-28 21:16:22.402 30781 30827 E dova    : 	at ekzp.run(PG:44)
07-28 21:16:22.402 30781 30827 E dova    : 	at ckig.run(PG:83)
07-28 21:16:22.402 30781 30827 E dova    : 	at java.lang.Thread.run(Thread.java:1119)
07-28 21:16:22.402 30781 30827 E dova    : 	at ckjy.run(PG:62)
07-28 21:16:22.402 30781 30827 E dova    : Caused by: eclw: Account was no longer valid when task executed.
07-28 21:16:22.402 30781 30827 E dova    : 	at ecmi.apply(PG:5)
07-28 21:16:22.402 30781 30827 E dova    : 	at edxk.apply(PG:13)
07-28 21:16:22.402 30781 30827 E dova    : 	at emag.d(PG:3)
07-28 21:16:22.402 30781 30827 E dova    : 	at emai.run(PG:130)
07-28 21:16:22.402 30781 30827 E dova    : 	... 5 more
07-28 21:16:22.402 30781 30827 E dova    : Caused by: ebwv: ebte: dbib: Selected account doesn't match the primary search account
07-28 21:16:22.402 30781 30827 E dova    : 	at ebsy.apply(PG:24)
07-28 21:16:22.402 30781 30827 E dova    : 	at edxo.apply(PG:13)
07-28 21:16:22.402 30781 30827 E dova    : 	at emah.d(PG:3)
07-28 21:16:22.402 30781 30827 E dova    : 	at emai.run(PG:130)
07-28 21:16:22.402 30781 30827 E dova    : 	at emcd.execute(PG:1)
07-28 21:16:22.402 30781 30827 E dova    : 	at emaj.e(PG:1)
07-28 21:16:22.402 30781 30827 E dova    : 	at emaj.k(PG:95)
07-28 21:16:22.402 30781 30827 E dova    : 	at emaj.p(PG:19)
07-28 21:16:22.402 30781 30827 E dova    : 	at emaq.run(PG:77)
07-28 21:16:22.402 30781 30827 E dova    : 	at emcd.execute(PG:1)
07-28 21:16:22.402 30781 30827 E dova    : 	at emaj.e(PG:1)
07-28 21:16:22.402 30781 30827 E dova    : 	at emaj.k(PG:95)
07-28 21:16:22.402 30781 30827 E dova    : 	at emaj.p(PG:19)
07-28 21:16:22.402 30781 30827 E dova    : 	at emaq.run(PG:77)
07-28 21:16:22.402 30781 30827 E dova    : 	at emcd.execute(PG:1)
07-28 21:16:22.402 30781 30827 E dova    : 	at emaj.e(PG:1)
07-28 21:16:22.402 30781 30827 E dova    : 	at emaj.k(PG:95)
07-28 21:16:22.402 30781 30827 E dova    : 	at emaj.q(PG:29)
07-28 21:16:22.402 30781 30827 E dova    : 	at emai.run(PG:160)
07-28 21:16:22.402 30781 30827 E dova    : 	... 5 more
07-28 21:16:22.402 30781 30827 E dova    : Caused by: ebte: dbib: Selected account doesn't match the primary search account
07-28 21:16:22.402 30781 30827 E dova    : 	at dbiq.apply(PG:25)
07-28 21:16:22.402 30781 30827 E dova    : 	at edxo.apply(PG:13)
07-28 21:16:22.402 30781 30827 E dova    : 	at emap.d(PG:3)
07-28 21:16:22.402 30781 30827 E dova    : 	at emaq.run(PG:38)
07-28 21:16:22.402 30781 30827 E dova    : 	... 5 more
07-28 21:16:22.402 30781 30827 E dova    : Caused by: dbib: Selected account doesn't match the primary search account
07-28 21:16:22.402 30781 30827 E dova    : 	at dbiq.apply(PG:22)
07-28 21:16:22.402 30781 30827 E dova    : 	... 8 more
07-28 21:16:22.403 30781 31076 E dova    : (REDACTED) WorkManager failure in operation: %s, worker tag: %s
07-28 21:16:22.403 30781 31076 E dova    : java.util.concurrent.ExecutionException: eclw: Account was no longer valid when task executed.
07-28 21:16:22.403 30781 31076 E dova    : 	at emaj.h(PG:21)
07-28 21:16:22.403 30781 31076 E dova    : 	at emak.s(PG:23)
07-28 21:16:22.403 30781 31076 E dova    : 	at emaj.get(PG:1)
07-28 21:16:22.403 30781 31076 E dova    : 	at a.dQ(PG:2)
07-28 21:16:22.403 30781 31076 E dova    : 	at emeq.z(PG:10)
07-28 21:16:22.403 30781 31076 E dova    : 	at doux.a(PG:11)
07-28 21:16:22.403 30781 31076 E dova    : 	at echs.a(PG:3)
07-28 21:16:22.403 30781 31076 E dova    : 	at emem.a(PG:3)
07-28 21:16:22.403 30781 31076 E dova    : 	at emdp.run(PG:19)
07-28 21:16:22.403 30781 31076 E dova    : 	at emeo.run(PG:5)
07-28 21:16:22.403 30781 31076 E dova    : 	at ckiv.run(PG:5)
07-28 21:16:22.403 30781 31076 E dova    : 	at ekzp.run(PG:44)
07-28 21:16:22.403 30781 31076 E dova    : 	at ckig.run(PG:83)
07-28 21:16:22.403 30781 31076 E dova    : 	at java.lang.Thread.run(Thread.java:1119)
07-28 21:16:22.403 30781 31076 E dova    : 	at ckjy.run(PG:62)
07-28 21:16:22.403 30781 31076 E dova    : Caused by: eclw: Account was no longer valid when task executed.
07-28 21:16:22.403 30781 31076 E dova    : 	at ecmi.apply(PG:5)
07-28 21:16:22.403 30781 31076 E dova    : 	at edxk.apply(PG:13)
07-28 21:16:22.403 30781 31076 E dova    : 	at emag.d(PG:3)
07-28 21:16:22.403 30781 31076 E dova    : 	at emai.run(PG:130)
07-28 21:16:22.403 30781 31076 E dova    : 	... 5 more
07-28 21:16:22.403 30781 31076 E dova    : Caused by: ebwv: ebte: dbib: Selected account doesn't match the primary search account
07-28 21:16:22.403 30781 31076 E dova    : 	at ebsy.apply(PG:24)
07-28 21:16:22.403 30781 31076 E dova    : 	at edxo.apply(PG:13)
07-28 21:16:22.403 30781 31076 E dova    : 	at emah.d(PG:3)
07-28 21:16:22.403 30781 31076 E dova    : 	at emai.run(PG:130)
07-28 21:16:22.403 30781 31076 E dova    : 	at emcd.execute(PG:1)
07-28 21:16:22.403 30781 31076 E dova    : 	at emaj.e(PG:1)
07-28 21:16:22.403 30781 31076 E dova    : 	at emaj.k(PG:95)
07-28 21:16:22.403 30781 31076 E dova    : 	at emaj.p(PG:19)
07-28 21:16:22.403 30781 31076 E dova    : 	at emaq.run(PG:77)
07-28 21:16:22.403 30781 31076 E dova    : 	at emcd.execute(PG:1)
07-28 21:16:22.403 30781 31076 E dova    : 	at emaj.e(PG:1)
07-28 21:16:22.403 30781 31076 E dova    : 	at emaj.k(PG:95)
07-28 21:16:22.403 30781 31076 E dova    : 	at emaj.p(PG:19)
07-28 21:16:22.403 30781 31076 E dova    : 	at emaq.run(PG:77)
07-28 21:16:22.403 30781 31076 E dova    : 	at emcd.execute(PG:1)
07-28 21:16:22.403 30781 31076 E dova    : 	at emaj.e(PG:1)
07-28 21:16:22.403 30781 31076 E dova    : 	at emaj.k(PG:95)
07-28 21:16:22.403 30781 31076 E dova    : 	at emaj.q(PG:29)
07-28 21:16:22.403 30781 31076 E dova    : 	at emai.run(PG:160)
07-28 21:16:22.403 30781 31076 E dova    : 	... 5 more
07-28 21:16:22.403 30781 31076 E dova    : Caused by: ebte: dbib: Selected account doesn't match the primary search account
07-28 21:16:22.403 30781 31076 E dova    : 	at dbiq.apply(PG:25)
07-28 21:16:22.403 30781 31076 E dova    : 	at edxo.apply(PG:13)
07-28 21:16:22.403 30781 31076 E dova    : 	at emap.d(PG:3)
07-28 21:16:22.403 30781 31076 E dova    : 	at emaq.run(PG:38)
07-28 21:16:22.403 30781 31076 E dova    : 	... 5 more
07-28 21:16:22.403 30781 31076 E dova    : Caused by: dbib: Selected account doesn't match the primary search account
07-28 21:16:22.403 30781 31076 E dova    : 	at dbiq.apply(PG:22)
07-28 21:16:22.403 30781 31076 E dova    : 	... 8 more
07-28 21:16:22.404 30781 31076 E echd    : (REDACTED) Future Monitor failed
07-28 21:16:22.404 30781 31076 E echd    : java.lang.IllegalArgumentException
07-28 21:16:22.404 30781 31076 E echd    : 	at a.br(PG:6)
07-28 21:16:22.404 30781 31076 E echd    : 	at ecmp.h(PG:13)
07-28 21:16:22.404 30781 31076 E echd    : 	at ecmo.apply(PG:14)
07-28 21:16:22.404 30781 31076 E echd    : 	at emap.d(PG:3)
07-28 21:16:22.404 30781 31076 E echd    : 	at emaq.run(PG:38)
07-28 21:16:22.404 30781 31076 E echd    : 	at ckiv.run(PG:5)
07-28 21:16:22.404 30781 31076 E echd    : 	at ekzp.run(PG:44)
07-28 21:16:22.404 30781 31076 E echd    : 	at ckig.run(PG:83)
07-28 21:16:22.404 30781 31076 E echd    : 	at java.lang.Thread.run(Thread.java:1119)
07-28 21:16:22.404 30781 31076 E echd    : 	at ckjy.run(PG:62)
07-28 21:16:22.405 30781 30815 E echd    : (REDACTED) Future Monitor failed
07-28 21:16:22.405 30781 30815 E echd    : java.lang.IllegalArgumentException
07-28 21:16:22.405 30781 30815 E echd    : 	at a.br(PG:6)
07-28 21:16:22.405 30781 30815 E echd    : 	at ecmp.h(PG:13)
07-28 21:16:22.405 30781 30815 E echd    : 	at ecmo.apply(PG:14)
07-28 21:16:22.405 30781 30815 E echd    : 	at emap.d(PG:3)
07-28 21:16:22.405 30781 30815 E echd    : 	at emaq.run(PG:38)
07-28 21:16:22.405 30781 30815 E echd    : 	at ckiv.run(PG:5)
07-28 21:16:22.405 30781 30815 E echd    : 	at ekzp.run(PG:44)
07-28 21:16:22.405 30781 30815 E echd    : 	at ckig.run(PG:83)
07-28 21:16:22.405 30781 30815 E echd    : 	at java.lang.Thread.run(Thread.java:1119)
07-28 21:16:22.405 30781 30815 E echd    : 	at ckjy.run(PG:62)
07-28 21:16:22.405 30781 30815 W ecml    : Account Worker did not pass Account requirements and will be skipped.
07-28 21:16:22.405 30781 30815 W ecml    : eclw: Account was no longer valid when task executed.
07-28 21:16:22.405 30781 30815 W ecml    : 	at ecmi.apply(PG:5)
07-28 21:16:22.405 30781 30815 W ecml    : 	at edxk.apply(PG:13)
07-28 21:16:22.405 30781 30815 W ecml    : 	at emag.d(PG:3)
07-28 21:16:22.405 30781 30815 W ecml    : 	at emai.run(PG:130)
07-28 21:16:22.405 30781 30815 W ecml    : 	at ckiv.run(PG:5)
07-28 21:16:22.405 30781 30815 W ecml    : 	at ekzp.run(PG:44)
07-28 21:16:22.405 30781 30815 W ecml    : 	at ckig.run(PG:83)
07-28 21:16:22.405 30781 30815 W ecml    : 	at java.lang.Thread.run(Thread.java:1119)
07-28 21:16:22.405 30781 30815 W ecml    : 	at ckjy.run(PG:62)
07-28 21:16:22.405 30781 30815 W ecml    : Caused by: ebwv: ebte: dbib: Selected account doesn't match the primary search account
07-28 21:16:22.405 30781 30815 W ecml    : 	at ebsy.apply(PG:24)
07-28 21:16:22.405 30781 30815 W ecml    : 	at edxo.apply(PG:13)
07-28 21:16:22.405 30781 30815 W ecml    : 	at emah.d(PG:3)
07-28 21:16:22.405 30781 30815 W ecml    : 	at emai.run(PG:130)
07-28 21:16:22.405 30781 30815 W ecml    : 	at emcd.execute(PG:1)
07-28 21:16:22.405 30781 30815 W ecml    : 	at emaj.e(PG:1)
07-28 21:16:22.405 30781 30815 W ecml    : 	at emaj.k(PG:95)
07-28 21:16:22.405 30781 30815 W ecml    : 	at emaj.p(PG:19)
07-28 21:16:22.405 30781 30815 W ecml    : 	at emaq.run(PG:77)
07-28 21:16:22.405 30781 30815 W ecml    : 	at emcd.execute(PG:1)
07-28 21:16:22.405 30781 30815 W ecml    : 	at emaj.e(PG:1)
07-28 21:16:22.405 30781 30815 W ecml    : 	at emaj.k(PG:95)
07-28 21:16:22.405 30781 30815 W ecml    : 	at emaj.p(PG:19)
07-28 21:16:22.405 30781 30815 W ecml    : 	at emaq.run(PG:77)
07-28 21:16:22.405 30781 30815 W ecml    : 	at emcd.execute(PG:1)
07-28 21:16:22.405 30781 30815 W ecml    : 	at emaj.e(PG:1)
07-28 21:16:22.405 30781 30815 W ecml    : 	at emaj.k(PG:95)
07-28 21:16:22.405 30781 30815 W ecml    : 	at emaj.q(PG:29)
07-28 21:16:22.405 30781 30815 W ecml    : 	at emai.run(PG:160)
07-28 21:16:22.405 30781 30815 W ecml    : 	... 5 more
07-28 21:16:22.405 30781 30815 W ecml    : Caused by: ebte: dbib: Selected account doesn't match the primary search account
07-28 21:16:22.405 30781 30815 W ecml    : 	at dbiq.apply(PG:25)
07-28 21:16:22.405 30781 30815 W ecml    : 	at edxo.apply(PG:13)
07-28 21:16:22.405 30781 30815 W ecml    : 	at emap.d(PG:3)
07-28 21:16:22.405 30781 30815 W ecml    : 	at emaq.run(PG:38)
07-28 21:16:22.405 30781 30815 W ecml    : 	... 5 more
07-28 21:16:22.405 30781 30815 W ecml    : Caused by: dbib: Selected account doesn't match the primary search account
07-28 21:16:22.405 30781 30815 W ecml    : 	at dbiq.apply(PG:22)
07-28 21:16:22.405 30781 30815 W ecml    : 	... 8 more
07-28 21:16:22.405 30781 31076 W ecml    : Account Worker did not pass Account requirements and will be skipped.
07-28 21:16:22.405 30781 31076 W ecml    : eclw: Account was no longer valid when task executed.
07-28 21:16:22.405 30781 31076 W ecml    : 	at ecmi.apply(PG:5)
07-28 21:16:22.405 30781 31076 W ecml    : 	at edxk.apply(PG:13)
07-28 21:16:22.405 30781 31076 W ecml    : 	at emag.d(PG:3)
07-28 21:16:22.405 30781 31076 W ecml    : 	at emai.run(PG:130)
07-28 21:16:22.405 30781 31076 W ecml    : 	at ckiv.run(PG:5)
07-28 21:16:22.405 30781 31076 W ecml    : 	at ekzp.run(PG:44)
07-28 21:16:22.405 30781 31076 W ecml    : 	at ckig.run(PG:83)
07-28 21:16:22.405 30781 31076 W ecml    : 	at java.lang.Thread.run(Thread.java:1119)
07-28 21:16:22.405 30781 31076 W ecml    : 	at ckjy.run(PG:62)
07-28 21:16:22.405 30781 31076 W ecml    : Caused by: ebwv: ebte: dbib: Selected account doesn't match the primary search account
07-28 21:16:22.405 30781 31076 W ecml    : 	at ebsy.apply(PG:24)
07-28 21:16:22.405 30781 31076 W ecml    : 	at edxo.apply(PG:13)
07-28 21:16:22.405 30781 31076 W ecml    : 	at emah.d(PG:3)
07-28 21:16:22.405 30781 31076 W ecml    : 	at emai.run(PG:130)
07-28 21:16:22.405 30781 31076 W ecml    : 	at emcd.execute(PG:1)
07-28 21:16:22.405 30781 31076 W ecml    : 	at emaj.e(PG:1)
07-28 21:16:22.405 30781 31076 W ecml    : 	at emaj.k(PG:95)
07-28 21:16:22.405 30781 31076 W ecml    : 	at emaj.p(PG:19)
07-28 21:16:22.405 30781 31076 W ecml    : 	at emaq.run(PG:77)
07-28 21:16:22.405 30781 31076 W ecml    : 	at emcd.execute(PG:1)
07-28 21:16:22.405 30781 31076 W ecml    : 	at emaj.e(PG:1)
07-28 21:16:22.405 30781 31076 W ecml    : 	at emaj.k(PG:95)
07-28 21:16:22.405 30781 31076 W ecml    : 	at emaj.p(PG:19)
07-28 21:16:22.405 30781 31076 W ecml    : 	at emaq.run(PG:77)
07-28 21:16:22.405 30781 31076 W ecml    : 	at emcd.execute(PG:1)
07-28 21:16:22.405 30781 31076 W ecml    : 	at emaj.e(PG:1)
07-28 21:16:22.405 30781 31076 W ecml    : 	at emaj.k(PG:95)
07-28 21:16:22.405 30781 31076 W ecml    : 	at emaj.q(PG:29)
07-28 21:16:22.405 30781 31076 W ecml    : 	at emai.run(PG:160)
07-28 21:16:22.405 30781 31076 W ecml    : 	... 5 more
07-28 21:16:22.405 30781 31076 W ecml    : Caused by: ebte: dbib: Selected account doesn't match the primary search account
07-28 21:16:22.405 30781 31076 W ecml    : 	at dbiq.apply(PG:25)
07-28 21:16:22.405 30781 31076 W ecml    : 	at edxo.apply(PG:13)
07-28 21:16:22.405 30781 31076 W ecml    : 	at emap.d(PG:3)
07-28 21:16:22.405 30781 31076 W ecml    : 	at emaq.run(PG:38)
07-28 21:16:22.405 30781 31076 W ecml    : 	... 5 more
07-28 21:16:22.405 30781 31076 W ecml    : Caused by: dbib: Selected account doesn't match the primary search account
07-28 21:16:22.405 30781 31076 W ecml    : 	at dbiq.apply(PG:22)
07-28 21:16:22.405 30781 31076 W ecml    : 	... 8 more
07-28 21:16:22.410   656   717 D RemoteListenableDelegatingWorker: Cleaning up
07-28 21:16:22.413   656   717 D RemoteListenableDelegatingWorker: Cleaning up
07-28 21:16:22.418   656   717 I WM-WorkerWrapper: Worker result FAILURE for Work [ id=688b5361-ea4b-4d4b-bc56-6ff02203f41e, tags={ com.google.apps.tiktok.contrib.work.TikTokListenableWorker,TikTokWorker#com.google.android.apps.search.googleapp.discover.sync.FeedSync,tiktok_account_work,account_id_1 } ]
07-28 21:16:22.423   656   656 D WM-Processor: mdz 688b5361-ea4b-4d4b-bc56-6ff02203f41e executed; reschedule = false
07-28 21:16:22.423   656   656 D WM-GreedyScheduler: Stopping tracking for WorkGenerationalId(workSpecId=688b5361-ea4b-4d4b-bc56-6ff02203f41e, generation=0)
07-28 21:16:22.423   656   717 I WM-WorkerWrapper: Worker result FAILURE for Work [ id=0233bceb-3304-4e0f-86b1-9d364ab3b9a0, tags={ com.google.apps.tiktok.contrib.work.TikTokListenableWorker,TikTokWorker#com.google.android.apps.search.googleapp.discover.sync.FeedSync,tiktok_account_work,account_id_4 } ]
07-28 21:16:22.425   656   656 D WM-Processor: mdz 0233bceb-3304-4e0f-86b1-9d364ab3b9a0 executed; reschedule = false
07-28 21:16:22.425   656   656 D WM-GreedyScheduler: Stopping tracking for WorkGenerationalId(workSpecId=0233bceb-3304-4e0f-86b1-9d364ab3b9a0, generation=0)
07-28 21:16:22.436   656   717 D WM-GreedyScheduler: Cancelling work ID 688b5361-ea4b-4d4b-bc56-6ff02203f41e
07-28 21:16:22.445   656   717 D WM-SystemJobScheduler: Scheduling work ID 688b5361-ea4b-4d4b-bc56-6ff02203f41eJob ID 27928
07-28 21:16:22.448   656   717 D WM-SystemJobScheduler: Scheduling work ID 0233bceb-3304-4e0f-86b1-9d364ab3b9a0Job ID 27695
07-28 21:16:22.454  1525  1525 W JobScheduler: Job didn't exist in JobStore: 886c8b3 {androidx.work.systemjobscheduler} #u0a248/27695 @androidx.work.systemjobscheduler@com.google.android.googlequicksearchbox/androidx.work.impl.background.systemjob.SystemJobService
07-28 21:16:22.462   656   758 D WM-GreedyScheduler: Cancelling work ID 0233bceb-3304-4e0f-86b1-9d364ab3b9a0
07-28 21:16:22.465   656   758 D WM-NetworkStateTracker: Unregistering network callback
07-28 21:16:22.467   656   758 D ConnectivityManager: StackLog: [android.net.ConnectivityManager.unregisterNetworkCallback(ConnectivityManager.java:5571)] [mis.e(PG:21)] [mhv.a(PG:24)] [fcac.a(PG:105)] [fcaa.b(PG:11)] [fbmv.u(PG:12)] [fbwi.run(PG:102)] [mlk.run(PG:3)] [ckiv.run(PG:5)] [ekzp.run(PG:44)] [ckig.run(PG:83)] [java.lang.Thread.run(Thread.java:1119)] [ckjy.run(PG:62)]
07-28 21:16:22.468  1525  2525 D ConnectivityService:  Removing from current network [166 WIFI|VPN], leaving 112 requests.
07-28 21:16:22.524  1350  1350 I SSC_DAEMON: physical_sensor_test_req_msg Sensor type :4, Msg type:5
07-28 21:16:23.265  1525  4310 D SemWifiUsabilityStatsMonitor: onWifiUsabilityStats - seqNum 29344, isSameBssidAndFreq true
07-28 21:16:23.267  1525  2622 I SemWifiLinkQualityMonitor: Link stat: 766 / 340 / 1,00 (3) / 72 / -42.0 || 100.0 : 72,00 / B (B) || f80c00c32412: 0,241 / 33,254 /  / N || N N / 0 / Y 2.0 / Y 0 / 179812036 0
07-28 21:16:23.395   796   796 D io_stats: !@   8,0 r 23358143 614384064 w 7557299 111425992 d 677775 58498012 f 0 0 iot 10876000 0 th 0 0 0 pt 0 inp 0 0 179812.167
07-28 21:16:23.396   796   796 D io_stats: !@ Read_top(KB): system_server(1525) 5752 earchbox:search(656) 2308 chbox:googleapp(30781) 1460
07-28 21:16:23.396   796   796 D io_stats: !@ Write_top(KB): kworker/u16:1(5852) 28
07-28 21:16:23.948 22522  8011 I NearbyMediums: No BLE Fast/GATT advertisements found in the latest cycle.
07-28 21:16:23.973  1192  7654 I sensors-hal: handle_sns_client_event:261, auto_rotation_debug_2 mode,255, type,1,0 acc,0.156,0.045,9.669, ar,0, ver,12
07-28 21:16:24.021  1525  1651 I SemDvfsHyPerManager: acquire hyper - APP_LAUNCH/1525@57, type = -999
07-28 21:16:24.021  1525 11354 D ActivityTaskManager: startActivityAsUser: callingPid=8023, callingUid=2000, caller=com.android.server.am.ActivityManagerService.startActivityAsUserWithFeature:28 com.android.server.am.ActivityManagerShellCommand.runStartActivity:569 com.android.server.am.ActivityManagerShellCommand.onCommand:1904 com.android.modules.utils.BasicShellCommandHandler.exec:97 android.os.ShellCommand.exec:38 com.android.server.am.ActivityManagerService.onShellCommand:169 android.os.Binder.shellCommand:1266 
07-28 21:16:24.022  1196  1358 I HYPER-HAL: [RequestManager.cpp]acquire(): Acquired ID : 1252210  [1525 / 57]    HINT : APP_LAUNCH    list : 
07-28 21:16:24.022  1525 11354 W ActivityTaskManager: callingPackage for (uid=2000, pid=8023) has no WPC
07-28 21:16:24.022  1525 11354 D ActivityTaskManager: TaskLaunchParamsModifier:task=null activity=null display-area-from-current-params=null display-area-from-default-fallback=DefaultTaskDisplayArea_d0@214964408 display-id=0 task-display-area-windowing-mode=1 suggested-display-area=DefaultTaskDisplayArea_d0@214964408
07-28 21:16:24.022  1196  1358 I HYPER-HAL: [ResourceManager.cpp]updateResource(): [CPULittleMinFreq] UpdateResource Request ID : 1252210    Value : 1804800
07-28 21:16:24.022  1525 11354 W OptProp : Cannot read opt property android.window.PROPERTY_COMPAT_ALLOW_ORIENTATION_OVERRIDE
07-28 21:16:24.023  1525 11354 V GrammaticalInflectionUtils: AttributionSource: AttributionSource { uid = 10260, packageName = null, attributionTag = null, token = android.os.Binder@e084b9f, deviceId = 0, next = null } does not have READ_SYSTEM_GRAMMATICAL_GENDER permission.
07-28 21:16:24.023  1525 11354 W OptProp : Cannot read opt property android.window.PROPERTY_COMPAT_ALLOW_RESIZEABLE_ACTIVITY_OVERRIDES
07-28 21:16:24.023  1525 11354 W OptProp : Cannot read opt property android.window.PROPERTY_COMPAT_ALLOW_MIN_ASPECT_RATIO_OVERRIDE
07-28 21:16:24.024  1525 11354 D WindowManager: Transition is created, t=TransitionRecord{d5826f7 id=-1 type=OPEN flags=0x0}, caller=com.android.server.wm.Transition.<init>:170 com.android.server.wm.ActivityStarter.startActivityUnchecked:330 com.android.server.wm.ActivityStarter.executeRequest:3361 com.android.server.wm.ActivityStarter.execute:1122 com.android.server.wm.ActivityTaskManagerService.startActivityAsUser:88 
07-28 21:16:24.024  1525 11354 D BLASTSyncEngine: SyncGroup is created, id=1944, name=Transition-OPEN, caller=com.android.server.wm.BLASTSyncEngine$SyncGroup.<init>:51 com.android.server.wm.TransitionController.moveToCollecting:78 com.android.server.wm.ActivityStarter.startActivityUnchecked:333 com.android.server.wm.ActivityStarter.executeRequest:3361 com.android.server.wm.ActivityStarter.execute:1122 com.android.server.wm.ActivityTaskManagerService.startActivityAsUser:88 com.android.server.am.ActivityManagerService.startActivityAsUserWithFeature:28 
07-28 21:16:24.024  5103  5103 I SemDvfsHyPerManager: acquire hyper - APP_START_SHORT/5103@14, type = -999
07-28 21:16:24.024  1525 11354 W BLASTSyncEngine: setSyncMethod, id=1944, method=0, caller=com.android.server.wm.TransitionController.moveToCollecting:90 com.android.server.wm.ActivityStarter.startActivityUnchecked:333 com.android.server.wm.ActivityStarter.executeRequest:3361 
07-28 21:16:24.024  1525 11354 V WindowManager: Start collecting in Transition: TransitionRecord{d5826f7 id=1944 type=OPEN flags=0x0}, caller=com.android.server.wm.ActivityStarter.startActivityUnchecked:333 com.android.server.wm.ActivityStarter.executeRequest:3361 com.android.server.wm.ActivityStarter.execute:1122 com.android.server.wm.ActivityTaskManagerService.startActivityAsUser:88 com.android.server.am.ActivityManagerService.startActivityAsUserWithFeature:28 
07-28 21:16:24.024  5103  5103 I N0      : limitCPUFreq:: freq = -1
07-28 21:16:24.024  1525 11354 V WindowManager: Collecting in transition 1944: ActivityRecord{4720964 u0 com.fceumm.wrapper/.MainActivity, caller=com.android.server.wm.TransitionController.collect:7 com.android.server.wm.ActivityStarter.startActivityUnchecked:626 com.android.server.wm.ActivityStarter.executeRequest:3361 com.android.server.wm.ActivityStarter.execute:1122 com.android.server.wm.ActivityTaskManagerService.startActivityAsUser:88 
07-28 21:16:24.024  1525 11354 D ActivityTaskManager: TaskLaunchParamsModifier:task=null activity=ActivityRecord{4720964 u0 com.fceumm.wrapper/.MainActivity t-1} display-area-from-current-params=null display-area-from-default-fallback=DefaultTaskDisplayArea_d0@214964408 display-id=0 task-display-area-windowing-mode=1 suggested-display-area=DefaultTaskDisplayArea_d0@214964408
07-28 21:16:24.024  1525 11354 D ActivityTaskManager: TaskLaunchParamsModifier:task=null activity=ActivityRecord{4720964 u0 com.fceumm.wrapper/.MainActivity t-1} display-area-from-current-params=null display-area-from-default-fallback=DefaultTaskDisplayArea_d0@214964408 display-id=0 task-display-area-windowing-mode=1 suggested-display-area=DefaultTaskDisplayArea_d0@214964408 non-freeform-task-display-area display-area=DefaultTaskDisplayArea_d0@214964408 default-portrait freeform-size-mismatch=Rect(81, 612 - 999, 1782)
07-28 21:16:24.025  1525  3349 I SemDvfsHyPerManager: acquire hyper - AMS_APP_SWITCH/1525@30, type = -999
07-28 21:16:24.025  1369  3421 I SurfaceFlinger: id=29514 createSurf, flag=24004, Task=2683#29514
07-28 21:16:24.027  1525  3349 D ActivityManagerPerformance: AMP_acquire() APP_SWITCH
07-28 21:16:24.027  1525  3852 D FreecessController: restrictJobsByOlaf: restrict=true, uid=10260
07-28 21:16:24.027  1369  1369 E RefreshRateSelector: Can't find HRR max refresh rate by policy with the same group 1080
07-28 21:16:24.027  1369  1369 W ComposerExtn: DisplayExtnImpl::SetActiveConfig: HWC Display 0 is not registered!
07-28 21:16:24.028  1525  1525 D OlafRestriction:  olaf state update: state=true
07-28 21:16:24.028  1525  1525 D OlafRestriction:  trigger onRestrictionStateChanged.
07-28 21:16:24.029  1369  1494 I VSyncReactor: Current= 120, Period= 120, hwcPeriod= 120
07-28 21:16:24.031  5103  5103 I SemDvfsHyPerManager: acquire hyper - APP_START_SHORT/5103@14, type = -999
07-28 21:16:24.033  1525 11354 D ActivityTaskManager: TaskLaunchParamsModifier:task=Task{9901882 #2683 type=standard A=10260:com.fceumm.wrapper} activity=ActivityRecord{4720964 u0 com.fceumm.wrapper/.MainActivity t-1} display-from-task=0 display-id=0 task-display-area-windowing-mode=1 suggested-display-area=DefaultTaskDisplayArea_d0@214964408 inherit-from-task=fullscreen non-freeform-task-display-area display-area=DefaultTaskDisplayArea_d0@214964408 default-portrait freeform-size-mismatch=Rect(81, 612 - 999, 1782)
07-28 21:16:24.033  1525 11354 V WindowManager: Collecting in transition 1944: Task{9901882 #2683 type=standard A=10260:com.fceumm.wrapper}, caller=com.android.server.wm.Transition.collectExistenceChange:42 com.android.server.wm.ActivityStarter.setNewTask:43 com.android.server.wm.ActivityStarter.startActivityInner:281 com.android.server.wm.ActivityStarter.startActivityUnchecked:639 com.android.server.wm.ActivityStarter.executeRequest:3361 
07-28 21:16:24.035  1369  3421 I SurfaceFlinger: id=29515 createSurf, flag=84004, ActivityRecord{4720964 u0 com.fceumm.wrapper/.MainActivity t2683}#29515
07-28 21:16:24.037  1525 11354 D ActivityTaskManager: scheduleTopResumedActivityChanged, onTop=false, r=ActivityRecord{239a2fa u0 com.sec.android.app.launcher/.activities.LauncherActivity t2169}, caller=com.android.server.wm.ActivityTaskSupervisor.scheduleTopResumedActivityStateLossIfNeeded:11 com.android.server.wm.ActivityTaskSupervisor.updateTopResumedActivityIfNeeded:19 com.android.server.wm.TaskDisplayArea.positionChildAt:270 com.android.server.wm.Task.moveToFront:443 com.android.server.wm.ActivityStarter.startActivityInner:304 com.android.server.wm.ActivityStarter.startActivityUnchecked:639 
07-28 21:16:24.037  1196  1358 I HYPER-HAL: [ResourceManager.cpp]updateResource(): [CPUMinFreq] UpdateResource Request ID : 1252210    Value : 2841600
07-28 21:16:24.037  1525 11354 V WindowManager: Checking theme of starting window: 0x7f10026d
07-28 21:16:24.037  1525 11354 V WindowManager: Translucent=false Floating=false ShowWallpaper=false Disable=false
07-28 21:16:24.037  1196  1358 I HYPER-HAL: [RequestManager.cpp]acquire(): Acquired ID : 13094417  [5103 / 14]    HINT : APP_START    list : [TIMEOUT / 1500] 
07-28 21:16:24.037  1525 11354 D ActivityTaskManager: addStartingWindow: type=2 typeParameter=8b
07-28 21:16:24.037  1525 11354 V WindowManager: Creating SplashScreenStartingData
07-28 21:16:24.037  1525 11354 V WindowManager: Add starting ActivityRecord{4720964 u0 com.fceumm.wrapper/.MainActivity t2683}: startingData=SplashScreenStartingData{4f857d0 waitForSyncTransactionCommit=false removeAfterTransaction= 0}
07-28 21:16:24.038  1525 11354 V WindowManager: Added starting ActivityRecord{4720964 u0 com.fceumm.wrapper/.MainActivity t2683}: startingWindow=null startingView=com.android.server.wm.StartingSurfaceController$StartingSurface@35ef3c9
07-28 21:16:24.038  1196  1358 I HYPER-HAL: [ResourceManager.cpp]updateResource(): [CPUMaxFreq] UpdateResource Request ID : 13094417    Value : 2841600
07-28 21:16:24.038  1525 11354 V WindowManager: Collecting in transition 1944: ActivityRecord{4720964 u0 com.fceumm.wrapper/.MainActivity t2683}, caller=com.android.server.wm.Transition.collectExistenceChange:42 com.android.server.wm.ActivityStarter.handleStartResult:523 com.android.server.wm.ActivityStarter.startActivityUnchecked:653 com.android.server.wm.ActivityStarter.executeRequest:3361 com.android.server.wm.ActivityStarter.execute:1122 
07-28 21:16:24.038  1525 11354 V WindowManager: Requesting StartTransition: TransitionRecord{d5826f7 id=1944 type=OPEN flags=0x0}, caller=com.android.server.wm.ActivityStarter.handleStartResult:677 com.android.server.wm.ActivityStarter.startActivityUnchecked:653 com.android.server.wm.ActivityStarter.executeRequest:3361 com.android.server.wm.ActivityStarter.execute:1122 com.android.server.wm.ActivityTaskManagerService.startActivityAsUser:88 
07-28 21:16:24.039  1196  1358 I HYPER-HAL: [ResourceManager.cpp]removeResource(): [CPUMaxFreq] RemoveResource Request ID : 13033067
07-28 21:16:24.039  1196  1358 I HYPER-HAL: [RequestManager.cpp]releaseLocked(): Released ID : 13033067
07-28 21:16:24.039  1196  1358 I HYPER-HAL: [RequestManager.cpp]acquire(): Acquired ID : 1209820  [1525 / 30]    HINT : AMS_APP_SWITCH    list : 
07-28 21:16:24.039  1525 11354 I Pageboost: stop alp
07-28 21:16:24.039  1525 11354 I ActivityTaskManager: START u0 {flg=0x10000000 cmp=com.fceumm.wrapper/.MainActivity} with LAUNCH_MULTIPLE from uid 2000 (BAL_ALLOW_PERMISSION) result code=0
07-28 21:16:24.039  1525 11354 I SemDvfsHyPerManager: acquire hyper - AMS_APP_LAUNCH/1525@21, type = -999
07-28 21:16:24.039  1196  1358 I HYPER-HAL: [ResourceManager.cpp]updateResource(): [CPULittleMinFreq] UpdateResource Request ID : 1209820    Value : 1804800
07-28 21:16:24.040  2762  2815 V WindowManagerShell: Transition requested (#1944): android.os.BinderProxy@afbd269 TransitionRequestInfo { type = OPEN, triggerTask = TaskInfo{userId=0 taskId=2683 displayId=0 isRunning=true baseIntent=Intent { flg=0x10000000 cmp=com.fceumm.wrapper/.MainActivity } baseActivity=ComponentInfo{com.fceumm.wrapper/com.fceumm.wrapper.MainActivity} topActivity=ComponentInfo{com.fceumm.wrapper/com.fceumm.wrapper.MainActivity} origActivity=null realActivity=ComponentInfo{com.fceumm.wrapper/com.fceumm.wrapper.MainActivity} numActivities=1 lastActiveTime=815942601 supportsMultiWindow=true resizeMode=1 isResizeable=true minWidth=-1 minHeight=-1 maxWidth=-1 maxHeight=-1 defaultMinSize=220 token=WCT{android.window.IWindowContainerToken$Stub$Proxy@d8ac4ee} topActivityType=1 pictureInPictureParams=null shouldDockBigOverlays=false launchIntoPipHostTaskId=-1 lastParentTaskIdBeforePip=-1 displayCutoutSafeInsets=Rect(0, 99 - 0, 0) topActivityInfo=ActivityInfo{a2a8d8f com.fceumm.wrapper.MainActivity} launchCookies=[] positionInParent=Point(0, 0) parentTaskId=-1 isFocused=false isVisible=false isVisibleRequested=false isSleeping=false topActivityInSizeCompat=false locusId=null displayAreaFeatureId=1 isTopActivityTransparent=false isTopActivityStyleFloating=false appCompatTaskInfo=AppCompatTaskInfo { topActivityInSizeCompat=false eligibleForLetterboxEducation= false isLetterboxEducationEnabled= false isLetterboxDoubleTapEnabled= false eligibleForUserAspectRatioButton= false topActivityBoundsLetterboxed= false isFromLetterboxDoubleTap= false topActivityLetterboxVerticalPosition= -1 topActivityLetterboxHorizontalPosition= -1 topActivityLetterboxWidth=1080 topActivityLetterboxHeight=2340 topActivityLetterboxAppWidth=1080 topActivityLetterboxAppHeight=2340 isUserFullscreenOverrideEnabled=false isSystemFullscreenOverrideEnabled=false hasMinAspectRatioOverride=false cameraCompatTaskInfo=CameraCompatTaskInfo { freeformCameraCompatMode=inactive} topActivityBounds=null topActivityInDisplayCompat=false} originallySupportedMultiWindow=true hasWallpaper=false rootAffinity=10260:com.fceumm.wrapper isTopTaskInStage=false topActivityUiMode=17 CoverLauncherWidgetTask=false isAllowedSeamlessRotation=false isTopTransparentActivity=false snappingGuideBounds=Rect(81, 612 - 999, 1782) isAliasManaged=false hasConfigChanged=false isAiKeyRemoveAppTask=false}, pipTask = null, remoteTransition = null, displayChange = null, flags = 0, debugId = 1944 }
07-28 21:16:24.040  5103  5103 I SemDvfsHyPerManager: acquire hyper - APP_START/5103@16, type = -999
07-28 21:16:24.040  3875  3875 E pageboostd: Received HALT command code 2
07-28 21:16:24.041  1525  1626 V GrammaticalInflectionUtils: AttributionSource: AttributionSource { uid = 10260, packageName = null, attributionTag = null, token = android.os.Binder@e084b9f, deviceId = 0, next = null } does not have READ_SYSTEM_GRAMMATICAL_GENDER permission.
07-28 21:16:24.041  3284  3284 I HoneySpace.Launcher: !@Boot_EBS_D: Launcher.onPause()
07-28 21:16:24.042  3284  6483 I HoneySpace.SPayHandler: updateSpayHandler launcher activity is paused false
07-28 21:16:24.042  3284  3284 I HoneySpace.Launcher: updateLauncherShowing true -> false
07-28 21:16:24.043  2762  2878 I ViewRootImpl: dVRR is disabled
07-28 21:16:24.043  1525  2387 I AppsFilter: interaction: PackageSetting{2280e76 com.sweethome.launcher/10406} -> PackageSetting{ba6fdef com.fceumm.wrapper/10260} BLOCKED
07-28 21:16:24.044  1525  2387 V WindowManager: Collecting in transition 1944: ActivityRecord{4720964 u0 com.fceumm.wrapper/.MainActivity t2683}, caller=com.android.server.wm.TransitionController.collect:7 com.android.server.wm.ActivityRecord.setVisibility:189 com.android.server.wm.EnsureActivitiesVisibleHelper.process:450 com.android.server.wm.TaskFragment.updateActivityVisibilities:12 com.android.server.wm.Task$$ExternalSyntheticLambda3.accept:399 
07-28 21:16:24.044  1525  2387 V WindowManager: Collecting in transition 1944: ActivityRecord{239a2fa u0 com.sec.android.app.launcher/.activities.LauncherActivity t2169}, caller=com.android.server.wm.TransitionController.collect:7 com.android.server.wm.ActivityRecord.setVisibility:189 com.android.server.wm.ActivityRecord.makeInvisible:39 com.android.server.wm.EnsureActivitiesVisibleHelper.process:637 com.android.server.wm.TaskFragment.updateActivityVisibilities:12 
07-28 21:16:24.044  1525  2387 D WindowManager: prepareSync <SYNC_STATE_WAITING_FOR_DRAW>, mPrepareSyncSeqId=0, win=Window{24fe429 u0 (1-1)-Window{483b2e4 alpha=1.0 fl=}}
07-28 21:16:24.044  1525  2387 D WindowManager: prepareSync <SYNC_STATE_WAITING_FOR_DRAW>, mPrepareSyncSeqId=0, win=Window{b5bd250 u0 com.sec.android.app.launcher/com.sec.android.app.launcher.activities.LauncherActivity}
07-28 21:16:24.044  1525  2387 V WindowManager: Collecting in transition 1944: WallpaperWindowToken{aefe2bb token=android.os.Binder@560c34a}_<lock>, caller=com.android.server.wm.Transition.collect:275 com.android.server.wm.TransitionController.collect:7 com.android.server.wm.ActivityRecord.setVisibility:189 com.android.server.wm.ActivityRecord.makeInvisible:39 com.android.server.wm.EnsureActivitiesVisibleHelper.process:637 
07-28 21:16:24.044  1525  2387 V WindowManager: Collecting in transition 1944: WallpaperWindowToken{fee635 token=android.os.Binder@7b25c9b}_<system>, caller=com.android.server.wm.Transition.collect:300 com.android.server.wm.TransitionController.collect:7 com.android.server.wm.ActivityRecord.setVisibility:189 com.android.server.wm.ActivityRecord.makeInvisible:39 com.android.server.wm.EnsureActivitiesVisibleHelper.process:637 
07-28 21:16:24.045  1525 11354 V WindowManager: Starting Transition 1944, caller=com.android.server.wm.WindowOrganizerController.startTransition:37 com.android.server.wm.WindowOrganizerController.startTransition:1 android.window.IWindowOrganizerController$Stub.onTransact:271 
07-28 21:16:24.045  3284  3443 I HoneySpace.TopTaskSource: onTaskMovedToFront : taskId = 2683, displayId = 0
07-28 21:16:24.046  2762  2917 D NativeCustomFrequencyManager: [NativeCFMS] BpCustomFrequencyManager::BpCustomFrequencyManager()
07-28 21:16:24.046  3284  3445 I HoneySpace.TopTaskUseCase: topTaskId 2683, DisplayId : 0
07-28 21:16:24.046  1196  1358 I HYPER-HAL: [ResourceManager.cpp]updateResource(): [CPUMinFreq] UpdateResource Request ID : 1209820    Value : 2841600
07-28 21:16:24.046  1196  1358 I HYPER-HAL: [RequestManager.cpp]acquire(): Acquired ID : 13094417  [5103 / 14]    HINT : APP_START    list : [TIMEOUT / 1500] 
07-28 21:16:24.046  1196  1358 I HYPER-HAL: [ResourceManager.cpp]updateResource(): [CPUMaxFreq] UpdateResource Request ID : 13094417    Value : 2841600
07-28 21:16:24.046  1196  1358 I HYPER-HAL: [RequestManager.cpp]acquire(): Acquired ID : 1195852  [1525 / 21]    HINT : AMS_APP_LAUNCH    list : 
07-28 21:16:24.046  1369  1369 I SurfaceFlinger: [Task=2683#29514] attach to parent LayerHierarchy{RequestedLayerState{DefaultTaskDisplayArea_d0#11 parentId=10} 19 children}
07-28 21:16:24.046  1196  1358 I HYPER-HAL: [ResourceManager.cpp]updateResource(): [CPULittleMinFreq] UpdateResource Request ID : 1195852    Value : 1804800
07-28 21:16:24.046  1369  1369 I SurfaceFlinger: [ActivityRecord{4720964 u0 com.fceumm.wrapper/.MainActivity t2683}#29515] attach to parent LayerHierarchy{RequestedLayerState{Task=2683#29514 parentId=11} 1 children}
07-28 21:16:24.047  1196  1358 I HYPER-HAL: [ResourceManager.cpp]updateResource(): [CPUMinFreq] UpdateResource Request ID : 1195852    Value : 2841600
07-28 21:16:24.047  1196  1358 I HYPER-HAL: [RequestManager.cpp]acquire(): Acquired ID : 13104656  [5103 / 16]    HINT : APP_START    list : 
07-28 21:16:24.048  3284  6486 I HoneySpace.RecentTasks: onRecentTasksChanged
07-28 21:16:24.048  1525  1990 D ActivityManager Intent delay: Delaying Broadcast BroadcastRecord{4bfd5a6 android.intent.action.PACKAGE_UNSTOPPED/u0}
07-28 21:16:24.048  1703  1703 I CameraService: onUidStateChanged: uid=10046, procState is changed. (0 -> 1)
07-28 21:16:24.049  1525  1626 D SGM:FgCheckThread: notePauseComponent(), received pkgName: com.sec.android.app.launcher, userId: 0
07-28 21:16:24.049  1525  1626 D SGM:FgCheckThread: notePauseComponent(), received pkgName: com.sec.android.app.launcher, userId: 0
07-28 21:16:24.049  1525  2387 D InputTransport: Input channel constructed: 'c1c9394', fd=1163
07-28 21:16:24.049  1525  2387 D InputTransport: Input channel constructed: 'c1c9394', fd=1165
07-28 21:16:24.049  1525  2387 D InputTransport: Input channel constructed: 'c1c9394', fd=1167
07-28 21:16:24.049  1525  1626 D SGM:FgCheckThread: notifyFocusInOut(). of pkg: com.sec.android.app.launcher, type: 20, isSecGameFamily: false, userId: 0
07-28 21:16:24.049  1525  2387 D WindowManager: prepareSync <SYNC_STATE_WAITING_FOR_DRAW>, mPrepareSyncSeqId=0, win=Window{c1c9394 u0 Splash Screen com.fceumm.wrapper}
07-28 21:16:24.049  1525  2587 I CocktailBarManagerServiceContainer: handleMessage: entry what = 6
07-28 21:16:24.049  1525  2587 I CocktailBarManagerServiceImpl: notePauseComponent : no active host
07-28 21:16:24.049  1196  1358 I HYPER-HAL: [ResourceManager.cpp]updateResource(): [CPUMaxFreq] UpdateResource Request ID : 13104656    Value : 2841600
07-28 21:16:24.049  1369  3421 I SurfaceFlinger: id=29516 createSurf, flag=84004, c1c9394 Splash Screen com.fceumm.wrapper#29516
07-28 21:16:24.049  1525  1626 D SGM:GameManager: identifyGamePackage. com.sec.android.app.launcher, mCurrentUserId: 0, callerUserId: 0, callingMethodInfo: com.samsung.android.game.SemGameManager.isGamePackage(SemGameManager.java:105)
07-28 21:16:24.049  1525  1626 D SGM:SemGameManager: isGamePackage(), pkgName=com.sec.android.app.launcher, ret=false
07-28 21:16:24.049  1525  1626 D SGM:FgCheckThread:   notifyFocusInOut(). unexpected type. 20
07-28 21:16:24.050  1525  2387 D RestrictionPolicy: isScreenCaptureEnabled : ret=true userId=0
07-28 21:16:24.050  1525  2387 V WindowManager: addWindow: ActivityRecord{4720964 u0 com.fceumm.wrapper/.MainActivity t2683} startingWindow=Window{c1c9394 u0 Splash Screen com.fceumm.wrapper}
07-28 21:16:24.050  1525  2387 V WindowManager: rotationForOrientation(orient=SCREEN_ORIENTATION_UNSPECIFIED (-1), last=ROTATION_0 (0)); user=ROTATION_0 (0) 
07-28 21:16:24.050  1525  2387 D WindowManager: rotationForOrientation, orientationSource=ActivityRecord{4720964 u0 com.fceumm.wrapper/.MainActivity t2683}
07-28 21:16:24.050  1525  2387 V WindowManager: Computed rotation=ROTATION_0 (0) for display id=0 based on lastOrientation=SCREEN_ORIENTATION_UNSPECIFIED (-1) and oldRotation=ROTATION_0 (0), caller=com.android.server.wm.DisplayRotation.updateOrientation:25 com.android.server.wm.DisplayContent.updateOrientation:65 com.android.server.wm.DisplayContent.updateOrientation:1 com.android.server.wm.WindowManagerService.addWindow:221 com.android.server.wm.Session.addToDisplayAsUser:24 android.view.IWindowSession$Stub.onTransact:749 
07-28 21:16:24.050  1525  2387 D InputTransport: Input channel destroyed: 'c1c9394', fd=1167
07-28 21:16:24.051  2762  2878 D InputTransport: Input channel constructed: 'c1c9394', fd=583
