07-30 20:22:56.433  8097  8097 I AudioPathManager: loadAudioPath() : loaded audio path is speaker (0)
07-30 20:22:56.433  8097  8097 I EffectManager: isSupportDolbyAtmosOnThisAudioPath() : path is speaker (0)
07-30 20:22:56.433  8097  8097 I EffectManager: isSupportDolbyAtmosOnThisAudioPath() : speaker type is stereo
07-30 20:22:56.433  8097  8097 I AudioPathManager: loadAudioPath() : loaded audio path is speaker (0)
07-30 20:22:56.433  8097  8097 I EffectManager: isSupportVolumeNormalizationOnCurrentAudioPath() : path is speaker (0)
07-30 20:22:56.434  8097  8097 I DVFSHelper: isNecessaryToBoostCPU() : isDolbyOn? false, isUHQUpscalerOn? false, isVoiceBoostOn? false, isVolumeNormalizationOn? false
07-30 20:22:56.658 31793 31840 I LibretroWrapper: FPS actuel: 55.9
07-30 20:22:56.945 31793 31840 I LibretroWrapper: Audio callback appel├⌐ #2000: frames=799, data=0x71e56e7140, initialized=1
07-30 20:22:56.946 31793 31840 W LibretroWrapper: Erreur audio: 7
07-30 20:22:57.437  8097  8097 I AudioPathManager: loadAudioPath() : loaded audio path is speaker (0)
07-30 20:22:57.437  8097  8097 I EffectManager: isSupportDolbyAtmosOnThisAudioPath() : path is speaker (0)
07-30 20:22:57.437  8097  8097 I EffectManager: isSupportDolbyAtmosOnThisAudioPath() : speaker type is stereo
07-30 20:22:57.438  8097  8097 I AudioPathManager: loadAudioPath() : loaded audio path is speaker (0)
07-30 20:22:57.438  8097  8097 I EffectManager: isSupportVolumeNormalizationOnCurrentAudioPath() : path is speaker (0)
07-30 20:22:57.438  8097  8097 I DVFSHelper: isNecessaryToBoostCPU() : isDolbyOn? false, isUHQUpscalerOn? false, isVoiceBoostOn? false, isVolumeNormalizationOn? false
07-30 20:22:58.272 31793 31839 I LibretroWrapper: Callback de maintenance appel├⌐ #400
07-30 20:22:58.272 31793 31839 I LibretroWrapper: Buffer de silence envoy├⌐ avec succ├¿s
07-30 20:22:58.439  8097  8097 I AudioPathManager: loadAudioPath() : loaded audio path is speaker (0)
07-30 20:22:58.440  8097  8097 I EffectManager: isSupportDolbyAtmosOnThisAudioPath() : path is speaker (0)
07-30 20:22:58.440  8097  8097 I EffectManager: isSupportDolbyAtmosOnThisAudioPath() : speaker type is stereo
07-30 20:22:58.440  8097  8097 I AudioPathManager: loadAudioPath() : loaded audio path is speaker (0)
07-30 20:22:58.440  8097  8097 I EffectManager: isSupportVolumeNormalizationOnCurrentAudioPath() : path is speaker (0)
07-30 20:22:58.440  8097  8097 I DVFSHelper: isNecessaryToBoostCPU() : isDolbyOn? false, isUHQUpscalerOn? false, isVoiceBoostOn? false, isVolumeNormalizationOn? false
07-30 20:22:58.441  8097  8097 I AudioPathManager: loadAudioPath() : loaded audio path is speaker (0)
07-30 20:22:58.441  8097  8097 I EffectManager: isSupportDolbyAtmosOnThisAudioPath() : path is speaker (0)
07-30 20:22:58.441  8097  8097 I EffectManager: isSupportDolbyAtmosOnThisAudioPath() : speaker type is stereo
07-30 20:22:58.441  8097  8097 I AudioPathManager: loadAudioPath() : loaded audio path is speaker (0)
07-30 20:22:58.441  8097  8097 I EffectManager: isSupportVolumeNormalizationOnCurrentAudioPath() : path is speaker (0)
07-30 20:22:58.441  8097  8097 I DVFSHelper: isNecessaryToBoostCPU() : isDolbyOn? false, isUHQUpscalerOn? false, isVoiceBoostOn? false, isVolumeNormalizationOn? false
07-30 20:22:58.726 31793 31840 I LibretroWrapper: Audio callback appel├⌐ #2100: frames=799, data=0x71e56e7140, initialized=1
07-30 20:22:58.726 31793 31840 W LibretroWrapper: Erreur audio: 7
07-30 20:22:59.443  8097  8097 I AudioPathManager: loadAudioPath() : loaded audio path is speaker (0)
07-30 20:22:59.443  8097  8097 I EffectManager: isSupportDolbyAtmosOnThisAudioPath() : path is speaker (0)
07-30 20:22:59.443  8097  8097 I EffectManager: isSupportDolbyAtmosOnThisAudioPath() : speaker type is stereo
07-30 20:22:59.443  8097  8097 I AudioPathManager: loadAudioPath() : loaded audio path is speaker (0)
07-30 20:22:59.443  8097  8097 I EffectManager: isSupportVolumeNormalizationOnCurrentAudioPath() : path is speaker (0)
07-30 20:22:59.443  8097  8097 I DVFSHelper: isNecessaryToBoostCPU() : isDolbyOn? false, isUHQUpscalerOn? false, isVoiceBoostOn? false, isVolumeNormalizationOn? false
07-30 20:23:00.444  8097  8097 I AudioPathManager: loadAudioPath() : loaded audio path is speaker (0)
07-30 20:23:00.445  8097  8097 I EffectManager: isSupportDolbyAtmosOnThisAudioPath() : path is speaker (0)
07-30 20:23:00.445  8097  8097 I EffectManager: isSupportDolbyAtmosOnThisAudioPath() : speaker type is stereo
07-30 20:23:00.445  8097  8097 I AudioPathManager: loadAudioPath() : loaded audio path is speaker (0)
07-30 20:23:00.445  8097  8097 I EffectManager: isSupportVolumeNormalizationOnCurrentAudioPath() : path is speaker (0)
07-30 20:23:00.445  8097  8097 I DVFSHelper: isNecessaryToBoostCPU() : isDolbyOn? false, isUHQUpscalerOn? false, isVoiceBoostOn? false, isVolumeNormalizationOn? false
07-30 20:23:00.446  8097  8097 I AudioPathManager: loadAudioPath() : loaded audio path is speaker (0)
07-30 20:23:00.446  8097  8097 I EffectManager: isSupportDolbyAtmosOnThisAudioPath() : path is speaker (0)
07-30 20:23:00.446  8097  8097 I EffectManager: isSupportDolbyAtmosOnThisAudioPath() : speaker type is stereo
07-30 20:23:00.446  8097  8097 I AudioPathManager: loadAudioPath() : loaded audio path is speaker (0)
07-30 20:23:00.446  8097  8097 I EffectManager: isSupportVolumeNormalizationOnCurrentAudioPath() : path is speaker (0)
07-30 20:23:00.446  8097  8097 I DVFSHelper: isNecessaryToBoostCPU() : isDolbyOn? false, isUHQUpscalerOn? false, isVoiceBoostOn? false, isVolumeNormalizationOn? false
07-30 20:23:00.511 31793 31840 I LibretroWrapper: Audio callback appel├⌐ #2200: frames=799, data=0x71e56e7140, initialized=1
07-30 20:23:00.511 31793 31840 W LibretroWrapper: Erreur audio: 7
07-30 20:23:01.453  8097  8097 I AudioPathManager: loadAudioPath() : loaded audio path is speaker (0)
07-30 20:23:01.453  8097  8097 I EffectManager: isSupportDolbyAtmosOnThisAudioPath() : path is speaker (0)
07-30 20:23:01.453  8097  8097 I EffectManager: isSupportDolbyAtmosOnThisAudioPath() : speaker type is stereo
07-30 20:23:01.453  8097  8097 I AudioPathManager: loadAudioPath() : loaded audio path is speaker (0)
07-30 20:23:01.453  8097  8097 I EffectManager: isSupportVolumeNormalizationOnCurrentAudioPath() : path is speaker (0)
07-30 20:23:01.453  8097  8097 I DVFSHelper: isNecessaryToBoostCPU() : isDolbyOn? false, isUHQUpscalerOn? false, isVoiceBoostOn? false, isVolumeNormalizationOn? false
07-30 20:23:01.673 31793 31840 I LibretroWrapper: FPS actuel: 56.0
07-30 20:23:02.298 31793 31840 I LibretroWrapper: Audio callback appel├⌐ #2300: frames=799, data=0x71e56e7140, initialized=1
07-30 20:23:02.298 31793 31840 W LibretroWrapper: Erreur audio: 7
07-30 20:23:02.455  8097  8097 I AudioPathManager: loadAudioPath() : loaded audio path is speaker (0)
07-30 20:23:02.455  8097  8097 I EffectManager: isSupportDolbyAtmosOnThisAudioPath() : path is speaker (0)
07-30 20:23:02.455  8097  8097 I EffectManager: isSupportDolbyAtmosOnThisAudioPath() : speaker type is stereo
07-30 20:23:02.455  8097  8097 I AudioPathManager: loadAudioPath() : loaded audio path is speaker (0)
07-30 20:23:02.455  8097  8097 I EffectManager: isSupportVolumeNormalizationOnCurrentAudioPath() : path is speaker (0)
07-30 20:23:02.455  8097  8097 I DVFSHelper: isNecessaryToBoostCPU() : isDolbyOn? false, isUHQUpscalerOn? false, isVoiceBoostOn? false, isVolumeNormalizationOn? false
07-30 20:23:02.458  8097  8097 I AudioPathManager: loadAudioPath() : loaded audio path is speaker (0)
07-30 20:23:02.458  8097  8097 I EffectManager: isSupportDolbyAtmosOnThisAudioPath() : path is speaker (0)
07-30 20:23:02.458  8097  8097 I EffectManager: isSupportDolbyAtmosOnThisAudioPath() : speaker type is stereo
07-30 20:23:02.458  8097  8097 I AudioPathManager: loadAudioPath() : loaded audio path is speaker (0)
07-30 20:23:02.458  8097  8097 I EffectManager: isSupportVolumeNormalizationOnCurrentAudioPath() : path is speaker (0)
07-30 20:23:02.458  8097  8097 I DVFSHelper: isNecessaryToBoostCPU() : isDolbyOn? false, isUHQUpscalerOn? false, isVoiceBoostOn? false, isVolumeNormalizationOn? false
07-30 20:23:02.852 31793 31839 I LibretroWrapper: Callback de maintenance appel├⌐ #450
07-30 20:23:02.852 31793 31839 I LibretroWrapper: Buffer de silence envoy├⌐ avec succ├¿s
07-30 20:23:03.460  8097  8097 I AudioPathManager: loadAudioPath() : loaded audio path is speaker (0)
07-30 20:23:03.461  8097  8097 I EffectManager: isSupportDolbyAtmosOnThisAudioPath() : path is speaker (0)
07-30 20:23:03.461  8097  8097 I EffectManager: isSupportDolbyAtmosOnThisAudioPath() : speaker type is stereo
07-30 20:23:03.461  8097  8097 I AudioPathManager: loadAudioPath() : loaded audio path is speaker (0)
07-30 20:23:03.461  8097  8097 I EffectManager: isSupportVolumeNormalizationOnCurrentAudioPath() : path is speaker (0)
07-30 20:23:03.461  8097  8097 I DVFSHelper: isNecessaryToBoostCPU() : isDolbyOn? false, isUHQUpscalerOn? false, isVoiceBoostOn? false, isVolumeNormalizationOn? false
07-30 20:23:04.080 31793 31840 I LibretroWrapper: Audio callback appel├⌐ #2400: frames=798, data=0x71e56e7140, initialized=1
07-30 20:23:04.080 31793 31840 W LibretroWrapper: Erreur audio: 7
07-30 20:23:04.108  1525  3889 D WifiProfileShare: network score provider settings enabled
07-30 20:23:04.110  1525  3889 I [MCFSDK_android_1.2.27006]_4_McfCasterImpl: isNetworkEnabled - type : 1 ret : true
07-30 20:23:04.110  1525  3889 D WifiProfileShare.McfCast: -ME--- mIsNetworkEnabled :true
07-30 20:23:04.111  1525  3889 I [MCFSDK_android_1.2.27006]_4_McfCasterImpl: isNetworkEnabled - type : 1 ret : true
07-30 20:23:04.111  1525  3889 D WifiProfileShare.McfCast: -ME--- mIsNetworkEnabled :true
07-30 20:23:04.463  8097  8097 I AudioPathManager: loadAudioPath() : loaded audio path is speaker (0)
07-30 20:23:04.463  8097  8097 I EffectManager: isSupportDolbyAtmosOnThisAudioPath() : path is speaker (0)
07-30 20:23:04.463  8097  8097 I EffectManager: isSupportDolbyAtmosOnThisAudioPath() : speaker type is stereo
07-30 20:23:04.463  8097  8097 I AudioPathManager: loadAudioPath() : loaded audio path is speaker (0)
07-30 20:23:04.463  8097  8097 I EffectManager: isSupportVolumeNormalizationOnCurrentAudioPath() : path is speaker (0)
07-30 20:23:04.464  8097  8097 I DVFSHelper: isNecessaryToBoostCPU() : isDolbyOn? false, isUHQUpscalerOn? false, isVoiceBoostOn? false, isVolumeNormalizationOn? false
07-30 20:23:04.469  8097  8097 I AudioPathManager: loadAudioPath() : loaded audio path is speaker (0)
07-30 20:23:04.469  8097  8097 I EffectManager: isSupportDolbyAtmosOnThisAudioPath() : path is speaker (0)
07-30 20:23:04.469  8097  8097 I EffectManager: isSupportDolbyAtmosOnThisAudioPath() : speaker type is stereo
07-30 20:23:04.469  8097  8097 I AudioPathManager: loadAudioPath() : loaded audio path is speaker (0)
07-30 20:23:04.469  8097  8097 I EffectManager: isSupportVolumeNormalizationOnCurrentAudioPath() : path is speaker (0)
07-30 20:23:04.469  8097  8097 I DVFSHelper: isNecessaryToBoostCPU() : isDolbyOn? false, isUHQUpscalerOn? false, isVoiceBoostOn? false, isVolumeNormalizationOn? false
07-30 20:23:05.472  8097  8097 I AudioPathManager: loadAudioPath() : loaded audio path is speaker (0)
07-30 20:23:05.472  8097  8097 I EffectManager: isSupportDolbyAtmosOnThisAudioPath() : path is speaker (0)
07-30 20:23:05.472  8097  8097 I EffectManager: isSupportDolbyAtmosOnThisAudioPath() : speaker type is stereo
07-30 20:23:05.472  8097  8097 I AudioPathManager: loadAudioPath() : loaded audio path is speaker (0)
07-30 20:23:05.472  8097  8097 I EffectManager: isSupportVolumeNormalizationOnCurrentAudioPath() : path is speaker (0)
07-30 20:23:05.472  8097  8097 I DVFSHelper: isNecessaryToBoostCPU() : isDolbyOn? false, isUHQUpscalerOn? false, isVoiceBoostOn? false, isVolumeNormalizationOn? false
07-30 20:23:05.867 31793 31840 I LibretroWrapper: Audio callback appel├⌐ #2500: frames=799, data=0x71e56e7140, initialized=1
07-30 20:23:05.867 31793 31840 W LibretroWrapper: Erreur audio: 7
07-30 20:23:06.474  8097  8097 I AudioPathManager: loadAudioPath() : loaded audio path is speaker (0)
07-30 20:23:06.474  8097  8097 I EffectManager: isSupportDolbyAtmosOnThisAudioPath() : path is speaker (0)
07-30 20:23:06.474  8097  8097 I EffectManager: isSupportDolbyAtmosOnThisAudioPath() : speaker type is stereo
07-30 20:23:06.474  8097  8097 I AudioPathManager: loadAudioPath() : loaded audio path is speaker (0)
07-30 20:23:06.474  8097  8097 I EffectManager: isSupportVolumeNormalizationOnCurrentAudioPath() : path is speaker (0)
07-30 20:23:06.474  8097  8097 I DVFSHelper: isNecessaryToBoostCPU() : isDolbyOn? false, isUHQUpscalerOn? false, isVoiceBoostOn? false, isVolumeNormalizationOn? false
07-30 20:23:06.478  8097  8097 I AudioPathManager: loadAudioPath() : loaded audio path is speaker (0)
07-30 20:23:06.478  8097  8097 I EffectManager: isSupportDolbyAtmosOnThisAudioPath() : path is speaker (0)
07-30 20:23:06.478  8097  8097 I EffectManager: isSupportDolbyAtmosOnThisAudioPath() : speaker type is stereo
07-30 20:23:06.478  8097  8097 I AudioPathManager: loadAudioPath() : loaded audio path is speaker (0)
07-30 20:23:06.478  8097  8097 I EffectManager: isSupportVolumeNormalizationOnCurrentAudioPath() : path is speaker (0)
07-30 20:23:06.478  8097  8097 I DVFSHelper: isNecessaryToBoostCPU() : isDolbyOn? false, isUHQUpscalerOn? false, isVoiceBoostOn? false, isVolumeNormalizationOn? false
07-30 20:23:06.688 31793 31840 I LibretroWrapper: FPS actuel: 56.0
07-30 20:23:07.412 31793 31839 I LibretroWrapper: Callback de maintenance appel├⌐ #500
07-30 20:23:07.413 31793 31839 I LibretroWrapper: Buffer de silence envoy├⌐ avec succ├¿s
07-30 20:23:07.480  8097  8097 I AudioPathManager: loadAudioPath() : loaded audio path is speaker (0)
07-30 20:23:07.480  8097  8097 I EffectManager: isSupportDolbyAtmosOnThisAudioPath() : path is speaker (0)
07-30 20:23:07.480  8097  8097 I EffectManager: isSupportDolbyAtmosOnThisAudioPath() : speaker type is stereo
07-30 20:23:07.480  8097  8097 I AudioPathManager: loadAudioPath() : loaded audio path is speaker (0)
07-30 20:23:07.480  8097  8097 I EffectManager: isSupportVolumeNormalizationOnCurrentAudioPath() : path is speaker (0)
07-30 20:23:07.480  8097  8097 I DVFSHelper: isNecessaryToBoostCPU() : isDolbyOn? false, isUHQUpscalerOn? false, isVoiceBoostOn? false, isVolumeNormalizationOn? false
07-30 20:23:07.654 31793 31840 I LibretroWrapper: Audio callback appel├⌐ #2600: frames=799, data=0x71e56e7140, initialized=1
07-30 20:23:07.654 31793 31840 W LibretroWrapper: Erreur audio: 7
07-30 20:23:08.483  8097  8097 I AudioPathManager: loadAudioPath() : loaded audio path is speaker (0)
07-30 20:23:08.483  8097  8097 I EffectManager: isSupportDolbyAtmosOnThisAudioPath() : path is speaker (0)
07-30 20:23:08.483  8097  8097 I EffectManager: isSupportDolbyAtmosOnThisAudioPath() : speaker type is stereo
07-30 20:23:08.483  8097  8097 I AudioPathManager: loadAudioPath() : loaded audio path is speaker (0)
07-30 20:23:08.483  8097  8097 I EffectManager: isSupportVolumeNormalizationOnCurrentAudioPath() : path is speaker (0)
07-30 20:23:08.483  8097  8097 I DVFSHelper: isNecessaryToBoostCPU() : isDolbyOn? false, isUHQUpscalerOn? false, isVoiceBoostOn? false, isVolumeNormalizationOn? false
07-30 20:23:08.486  8097  8097 I AudioPathManager: loadAudioPath() : loaded audio path is speaker (0)
07-30 20:23:08.486  8097  8097 I EffectManager: isSupportDolbyAtmosOnThisAudioPath() : path is speaker (0)
07-30 20:23:08.486  8097  8097 I EffectManager: isSupportDolbyAtmosOnThisAudioPath() : speaker type is stereo
07-30 20:23:08.486  8097  8097 I AudioPathManager: loadAudioPath() : loaded audio path is speaker (0)
07-30 20:23:08.486  8097  8097 I EffectManager: isSupportVolumeNormalizationOnCurrentAudioPath() : path is speaker (0)
07-30 20:23:08.486  8097  8097 I DVFSHelper: isNecessaryToBoostCPU() : isDolbyOn? false, isUHQUpscalerOn? false, isVoiceBoostOn? false, isVolumeNormalizationOn? false
07-30 20:23:09.221 28082 28111 V CpEventLog(u0): cp_state: [                      etc = {binders=0, country_iso=CA, version=15.4.34, db_version=1901, csc=CAN/RWC, sec_enabled=false, is_roaming=false} ]
07-30 20:23:09.443 31793 31840 I LibretroWrapper: Audio callback appel├⌐ #2700: frames=798, data=0x71e56e7140, initialized=1
07-30 20:23:09.443 31793 31840 W LibretroWrapper: Erreur audio: 7
07-30 20:23:09.489  8097  8097 I AudioPathManager: loadAudioPath() : loaded audio path is speaker (0)
07-30 20:23:09.489  8097  8097 I EffectManager: isSupportDolbyAtmosOnThisAudioPath() : path is speaker (0)
07-30 20:23:09.489  8097  8097 I EffectManager: isSupportDolbyAtmosOnThisAudioPath() : speaker type is stereo
07-30 20:23:09.489  8097  8097 I AudioPathManager: loadAudioPath() : loaded audio path is speaker (0)
07-30 20:23:09.489  8097  8097 I EffectManager: isSupportVolumeNormalizationOnCurrentAudioPath() : path is speaker (0)
07-30 20:23:09.489  8097  8097 I DVFSHelper: isNecessaryToBoostCPU() : isDolbyOn? false, isUHQUpscalerOn? false, isVoiceBoostOn? false, isVolumeNormalizationOn? false
07-30 20:23:10.491  8097  8097 I AudioPathManager: loadAudioPath() : loaded audio path is speaker (0)
07-30 20:23:10.491  8097  8097 I EffectManager: isSupportDolbyAtmosOnThisAudioPath() : path is speaker (0)
07-30 20:23:10.491  8097  8097 I EffectManager: isSupportDolbyAtmosOnThisAudioPath() : speaker type is stereo
07-30 20:23:10.491  8097  8097 I AudioPathManager: loadAudioPath() : loaded audio path is speaker (0)
07-30 20:23:10.491  8097  8097 I EffectManager: isSupportVolumeNormalizationOnCurrentAudioPath() : path is speaker (0)
07-30 20:23:10.491  8097  8097 I DVFSHelper: isNecessaryToBoostCPU() : isDolbyOn? false, isUHQUpscalerOn? false, isVoiceBoostOn? false, isVolumeNormalizationOn? false
07-30 20:23:10.492  8097  8097 I AudioPathManager: loadAudioPath() : loaded audio path is speaker (0)
07-30 20:23:10.492  8097  8097 I EffectManager: isSupportDolbyAtmosOnThisAudioPath() : path is speaker (0)
07-30 20:23:10.492  8097  8097 I EffectManager: isSupportDolbyAtmosOnThisAudioPath() : speaker type is stereo
07-30 20:23:10.492  8097  8097 I AudioPathManager: loadAudioPath() : loaded audio path is speaker (0)
07-30 20:23:10.492  8097  8097 I EffectManager: isSupportVolumeNormalizationOnCurrentAudioPath() : path is speaker (0)
07-30 20:23:10.492  8097  8097 I DVFSHelper: isNecessaryToBoostCPU() : isDolbyOn? false, isUHQUpscalerOn? false, isVoiceBoostOn? false, isVolumeNormalizationOn? false
07-30 20:23:11.235 31793 31840 I LibretroWrapper: Audio callback appel├⌐ #2800: frames=799, data=0x71e56e7140, initialized=1
07-30 20:23:11.235 31793 31840 W LibretroWrapper: Erreur audio: 7
07-30 20:23:11.494  8097  8097 I AudioPathManager: loadAudioPath() : loaded audio path is speaker (0)
07-30 20:23:11.494  8097  8097 I EffectManager: isSupportDolbyAtmosOnThisAudioPath() : path is speaker (0)
07-30 20:23:11.494  8097  8097 I EffectManager: isSupportDolbyAtmosOnThisAudioPath() : speaker type is stereo
07-30 20:23:11.494  8097  8097 I AudioPathManager: loadAudioPath() : loaded audio path is speaker (0)
07-30 20:23:11.494  8097  8097 I EffectManager: isSupportVolumeNormalizationOnCurrentAudioPath() : path is speaker (0)
07-30 20:23:11.494  8097  8097 I DVFSHelper: isNecessaryToBoostCPU() : isDolbyOn? false, isUHQUpscalerOn? false, isVoiceBoostOn? false, isVolumeNormalizationOn? false
07-30 20:23:11.700 31793 31840 I LibretroWrapper: FPS actuel: 55.9
07-30 20:23:12.073 31793 31839 I LibretroWrapper: Callback de maintenance appel├⌐ #550
07-30 20:23:12.073 31793 31839 I LibretroWrapper: Buffer de silence envoy├⌐ avec succ├¿s
07-30 20:23:12.498  8097  8097 I AudioPathManager: loadAudioPath() : loaded audio path is speaker (0)
07-30 20:23:12.498  8097  8097 I EffectManager: isSupportDolbyAtmosOnThisAudioPath() : path is speaker (0)
07-30 20:23:12.498  8097  8097 I EffectManager: isSupportDolbyAtmosOnThisAudioPath() : speaker type is stereo
07-30 20:23:12.498  8097  8097 I AudioPathManager: loadAudioPath() : loaded audio path is speaker (0)
07-30 20:23:12.498  8097  8097 I EffectManager: isSupportVolumeNormalizationOnCurrentAudioPath() : path is speaker (0)
07-30 20:23:12.498  8097  8097 I DVFSHelper: isNecessaryToBoostCPU() : isDolbyOn? false, isUHQUpscalerOn? false, isVoiceBoostOn? false, isVolumeNormalizationOn? false
07-30 20:23:12.499  8097  8097 I AudioPathManager: loadAudioPath() : loaded audio path is speaker (0)
07-30 20:23:12.499  8097  8097 I EffectManager: isSupportDolbyAtmosOnThisAudioPath() : path is speaker (0)
07-30 20:23:12.499  8097  8097 I EffectManager: isSupportDolbyAtmosOnThisAudioPath() : speaker type is stereo
07-30 20:23:12.499  8097  8097 I AudioPathManager: loadAudioPath() : loaded audio path is speaker (0)
07-30 20:23:12.499  8097  8097 I EffectManager: isSupportVolumeNormalizationOnCurrentAudioPath() : path is speaker (0)
07-30 20:23:12.499  8097  8097 I DVFSHelper: isNecessaryToBoostCPU() : isDolbyOn? false, isUHQUpscalerOn? false, isVoiceBoostOn? false, isVolumeNormalizationOn? false
07-30 20:23:13.024 31793 31840 I LibretroWrapper: Audio callback appel├⌐ #2900: frames=798, data=0x71e56e7140, initialized=1
07-30 20:23:13.024 31793 31840 W LibretroWrapper: Erreur audio: 7
07-30 20:23:13.503  8097  8097 I AudioPathManager: loadAudioPath() : loaded audio path is speaker (0)
07-30 20:23:13.503  8097  8097 I EffectManager: isSupportDolbyAtmosOnThisAudioPath() : path is speaker (0)
07-30 20:23:13.503  8097  8097 I EffectManager: isSupportDolbyAtmosOnThisAudioPath() : speaker type is stereo
07-30 20:23:13.503  8097  8097 I AudioPathManager: loadAudioPath() : loaded audio path is speaker (0)
07-30 20:23:13.504  8097  8097 I EffectManager: isSupportVolumeNormalizationOnCurrentAudioPath() : path is speaker (0)
07-30 20:23:13.504  8097  8097 I DVFSHelper: isNecessaryToBoostCPU() : isDolbyOn? false, isUHQUpscalerOn? false, isVoiceBoostOn? false, isVolumeNormalizationOn? false
07-30 20:23:14.506  8097  8097 I AudioPathManager: loadAudioPath() : loaded audio path is speaker (0)
07-30 20:23:14.506  8097  8097 I EffectManager: isSupportDolbyAtmosOnThisAudioPath() : path is speaker (0)
07-30 20:23:14.506  8097  8097 I EffectManager: isSupportDolbyAtmosOnThisAudioPath() : speaker type is stereo
07-30 20:23:14.506  8097  8097 I AudioPathManager: loadAudioPath() : loaded audio path is speaker (0)
07-30 20:23:14.506  8097  8097 I EffectManager: isSupportVolumeNormalizationOnCurrentAudioPath() : path is speaker (0)
07-30 20:23:14.506  8097  8097 I DVFSHelper: isNecessaryToBoostCPU() : isDolbyOn? false, isUHQUpscalerOn? false, isVoiceBoostOn? false, isVolumeNormalizationOn? false
07-30 20:23:14.508  8097  8097 I AudioPathManager: loadAudioPath() : loaded audio path is speaker (0)
07-30 20:23:14.508  8097  8097 I EffectManager: isSupportDolbyAtmosOnThisAudioPath() : path is speaker (0)
07-30 20:23:14.508  8097  8097 I EffectManager: isSupportDolbyAtmosOnThisAudioPath() : speaker type is stereo
07-30 20:23:14.508  8097  8097 I AudioPathManager: loadAudioPath() : loaded audio path is speaker (0)
07-30 20:23:14.508  8097  8097 I EffectManager: isSupportVolumeNormalizationOnCurrentAudioPath() : path is speaker (0)
07-30 20:23:14.508  8097  8097 I DVFSHelper: isNecessaryToBoostCPU() : isDolbyOn? false, isUHQUpscalerOn? false, isVoiceBoostOn? false, isVolumeNormalizationOn? false
07-30 20:23:14.814 31793 31840 I LibretroWrapper: Audio callback appel├⌐ #3000: frames=799, data=0x71e56e7140, initialized=1
07-30 20:23:14.814 31793 31840 W LibretroWrapper: Erreur audio: 7
07-30 20:23:15.510  8097  8097 I AudioPathManager: loadAudioPath() : loaded audio path is speaker (0)
07-30 20:23:15.510  8097  8097 I EffectManager: isSupportDolbyAtmosOnThisAudioPath() : path is speaker (0)
07-30 20:23:15.510  8097  8097 I EffectManager: isSupportDolbyAtmosOnThisAudioPath() : speaker type is stereo
07-30 20:23:15.510  8097  8097 I AudioPathManager: loadAudioPath() : loaded audio path is speaker (0)
07-30 20:23:15.510  8097  8097 I EffectManager: isSupportVolumeNormalizationOnCurrentAudioPath() : path is speaker (0)
07-30 20:23:15.510  8097  8097 I DVFSHelper: isNecessaryToBoostCPU() : isDolbyOn? false, isUHQUpscalerOn? false, isVoiceBoostOn? false, isVolumeNormalizationOn? false
07-30 20:23:16.513  8097  8097 I AudioPathManager: loadAudioPath() : loaded audio path is speaker (0)
07-30 20:23:16.513  8097  8097 I EffectManager: isSupportDolbyAtmosOnThisAudioPath() : path is speaker (0)
07-30 20:23:16.513  8097  8097 I EffectManager: isSupportDolbyAtmosOnThisAudioPath() : speaker type is stereo
07-30 20:23:16.513  8097  8097 I AudioPathManager: loadAudioPath() : loaded audio path is speaker (0)
07-30 20:23:16.513  8097  8097 I EffectManager: isSupportVolumeNormalizationOnCurrentAudioPath() : path is speaker (0)
07-30 20:23:16.513  8097  8097 I DVFSHelper: isNecessaryToBoostCPU() : isDolbyOn? false, isUHQUpscalerOn? false, isVoiceBoostOn? false, isVolumeNormalizationOn? false
07-30 20:23:16.515  8097  8097 I AudioPathManager: loadAudioPath() : loaded audio path is speaker (0)
07-30 20:23:16.515  8097  8097 I EffectManager: isSupportDolbyAtmosOnThisAudioPath() : path is speaker (0)
07-30 20:23:16.515  8097  8097 I EffectManager: isSupportDolbyAtmosOnThisAudioPath() : speaker type is stereo
07-30 20:23:16.515  8097  8097 I AudioPathManager: loadAudioPath() : loaded audio path is speaker (0)
07-30 20:23:16.515  8097  8097 I EffectManager: isSupportVolumeNormalizationOnCurrentAudioPath() : path is speaker (0)
07-30 20:23:16.515  8097  8097 I DVFSHelper: isNecessaryToBoostCPU() : isDolbyOn? false, isUHQUpscalerOn? false, isVoiceBoostOn? false, isVolumeNormalizationOn? false
07-30 20:23:16.601 31793 31840 I LibretroWrapper: Audio callback appel├⌐ #3100: frames=799, data=0x71e56e7140, initialized=1
07-30 20:23:16.601 31793 31840 W LibretroWrapper: Erreur audio: 7
07-30 20:23:16.708 31793 31840 I LibretroWrapper: FPS actuel: 55.9
07-30 20:23:16.712 31793 31839 I LibretroWrapper: Callback de maintenance appel├⌐ #600
07-30 20:23:16.712 31793 31839 I LibretroWrapper: Buffer de silence envoy├⌐ avec succ├¿s
07-30 20:23:17.518  8097  8097 I AudioPathManager: loadAudioPath() : loaded audio path is speaker (0)
07-30 20:23:17.518  8097  8097 I EffectManager: isSupportDolbyAtmosOnThisAudioPath() : path is speaker (0)
07-30 20:23:17.518  8097  8097 I EffectManager: isSupportDolbyAtmosOnThisAudioPath() : speaker type is stereo
07-30 20:23:17.518  8097  8097 I AudioPathManager: loadAudioPath() : loaded audio path is speaker (0)
07-30 20:23:17.518  8097  8097 I EffectManager: isSupportVolumeNormalizationOnCurrentAudioPath() : path is speaker (0)
07-30 20:23:17.518  8097  8097 I DVFSHelper: isNecessaryToBoostCPU() : isDolbyOn? false, isUHQUpscalerOn? false, isVoiceBoostOn? false, isVolumeNormalizationOn? false
07-30 20:23:18.385 31793 31840 I LibretroWrapper: Audio callback appel├⌐ #3200: frames=798, data=0x71e56e7140, initialized=1
07-30 20:23:18.386 31793 31840 W LibretroWrapper: Erreur audio: 7
07-30 20:23:18.520  8097  8097 I AudioPathManager: loadAudioPath() : loaded audio path is speaker (0)
07-30 20:23:18.520  8097  8097 I EffectManager: isSupportDolbyAtmosOnThisAudioPath() : path is speaker (0)
07-30 20:23:18.520  8097  8097 I EffectManager: isSupportDolbyAtmosOnThisAudioPath() : speaker type is stereo
07-30 20:23:18.520  8097  8097 I AudioPathManager: loadAudioPath() : loaded audio path is speaker (0)
07-30 20:23:18.520  8097  8097 I EffectManager: isSupportVolumeNormalizationOnCurrentAudioPath() : path is speaker (0)
07-30 20:23:18.520  8097  8097 I DVFSHelper: isNecessaryToBoostCPU() : isDolbyOn? false, isUHQUpscalerOn? false, isVoiceBoostOn? false, isVolumeNormalizationOn? false
07-30 20:23:18.524  8097  8097 I AudioPathManager: loadAudioPath() : loaded audio path is speaker (0)
07-30 20:23:18.524  8097  8097 I EffectManager: isSupportDolbyAtmosOnThisAudioPath() : path is speaker (0)
07-30 20:23:18.524  8097  8097 I EffectManager: isSupportDolbyAtmosOnThisAudioPath() : speaker type is stereo
07-30 20:23:18.524  8097  8097 I AudioPathManager: loadAudioPath() : loaded audio path is speaker (0)
07-30 20:23:18.524  8097  8097 I EffectManager: isSupportVolumeNormalizationOnCurrentAudioPath() : path is speaker (0)
07-30 20:23:18.524  8097  8097 I DVFSHelper: isNecessaryToBoostCPU() : isDolbyOn? false, isUHQUpscalerOn? false, isVoiceBoostOn? false, isVolumeNormalizationOn? false
07-30 20:23:19.527  8097  8097 I AudioPathManager: loadAudioPath() : loaded audio path is speaker (0)
07-30 20:23:19.528  8097  8097 I EffectManager: isSupportDolbyAtmosOnThisAudioPath() : path is speaker (0)
07-30 20:23:19.528  8097  8097 I EffectManager: isSupportDolbyAtmosOnThisAudioPath() : speaker type is stereo
07-30 20:23:19.528  8097  8097 I AudioPathManager: loadAudioPath() : loaded audio path is speaker (0)
07-30 20:23:19.528  8097  8097 I EffectManager: isSupportVolumeNormalizationOnCurrentAudioPath() : path is speaker (0)
07-30 20:23:19.528  8097  8097 I DVFSHelper: isNecessaryToBoostCPU() : isDolbyOn? false, isUHQUpscalerOn? false, isVoiceBoostOn? false, isVolumeNormalizationOn? false
07-30 20:23:20.175 31793 31840 I LibretroWrapper: Audio callback appel├⌐ #3300: frames=798, data=0x71e56e7140, initialized=1
07-30 20:23:20.175 31793 31840 W LibretroWrapper: Erreur audio: 7
07-30 20:23:20.530  8097  8097 I AudioPathManager: loadAudioPath() : loaded audio path is speaker (0)
07-30 20:23:20.530  8097  8097 I EffectManager: isSupportDolbyAtmosOnThisAudioPath() : path is speaker (0)
07-30 20:23:20.530  8097  8097 I EffectManager: isSupportDolbyAtmosOnThisAudioPath() : speaker type is stereo
07-30 20:23:20.530  8097  8097 I AudioPathManager: loadAudioPath() : loaded audio path is speaker (0)
07-30 20:23:20.530  8097  8097 I EffectManager: isSupportVolumeNormalizationOnCurrentAudioPath() : path is speaker (0)
07-30 20:23:20.530  8097  8097 I DVFSHelper: isNecessaryToBoostCPU() : isDolbyOn? false, isUHQUpscalerOn? false, isVoiceBoostOn? false, isVolumeNormalizationOn? false
07-30 20:23:20.535  8097  8097 I AudioPathManager: loadAudioPath() : loaded audio path is speaker (0)
07-30 20:23:20.535  8097  8097 I EffectManager: isSupportDolbyAtmosOnThisAudioPath() : path is speaker (0)
07-30 20:23:20.535  8097  8097 I EffectManager: isSupportDolbyAtmosOnThisAudioPath() : speaker type is stereo
07-30 20:23:20.535  8097  8097 I AudioPathManager: loadAudioPath() : loaded audio path is speaker (0)
07-30 20:23:20.535  8097  8097 I EffectManager: isSupportVolumeNormalizationOnCurrentAudioPath() : path is speaker (0)
07-30 20:23:20.535  8097  8097 I DVFSHelper: isNecessaryToBoostCPU() : isDolbyOn? false, isUHQUpscalerOn? false, isVoiceBoostOn? false, isVolumeNormalizationOn? false
07-30 20:23:21.352 31793 31839 I LibretroWrapper: Callback de maintenance appel├⌐ #650
07-30 20:23:21.352 31793 31839 I LibretroWrapper: Buffer de silence envoy├⌐ avec succ├¿s
07-30 20:23:21.539  8097  8097 I AudioPathManager: loadAudioPath() : loaded audio path is speaker (0)
07-30 20:23:21.539  8097  8097 I EffectManager: isSupportDolbyAtmosOnThisAudioPath() : path is speaker (0)
07-30 20:23:21.539  8097  8097 I EffectManager: isSupportDolbyAtmosOnThisAudioPath() : speaker type is stereo
07-30 20:23:21.540  8097  8097 I AudioPathManager: loadAudioPath() : loaded audio path is speaker (0)
07-30 20:23:21.540  8097  8097 I EffectManager: isSupportVolumeNormalizationOnCurrentAudioPath() : path is speaker (0)
07-30 20:23:21.540  8097  8097 I DVFSHelper: isNecessaryToBoostCPU() : isDolbyOn? false, isUHQUpscalerOn? false, isVoiceBoostOn? false, isVolumeNormalizationOn? false
07-30 20:23:21.710 31793 31840 I LibretroWrapper: FPS actuel: 56.0
07-30 20:23:21.719  1525  2438 D ActivityManager: Received BROADCAST intent 0xece86dd Key{broadcastIntent pkg=android intent=act=com.android.server.audio.action.CHECK_MUSIC_ACTIVE flags=0x4000000 u=0} requestCode=1 sent=0 from uid 1000
07-30 20:23:21.958 31793 31840 I LibretroWrapper: Audio callback appel├⌐ #3400: frames=799, data=0x71e56e7140, initialized=1
07-30 20:23:21.958 31793 31840 W LibretroWrapper: Erreur audio: 7
07-30 20:23:22.543  8097  8097 I AudioPathManager: loadAudioPath() : loaded audio path is speaker (0)
07-30 20:23:22.543  8097  8097 I EffectManager: isSupportDolbyAtmosOnThisAudioPath() : path is speaker (0)
07-30 20:23:22.543  8097  8097 I EffectManager: isSupportDolbyAtmosOnThisAudioPath() : speaker type is stereo
07-30 20:23:22.543  8097  8097 I AudioPathManager: loadAudioPath() : loaded audio path is speaker (0)
07-30 20:23:22.543  8097  8097 I EffectManager: isSupportVolumeNormalizationOnCurrentAudioPath() : path is speaker (0)
07-30 20:23:22.543  8097  8097 I DVFSHelper: isNecessaryToBoostCPU() : isDolbyOn? false, isUHQUpscalerOn? false, isVoiceBoostOn? false, isVolumeNormalizationOn? false
07-30 20:23:22.545  8097  8097 I AudioPathManager: loadAudioPath() : loaded audio path is speaker (0)
07-30 20:23:22.545  8097  8097 I EffectManager: isSupportDolbyAtmosOnThisAudioPath() : path is speaker (0)
07-30 20:23:22.545  8097  8097 I EffectManager: isSupportDolbyAtmosOnThisAudioPath() : speaker type is stereo
07-30 20:23:22.545  8097  8097 I AudioPathManager: loadAudioPath() : loaded audio path is speaker (0)
07-30 20:23:22.545  8097  8097 I EffectManager: isSupportVolumeNormalizationOnCurrentAudioPath() : path is speaker (0)
07-30 20:23:22.545  8097  8097 I DVFSHelper: isNecessaryToBoostCPU() : isDolbyOn? false, isUHQUpscalerOn? false, isVoiceBoostOn? false, isVolumeNormalizationOn? false
07-30 20:23:22.647  2762  2899 D Tile.WifiTile: handleUpdateState isTransient=false transientEnabling =false cb.isTransient=false state.state = 2 mStateBeforeClick.value =false enabled =true
07-30 20:23:22.649  2762  2899 D Tile.WifiTile: handleUpdateState isTransient=false transientEnabling =false cb.isTransient=false state.state = 2 mStateBeforeClick.value =false enabled =true
07-30 20:23:22.649  2762  2899 D Tile.WifiTile: handleUpdateState isTransient=false transientEnabling =false cb.isTransient=false state.state = 2 mStateBeforeClick.value =false enabled =true
07-30 20:23:23.547  8097  8097 I AudioPathManager: loadAudioPath() : loaded audio path is speaker (0)
07-30 20:23:23.547  8097  8097 I EffectManager: isSupportDolbyAtmosOnThisAudioPath() : path is speaker (0)
07-30 20:23:23.547  8097  8097 I EffectManager: isSupportDolbyAtmosOnThisAudioPath() : speaker type is stereo
07-30 20:23:23.547  8097  8097 I AudioPathManager: loadAudioPath() : loaded audio path is speaker (0)
07-30 20:23:23.547  8097  8097 I EffectManager: isSupportVolumeNormalizationOnCurrentAudioPath() : path is speaker (0)
07-30 20:23:23.547  8097  8097 I DVFSHelper: isNecessaryToBoostCPU() : isDolbyOn? false, isUHQUpscalerOn? false, isVoiceBoostOn? false, isVolumeNormalizationOn? false
07-30 20:23:23.748 31793 31840 I LibretroWrapper: Audio callback appel├⌐ #3500: frames=799, data=0x71e56e7140, initialized=1
07-30 20:23:23.748 31793 31840 W LibretroWrapper: Erreur audio: 7
07-30 20:23:24.548  8097  8097 I AudioPathManager: loadAudioPath() : loaded audio path is speaker (0)
07-30 20:23:24.549  8097  8097 I EffectManager: isSupportDolbyAtmosOnThisAudioPath() : path is speaker (0)
07-30 20:23:24.549  8097  8097 I EffectManager: isSupportDolbyAtmosOnThisAudioPath() : speaker type is stereo
07-30 20:23:24.549  8097  8097 I AudioPathManager: loadAudioPath() : loaded audio path is speaker (0)
07-30 20:23:24.549  8097  8097 I EffectManager: isSupportVolumeNormalizationOnCurrentAudioPath() : path is speaker (0)
07-30 20:23:24.549  8097  8097 I DVFSHelper: isNecessaryToBoostCPU() : isDolbyOn? false, isUHQUpscalerOn? false, isVoiceBoostOn? false, isVolumeNormalizationOn? false
07-30 20:23:24.549  8097  8097 I AudioPathManager: loadAudioPath() : loaded audio path is speaker (0)
07-30 20:23:24.549  8097  8097 I EffectManager: isSupportDolbyAtmosOnThisAudioPath() : path is speaker (0)
07-30 20:23:24.550  8097  8097 I EffectManager: isSupportDolbyAtmosOnThisAudioPath() : speaker type is stereo
07-30 20:23:24.550  8097  8097 I AudioPathManager: loadAudioPath() : loaded audio path is speaker (0)
07-30 20:23:24.550  8097  8097 I EffectManager: isSupportVolumeNormalizationOnCurrentAudioPath() : path is speaker (0)
07-30 20:23:24.550  8097  8097 I DVFSHelper: isNecessaryToBoostCPU() : isDolbyOn? false, isUHQUpscalerOn? false, isVoiceBoostOn? false, isVolumeNormalizationOn? false
07-30 20:23:25.534 31793 31840 I LibretroWrapper: Audio callback appel├⌐ #3600: frames=799, data=0x71e56e7140, initialized=1
07-30 20:23:25.535 31793 31840 W LibretroWrapper: Erreur audio: 7
07-30 20:23:25.552  8097  8097 I AudioPathManager: loadAudioPath() : loaded audio path is speaker (0)
07-30 20:23:25.552  8097  8097 I EffectManager: isSupportDolbyAtmosOnThisAudioPath() : path is speaker (0)
07-30 20:23:25.552  8097  8097 I EffectManager: isSupportDolbyAtmosOnThisAudioPath() : speaker type is stereo
07-30 20:23:25.552  8097  8097 I AudioPathManager: loadAudioPath() : loaded audio path is speaker (0)
07-30 20:23:25.552  8097  8097 I EffectManager: isSupportVolumeNormalizationOnCurrentAudioPath() : path is speaker (0)
07-30 20:23:25.552  8097  8097 I DVFSHelper: isNecessaryToBoostCPU() : isDolbyOn? false, isUHQUpscalerOn? false, isVoiceBoostOn? false, isVolumeNormalizationOn? false
07-30 20:23:25.992 31793 31839 I LibretroWrapper: Callback de maintenance appel├⌐ #700
07-30 20:23:25.992 31793 31839 I LibretroWrapper: Buffer de silence envoy├⌐ avec succ├¿s
07-30 20:23:26.555  8097  8097 I AudioPathManager: loadAudioPath() : loaded audio path is speaker (0)
07-30 20:23:26.555  8097  8097 I EffectManager: isSupportDolbyAtmosOnThisAudioPath() : path is speaker (0)
07-30 20:23:26.555  8097  8097 I EffectManager: isSupportDolbyAtmosOnThisAudioPath() : speaker type is stereo
07-30 20:23:26.555  8097  8097 I AudioPathManager: loadAudioPath() : loaded audio path is speaker (0)
07-30 20:23:26.555  8097  8097 I EffectManager: isSupportVolumeNormalizationOnCurrentAudioPath() : path is speaker (0)
07-30 20:23:26.555  8097  8097 I DVFSHelper: isNecessaryToBoostCPU() : isDolbyOn? false, isUHQUpscalerOn? false, isVoiceBoostOn? false, isVolumeNormalizationOn? false
07-30 20:23:26.556  8097  8097 I AudioPathManager: loadAudioPath() : loaded audio path is speaker (0)
07-30 20:23:26.556  8097  8097 I EffectManager: isSupportDolbyAtmosOnThisAudioPath() : path is speaker (0)
07-30 20:23:26.556  8097  8097 I EffectManager: isSupportDolbyAtmosOnThisAudioPath() : speaker type is stereo
07-30 20:23:26.556  8097  8097 I AudioPathManager: loadAudioPath() : loaded audio path is speaker (0)
07-30 20:23:26.556  8097  8097 I EffectManager: isSupportVolumeNormalizationOnCurrentAudioPath() : path is speaker (0)
07-30 20:23:26.557  8097  8097 I DVFSHelper: isNecessaryToBoostCPU() : isDolbyOn? false, isUHQUpscalerOn? false, isVoiceBoostOn? false, isVolumeNormalizationOn? false
07-30 20:23:26.714 31793 31840 I LibretroWrapper: FPS actuel: 56.0
07-30 20:23:27.325 31793 31840 I LibretroWrapper: Audio callback appel├⌐ #3700: frames=799, data=0x71e56e7140, initialized=1
07-30 20:23:27.325 31793 31840 W LibretroWrapper: Erreur audio: 7
07-30 20:23:27.559  8097  8097 I AudioPathManager: loadAudioPath() : loaded audio path is speaker (0)
07-30 20:23:27.559  8097  8097 I EffectManager: isSupportDolbyAtmosOnThisAudioPath() : path is speaker (0)
07-30 20:23:27.559  8097  8097 I EffectManager: isSupportDolbyAtmosOnThisAudioPath() : speaker type is stereo
07-30 20:23:27.559  8097  8097 I AudioPathManager: loadAudioPath() : loaded audio path is speaker (0)
07-30 20:23:27.559  8097  8097 I EffectManager: isSupportVolumeNormalizationOnCurrentAudioPath() : path is speaker (0)
07-30 20:23:27.559  8097  8097 I DVFSHelper: isNecessaryToBoostCPU() : isDolbyOn? false, isUHQUpscalerOn? false, isVoiceBoostOn? false, isVolumeNormalizationOn? false
07-30 20:23:28.561  8097  8097 I AudioPathManager: loadAudioPath() : loaded audio path is speaker (0)
07-30 20:23:28.561  8097  8097 I EffectManager: isSupportDolbyAtmosOnThisAudioPath() : path is speaker (0)
07-30 20:23:28.561  8097  8097 I EffectManager: isSupportDolbyAtmosOnThisAudioPath() : speaker type is stereo
07-30 20:23:28.561  8097  8097 I AudioPathManager: loadAudioPath() : loaded audio path is speaker (0)
07-30 20:23:28.561  8097  8097 I EffectManager: isSupportVolumeNormalizationOnCurrentAudioPath() : path is speaker (0)
07-30 20:23:28.561  8097  8097 I DVFSHelper: isNecessaryToBoostCPU() : isDolbyOn? false, isUHQUpscalerOn? false, isVoiceBoostOn? false, isVolumeNormalizationOn? false
07-30 20:23:28.563  8097  8097 I AudioPathManager: loadAudioPath() : loaded audio path is speaker (0)
07-30 20:23:28.563  8097  8097 I EffectManager: isSupportDolbyAtmosOnThisAudioPath() : path is speaker (0)
07-30 20:23:28.563  8097  8097 I EffectManager: isSupportDolbyAtmosOnThisAudioPath() : speaker type is stereo
07-30 20:23:28.563  8097  8097 I AudioPathManager: loadAudioPath() : loaded audio path is speaker (0)
07-30 20:23:28.563  8097  8097 I EffectManager: isSupportVolumeNormalizationOnCurrentAudioPath() : path is speaker (0)
07-30 20:23:28.563  8097  8097 I DVFSHelper: isNecessaryToBoostCPU() : isDolbyOn? false, isUHQUpscalerOn? false, isVoiceBoostOn? false, isVolumeNormalizationOn? false
07-30 20:23:29.113 31793 31840 I LibretroWrapper: Audio callback appel├⌐ #3800: frames=798, data=0x71e56e7140, initialized=1
07-30 20:23:29.113 31793 31840 W LibretroWrapper: Erreur audio: 7
07-30 20:23:29.565  8097  8097 I AudioPathManager: loadAudioPath() : loaded audio path is speaker (0)
07-30 20:23:29.565  8097  8097 I EffectManager: isSupportDolbyAtmosOnThisAudioPath() : path is speaker (0)
07-30 20:23:29.565  8097  8097 I EffectManager: isSupportDolbyAtmosOnThisAudioPath() : speaker type is stereo
07-30 20:23:29.565  8097  8097 I AudioPathManager: loadAudioPath() : loaded audio path is speaker (0)
07-30 20:23:29.565  8097  8097 I EffectManager: isSupportVolumeNormalizationOnCurrentAudioPath() : path is speaker (0)
07-30 20:23:29.565  8097  8097 I DVFSHelper: isNecessaryToBoostCPU() : isDolbyOn? false, isUHQUpscalerOn? false, isVoiceBoostOn? false, isVolumeNormalizationOn? false
07-30 20:23:30.568  8097  8097 I AudioPathManager: loadAudioPath() : loaded audio path is speaker (0)
07-30 20:23:30.568  8097  8097 I EffectManager: isSupportDolbyAtmosOnThisAudioPath() : path is speaker (0)
07-30 20:23:30.568  8097  8097 I EffectManager: isSupportDolbyAtmosOnThisAudioPath() : speaker type is stereo
07-30 20:23:30.568  8097  8097 I AudioPathManager: loadAudioPath() : loaded audio path is speaker (0)
07-30 20:23:30.568  8097  8097 I EffectManager: isSupportVolumeNormalizationOnCurrentAudioPath() : path is speaker (0)
07-30 20:23:30.568  8097  8097 I DVFSHelper: isNecessaryToBoostCPU() : isDolbyOn? false, isUHQUpscalerOn? false, isVoiceBoostOn? false, isVolumeNormalizationOn? false
07-30 20:23:30.573  8097  8097 I AudioPathManager: loadAudioPath() : loaded audio path is speaker (0)
07-30 20:23:30.573  8097  8097 I EffectManager: isSupportDolbyAtmosOnThisAudioPath() : path is speaker (0)
07-30 20:23:30.573  8097  8097 I EffectManager: isSupportDolbyAtmosOnThisAudioPath() : speaker type is stereo
07-30 20:23:30.574  8097  8097 I AudioPathManager: loadAudioPath() : loaded audio path is speaker (0)
07-30 20:23:30.574  8097  8097 I EffectManager: isSupportVolumeNormalizationOnCurrentAudioPath() : path is speaker (0)
07-30 20:23:30.574  8097  8097 I DVFSHelper: isNecessaryToBoostCPU() : isDolbyOn? false, isUHQUpscalerOn? false, isVoiceBoostOn? false, isVolumeNormalizationOn? false
07-30 20:23:30.632 31793 31839 I LibretroWrapper: Callback de maintenance appel├⌐ #750
07-30 20:23:30.633 31793 31839 I LibretroWrapper: Buffer de silence envoy├⌐ avec succ├¿s
07-30 20:23:30.899 31793 31840 I LibretroWrapper: Audio callback appel├⌐ #3900: frames=799, data=0x71e56e7140, initialized=1
07-30 20:23:30.899 31793 31840 W LibretroWrapper: Erreur audio: 7
07-30 20:23:31.576  8097  8097 I AudioPathManager: loadAudioPath() : loaded audio path is speaker (0)
07-30 20:23:31.576  8097  8097 I EffectManager: isSupportDolbyAtmosOnThisAudioPath() : path is speaker (0)
07-30 20:23:31.576  8097  8097 I EffectManager: isSupportDolbyAtmosOnThisAudioPath() : speaker type is stereo
07-30 20:23:31.576  8097  8097 I AudioPathManager: loadAudioPath() : loaded audio path is speaker (0)
07-30 20:23:31.576  8097  8097 I EffectManager: isSupportVolumeNormalizationOnCurrentAudioPath() : path is speaker (0)
07-30 20:23:31.576  8097  8097 I DVFSHelper: isNecessaryToBoostCPU() : isDolbyOn? false, isUHQUpscalerOn? false, isVoiceBoostOn? false, isVolumeNormalizationOn? false
07-30 20:23:31.721 31793 31840 I LibretroWrapper: FPS actuel: 55.9
07-30 20:23:31.732  1525  2648 I WifiConnectivityMonitor: determineMode : MODE_NON_SWITCHABLE_BY_POOR_NETWORK_DETECTION_DISABLED
07-30 20:23:31.733  1525  3889 D WifiProfileShare: network score provider settings enabled
07-30 20:23:31.734  1525  3889 I [MCFSDK_android_1.2.27006]_4_McfCasterImpl: isNetworkEnabled - type : 1 ret : true
07-30 20:23:31.734  1525  3889 D WifiProfileShare.McfCast: -ME--- mIsNetworkEnabled :true
07-30 20:23:31.734  1525  3889 I [MCFSDK_android_1.2.27006]_4_McfCasterImpl: isNetworkEnabled - type : 1 ret : true
07-30 20:23:31.734  1525  3889 D WifiProfileShare.McfCast: -ME--- mIsNetworkEnabled :true
07-30 20:23:31.747  7413 31888 I MagicTether: (REDACTED) [TetherService] setRoles hasActiveNetworkConnection=%s canActiveNetworkBeTethered=%s isConnectedToInstantTether=%s isWifiEnabled=%s isHosting=%s
07-30 20:23:31.751  7413  7413 I MagicTether: (REDACTED) [TidepoolFeatureStatusManager] isInstantHotspotEnabled=%s
07-30 20:23:32.580  8097  8097 I AudioPathManager: loadAudioPath() : loaded audio path is speaker (0)
07-30 20:23:32.580  8097  8097 I EffectManager: isSupportDolbyAtmosOnThisAudioPath() : path is speaker (0)
07-30 20:23:32.580  8097  8097 I EffectManager: isSupportDolbyAtmosOnThisAudioPath() : speaker type is stereo
07-30 20:23:32.580  8097  8097 I AudioPathManager: loadAudioPath() : loaded audio path is speaker (0)
07-30 20:23:32.580  8097  8097 I EffectManager: isSupportVolumeNormalizationOnCurrentAudioPath() : path is speaker (0)
07-30 20:23:32.580  8097  8097 I DVFSHelper: isNecessaryToBoostCPU() : isDolbyOn? false, isUHQUpscalerOn? false, isVoiceBoostOn? false, isVolumeNormalizationOn? false
07-30 20:23:32.582  8097  8097 I AudioPathManager: loadAudioPath() : loaded audio path is speaker (0)
07-30 20:23:32.582  8097  8097 I EffectManager: isSupportDolbyAtmosOnThisAudioPath() : path is speaker (0)
07-30 20:23:32.582  8097  8097 I EffectManager: isSupportDolbyAtmosOnThisAudioPath() : speaker type is stereo
07-30 20:23:32.582  8097  8097 I AudioPathManager: loadAudioPath() : loaded audio path is speaker (0)
07-30 20:23:32.582  8097  8097 I EffectManager: isSupportVolumeNormalizationOnCurrentAudioPath() : path is speaker (0)
07-30 20:23:32.582  8097  8097 I DVFSHelper: isNecessaryToBoostCPU() : isDolbyOn? false, isUHQUpscalerOn? false, isVoiceBoostOn? false, isVolumeNormalizationOn? false
07-30 20:23:32.691 31793 31840 I LibretroWrapper: Audio callback appel├⌐ #4000: frames=798, data=0x71e56e7140, initialized=1
07-30 20:23:32.691 31793 31840 W LibretroWrapper: Erreur audio: 7
07-30 20:23:33.585  8097  8097 I AudioPathManager: loadAudioPath() : loaded audio path is speaker (0)
07-30 20:23:33.585  8097  8097 I EffectManager: isSupportDolbyAtmosOnThisAudioPath() : path is speaker (0)
07-30 20:23:33.585  8097  8097 I EffectManager: isSupportDolbyAtmosOnThisAudioPath() : speaker type is stereo
07-30 20:23:33.585  8097  8097 I AudioPathManager: loadAudioPath() : loaded audio path is speaker (0)
07-30 20:23:33.586  8097  8097 I EffectManager: isSupportVolumeNormalizationOnCurrentAudioPath() : path is speaker (0)
07-30 20:23:33.586  8097  8097 I DVFSHelper: isNecessaryToBoostCPU() : isDolbyOn? false, isUHQUpscalerOn? false, isVoiceBoostOn? false, isVolumeNormalizationOn? false
07-30 20:23:34.479 31793 31840 I LibretroWrapper: Audio callback appel├⌐ #4100: frames=799, data=0x71e56e7140, initialized=1
07-30 20:23:34.479 31793 31840 W LibretroWrapper: Erreur audio: 7
07-30 20:23:34.588  8097  8097 I AudioPathManager: loadAudioPath() : loaded audio path is speaker (0)
07-30 20:23:34.588  8097  8097 I EffectManager: isSupportDolbyAtmosOnThisAudioPath() : path is speaker (0)
07-30 20:23:34.588  8097  8097 I EffectManager: isSupportDolbyAtmosOnThisAudioPath() : speaker type is stereo
07-30 20:23:34.588  8097  8097 I AudioPathManager: loadAudioPath() : loaded audio path is speaker (0)
07-30 20:23:34.588  8097  8097 I EffectManager: isSupportVolumeNormalizationOnCurrentAudioPath() : path is speaker (0)
07-30 20:23:34.588  8097  8097 I DVFSHelper: isNecessaryToBoostCPU() : isDolbyOn? false, isUHQUpscalerOn? false, isVoiceBoostOn? false, isVolumeNormalizationOn? false
07-30 20:23:34.589  8097  8097 I AudioPathManager: loadAudioPath() : loaded audio path is speaker (0)
07-30 20:23:34.590  8097  8097 I EffectManager: isSupportDolbyAtmosOnThisAudioPath() : path is speaker (0)
07-30 20:23:34.590  8097  8097 I EffectManager: isSupportDolbyAtmosOnThisAudioPath() : speaker type is stereo
07-30 20:23:34.590  8097  8097 I AudioPathManager: loadAudioPath() : loaded audio path is speaker (0)
07-30 20:23:34.590  8097  8097 I EffectManager: isSupportVolumeNormalizationOnCurrentAudioPath() : path is speaker (0)
07-30 20:23:34.590  8097  8097 I DVFSHelper: isNecessaryToBoostCPU() : isDolbyOn? false, isUHQUpscalerOn? false, isVoiceBoostOn? false, isVolumeNormalizationOn? false
07-30 20:23:35.212 31793 31839 I LibretroWrapper: Callback de maintenance appel├⌐ #800
07-30 20:23:35.212 31793 31839 I LibretroWrapper: Buffer de silence envoy├⌐ avec succ├¿s
07-30 20:23:35.426  1525  4695 V AS.AudioDeviceBroker: requestedCommunicationDevice: null mAudioModeOwner: AudioModeInfo: mMode=MODE_NORMAL, mPid=0, mUid=0
