07-30 20:24:54.978  8097  8097 I EffectManager: isSupportVolumeNormalizationOnCurrentAudioPath() : path is speaker (0)
07-30 20:24:54.978  8097  8097 I DVFSHelper: isNecessaryToBoostCPU() : isDolbyOn? false, isUHQUpscalerOn? false, isVoiceBoostOn? false, isVolumeNormalizationOn? false
07-30 20:24:55.980  8097  8097 I AudioPathManager: loadAudioPath() : loaded audio path is speaker (0)
07-30 20:24:55.980  8097  8097 I EffectManager: isSupportDolbyAtmosOnThisAudioPath() : path is speaker (0)
07-30 20:24:55.980  8097  8097 I EffectManager: isSupportDolbyAtmosOnThisAudioPath() : speaker type is stereo
07-30 20:24:55.981  8097  8097 I AudioPathManager: loadAudioPath() : loaded audio path is speaker (0)
07-30 20:24:55.981  8097  8097 I EffectManager: isSupportVolumeNormalizationOnCurrentAudioPath() : path is speaker (0)
07-30 20:24:55.981  8097  8097 I DVFSHelper: isNecessaryToBoostCPU() : isDolbyOn? false, isUHQUpscalerOn? false, isVoiceBoostOn? false, isVolumeNormalizationOn? false
07-30 20:24:56.699 31793 31840 I LibretroWrapper: Audio callback appel├⌐ #8700: frames=798, data=0x71e56e7140, initialized=1
07-30 20:24:56.699 31793 31840 W LibretroWrapper: Erreur audio: 7
07-30 20:24:56.860 31793 31840 I LibretroWrapper: FPS actuel: 56.1
07-30 20:24:56.983  8097  8097 I AudioPathManager: loadAudioPath() : loaded audio path is speaker (0)
07-30 20:24:56.983  8097  8097 I EffectManager: isSupportDolbyAtmosOnThisAudioPath() : path is speaker (0)
07-30 20:24:56.983  8097  8097 I EffectManager: isSupportDolbyAtmosOnThisAudioPath() : speaker type is stereo
07-30 20:24:56.983  8097  8097 I AudioPathManager: loadAudioPath() : loaded audio path is speaker (0)
07-30 20:24:56.983  8097  8097 I EffectManager: isSupportVolumeNormalizationOnCurrentAudioPath() : path is speaker (0)
07-30 20:24:56.983  8097  8097 I DVFSHelper: isNecessaryToBoostCPU() : isDolbyOn? false, isUHQUpscalerOn? false, isVoiceBoostOn? false, isVolumeNormalizationOn? false
07-30 20:24:56.987  8097  8097 I AudioPathManager: loadAudioPath() : loaded audio path is speaker (0)
07-30 20:24:56.987  8097  8097 I EffectManager: isSupportDolbyAtmosOnThisAudioPath() : path is speaker (0)
07-30 20:24:56.987  8097  8097 I EffectManager: isSupportDolbyAtmosOnThisAudioPath() : speaker type is stereo
07-30 20:24:56.987  8097  8097 I AudioPathManager: loadAudioPath() : loaded audio path is speaker (0)
07-30 20:24:56.987  8097  8097 I EffectManager: isSupportVolumeNormalizationOnCurrentAudioPath() : path is speaker (0)
07-30 20:24:56.988  8097  8097 I DVFSHelper: isNecessaryToBoostCPU() : isDolbyOn? false, isUHQUpscalerOn? false, isVoiceBoostOn? false, isVolumeNormalizationOn? false
07-30 20:24:57.531 31793 31839 I LibretroWrapper: Callback de maintenance appel├⌐ #1700
07-30 20:24:57.531 31793 31839 I LibretroWrapper: Buffer de silence envoy├⌐ avec succ├¿s
07-30 20:24:57.991  8097  8097 I AudioPathManager: loadAudioPath() : loaded audio path is speaker (0)
07-30 20:24:57.991  8097  8097 I EffectManager: isSupportDolbyAtmosOnThisAudioPath() : path is speaker (0)
07-30 20:24:57.991  8097  8097 I EffectManager: isSupportDolbyAtmosOnThisAudioPath() : speaker type is stereo
07-30 20:24:57.991  8097  8097 I AudioPathManager: loadAudioPath() : loaded audio path is speaker (0)
07-30 20:24:57.991  8097  8097 I EffectManager: isSupportVolumeNormalizationOnCurrentAudioPath() : path is speaker (0)
07-30 20:24:57.991  8097  8097 I DVFSHelper: isNecessaryToBoostCPU() : isDolbyOn? false, isUHQUpscalerOn? false, isVoiceBoostOn? false, isVolumeNormalizationOn? false
07-30 20:24:58.484 31793 31840 I LibretroWrapper: Audio callback appel├⌐ #8800: frames=798, data=0x71e56e7140, initialized=1
07-30 20:24:58.484 31793 31840 W LibretroWrapper: Erreur audio: 7
07-30 20:24:58.993  8097  8097 I AudioPathManager: loadAudioPath() : loaded audio path is speaker (0)
07-30 20:24:58.993  8097  8097 I EffectManager: isSupportDolbyAtmosOnThisAudioPath() : path is speaker (0)
07-30 20:24:58.993  8097  8097 I EffectManager: isSupportDolbyAtmosOnThisAudioPath() : speaker type is stereo
07-30 20:24:58.993  8097  8097 I AudioPathManager: loadAudioPath() : loaded audio path is speaker (0)
07-30 20:24:58.993  8097  8097 I EffectManager: isSupportVolumeNormalizationOnCurrentAudioPath() : path is speaker (0)
07-30 20:24:58.993  8097  8097 I DVFSHelper: isNecessaryToBoostCPU() : isDolbyOn? false, isUHQUpscalerOn? false, isVoiceBoostOn? false, isVolumeNormalizationOn? false
07-30 20:24:59.001  8097  8097 I AudioPathManager: loadAudioPath() : loaded audio path is speaker (0)
07-30 20:24:59.001  8097  8097 I EffectManager: isSupportDolbyAtmosOnThisAudioPath() : path is speaker (0)
07-30 20:24:59.001  8097  8097 I EffectManager: isSupportDolbyAtmosOnThisAudioPath() : speaker type is stereo
07-30 20:24:59.001  8097  8097 I AudioPathManager: loadAudioPath() : loaded audio path is speaker (0)
07-30 20:24:59.001  8097  8097 I EffectManager: isSupportVolumeNormalizationOnCurrentAudioPath() : path is speaker (0)
07-30 20:24:59.001  8097  8097 I DVFSHelper: isNecessaryToBoostCPU() : isDolbyOn? false, isUHQUpscalerOn? false, isVoiceBoostOn? false, isVolumeNormalizationOn? false
07-30 20:25:00.006  8097  8097 I AudioPathManager: loadAudioPath() : loaded audio path is speaker (0)
07-30 20:25:00.006  8097  8097 I EffectManager: isSupportDolbyAtmosOnThisAudioPath() : path is speaker (0)
07-30 20:25:00.006  8097  8097 I EffectManager: isSupportDolbyAtmosOnThisAudioPath() : speaker type is stereo
07-30 20:25:00.006  8097  8097 I AudioPathManager: loadAudioPath() : loaded audio path is speaker (0)
07-30 20:25:00.006  8097  8097 I EffectManager: isSupportVolumeNormalizationOnCurrentAudioPath() : path is speaker (0)
07-30 20:25:00.006  8097  8097 I DVFSHelper: isNecessaryToBoostCPU() : isDolbyOn? false, isUHQUpscalerOn? false, isVoiceBoostOn? false, isVolumeNormalizationOn? false
07-30 20:25:00.278 31793 31840 I LibretroWrapper: Audio callback appel├⌐ #8900: frames=799, data=0x71e56e7140, initialized=1
07-30 20:25:00.278 31793 31840 W LibretroWrapper: Erreur audio: 7
07-30 20:25:01.008  8097  8097 I AudioPathManager: loadAudioPath() : loaded audio path is speaker (0)
07-30 20:25:01.008  8097  8097 I EffectManager: isSupportDolbyAtmosOnThisAudioPath() : path is speaker (0)
07-30 20:25:01.008  8097  8097 I EffectManager: isSupportDolbyAtmosOnThisAudioPath() : speaker type is stereo
07-30 20:25:01.008  8097  8097 I AudioPathManager: loadAudioPath() : loaded audio path is speaker (0)
07-30 20:25:01.009  8097  8097 I EffectManager: isSupportVolumeNormalizationOnCurrentAudioPath() : path is speaker (0)
07-30 20:25:01.009  8097  8097 I DVFSHelper: isNecessaryToBoostCPU() : isDolbyOn? false, isUHQUpscalerOn? false, isVoiceBoostOn? false, isVolumeNormalizationOn? false
07-30 20:25:01.010  8097  8097 I AudioPathManager: loadAudioPath() : loaded audio path is speaker (0)
07-30 20:25:01.010  8097  8097 I EffectManager: isSupportDolbyAtmosOnThisAudioPath() : path is speaker (0)
07-30 20:25:01.011  8097  8097 I EffectManager: isSupportDolbyAtmosOnThisAudioPath() : speaker type is stereo
07-30 20:25:01.011  8097  8097 I AudioPathManager: loadAudioPath() : loaded audio path is speaker (0)
07-30 20:25:01.011  8097  8097 I EffectManager: isSupportVolumeNormalizationOnCurrentAudioPath() : path is speaker (0)
07-30 20:25:01.011  8097  8097 I DVFSHelper: isNecessaryToBoostCPU() : isDolbyOn? false, isUHQUpscalerOn? false, isVoiceBoostOn? false, isVolumeNormalizationOn? false
07-30 20:25:01.871 31793 31840 I LibretroWrapper: FPS actuel: 55.9
07-30 20:25:02.013  8097  8097 I AudioPathManager: loadAudioPath() : loaded audio path is speaker (0)
07-30 20:25:02.013  8097  8097 I EffectManager: isSupportDolbyAtmosOnThisAudioPath() : path is speaker (0)
07-30 20:25:02.013  8097  8097 I EffectManager: isSupportDolbyAtmosOnThisAudioPath() : speaker type is stereo
07-30 20:25:02.013  8097  8097 I AudioPathManager: loadAudioPath() : loaded audio path is speaker (0)
07-30 20:25:02.013  8097  8097 I EffectManager: isSupportVolumeNormalizationOnCurrentAudioPath() : path is speaker (0)
07-30 20:25:02.013  8097  8097 I DVFSHelper: isNecessaryToBoostCPU() : isDolbyOn? false, isUHQUpscalerOn? false, isVoiceBoostOn? false, isVolumeNormalizationOn? false
07-30 20:25:02.068 31793 31840 I LibretroWrapper: Audio callback appel├⌐ #9000: frames=799, data=0x71e56e7140, initialized=1
07-30 20:25:02.068 31793 31840 W LibretroWrapper: Erreur audio: 7
07-30 20:25:02.090 31793 31839 I LibretroWrapper: Callback de maintenance appel├⌐ #1750
07-30 20:25:02.090 31793 31839 I LibretroWrapper: Buffer de silence envoy├⌐ avec succ├¿s
07-30 20:25:02.256  1525  3889 D WifiProfileShare: network score provider settings enabled
07-30 20:25:02.262  1525  3889 I [MCFSDK_android_1.2.27006]_4_McfCasterImpl: isNetworkEnabled - type : 1 ret : true
07-30 20:25:02.262  1525  3889 D WifiProfileShare.McfCast: -ME--- mIsNetworkEnabled :true
07-30 20:25:02.267  1525  3889 I [MCFSDK_android_1.2.27006]_4_McfCasterImpl: isNetworkEnabled - type : 1 ret : true
07-30 20:25:02.267  1525  3889 D WifiProfileShare.McfCast: -ME--- mIsNetworkEnabled :true
07-30 20:25:03.022  8097  8097 I AudioPathManager: loadAudioPath() : loaded audio path is speaker (0)
07-30 20:25:03.023  8097  8097 I EffectManager: isSupportDolbyAtmosOnThisAudioPath() : path is speaker (0)
07-30 20:25:03.023  8097  8097 I EffectManager: isSupportDolbyAtmosOnThisAudioPath() : speaker type is stereo
07-30 20:25:03.023  8097  8097 I AudioPathManager: loadAudioPath() : loaded audio path is speaker (0)
07-30 20:25:03.023  8097  8097 I EffectManager: isSupportVolumeNormalizationOnCurrentAudioPath() : path is speaker (0)
07-30 20:25:03.023  8097  8097 I DVFSHelper: isNecessaryToBoostCPU() : isDolbyOn? false, isUHQUpscalerOn? false, isVoiceBoostOn? false, isVolumeNormalizationOn? false
07-30 20:25:03.032  8097  8097 I AudioPathManager: loadAudioPath() : loaded audio path is speaker (0)
07-30 20:25:03.032  8097  8097 I EffectManager: isSupportDolbyAtmosOnThisAudioPath() : path is speaker (0)
07-30 20:25:03.032  8097  8097 I EffectManager: isSupportDolbyAtmosOnThisAudioPath() : speaker type is stereo
07-30 20:25:03.032  8097  8097 I AudioPathManager: loadAudioPath() : loaded audio path is speaker (0)
07-30 20:25:03.032  8097  8097 I EffectManager: isSupportVolumeNormalizationOnCurrentAudioPath() : path is speaker (0)
07-30 20:25:03.032  8097  8097 I DVFSHelper: isNecessaryToBoostCPU() : isDolbyOn? false, isUHQUpscalerOn? false, isVoiceBoostOn? false, isVolumeNormalizationOn? false
07-30 20:25:03.852 31793 31840 I LibretroWrapper: Audio callback appel├⌐ #9100: frames=799, data=0x71e56e7140, initialized=1
07-30 20:25:03.852 31793 31840 W LibretroWrapper: Erreur audio: 7
07-30 20:25:04.035  8097  8097 I AudioPathManager: loadAudioPath() : loaded audio path is speaker (0)
07-30 20:25:04.035  8097  8097 I EffectManager: isSupportDolbyAtmosOnThisAudioPath() : path is speaker (0)
07-30 20:25:04.035  8097  8097 I EffectManager: isSupportDolbyAtmosOnThisAudioPath() : speaker type is stereo
07-30 20:25:04.036  8097  8097 I AudioPathManager: loadAudioPath() : loaded audio path is speaker (0)
07-30 20:25:04.036  8097  8097 I EffectManager: isSupportVolumeNormalizationOnCurrentAudioPath() : path is speaker (0)
07-30 20:25:04.036  8097  8097 I DVFSHelper: isNecessaryToBoostCPU() : isDolbyOn? false, isUHQUpscalerOn? false, isVoiceBoostOn? false, isVolumeNormalizationOn? false
07-30 20:25:05.038  8097  8097 I AudioPathManager: loadAudioPath() : loaded audio path is speaker (0)
07-30 20:25:05.038  8097  8097 I EffectManager: isSupportDolbyAtmosOnThisAudioPath() : path is speaker (0)
07-30 20:25:05.038  8097  8097 I EffectManager: isSupportDolbyAtmosOnThisAudioPath() : speaker type is stereo
07-30 20:25:05.038  8097  8097 I AudioPathManager: loadAudioPath() : loaded audio path is speaker (0)
07-30 20:25:05.038  8097  8097 I EffectManager: isSupportVolumeNormalizationOnCurrentAudioPath() : path is speaker (0)
07-30 20:25:05.038  8097  8097 I DVFSHelper: isNecessaryToBoostCPU() : isDolbyOn? false, isUHQUpscalerOn? false, isVoiceBoostOn? false, isVolumeNormalizationOn? false
07-30 20:25:05.039  8097  8097 I AudioPathManager: loadAudioPath() : loaded audio path is speaker (0)
07-30 20:25:05.039  8097  8097 I EffectManager: isSupportDolbyAtmosOnThisAudioPath() : path is speaker (0)
07-30 20:25:05.039  8097  8097 I EffectManager: isSupportDolbyAtmosOnThisAudioPath() : speaker type is stereo
07-30 20:25:05.040  8097  8097 I AudioPathManager: loadAudioPath() : loaded audio path is speaker (0)
07-30 20:25:05.040  8097  8097 I EffectManager: isSupportVolumeNormalizationOnCurrentAudioPath() : path is speaker (0)
07-30 20:25:05.040  8097  8097 I DVFSHelper: isNecessaryToBoostCPU() : isDolbyOn? false, isUHQUpscalerOn? false, isVoiceBoostOn? false, isVolumeNormalizationOn? false
07-30 20:25:05.641 31793 31840 I LibretroWrapper: Audio callback appel├⌐ #9200: frames=799, data=0x71e56e7140, initialized=1
07-30 20:25:05.641 31793 31840 W LibretroWrapper: Erreur audio: 7
07-30 20:25:06.043  8097  8097 I AudioPathManager: loadAudioPath() : loaded audio path is speaker (0)
07-30 20:25:06.044  8097  8097 I EffectManager: isSupportDolbyAtmosOnThisAudioPath() : path is speaker (0)
07-30 20:25:06.044  8097  8097 I EffectManager: isSupportDolbyAtmosOnThisAudioPath() : speaker type is stereo
07-30 20:25:06.044  8097  8097 I AudioPathManager: loadAudioPath() : loaded audio path is speaker (0)
07-30 20:25:06.044  8097  8097 I EffectManager: isSupportVolumeNormalizationOnCurrentAudioPath() : path is speaker (0)
07-30 20:25:06.044  8097  8097 I DVFSHelper: isNecessaryToBoostCPU() : isDolbyOn? false, isUHQUpscalerOn? false, isVoiceBoostOn? false, isVolumeNormalizationOn? false
07-30 20:25:06.671 31793 31839 I LibretroWrapper: Callback de maintenance appel├⌐ #1800
07-30 20:25:06.671 31793 31839 I LibretroWrapper: Buffer de silence envoy├⌐ avec succ├¿s
07-30 20:25:06.874 31793 31840 I LibretroWrapper: FPS actuel: 56.0
07-30 20:25:07.046  8097  8097 I AudioPathManager: loadAudioPath() : loaded audio path is speaker (0)
07-30 20:25:07.046  8097  8097 I EffectManager: isSupportDolbyAtmosOnThisAudioPath() : path is speaker (0)
07-30 20:25:07.046  8097  8097 I EffectManager: isSupportDolbyAtmosOnThisAudioPath() : speaker type is stereo
07-30 20:25:07.046  8097  8097 I AudioPathManager: loadAudioPath() : loaded audio path is speaker (0)
07-30 20:25:07.046  8097  8097 I EffectManager: isSupportVolumeNormalizationOnCurrentAudioPath() : path is speaker (0)
07-30 20:25:07.046  8097  8097 I DVFSHelper: isNecessaryToBoostCPU() : isDolbyOn? false, isUHQUpscalerOn? false, isVoiceBoostOn? false, isVolumeNormalizationOn? false
07-30 20:25:07.054  8097  8097 I AudioPathManager: loadAudioPath() : loaded audio path is speaker (0)
07-30 20:25:07.054  8097  8097 I EffectManager: isSupportDolbyAtmosOnThisAudioPath() : path is speaker (0)
07-30 20:25:07.054  8097  8097 I EffectManager: isSupportDolbyAtmosOnThisAudioPath() : speaker type is stereo
07-30 20:25:07.054  8097  8097 I AudioPathManager: loadAudioPath() : loaded audio path is speaker (0)
07-30 20:25:07.054  8097  8097 I EffectManager: isSupportVolumeNormalizationOnCurrentAudioPath() : path is speaker (0)
07-30 20:25:07.054  8097  8097 I DVFSHelper: isNecessaryToBoostCPU() : isDolbyOn? false, isUHQUpscalerOn? false, isVoiceBoostOn? false, isVolumeNormalizationOn? false
07-30 20:25:07.430 31793 31840 I LibretroWrapper: Audio callback appel├⌐ #9300: frames=799, data=0x71e56e7140, initialized=1
07-30 20:25:07.430 31793 31840 W LibretroWrapper: Erreur audio: 7
07-30 20:25:08.057  8097  8097 I AudioPathManager: loadAudioPath() : loaded audio path is speaker (0)
07-30 20:25:08.057  8097  8097 I EffectManager: isSupportDolbyAtmosOnThisAudioPath() : path is speaker (0)
07-30 20:25:08.057  8097  8097 I EffectManager: isSupportDolbyAtmosOnThisAudioPath() : speaker type is stereo
07-30 20:25:08.057  8097  8097 I AudioPathManager: loadAudioPath() : loaded audio path is speaker (0)
07-30 20:25:08.057  8097  8097 I EffectManager: isSupportVolumeNormalizationOnCurrentAudioPath() : path is speaker (0)
07-30 20:25:08.057  8097  8097 I DVFSHelper: isNecessaryToBoostCPU() : isDolbyOn? false, isUHQUpscalerOn? false, isVoiceBoostOn? false, isVolumeNormalizationOn? false
07-30 20:25:09.059  8097  8097 I AudioPathManager: loadAudioPath() : loaded audio path is speaker (0)
07-30 20:25:09.059  8097  8097 I EffectManager: isSupportDolbyAtmosOnThisAudioPath() : path is speaker (0)
07-30 20:25:09.059  8097  8097 I EffectManager: isSupportDolbyAtmosOnThisAudioPath() : speaker type is stereo
07-30 20:25:09.059  8097  8097 I AudioPathManager: loadAudioPath() : loaded audio path is speaker (0)
07-30 20:25:09.059  8097  8097 I EffectManager: isSupportVolumeNormalizationOnCurrentAudioPath() : path is speaker (0)
07-30 20:25:09.059  8097  8097 I DVFSHelper: isNecessaryToBoostCPU() : isDolbyOn? false, isUHQUpscalerOn? false, isVoiceBoostOn? false, isVolumeNormalizationOn? false
07-30 20:25:09.062  8097  8097 I AudioPathManager: loadAudioPath() : loaded audio path is speaker (0)
07-30 20:25:09.062  8097  8097 I EffectManager: isSupportDolbyAtmosOnThisAudioPath() : path is speaker (0)
07-30 20:25:09.064  8097  8097 I EffectManager: isSupportDolbyAtmosOnThisAudioPath() : speaker type is stereo
07-30 20:25:09.064  8097  8097 I AudioPathManager: loadAudioPath() : loaded audio path is speaker (0)
07-30 20:25:09.064  8097  8097 I EffectManager: isSupportVolumeNormalizationOnCurrentAudioPath() : path is speaker (0)
07-30 20:25:09.064  8097  8097 I DVFSHelper: isNecessaryToBoostCPU() : isDolbyOn? false, isUHQUpscalerOn? false, isVoiceBoostOn? false, isVolumeNormalizationOn? false
07-30 20:25:09.212 31793 31840 I LibretroWrapper: Audio callback appel├⌐ #9400: frames=798, data=0x71e56e7140, initialized=1
07-30 20:25:09.212 31793 31840 W LibretroWrapper: Erreur audio: 7
07-30 20:25:09.227 28082 28122 V CpEventLog(u0): cp_state: [                      etc = {binders=0, country_iso=CA, version=15.4.34, db_version=1901, csc=CAN/RWC, sec_enabled=false, is_roaming=false} ]
07-30 20:25:10.067  8097  8097 I AudioPathManager: loadAudioPath() : loaded audio path is speaker (0)
07-30 20:25:10.067  8097  8097 I EffectManager: isSupportDolbyAtmosOnThisAudioPath() : path is speaker (0)
07-30 20:25:10.067  8097  8097 I EffectManager: isSupportDolbyAtmosOnThisAudioPath() : speaker type is stereo
07-30 20:25:10.067  8097  8097 I AudioPathManager: loadAudioPath() : loaded audio path is speaker (0)
07-30 20:25:10.067  8097  8097 I EffectManager: isSupportVolumeNormalizationOnCurrentAudioPath() : path is speaker (0)
07-30 20:25:10.067  8097  8097 I DVFSHelper: isNecessaryToBoostCPU() : isDolbyOn? false, isUHQUpscalerOn? false, isVoiceBoostOn? false, isVolumeNormalizationOn? false
07-30 20:25:10.998 31793 31840 I LibretroWrapper: Audio callback appel├⌐ #9500: frames=799, data=0x71e56e7140, initialized=1
07-30 20:25:10.998 31793 31840 W LibretroWrapper: Erreur audio: 7
07-30 20:25:11.069  8097  8097 I AudioPathManager: loadAudioPath() : loaded audio path is speaker (0)
07-30 20:25:11.069  8097  8097 I EffectManager: isSupportDolbyAtmosOnThisAudioPath() : path is speaker (0)
07-30 20:25:11.069  8097  8097 I EffectManager: isSupportDolbyAtmosOnThisAudioPath() : speaker type is stereo
07-30 20:25:11.069  8097  8097 I AudioPathManager: loadAudioPath() : loaded audio path is speaker (0)
07-30 20:25:11.069  8097  8097 I EffectManager: isSupportVolumeNormalizationOnCurrentAudioPath() : path is speaker (0)
07-30 20:25:11.069  8097  8097 I DVFSHelper: isNecessaryToBoostCPU() : isDolbyOn? false, isUHQUpscalerOn? false, isVoiceBoostOn? false, isVolumeNormalizationOn? false
07-30 20:25:11.072  8097  8097 I AudioPathManager: loadAudioPath() : loaded audio path is speaker (0)
07-30 20:25:11.073  8097  8097 I EffectManager: isSupportDolbyAtmosOnThisAudioPath() : path is speaker (0)
07-30 20:25:11.073  8097  8097 I EffectManager: isSupportDolbyAtmosOnThisAudioPath() : speaker type is stereo
07-30 20:25:11.073  8097  8097 I AudioPathManager: loadAudioPath() : loaded audio path is speaker (0)
07-30 20:25:11.073  8097  8097 I EffectManager: isSupportVolumeNormalizationOnCurrentAudioPath() : path is speaker (0)
07-30 20:25:11.073  8097  8097 I DVFSHelper: isNecessaryToBoostCPU() : isDolbyOn? false, isUHQUpscalerOn? false, isVoiceBoostOn? false, isVolumeNormalizationOn? false
07-30 20:25:11.170 31793 31839 I LibretroWrapper: Callback de maintenance appel├⌐ #1850
07-30 20:25:11.170 31793 31839 I LibretroWrapper: Buffer de silence envoy├⌐ avec succ├¿s
07-30 20:25:11.891 31793 31840 I LibretroWrapper: FPS actuel: 56.0
07-30 20:25:12.075  8097  8097 I AudioPathManager: loadAudioPath() : loaded audio path is speaker (0)
07-30 20:25:12.075  8097  8097 I EffectManager: isSupportDolbyAtmosOnThisAudioPath() : path is speaker (0)
07-30 20:25:12.075  8097  8097 I EffectManager: isSupportDolbyAtmosOnThisAudioPath() : speaker type is stereo
07-30 20:25:12.075  8097  8097 I AudioPathManager: loadAudioPath() : loaded audio path is speaker (0)
07-30 20:25:12.075  8097  8097 I EffectManager: isSupportVolumeNormalizationOnCurrentAudioPath() : path is speaker (0)
07-30 20:25:12.075  8097  8097 I DVFSHelper: isNecessaryToBoostCPU() : isDolbyOn? false, isUHQUpscalerOn? false, isVoiceBoostOn? false, isVolumeNormalizationOn? false
07-30 20:25:12.783 31793 31840 I LibretroWrapper: Audio callback appel├⌐ #9600: frames=799, data=0x71e56e7140, initialized=1
07-30 20:25:12.783 31793 31840 W LibretroWrapper: Erreur audio: 7
07-30 20:25:13.077  8097  8097 I AudioPathManager: loadAudioPath() : loaded audio path is speaker (0)
07-30 20:25:13.077  8097  8097 I EffectManager: isSupportDolbyAtmosOnThisAudioPath() : path is speaker (0)
07-30 20:25:13.077  8097  8097 I EffectManager: isSupportDolbyAtmosOnThisAudioPath() : speaker type is stereo
07-30 20:25:13.078  8097  8097 I AudioPathManager: loadAudioPath() : loaded audio path is speaker (0)
07-30 20:25:13.078  8097  8097 I EffectManager: isSupportVolumeNormalizationOnCurrentAudioPath() : path is speaker (0)
07-30 20:25:13.078  8097  8097 I DVFSHelper: isNecessaryToBoostCPU() : isDolbyOn? false, isUHQUpscalerOn? false, isVoiceBoostOn? false, isVolumeNormalizationOn? false
07-30 20:25:13.079  8097  8097 I AudioPathManager: loadAudioPath() : loaded audio path is speaker (0)
07-30 20:25:13.079  8097  8097 I EffectManager: isSupportDolbyAtmosOnThisAudioPath() : path is speaker (0)
07-30 20:25:13.079  8097  8097 I EffectManager: isSupportDolbyAtmosOnThisAudioPath() : speaker type is stereo
07-30 20:25:13.079  8097  8097 I AudioPathManager: loadAudioPath() : loaded audio path is speaker (0)
07-30 20:25:13.079  8097  8097 I EffectManager: isSupportVolumeNormalizationOnCurrentAudioPath() : path is speaker (0)
07-30 20:25:13.079  8097  8097 I DVFSHelper: isNecessaryToBoostCPU() : isDolbyOn? false, isUHQUpscalerOn? false, isVoiceBoostOn? false, isVolumeNormalizationOn? false
07-30 20:25:14.082  8097  8097 I AudioPathManager: loadAudioPath() : loaded audio path is speaker (0)
07-30 20:25:14.082  8097  8097 I EffectManager: isSupportDolbyAtmosOnThisAudioPath() : path is speaker (0)
07-30 20:25:14.082  8097  8097 I EffectManager: isSupportDolbyAtmosOnThisAudioPath() : speaker type is stereo
07-30 20:25:14.082  8097  8097 I AudioPathManager: loadAudioPath() : loaded audio path is speaker (0)
07-30 20:25:14.082  8097  8097 I EffectManager: isSupportVolumeNormalizationOnCurrentAudioPath() : path is speaker (0)
07-30 20:25:14.082  8097  8097 I DVFSHelper: isNecessaryToBoostCPU() : isDolbyOn? false, isUHQUpscalerOn? false, isVoiceBoostOn? false, isVolumeNormalizationOn? false
07-30 20:25:14.573 31793 31840 I LibretroWrapper: Audio callback appel├⌐ #9700: frames=799, data=0x71e56e7140, initialized=1
07-30 20:25:14.573 31793 31840 W LibretroWrapper: Erreur audio: 7
07-30 20:25:15.084  8097  8097 I AudioPathManager: loadAudioPath() : loaded audio path is speaker (0)
07-30 20:25:15.084  8097  8097 I EffectManager: isSupportDolbyAtmosOnThisAudioPath() : path is speaker (0)
07-30 20:25:15.084  8097  8097 I EffectManager: isSupportDolbyAtmosOnThisAudioPath() : speaker type is stereo
07-30 20:25:15.084  8097  8097 I AudioPathManager: loadAudioPath() : loaded audio path is speaker (0)
07-30 20:25:15.084  8097  8097 I EffectManager: isSupportVolumeNormalizationOnCurrentAudioPath() : path is speaker (0)
07-30 20:25:15.084  8097  8097 I DVFSHelper: isNecessaryToBoostCPU() : isDolbyOn? false, isUHQUpscalerOn? false, isVoiceBoostOn? false, isVolumeNormalizationOn? false
07-30 20:25:15.086  8097  8097 I AudioPathManager: loadAudioPath() : loaded audio path is speaker (0)
07-30 20:25:15.086  8097  8097 I EffectManager: isSupportDolbyAtmosOnThisAudioPath() : path is speaker (0)
07-30 20:25:15.086  8097  8097 I EffectManager: isSupportDolbyAtmosOnThisAudioPath() : speaker type is stereo
07-30 20:25:15.086  8097  8097 I AudioPathManager: loadAudioPath() : loaded audio path is speaker (0)
07-30 20:25:15.086  8097  8097 I EffectManager: isSupportVolumeNormalizationOnCurrentAudioPath() : path is speaker (0)
07-30 20:25:15.086  8097  8097 I DVFSHelper: isNecessaryToBoostCPU() : isDolbyOn? false, isUHQUpscalerOn? false, isVoiceBoostOn? false, isVolumeNormalizationOn? false
07-30 20:25:15.811 31793 31839 I LibretroWrapper: Callback de maintenance appel├⌐ #1900
07-30 20:25:15.811 31793 31839 I LibretroWrapper: Buffer de silence envoy├⌐ avec succ├¿s
07-30 20:25:16.088  8097  8097 I AudioPathManager: loadAudioPath() : loaded audio path is speaker (0)
07-30 20:25:16.088  8097  8097 I EffectManager: isSupportDolbyAtmosOnThisAudioPath() : path is speaker (0)
07-30 20:25:16.088  8097  8097 I EffectManager: isSupportDolbyAtmosOnThisAudioPath() : speaker type is stereo
07-30 20:25:16.088  8097  8097 I AudioPathManager: loadAudioPath() : loaded audio path is speaker (0)
07-30 20:25:16.088  8097  8097 I EffectManager: isSupportVolumeNormalizationOnCurrentAudioPath() : path is speaker (0)
07-30 20:25:16.088  8097  8097 I DVFSHelper: isNecessaryToBoostCPU() : isDolbyOn? false, isUHQUpscalerOn? false, isVoiceBoostOn? false, isVolumeNormalizationOn? false
07-30 20:25:16.364 31793 31840 I LibretroWrapper: Audio callback appel├⌐ #9800: frames=799, data=0x71e56e7140, initialized=1
07-30 20:25:16.364 31793 31840 W LibretroWrapper: Erreur audio: 7
07-30 20:25:16.901 31793 31840 I LibretroWrapper: FPS actuel: 55.9
07-30 20:25:17.091  8097  8097 I AudioPathManager: loadAudioPath() : loaded audio path is speaker (0)
07-30 20:25:17.091  8097  8097 I EffectManager: isSupportDolbyAtmosOnThisAudioPath() : path is speaker (0)
07-30 20:25:17.091  8097  8097 I EffectManager: isSupportDolbyAtmosOnThisAudioPath() : speaker type is stereo
07-30 20:25:17.091  8097  8097 I AudioPathManager: loadAudioPath() : loaded audio path is speaker (0)
07-30 20:25:17.091  8097  8097 I EffectManager: isSupportVolumeNormalizationOnCurrentAudioPath() : path is speaker (0)
07-30 20:25:17.091  8097  8097 I DVFSHelper: isNecessaryToBoostCPU() : isDolbyOn? false, isUHQUpscalerOn? false, isVoiceBoostOn? false, isVolumeNormalizationOn? false
07-30 20:25:17.094  8097  8097 I AudioPathManager: loadAudioPath() : loaded audio path is speaker (0)
07-30 20:25:17.094  8097  8097 I EffectManager: isSupportDolbyAtmosOnThisAudioPath() : path is speaker (0)
07-30 20:25:17.094  8097  8097 I EffectManager: isSupportDolbyAtmosOnThisAudioPath() : speaker type is stereo
07-30 20:25:17.094  8097  8097 I AudioPathManager: loadAudioPath() : loaded audio path is speaker (0)
07-30 20:25:17.094  8097  8097 I EffectManager: isSupportVolumeNormalizationOnCurrentAudioPath() : path is speaker (0)
07-30 20:25:17.094  8097  8097 I DVFSHelper: isNecessaryToBoostCPU() : isDolbyOn? false, isUHQUpscalerOn? false, isVoiceBoostOn? false, isVolumeNormalizationOn? false
07-30 20:25:18.096  8097  8097 I AudioPathManager: loadAudioPath() : loaded audio path is speaker (0)
07-30 20:25:18.096  8097  8097 I EffectManager: isSupportDolbyAtmosOnThisAudioPath() : path is speaker (0)
07-30 20:25:18.096  8097  8097 I EffectManager: isSupportDolbyAtmosOnThisAudioPath() : speaker type is stereo
07-30 20:25:18.096  8097  8097 I AudioPathManager: loadAudioPath() : loaded audio path is speaker (0)
07-30 20:25:18.096  8097  8097 I EffectManager: isSupportVolumeNormalizationOnCurrentAudioPath() : path is speaker (0)
07-30 20:25:18.096  8097  8097 I DVFSHelper: isNecessaryToBoostCPU() : isDolbyOn? false, isUHQUpscalerOn? false, isVoiceBoostOn? false, isVolumeNormalizationOn? false
07-30 20:25:18.153 31793 31840 I LibretroWrapper: Audio callback appel├⌐ #9900: frames=799, data=0x71e56e7140, initialized=1
07-30 20:25:18.153 31793 31840 W LibretroWrapper: Erreur audio: 7
07-30 20:25:19.098  8097  8097 I AudioPathManager: loadAudioPath() : loaded audio path is speaker (0)
07-30 20:25:19.098  8097  8097 I EffectManager: isSupportDolbyAtmosOnThisAudioPath() : path is speaker (0)
07-30 20:25:19.098  8097  8097 I EffectManager: isSupportDolbyAtmosOnThisAudioPath() : speaker type is stereo
07-30 20:25:19.098  8097  8097 I AudioPathManager: loadAudioPath() : loaded audio path is speaker (0)
07-30 20:25:19.098  8097  8097 I EffectManager: isSupportVolumeNormalizationOnCurrentAudioPath() : path is speaker (0)
07-30 20:25:19.099  8097  8097 I DVFSHelper: isNecessaryToBoostCPU() : isDolbyOn? false, isUHQUpscalerOn? false, isVoiceBoostOn? false, isVolumeNormalizationOn? false
07-30 20:25:19.099  8097  8097 I AudioPathManager: loadAudioPath() : loaded audio path is speaker (0)
07-30 20:25:19.099  8097  8097 I EffectManager: isSupportDolbyAtmosOnThisAudioPath() : path is speaker (0)
07-30 20:25:19.099  8097  8097 I EffectManager: isSupportDolbyAtmosOnThisAudioPath() : speaker type is stereo
07-30 20:25:19.099  8097  8097 I AudioPathManager: loadAudioPath() : loaded audio path is speaker (0)
07-30 20:25:19.100  8097  8097 I EffectManager: isSupportVolumeNormalizationOnCurrentAudioPath() : path is speaker (0)
07-30 20:25:19.100  8097  8097 I DVFSHelper: isNecessaryToBoostCPU() : isDolbyOn? false, isUHQUpscalerOn? false, isVoiceBoostOn? false, isVolumeNormalizationOn? false
07-30 20:25:19.941 31793 31840 I LibretroWrapper: Audio callback appel├⌐ #10000: frames=798, data=0x71e56e7140, initialized=1
07-30 20:25:19.941 31793 31840 W LibretroWrapper: Erreur audio: 7
07-30 20:25:20.101  8097  8097 I AudioPathManager: loadAudioPath() : loaded audio path is speaker (0)
07-30 20:25:20.101  8097  8097 I EffectManager: isSupportDolbyAtmosOnThisAudioPath() : path is speaker (0)
07-30 20:25:20.101  8097  8097 I EffectManager: isSupportDolbyAtmosOnThisAudioPath() : speaker type is stereo
07-30 20:25:20.101  8097  8097 I AudioPathManager: loadAudioPath() : loaded audio path is speaker (0)
07-30 20:25:20.101  8097  8097 I EffectManager: isSupportVolumeNormalizationOnCurrentAudioPath() : path is speaker (0)
07-30 20:25:20.101  8097  8097 I DVFSHelper: isNecessaryToBoostCPU() : isDolbyOn? false, isUHQUpscalerOn? false, isVoiceBoostOn? false, isVolumeNormalizationOn? false
07-30 20:25:20.450 31793 31839 I LibretroWrapper: Callback de maintenance appel├⌐ #1950
07-30 20:25:20.450 31793 31839 I LibretroWrapper: Buffer de silence envoy├⌐ avec succ├¿s
07-30 20:25:21.103  8097  8097 I AudioPathManager: loadAudioPath() : loaded audio path is speaker (0)
07-30 20:25:21.104  8097  8097 I EffectManager: isSupportDolbyAtmosOnThisAudioPath() : path is speaker (0)
07-30 20:25:21.104  8097  8097 I EffectManager: isSupportDolbyAtmosOnThisAudioPath() : speaker type is stereo
07-30 20:25:21.104  8097  8097 I AudioPathManager: loadAudioPath() : loaded audio path is speaker (0)
07-30 20:25:21.104  8097  8097 I EffectManager: isSupportVolumeNormalizationOnCurrentAudioPath() : path is speaker (0)
07-30 20:25:21.104  8097  8097 I DVFSHelper: isNecessaryToBoostCPU() : isDolbyOn? false, isUHQUpscalerOn? false, isVoiceBoostOn? false, isVolumeNormalizationOn? false
07-30 20:25:21.105  8097  8097 I AudioPathManager: loadAudioPath() : loaded audio path is speaker (0)
07-30 20:25:21.105  8097  8097 I EffectManager: isSupportDolbyAtmosOnThisAudioPath() : path is speaker (0)
07-30 20:25:21.105  8097  8097 I EffectManager: isSupportDolbyAtmosOnThisAudioPath() : speaker type is stereo
07-30 20:25:21.105  8097  8097 I AudioPathManager: loadAudioPath() : loaded audio path is speaker (0)
07-30 20:25:21.105  8097  8097 I EffectManager: isSupportVolumeNormalizationOnCurrentAudioPath() : path is speaker (0)
07-30 20:25:21.105  8097  8097 I DVFSHelper: isNecessaryToBoostCPU() : isDolbyOn? false, isUHQUpscalerOn? false, isVoiceBoostOn? false, isVolumeNormalizationOn? false
07-30 20:25:21.730 31793 31840 I LibretroWrapper: Audio callback appel├⌐ #10100: frames=799, data=0x71e56e7140, initialized=1
07-30 20:25:21.730 31793 31840 W LibretroWrapper: Erreur audio: 7
07-30 20:25:21.910 31793 31840 I LibretroWrapper: FPS actuel: 55.9
07-30 20:25:22.108  8097  8097 I AudioPathManager: loadAudioPath() : loaded audio path is speaker (0)
07-30 20:25:22.108  8097  8097 I EffectManager: isSupportDolbyAtmosOnThisAudioPath() : path is speaker (0)
07-30 20:25:22.108  8097  8097 I EffectManager: isSupportDolbyAtmosOnThisAudioPath() : speaker type is stereo
07-30 20:25:22.108  8097  8097 I AudioPathManager: loadAudioPath() : loaded audio path is speaker (0)
07-30 20:25:22.108  8097  8097 I EffectManager: isSupportVolumeNormalizationOnCurrentAudioPath() : path is speaker (0)
07-30 20:25:22.108  8097  8097 I DVFSHelper: isNecessaryToBoostCPU() : isDolbyOn? false, isUHQUpscalerOn? false, isVoiceBoostOn? false, isVolumeNormalizationOn? false
07-30 20:25:23.111  8097  8097 I AudioPathManager: loadAudioPath() : loaded audio path is speaker (0)
07-30 20:25:23.111  8097  8097 I EffectManager: isSupportDolbyAtmosOnThisAudioPath() : path is speaker (0)
07-30 20:25:23.111  8097  8097 I EffectManager: isSupportDolbyAtmosOnThisAudioPath() : speaker type is stereo
07-30 20:25:23.111  8097  8097 I AudioPathManager: loadAudioPath() : loaded audio path is speaker (0)
07-30 20:25:23.111  8097  8097 I EffectManager: isSupportVolumeNormalizationOnCurrentAudioPath() : path is speaker (0)
07-30 20:25:23.111  8097  8097 I DVFSHelper: isNecessaryToBoostCPU() : isDolbyOn? false, isUHQUpscalerOn? false, isVoiceBoostOn? false, isVolumeNormalizationOn? false
07-30 20:25:23.114  8097  8097 I AudioPathManager: loadAudioPath() : loaded audio path is speaker (0)
07-30 20:25:23.114  8097  8097 I EffectManager: isSupportDolbyAtmosOnThisAudioPath() : path is speaker (0)
07-30 20:25:23.114  8097  8097 I EffectManager: isSupportDolbyAtmosOnThisAudioPath() : speaker type is stereo
07-30 20:25:23.114  8097  8097 I AudioPathManager: loadAudioPath() : loaded audio path is speaker (0)
07-30 20:25:23.114  8097  8097 I EffectManager: isSupportVolumeNormalizationOnCurrentAudioPath() : path is speaker (0)
07-30 20:25:23.114  8097  8097 I DVFSHelper: isNecessaryToBoostCPU() : isDolbyOn? false, isUHQUpscalerOn? false, isVoiceBoostOn? false, isVolumeNormalizationOn? false
07-30 20:25:23.522 31793 31840 I LibretroWrapper: Audio callback appel├⌐ #10200: frames=799, data=0x71e56e7140, initialized=1
07-30 20:25:23.522 31793 31840 W LibretroWrapper: Erreur audio: 7
07-30 20:25:24.116  8097  8097 I AudioPathManager: loadAudioPath() : loaded audio path is speaker (0)
07-30 20:25:24.117  8097  8097 I EffectManager: isSupportDolbyAtmosOnThisAudioPath() : path is speaker (0)
07-30 20:25:24.117  8097  8097 I EffectManager: isSupportDolbyAtmosOnThisAudioPath() : speaker type is stereo
07-30 20:25:24.117  8097  8097 I AudioPathManager: loadAudioPath() : loaded audio path is speaker (0)
07-30 20:25:24.117  8097  8097 I EffectManager: isSupportVolumeNormalizationOnCurrentAudioPath() : path is speaker (0)
07-30 20:25:24.117  8097  8097 I DVFSHelper: isNecessaryToBoostCPU() : isDolbyOn? false, isUHQUpscalerOn? false, isVoiceBoostOn? false, isVolumeNormalizationOn? false
07-30 20:25:25.010 31793 31839 I LibretroWrapper: Callback de maintenance appel├⌐ #2000
07-30 20:25:25.010 31793 31839 I LibretroWrapper: Buffer de silence envoy├⌐ avec succ├¿s
07-30 20:25:25.119  8097  8097 I AudioPathManager: loadAudioPath() : loaded audio path is speaker (0)
07-30 20:25:25.119  8097  8097 I EffectManager: isSupportDolbyAtmosOnThisAudioPath() : path is speaker (0)
07-30 20:25:25.119  8097  8097 I EffectManager: isSupportDolbyAtmosOnThisAudioPath() : speaker type is stereo
07-30 20:25:25.119  8097  8097 I AudioPathManager: loadAudioPath() : loaded audio path is speaker (0)
07-30 20:25:25.119  8097  8097 I EffectManager: isSupportVolumeNormalizationOnCurrentAudioPath() : path is speaker (0)
07-30 20:25:25.119  8097  8097 I DVFSHelper: isNecessaryToBoostCPU() : isDolbyOn? false, isUHQUpscalerOn? false, isVoiceBoostOn? false, isVolumeNormalizationOn? false
07-30 20:25:25.121  8097  8097 I AudioPathManager: loadAudioPath() : loaded audio path is speaker (0)
07-30 20:25:25.121  8097  8097 I EffectManager: isSupportDolbyAtmosOnThisAudioPath() : path is speaker (0)
07-30 20:25:25.121  8097  8097 I EffectManager: isSupportDolbyAtmosOnThisAudioPath() : speaker type is stereo
07-30 20:25:25.121  8097  8097 I AudioPathManager: loadAudioPath() : loaded audio path is speaker (0)
07-30 20:25:25.121  8097  8097 I EffectManager: isSupportVolumeNormalizationOnCurrentAudioPath() : path is speaker (0)
07-30 20:25:25.121  8097  8097 I DVFSHelper: isNecessaryToBoostCPU() : isDolbyOn? false, isUHQUpscalerOn? false, isVoiceBoostOn? false, isVolumeNormalizationOn? false
07-30 20:25:25.308 31793 31840 I LibretroWrapper: Audio callback appel├⌐ #10300: frames=799, data=0x71e56e7140, initialized=1
07-30 20:25:25.308 31793 31840 W LibretroWrapper: Erreur audio: 7
07-30 20:25:26.123  8097  8097 I AudioPathManager: loadAudioPath() : loaded audio path is speaker (0)
07-30 20:25:26.123  8097  8097 I EffectManager: isSupportDolbyAtmosOnThisAudioPath() : path is speaker (0)
07-30 20:25:26.123  8097  8097 I EffectManager: isSupportDolbyAtmosOnThisAudioPath() : speaker type is stereo
07-30 20:25:26.123  8097  8097 I AudioPathManager: loadAudioPath() : loaded audio path is speaker (0)
07-30 20:25:26.123  8097  8097 I EffectManager: isSupportVolumeNormalizationOnCurrentAudioPath() : path is speaker (0)
07-30 20:25:26.123  8097  8097 I DVFSHelper: isNecessaryToBoostCPU() : isDolbyOn? false, isUHQUpscalerOn? false, isVoiceBoostOn? false, isVolumeNormalizationOn? false
07-30 20:25:26.916 31793 31840 I LibretroWrapper: FPS actuel: 55.9
07-30 20:25:27.094 31793 31840 I LibretroWrapper: Audio callback appel├⌐ #10400: frames=799, data=0x71e56e7140, initialized=1
07-30 20:25:27.094 31793 31840 W LibretroWrapper: Erreur audio: 7
07-30 20:25:27.125  8097  8097 I AudioPathManager: loadAudioPath() : loaded audio path is speaker (0)
07-30 20:25:27.125  8097  8097 I EffectManager: isSupportDolbyAtmosOnThisAudioPath() : path is speaker (0)
07-30 20:25:27.125  8097  8097 I EffectManager: isSupportDolbyAtmosOnThisAudioPath() : speaker type is stereo
07-30 20:25:27.125  8097  8097 I AudioPathManager: loadAudioPath() : loaded audio path is speaker (0)
07-30 20:25:27.125  8097  8097 I EffectManager: isSupportVolumeNormalizationOnCurrentAudioPath() : path is speaker (0)
07-30 20:25:27.125  8097  8097 I DVFSHelper: isNecessaryToBoostCPU() : isDolbyOn? false, isUHQUpscalerOn? false, isVoiceBoostOn? false, isVolumeNormalizationOn? false
07-30 20:25:27.126  8097  8097 I AudioPathManager: loadAudioPath() : loaded audio path is speaker (0)
07-30 20:25:27.127  8097  8097 I EffectManager: isSupportDolbyAtmosOnThisAudioPath() : path is speaker (0)
07-30 20:25:27.127  8097  8097 I EffectManager: isSupportDolbyAtmosOnThisAudioPath() : speaker type is stereo
07-30 20:25:27.127  8097  8097 I AudioPathManager: loadAudioPath() : loaded audio path is speaker (0)
07-30 20:25:27.127  8097  8097 I EffectManager: isSupportVolumeNormalizationOnCurrentAudioPath() : path is speaker (0)
07-30 20:25:27.127  8097  8097 I DVFSHelper: isNecessaryToBoostCPU() : isDolbyOn? false, isUHQUpscalerOn? false, isVoiceBoostOn? false, isVolumeNormalizationOn? false
07-30 20:25:28.129  8097  8097 I AudioPathManager: loadAudioPath() : loaded audio path is speaker (0)
07-30 20:25:28.129  8097  8097 I EffectManager: isSupportDolbyAtmosOnThisAudioPath() : path is speaker (0)
07-30 20:25:28.129  8097  8097 I EffectManager: isSupportDolbyAtmosOnThisAudioPath() : speaker type is stereo
07-30 20:25:28.129  8097  8097 I AudioPathManager: loadAudioPath() : loaded audio path is speaker (0)
07-30 20:25:28.129  8097  8097 I EffectManager: isSupportVolumeNormalizationOnCurrentAudioPath() : path is speaker (0)
07-30 20:25:28.129  8097  8097 I DVFSHelper: isNecessaryToBoostCPU() : isDolbyOn? false, isUHQUpscalerOn? false, isVoiceBoostOn? false, isVolumeNormalizationOn? false
07-30 20:25:28.878 31793 31840 I LibretroWrapper: Audio callback appel├⌐ #10500: frames=798, data=0x71e56e7140, initialized=1
07-30 20:25:28.878 31793 31840 W LibretroWrapper: Erreur audio: 7
07-30 20:25:29.132  8097  8097 I AudioPathManager: loadAudioPath() : loaded audio path is speaker (0)
07-30 20:25:29.132  8097  8097 I EffectManager: isSupportDolbyAtmosOnThisAudioPath() : path is speaker (0)
07-30 20:25:29.132  8097  8097 I EffectManager: isSupportDolbyAtmosOnThisAudioPath() : speaker type is stereo
07-30 20:25:29.132  8097  8097 I AudioPathManager: loadAudioPath() : loaded audio path is speaker (0)
07-30 20:25:29.132  8097  8097 I EffectManager: isSupportVolumeNormalizationOnCurrentAudioPath() : path is speaker (0)
07-30 20:25:29.132  8097  8097 I DVFSHelper: isNecessaryToBoostCPU() : isDolbyOn? false, isUHQUpscalerOn? false, isVoiceBoostOn? false, isVolumeNormalizationOn? false
07-30 20:25:29.134  8097  8097 I AudioPathManager: loadAudioPath() : loaded audio path is speaker (0)
07-30 20:25:29.135  8097  8097 I EffectManager: isSupportDolbyAtmosOnThisAudioPath() : path is speaker (0)
07-30 20:25:29.135  8097  8097 I EffectManager: isSupportDolbyAtmosOnThisAudioPath() : speaker type is stereo
07-30 20:25:29.135  8097  8097 I AudioPathManager: loadAudioPath() : loaded audio path is speaker (0)
07-30 20:25:29.135  8097  8097 I EffectManager: isSupportVolumeNormalizationOnCurrentAudioPath() : path is speaker (0)
07-30 20:25:29.135  8097  8097 I DVFSHelper: isNecessaryToBoostCPU() : isDolbyOn? false, isUHQUpscalerOn? false, isVoiceBoostOn? false, isVolumeNormalizationOn? false
07-30 20:25:29.590 31793 31839 I LibretroWrapper: Callback de maintenance appel├⌐ #2050
07-30 20:25:29.590 31793 31839 W LibretroWrapper: Erreur dans bqPlayerCallback: 7
07-30 20:25:30.136  8097  8097 I AudioPathManager: loadAudioPath() : loaded audio path is speaker (0)
07-30 20:25:30.136  8097  8097 I EffectManager: isSupportDolbyAtmosOnThisAudioPath() : path is speaker (0)
07-30 20:25:30.136  8097  8097 I EffectManager: isSupportDolbyAtmosOnThisAudioPath() : speaker type is stereo
07-30 20:25:30.136  8097  8097 I AudioPathManager: loadAudioPath() : loaded audio path is speaker (0)
07-30 20:25:30.136  8097  8097 I EffectManager: isSupportVolumeNormalizationOnCurrentAudioPath() : path is speaker (0)
07-30 20:25:30.136  8097  8097 I DVFSHelper: isNecessaryToBoostCPU() : isDolbyOn? false, isUHQUpscalerOn? false, isVoiceBoostOn? false, isVolumeNormalizationOn? false
07-30 20:25:30.655 31793 31840 I LibretroWrapper: Audio callback appel├⌐ #10600: frames=798, data=0x71e56e7140, initialized=1
07-30 20:25:30.655 31793 31840 W LibretroWrapper: Erreur audio: 7
07-30 20:25:31.140  8097  8097 I AudioPathManager: loadAudioPath() : loaded audio path is speaker (0)
07-30 20:25:31.140  8097  8097 I EffectManager: isSupportDolbyAtmosOnThisAudioPath() : path is speaker (0)
07-30 20:25:31.140  8097  8097 I EffectManager: isSupportDolbyAtmosOnThisAudioPath() : speaker type is stereo
07-30 20:25:31.140  8097  8097 I AudioPathManager: loadAudioPath() : loaded audio path is speaker (0)
07-30 20:25:31.140  8097  8097 I EffectManager: isSupportVolumeNormalizationOnCurrentAudioPath() : path is speaker (0)
07-30 20:25:31.140  8097  8097 I DVFSHelper: isNecessaryToBoostCPU() : isDolbyOn? false, isUHQUpscalerOn? false, isVoiceBoostOn? false, isVolumeNormalizationOn? false
07-30 20:25:31.143  8097  8097 I AudioPathManager: loadAudioPath() : loaded audio path is speaker (0)
07-30 20:25:31.143  8097  8097 I EffectManager: isSupportDolbyAtmosOnThisAudioPath() : path is speaker (0)
07-30 20:25:31.143  8097  8097 I EffectManager: isSupportDolbyAtmosOnThisAudioPath() : speaker type is stereo
07-30 20:25:31.143  8097  8097 I AudioPathManager: loadAudioPath() : loaded audio path is speaker (0)
07-30 20:25:31.143  8097  8097 I EffectManager: isSupportVolumeNormalizationOnCurrentAudioPath() : path is speaker (0)
07-30 20:25:31.143  8097  8097 I DVFSHelper: isNecessaryToBoostCPU() : isDolbyOn? false, isUHQUpscalerOn? false, isVoiceBoostOn? false, isVolumeNormalizationOn? false
07-30 20:25:31.918 31793 31840 I LibretroWrapper: FPS actuel: 56.2
07-30 20:25:32.147  8097  8097 I AudioPathManager: loadAudioPath() : loaded audio path is speaker (0)
07-30 20:25:32.147  8097  8097 I EffectManager: isSupportDolbyAtmosOnThisAudioPath() : path is speaker (0)
07-30 20:25:32.147  8097  8097 I EffectManager: isSupportDolbyAtmosOnThisAudioPath() : speaker type is stereo
07-30 20:25:32.147  8097  8097 I AudioPathManager: loadAudioPath() : loaded audio path is speaker (0)
07-30 20:25:32.147  8097  8097 I EffectManager: isSupportVolumeNormalizationOnCurrentAudioPath() : path is speaker (0)
07-30 20:25:32.148  8097  8097 I DVFSHelper: isNecessaryToBoostCPU() : isDolbyOn? false, isUHQUpscalerOn? false, isVoiceBoostOn? false, isVolumeNormalizationOn? false
07-30 20:25:32.434 31793 31840 I LibretroWrapper: Audio callback appel├⌐ #10700: frames=798, data=0x71e56e7140, initialized=1
07-30 20:25:32.434 31793 31840 W LibretroWrapper: Erreur audio: 7
07-30 20:25:32.455  4291  4291 W [CE]_ContextEngineReceiver: onReceive - Context Engine is disabled, bail out...
07-30 20:25:33.150  8097  8097 I AudioPathManager: loadAudioPath() : loaded audio path is speaker (0)
07-30 20:25:33.150  8097  8097 I EffectManager: isSupportDolbyAtmosOnThisAudioPath() : path is speaker (0)
07-30 20:25:33.150  8097  8097 I EffectManager: isSupportDolbyAtmosOnThisAudioPath() : speaker type is stereo
07-30 20:25:33.151  8097  8097 I AudioPathManager: loadAudioPath() : loaded audio path is speaker (0)
07-30 20:25:33.151  8097  8097 I EffectManager: isSupportVolumeNormalizationOnCurrentAudioPath() : path is speaker (0)
07-30 20:25:33.151  8097  8097 I DVFSHelper: isNecessaryToBoostCPU() : isDolbyOn? false, isUHQUpscalerOn? false, isVoiceBoostOn? false, isVolumeNormalizationOn? false
07-30 20:25:33.152  8097  8097 I AudioPathManager: loadAudioPath() : loaded audio path is speaker (0)
07-30 20:25:33.152  8097  8097 I EffectManager: isSupportDolbyAtmosOnThisAudioPath() : path is speaker (0)
07-30 20:25:33.152  8097  8097 I EffectManager: isSupportDolbyAtmosOnThisAudioPath() : speaker type is stereo
07-30 20:25:33.152  8097  8097 I AudioPathManager: loadAudioPath() : loaded audio path is speaker (0)
07-30 20:25:33.152  8097  8097 I EffectManager: isSupportVolumeNormalizationOnCurrentAudioPath() : path is speaker (0)
07-30 20:25:33.152  8097  8097 I DVFSHelper: isNecessaryToBoostCPU() : isDolbyOn? false, isUHQUpscalerOn? false, isVoiceBoostOn? false, isVolumeNormalizationOn? false
07-30 20:25:34.150 31793 31839 I LibretroWrapper: Callback de maintenance appel├⌐ #2100
07-30 20:25:34.150 31793 31839 I LibretroWrapper: Buffer de silence envoy├⌐ avec succ├¿s
07-30 20:25:34.154  8097  8097 I AudioPathManager: loadAudioPath() : loaded audio path is speaker (0)
07-30 20:25:34.154  8097  8097 I EffectManager: isSupportDolbyAtmosOnThisAudioPath() : path is speaker (0)
07-30 20:25:34.154  8097  8097 I EffectManager: isSupportDolbyAtmosOnThisAudioPath() : speaker type is stereo
07-30 20:25:34.154  8097  8097 I AudioPathManager: loadAudioPath() : loaded audio path is speaker (0)
07-30 20:25:34.154  8097  8097 I EffectManager: isSupportVolumeNormalizationOnCurrentAudioPath() : path is speaker (0)
07-30 20:25:34.154  8097  8097 I DVFSHelper: isNecessaryToBoostCPU() : isDolbyOn? false, isUHQUpscalerOn? false, isVoiceBoostOn? false, isVolumeNormalizationOn? false
07-30 20:25:34.207 31793 31840 I LibretroWrapper: Audio callback appel├⌐ #10800: frames=799, data=0x71e56e7140, initialized=1
07-30 20:25:34.207 31793 31840 W LibretroWrapper: Erreur audio: 7
07-30 20:25:35.159  8097  8097 I AudioPathManager: loadAudioPath() : loaded audio path is speaker (0)
07-30 20:25:35.159  8097  8097 I EffectManager: isSupportDolbyAtmosOnThisAudioPath() : path is speaker (0)
07-30 20:25:35.159  8097  8097 I EffectManager: isSupportDolbyAtmosOnThisAudioPath() : speaker type is stereo
07-30 20:25:35.159  8097  8097 I AudioPathManager: loadAudioPath() : loaded audio path is speaker (0)
07-30 20:25:35.159  8097  8097 I EffectManager: isSupportVolumeNormalizationOnCurrentAudioPath() : path is speaker (0)
07-30 20:25:35.159  8097  8097 I DVFSHelper: isNecessaryToBoostCPU() : isDolbyOn? false, isUHQUpscalerOn? false, isVoiceBoostOn? false, isVolumeNormalizationOn? false
07-30 20:25:35.163  8097  8097 I AudioPathManager: loadAudioPath() : loaded audio path is speaker (0)
07-30 20:25:35.163  8097  8097 I EffectManager: isSupportDolbyAtmosOnThisAudioPath() : path is speaker (0)
07-30 20:25:35.163  8097  8097 I EffectManager: isSupportDolbyAtmosOnThisAudioPath() : speaker type is stereo
07-30 20:25:35.163  8097  8097 I AudioPathManager: loadAudioPath() : loaded audio path is speaker (0)
07-30 20:25:35.163  8097  8097 I EffectManager: isSupportVolumeNormalizationOnCurrentAudioPath() : path is speaker (0)
07-30 20:25:35.163  8097  8097 I DVFSHelper: isNecessaryToBoostCPU() : isDolbyOn? false, isUHQUpscalerOn? false, isVoiceBoostOn? false, isVolumeNormalizationOn? false
07-30 20:25:35.982 31793 31840 I LibretroWrapper: Audio callback appel├⌐ #10900: frames=799, data=0x71e56e7140, initialized=1
