
07-30 15:04:32.400  1525  5856 V WindowManager: Collecting in transition 2939: ActivityRecord{b7de427 u0 com.fceumm.wrapper/.MainMenuActivity, caller=com.android.server.wm.TransitionController.collect:7 com.android.server.wm.ActivityStarter.startActivityUnchecked:626 com.android.server.wm.ActivityStarter.executeRequest:3361 com.android.server.wm.ActivityStarter.execute:1122 com.android.server.wm.ActivityTaskManagerService.startActivityAsUser:88 
07-30 15:04:32.400  1525  5856 D ActivityTaskManager: TaskLaunchParamsModifier:task=null activity=ActivityRecord{b7de427 u0 com.fceumm.wrapper/.MainMenuActivity t-1} display-area-from-current-params=null display-area-for-record=DefaultTaskDisplayArea_d0@214964408 display-id=0 task-display-area-windowing-mode=1 suggested-display-area=DefaultTaskDisplayArea_d0@214964408
07-30 15:04:32.400  1525  5856 D ActivityTaskManager: TaskLaunchParamsModifier:task=Task{b291a99 #2934 type=standard A=10269:com.fceumm.wrapper} activity=ActivityRecord{b7de427 u0 com.fceumm.wrapper/.MainMenuActivity t-1} display-from-task=0 display-id=0 task-display-area-windowing-mode=1 suggested-display-area=DefaultTaskDisplayArea_d0@214964408 inherit-from-task=fullscreen non-freeform-task-display-area display-area=DefaultTaskDisplayArea_d0@214964408 default-portrait freeform-size-mismatch=Rect(81, 612 - 999, 1782)
07-30 15:04:32.400  1525  5856 V WindowManager: Collecting in transition 2939: ActivityRecord{9b1438c u0 com.fceumm.wrapper/.MainActivity t2934}, caller=com.android.server.wm.TransitionController.collect:7 com.android.server.wm.ActivityStarter.startActivityInner:235 com.android.server.wm.ActivityStarter.startActivityUnchecked:639 com.android.server.wm.ActivityStarter.executeRequest:3361 com.android.server.wm.ActivityStarter.execute:1122 
07-30 15:04:32.400  1525  5856 D WindowManager: prepareSync <SYNC_STATE_WAITING_FOR_DRAW>, mPrepareSyncSeqId=0, win=Window{634e345 u0 com.fceumm.wrapper/com.fceumm.wrapper.MainActivity}
07-30 15:04:32.401  1369  1534 I SurfaceFlinger: id=42394 createSurf, flag=84004, ActivityRecord{b7de427 u0 com.fceumm.wrapper/.MainMenuActivity t2934}#42394
07-30 15:04:32.405  1525  5856 D ActivityTaskManager: scheduleTopResumedActivityChanged, onTop=false, r=ActivityRecord{9b1438c u0 com.fceumm.wrapper/.MainActivity t2934}, caller=com.android.server.wm.ActivityTaskSupervisor.scheduleTopResumedActivityStateLossIfNeeded:11 com.android.server.wm.ActivityTaskSupervisor.updateTopResumedActivityIfNeeded:19 com.android.server.wm.TaskFragment.setResumedActivity:29 com.android.server.wm.ActivityRecord.setState:95 com.android.server.wm.TaskFragment.startPausing$1:210 com.android.server.wm.TaskFragment.resumeTopActivity:698 
07-30 15:04:32.406  1525  5856 V WindowManager: Collecting in transition 2939: ActivityRecord{b7de427 u0 com.fceumm.wrapper/.MainMenuActivity t2934}, caller=com.android.server.wm.Transition.collectExistenceChange:42 com.android.server.wm.ActivityStarter.handleStartResult:523 com.android.server.wm.ActivityStarter.startActivityUnchecked:653 com.android.server.wm.ActivityStarter.executeRequest:3361 com.android.server.wm.ActivityStarter.execute:1122 
07-30 15:04:32.407  1525  5856 I ActivityTaskManager: START u0 {flg=0x10000000 cmp=com.fceumm.wrapper/.MainMenuActivity} with LAUNCH_MULTIPLE from uid 2000 (BAL_ALLOW_PERMISSION) result code=0
07-30 15:04:32.408  1369  1369 I SurfaceFlinger: [ActivityRecord{b7de427 u0 com.fceumm.wrapper/.MainMenuActivity t2934}#42394] attach to parent LayerHierarchy{RequestedLayerState{Task=2934#42360 parentId=11 z=7} 3 children}
07-30 15:04:32.407  2762  2815 V WindowManagerShell: Transition requested (#2939): android.os.BinderProxy@c5c54b0 TransitionRequestInfo { type = OPEN, triggerTask = TaskInfo{userId=0 taskId=2934 displayId=0 isRunning=true baseIntent=Intent { act=android.intent.action.MAIN cat=[android.intent.category.LAUNCHER] flg=0x10200000 cmp=com.fceumm.wrapper/.MainMenuActivity } baseActivity=ComponentInfo{com.fceumm.wrapper/com.fceumm.wrapper.MainMenuActivity} topActivity=ComponentInfo{com.fceumm.wrapper/com.fceumm.wrapper.MainMenuActivity} origActivity=null realActivity=ComponentInfo{com.fceumm.wrapper/com.fceumm.wrapper.MainMenuActivity} numActivities=3 lastActiveTime=966430967 supportsMultiWindow=true resizeMode=1 isResizeable=true minWidth=-1 minHeight=-1 maxWidth=-1 maxHeight=-1 defaultMinSize=220 token=WCT{android.window.IWindowContainerToken$Stub$Proxy@53ddf29} topActivityType=1 pictureInPictureParams=null shouldDockBigOverlays=false launchIntoPipHostTaskId=-1 lastParentTaskIdBeforePip=-1 displayCutoutSafeInsets=Rect(0, 99 - 0, 0) topActivityInfo=ActivityInfo{80cb2ae com.fceumm.wrapper.MainMenuActivity} launchCookies=[android.os.BinderProxy@2f32d75] positionInParent=Point(0, 0) parentTaskId=-1 isFocused=true isVisible=true isVisibleRequested=true isSleeping=false topActivityInSizeCompat=false locusId=null displayAreaFeatureId=1 isTopActivityTransparent=false isTopActivityStyleFloating=false appCompatTaskInfo=AppCompatTaskInfo { topActivityInSizeCompat=false eligibleForLetterboxEducation= false isLetterboxEducationEnabled= false isLetterboxDoubleTapEnabled= false eligibleForUserAspectRatioButton= false topActivityBoundsLetterboxed= false isFromLetterboxDoubleTap= false topActivityLetterboxVerticalPosition= -1 topActivityLetterboxHorizontalPosition= -1 topActivityLetterboxWidth=1080 topActivityLetterboxHeight=2340 topActivityLetterboxAppWidth=1080 topActivityLetterboxAppHeight=2196 isUserFullscreenOverrideEnabled=false isSystemFullscreenOverrideEnabled=false hasMinAspectRatioOverride=false cameraCompatTaskInfo=CameraCompatTaskInfo { freeformCameraCompatMode=inactive} topActivityBounds=null topActivityInDisplayCompat=false} originallySupportedMultiWindow=true hasWallpaper=false rootAffinity=10269:com.fceumm.wrapper isTopTaskInStage=false topActivityUiMode=17 CoverLauncherWidgetTask=false isKeepScreenOn=true isAllowedSeamlessRotation=false isTopTransparentActivity=true snappingGuideBounds=Rect(81, 612 - 999, 1782) isAliasManaged=false hasConfigChanged=false isAiKeyRemoveAppTask=false}, pipTask = null, remoteTransition = null, displayChange = null, flags = 0, debugId = 2939 }
07-30 15:04:32.410  1525  1626 D SGM:FgCheckThread: notePauseComponent(), received pkgName: com.fceumm.wrapper, userId: 0
07-30 15:04:32.410  1525  1626 D SGM:FgCheckThread: notePauseComponent(), received pkgName: com.fceumm.wrapper, userId: 0
07-30 15:04:32.410  1525  1626 D SGM:FgCheckThread: notifyFocusInOut(). of pkg: com.fceumm.wrapper, type: 20, isSecGameFamily: false, userId: 0
07-30 15:04:32.410  1525  2553 V WindowManager: Collecting in transition 2939: ActivityRecord{b7de427 u0 com.fceumm.wrapper/.MainMenuActivity t2934}, caller=com.android.server.wm.TransitionController.collect:7 com.android.server.wm.ActivityRecord.setVisibility:189 com.android.server.wm.EnsureActivitiesVisibleHelper.process:561 com.android.server.wm.TaskFragment.updateActivityVisibilities:12 com.android.server.wm.Task$$ExternalSyntheticLambda3.accept:399 
07-30 15:04:32.410  1525  1626 D SGM:GameManager: identifyGamePackage. com.fceumm.wrapper, mCurrentUserId: 0, callerUserId: 0, callingMethodInfo: com.samsung.android.game.SemGameManager.isGamePackage(SemGameManager.java:105)
07-30 15:04:32.410  1525  1626 D SGM:SemGameManager: isGamePackage(), pkgName=com.fceumm.wrapper, ret=false
07-30 15:04:32.411  1525  2553 V WindowManager: Collecting in transition 2939: ActivityRecord{9b1438c u0 com.fceumm.wrapper/.MainActivity t2934}, caller=com.android.server.wm.TransitionController.collect:7 com.android.server.wm.ActivityRecord.setVisibility:189 com.android.server.wm.ActivityRecord.makeInvisible:39 com.android.server.wm.EnsureActivitiesVisibleHelper.process:637 com.android.server.wm.TaskFragment.updateActivityVisibilities:12 
07-30 15:04:32.411  1525  2553 D WindowManager: rotationForOrientation, orientationSource=ActivityRecord{b7de427 u0 com.fceumm.wrapper/.MainMenuActivity t2934}
07-30 15:04:32.411  1525  2553 V WindowManager: Collecting in transition 2939: ActivityRecord{b7de427 u0 com.fceumm.wrapper/.MainMenuActivity t2934}, caller=com.android.server.wm.TransitionController.collect:7 com.android.server.wm.ActivityRecord.setVisibility:189 com.android.server.wm.ActivityTaskSupervisor.realStartActivityLocked:234 com.android.server.wm.ActivityTaskSupervisor.startSpecificActivity:27 com.android.server.wm.TaskFragment.resumeTopActivity:2204 
07-30 15:04:32.411  1525  2553 D SGM:FgCheckThread: notifyAppCreated(), packageName: com.fceumm.wrapper, userId: 0, sendRet: true
07-30 15:04:32.412  1525  2471 D SGM:FgCheckThread: onLooperPrepared(), msg: MSG_APP_CREATE, pkgName: com.fceumm.wrapper, userId: 0
07-30 15:04:32.412  1525  2553 D InputDispatcher: Focused application(0): ActivityRecord{b7de427 u0 com.fceumm.wrapper/.MainMenuActivity t2934}
07-30 15:04:32.413  1525  2553 D WindowManager: Changing focus from Window{634e345 u0 com.fceumm.wrapper/com.fceumm.wrapper.MainActivity} to null displayId=0 Callers=com.android.server.wm.ActivityTaskManagerService.setLastResumedActivityUncheckLocked:264 com.android.server.wm.ActivityTaskSupervisor.updateTopResumedActivityIfNeeded:50 com.android.server.wm.TaskFragment.setResumedActivity:29 com.android.server.wm.ActivityRecord.setState:104 
07-30 15:04:32.413  1525  2553 D ActivityTaskManager: scheduleTopResumedActivityChanged, onTop=true, r=ActivityRecord{b7de427 u0 com.fceumm.wrapper/.MainMenuActivity t2934}, caller=com.android.server.wm.ActivityTaskSupervisor.updateTopResumedActivityIfNeeded:62 com.android.server.wm.TaskFragment.setResumedActivity:29 com.android.server.wm.ActivityRecord.setState:104 com.android.server.wm.ActivityTaskSupervisor.realStartActivityLocked:949 com.android.server.wm.ActivityTaskSupervisor.startSpecificActivity:27 com.android.server.wm.TaskFragment.resumeTopActivity:2204 
07-30 15:04:32.413  1525  2553 D WindowManagerServiceExt: updateTaskbarTargetIfNeeded: cn=ComponentInfo{com.fceumm.wrapper/com.fceumm.wrapper.MainMenuActivity} occludesParent=true isInSplitScreenMode=false styleFloating=false
07-30 15:04:32.414  1525  2553 D BLASTSyncEngine: SyncGroup 2939:  Unfinished container: ActivityRecord{b7de427 u0 com.fceumm.wrapper/.MainMenuActivity t2934} mSyncState=2
07-30 15:04:32.414  1525  5088 D GraphicsStatsService: requestRenderEngineFor(com.fceumm.wrapper)
07-30 15:04:32.414  7311  7311 D ActivityThread: com.fceumm.wrapper will use render engine as VK
07-30 15:04:32.424  7311  7311 I InsetsController: setRequestedVisibleTypes: visible=false, mask=statusBars navigationBars captionBar, host=com.fceumm.wrapper/com.fceumm.wrapper.MainMenuActivity, from=android.view.InsetsController.controlAnimationUnchecked:1498 android.view.InsetsController.applyAnimation:2228 android.view.InsetsController.applyAnimation:2159 android.view.InsetsController.hide:1452 android.view.InsetsController.hide:1368 android.view.ViewRootImpl.controlInsetsForCompatibility:3953 android.view.ViewRootImpl.setView:1955 android.view.WindowManagerGlobal.addView:578 android.view.WindowManagerImpl.addView:158 android.app.ActivityThread.handleResumeActivity:6060 
07-30 15:04:32.425  1525  2553 D WindowManager: prepareSync <SYNC_STATE_WAITING_FOR_DRAW>, mPrepareSyncSeqId=0, win=Window{450fd04 u0 com.fceumm.wrapper/com.fceumm.wrapper.MainMenuActivity}
07-30 15:04:32.425  1369  1423 I SurfaceFlinger: id=42395 createSurf, flag=84004, 450fd04 com.fceumm.wrapper/com.fceumm.wrapper.MainMenuActivity#42395
07-30 15:04:32.426  7311  7311 I InsetsController: onStateChanged: host=com.fceumm.wrapper/com.fceumm.wrapper.MainMenuActivity, from=android.view.ViewRootImpl.setView:1999, state=InsetsState: {mDisplayFrame=Rect(0, 0 - 1080, 2340), mDisplayCutout=DisplayCutout{insets=Rect(0, 99 - 0, 0) waterfall=Insets{left=0, top=0, right=0, bottom=0} boundingRect={Bounds=[Rect(0, 0 - 0, 0), Rect(505, 0 - 575, 99), Rect(0, 0 - 0, 0), Rect(0, 0 - 0, 0)]} cutoutPathParserInfo={CutoutPathParserInfo{displayWidth=1080 displayHeight=2340 physicalDisplayWidth=1080 physicalDisplayHeight=2340 density={3.0} cutoutSpec={M 0,0 M 0,29 a 35,35 0 1,0 0,70 a 35,35 0 1,0 0,-70 Z} rotation={0} scale={1.0} physicalPixelDisplaySizeRatio={1.0}}} sideOverrides={}}, mRoundedCorners=RoundedCorners{[RoundedCorner{position=TopLeft, radius=108, center=Point(108, 108)}, RoundedCorner{position=TopRight, radius=108, center=Point(972, 108)}, RoundedCorner{position=BottomRight, radius=108, center=Point(972, 2232)}, RoundedCorner{position=BottomLeft, radius=108, center=Point(108, 2232)}]}  mRoundedCornerFrame=Rect(0, 0 - 1080, 2340), mPrivacyIndicatorBounds=PrivacyIndicatorBounds {static bounds=Rect(948, 0 - 1080, 99) rotation=0}, mDisplayShape=DisplayShape{ spec=-311912193 displayWidth=1080 displayHeight=2340 physicalPixelDisplaySizeRatio=1.0 rotation=0 offsetX=0 offsetY=0 scale=1.0}, mSources= { InsetsSource: {b2f90001 mType=navigationBars mFrame=[0,2295][1080,2340] mVisible=false mFlags=SUPPRESS_SCRIM mSideHint=BOTTOM mBoundingRects=null}, InsetsSource: {b2f90004 mType=systemGestures mFrame=[0,0][90,2340] mVisible=true mFlags= mSideHint=LEFT mBoundingRects=null}, InsetsSource: {b2f90005 mType=mandatorySystemGestures mFrame=[0,2244][1080,2340] mVisible=true mFlags= mSideHint=BOTTOM mBoundingRects=null}, InsetsSource: {b2f90006 mType=tappableElement mFrame=[0,0][0,0] mVisible=true mFlags= mSideHint=NONE mBoundingRects=null}, InsetsSource: {b2f90024 mType=systemGestures mFrame=[990,0][1080,2340] mVisible=true mFlags= mSideHint=RIGHT mBoundingRects=null}, InsetsSource: {cf990000 mType=statusBars mFrame=[0,0][1080,99] mVisible=false mFlags= mSideHint=TOP mBoundingRects=null}, InsetsSource: {cf990005 mType=mandatorySystemGestures mFrame=[0,0][1080,135] mVisible=true mFlags= mSideHint=TOP mBoundingRects=null}, InsetsSource: {cf990006 mType=tappableElement mFrame=[0,0][1080,99] mVisible=true mFlags= mSideHint=TOP mBoundingRects=null}, InsetsSource: {3 mType=ime mFrame=[0,0][0,0] mVisible=false mFlags= mSideHint=NONE mBoundingRects=null}, InsetsSource: {27 mType=displayCutout mFrame=[0,0][1080,99] mVisible=true mFlags= mSideHint=TOP mBoundingRects=null} }
07-30 15:04:32.429  1525  2553 D InputDispatcher: Focus left window (0): 634e345 com.fceumm.wrapper/com.fceumm.wrapper.MainActivity
07-30 15:04:32.431  1525  1626 D SGM:FgCheckThread: noteResumeComponent(), received pkgName: com.fceumm.wrapper, userId: 0
07-30 15:04:32.431  1525  2471 D SGM:FgCheckThread: onLooperPrepared(), msg: MSG_APP_RESUME, pkgName: com.fceumm.wrapper, userid: 0
07-30 15:04:32.431  5103 18760 I SDHMS:l : handleResumeComponent : put = com.fceumm.wrapper, userid = 0 instanceid =222836436
07-30 15:04:32.432  1369  1369 I SurfaceFlinger: [450fd04 com.fceumm.wrapper/com.fceumm.wrapper.MainMenuActivity#42395] attach to parent LayerHierarchy{RequestedLayerState{ActivityRecord{b7de427 u0 com.fceumm.wrapper/.MainMenuActivity t2934}#42394 parentId=42360 z=2} 1 children}
07-30 15:04:32.434  1525  2553 D CoreBackPreview: Window{450fd04 u0 com.fceumm.wrapper/com.fceumm.wrapper.MainMenuActivity}: Setting back callback OnBackInvokedCallbackInfo{mCallback=android.window.IOnBackInvokedCallback$Stub$Proxy@68e89c, mPriority=0, mIsAnimationCallback=false}
07-30 15:04:32.435  1525  2553 V WindowManager: Relayout Window{450fd04 u0 com.fceumm.wrapper/com.fceumm.wrapper.MainMenuActivity}: viewVisibility=0 req=1080x2241 ty=1 d0
07-30 15:04:32.435  1369  1534 I SurfaceFlinger: id=42396 createSurf, flag=44004, com.fceumm.wrapper/com.fceumm.wrapper.MainMenuActivity$_7311#42396
07-30 15:04:32.436  1525  2553 D WindowManager: makeSurface duration=1 name=com.fceumm.wrapper/com.fceumm.wrapper.MainMenuActivity$_7311
07-30 15:04:32.438  1525  2553 D BLASTSyncEngine: SyncGroup 2939:  Unfinished container: ActivityRecord{b7de427 u0 com.fceumm.wrapper/.MainMenuActivity t2934} mSyncState=2
07-30 15:04:32.438  1525  2553 D WindowManager: Changing focus from null to Window{450fd04 u0 com.fceumm.wrapper/com.fceumm.wrapper.MainMenuActivity} displayId=0 Callers=com.android.server.wm.WindowManagerService.relayoutWindowInner:142 com.android.server.wm.WindowManagerService.relayoutWindow:6 com.android.server.wm.Session.relayout:27 android.view.IWindowSession$Stub.onTransact:861 
07-30 15:04:32.439  1525  2553 D InsetsSourceProvider: updateControlForTarget: control=InsetsSourceControl: {cf990000 mType=statusBars mSurfacePosition=Point(0, 0) mInsetsHint=Insets{left=0, top=99, right=0, bottom=0}}, target=Window{450fd04 u0 com.fceumm.wrapper/com.fceumm.wrapper.MainMenuActivity}, from=com.android.server.wm.InsetsStateController.onControlTargetChanged:81 com.android.server.wm.InsetsPolicy.updateBarControlTarget:175 com.android.server.wm.DisplayPolicy.updateSystemBarAttributes:269 com.android.server.wm.WindowManagerService.updateFocusedWindowLocked:375 com.android.server.wm.WindowManagerService.relayoutWindowInner:142 
07-30 15:04:32.440  1525  2553 D InsetsSourceProvider: updateControlForTarget: control=InsetsSourceControl: {b2f90001 mType=navigationBars mSurfacePosition=Point(0, 2196) mInsetsHint=Insets{left=0, top=0, right=0, bottom=45}}, target=Window{450fd04 u0 com.fceumm.wrapper/com.fceumm.wrapper.MainMenuActivity}, from=com.android.server.wm.InsetsStateController.onControlTargetChanged:81 com.android.server.wm.InsetsPolicy.updateBarControlTarget:188 com.android.server.wm.DisplayPolicy.updateSystemBarAttributes:269 com.android.server.wm.WindowManagerService.updateFocusedWindowLocked:375 com.android.server.wm.WindowManagerService.relayoutWindowInner:142 
07-30 15:04:32.440  1525  2553 V SystemKeyManager: updateFocusedWindow() is called, com.fceumm.wrapper/com.fceumm.wrapper.MainMenuActivity
07-30 15:04:32.440  1525  2553 I SystemKeyManager: requested systemKeyInfo size=1 focusedWindow=com.fceumm.wrapper/com.fceumm.wrapper.MainMenuActivity
07-30 15:04:32.440  1525  2553 I SystemKeyManager: requested systemKeyInfo size=1 focusedWindow=com.fceumm.wrapper/com.fceumm.wrapper.MainMenuActivity
07-30 15:04:32.441  1369  1369 I SurfaceFlinger: [com.fceumm.wrapper/com.fceumm.wrapper.MainMenuActivity$_7311#42396] attach to parent LayerHierarchy{RequestedLayerState{450fd04 com.fceumm.wrapper/com.fceumm.wrapper.MainMenuActivity#42395 parentId=42394} 1 children}
07-30 15:04:32.441  1369  1369 I SurfaceFlinger: [Letterbox - top#42397] attach to parent LayerHierarchy{RequestedLayerState{ActivityRecord{b7de427 u0 com.fceumm.wrapper/.MainMenuActivity t2934}#42394 parentId=42360 z=2} 2 children}
07-30 15:04:32.450  1369  1423 I SurfaceFlinger: [com.fceumm.wrapper/com.fceumm.wrapper.MainMenuActivity$_7311#42396] setTransactionState with the first frame. bufferData(ID: 31400505901066, frameNumber: 1)
07-30 15:04:32.451  1525  2553 D WindowManager: finishDrawingWindow: Window{450fd04 u0 com.fceumm.wrapper/com.fceumm.wrapper.MainMenuActivity} mDrawState=DRAW_PENDING seqId=0
07-30 15:04:32.452  1525  1627 V WindowManager: performShowLocked: mDrawState=HAS_DRAWN in Window{450fd04 u0 com.fceumm.wrapper/com.fceumm.wrapper.MainMenuActivity}
07-30 15:04:32.452  7311  7311 I InsetsSourceConsumer: applyRequestedVisibilityToControl: visible=false, type=statusBars, host=com.fceumm.wrapper/com.fceumm.wrapper.MainMenuActivity
07-30 15:04:32.452  1525  1627 V WindowManager: Start calculating TransitionInfo based on participants: {ActivityRecord{9b1438c u0 com.fceumm.wrapper/.MainActivity t2934}, ActivityRecord{b7de427 u0 com.fceumm.wrapper/.MainMenuActivity t2934}}
07-30 15:04:32.452  1525  1627 V WindowManager:   Final targets: [ActivityRecord{b7de427 u0 com.fceumm.wrapper/.MainMenuActivity t2934}, ActivityRecord{9b1438c u0 com.fceumm.wrapper/.MainActivity t2934}]
07-30 15:04:32.453  7311  7311 I InsetsSourceConsumer: applyRequestedVisibilityToControl: visible=false, type=navigationBars, host=com.fceumm.wrapper/com.fceumm.wrapper.MainMenuActivity
07-30 15:04:32.453  1369  1534 I SurfaceFlinger: id=42400 createSurf, flag=84004, Transition Root: ActivityRecord{b7de427 u0 com.fceumm.wrapper/.MainMenuActivity t2934}#42400
07-30 15:04:32.454  1525  1627 I SurfaceControlRegistry: show, t=StartTransaction_SyncId<2939> sc=ActivityRecord{b7de427 u0 com.fceumm.wrapper/.MainMenuActivity t2934}, caller=android.view.SurfaceControl$Transaction.show:3232 com.android.server.wm.Transition.onTransactionReady:2273 com.android.server.wm.BLASTSyncEngine$SyncGroup.finishNow:195 com.android.server.wm.BLASTSyncEngine.onSurfacePlacement:269 com.android.server.wm.RootWindowContainer.performSurfacePlacementNoTrace:471 com.android.server.wm.RootWindowContainer.performSurfacePlacement:9 
07-30 15:04:32.455  1525  1627 V WindowManager:         {null m=OPEN f=FILLS_TASK|IS_ACTIVITY leash=Surface(name=ActivityRecord{b7de427 u0 com.fceumm.wrapper/.MainMenuActivity t2934})/@0x9466046 sb=Rect(0, 0 - 0, 0) eb=Rect(0, 0 - 1080, 2340) d=-1->0 r=-1->0:-1 bc=fffafafa component=com.fceumm.wrapper/.MainMenuActivity inset=Rect(0, 0 - 0, 0) dim=true taskIdForActivity=2934},
07-30 15:04:32.455  1525  1627 V WindowManager:         {null m=TO_BACK f=FILLS_TASK|IS_ACTIVITY|EDGE_EXTENSION_RESTRICTION leash=Surface(name=ActivityRecord{9b1438c u0 com.fceumm.wrapper/.MainActivity t2934})/@0x97935fd sb=Rect(0, 0 - 1080, 2340) eb=Rect(0, 0 - 1080, 2340) d=0 bc=fffafafa component=com.fceumm.wrapper/.MainActivity inset=Rect(0, 0 - 0, 0) taskIdForActivity=2934}
07-30 15:04:32.455  1525  1627 I ActivityTaskManager: done cause=notifyTransitionStarting drawn timestamp=299407036101200 info=TransitionInfo{fefaf34 a=ActivityRecord{b7de427 u0 com.fceumm.wrapper/.MainMenuActivity t2934} d=true}
07-30 15:04:32.456  1525  1623 I ActivityTaskManager: Displayed com.fceumm.wrapper/.MainMenuActivity for user 0: +54ms
07-30 15:04:32.456  1525  1623 I Pageboost: Launch time gathered : pid 7311 com.fceumm.wrapper 54
07-30 15:04:32.457  1369  1512 D SurfaceFlinger: [input] setFocusedWindow: 450fd04 com.fceumm.wrapper/com.fceumm.wrapper.MainMenuActivity
07-30 15:04:32.457  1369  1369 I SurfaceFlinger: [Transition Root: ActivityRecord{b7de427 u0 com.fceumm.wrapper/.MainMenuActivity t2934}#42400] attach to parent LayerHierarchy{RequestedLayerState{Task=2934#42360 parentId=11 z=7} 4 children}
07-30 15:04:32.457  1525  5088 D InputDispatcher: Once focus requested (0): 450fd04 com.fceumm.wrapper/com.fceumm.wrapper.MainMenuActivity
07-30 15:04:32.457  1525  5088 D InputDispatcher: Focus request (0): 450fd04 com.fceumm.wrapper/com.fceumm.wrapper.MainMenuActivity but waiting because NO_WINDOW
07-30 15:04:32.459  1369  1423 I SurfaceFlinger: id=42401 createSurf, flag=84000, 426b141 ActivityRecordInputSink com.fceumm.wrapper/.MainMenuActivity#42401
07-30 15:04:32.461  1525  1623 V WindowManager: Sent Transition (#2939) createdAt=07-30 15:04:32.399 via request=TransitionRequestInfo { type = OPEN, triggerTask = TaskInfo{userId=0 taskId=2934 displayId=0 isRunning=true baseIntent=Intent { act=android.intent.action.MAIN cat=[android.intent.category.LAUNCHER] flg=0x10200000 cmp=com.fceumm.wrapper/.MainMenuActivity } baseActivity=ComponentInfo{com.fceumm.wrapper/com.fceumm.wrapper.MainMenuActivity} topActivity=ComponentInfo{com.fceumm.wrapper/com.fceumm.wrapper.MainMenuActivity} origActivity=null realActivity=ComponentInfo{com.fceumm.wrapper/com.fceumm.wrapper.MainMenuActivity} numActivities=3 lastActiveTime=966430967 supportsMultiWindow=true resizeMode=1 isResizeable=true minWidth=-1 minHeight=-1 maxWidth=-1 maxHeight=-1 defaultMinSize=220 token=WCT{RemoteToken{7bb14ed Task{b291a99 #2934 type=standard A=10269:com.fceumm.wrapper}}} topActivityType=1 pictureInPictureParams=null shouldDockBigOverlays=false launchIntoPipHostTaskId=-1 lastParentTaskIdBeforePip=-1 displayCutoutSafeInsets=Rect(0, 99 - 0, 0) topActivityInfo=ActivityInfo{6a7a15d com.fceumm.wrapper.MainMenuActivity} launchCookies=[android.os.BinderProxy@2283db3] positionInParent=Point(0, 0) parentTaskId=-1 isFocused=true isVisible=true isVisibleRequested=true isSleeping=false topActivityInSizeCompat=false locusId=null displayAreaFeatureId=1 isTopActivityTransparent=false isTopActivityStyleFloating=false appCompatTaskInfo=AppCompatTaskInfo { topActivityInSizeCompat=false eligibleForLetterboxEducation= false isLetterboxEducationEnabled= false isLetterboxDoubleTapEnabled= false eligibleForUserAspectRatioButton= false topActivityBoundsLetterboxed= false isFromLetterboxDoubleTap= false topActivityLetterboxVerticalPosition= -1 topActivityLetterboxHorizontalPosition= -1 topActivityLetterboxWidth=1080 topActivityLetterboxHeight=2340 topActivityLetterboxAppWidth=1080 topActivityLetterboxAppHeight=2196 isUserFullscreenOverrideEnabled=false isSystemFullscreenOverrideEnabled=false hasMinAspectRatioOverride=false cameraCompatTaskInfo=CameraCompatTaskInfo { freeformCameraCompatMode=inactive} topActivityBounds=null topActivityInDisplayCompat=false} originallySupportedMultiWindow=true hasWallpaper=false rootAffinity=10269:com.fceumm.wrapper isTopTaskInStage=false topActivityUiMode=17 CoverLauncherWidgetTask=false isKeepScreenOn=true isAllowedSeamlessRotation=false isTopTransparentActivity=true snappingGuideBounds=Rect(81, 612 - 999, 1782) isAliasManaged=false hasConfigChanged=false isAiKeyRemoveAppTask=false}, pipTask = null, remoteTransition = null, displayChange = null, flags = 0, debugId = 2939 }
07-30 15:04:32.461  1525  1623 V WindowManager:         {null m=OPEN f=FILLS_TASK|IS_ACTIVITY leash=Surface(name=ActivityRecord{b7de427 u0 com.fceumm.wrapper/.MainMenuActivity t2934})/@0x9466046 sb=Rect(0, 0 - 0, 0) eb=Rect(0, 0 - 1080, 2340) d=-1->0 r=-1->0:-1 bc=fffafafa component=com.fceumm.wrapper/.MainMenuActivity inset=Rect(0, 0 - 0, 0) dim=true taskIdForActivity=2934},
07-30 15:04:32.461  1525  1623 V WindowManager:         {null m=TO_BACK f=FILLS_TASK|IS_ACTIVITY|EDGE_EXTENSION_RESTRICTION leash=Surface(name=ActivityRecord{9b1438c u0 com.fceumm.wrapper/.MainActivity t2934})/@0x97935fd sb=Rect(0, 0 - 1080, 2340) eb=Rect(0, 0 - 1080, 2340) d=0 bc=fffafafa component=com.fceumm.wrapper/.MainActivity inset=Rect(0, 0 - 0, 0) taskIdForActivity=2934}
07-30 15:04:32.461  2762  2815 V WindowManagerShell: onTransitionReady (#2939) android.os.BinderProxy@c5c54b0: {id=2939 t=OPEN f=0x0 trk=0 opt={t=FROM_STYLE} r=[0@Point(0, 0)] c=[{null m=OPEN f=FILLS_TASK|IS_ACTIVITY leash=Surface(name=ActivityRecord{b7de427 u0 com.fceumm.wrapper/.MainMenuActivity t2934})/@0xc6d484f sb=Rect(0, 0 - 0, 0) eb=Rect(0, 0 - 1080, 2340) d=-1->0 r=-1->0:-1 bc=fffafafa component=com.fceumm.wrapper/.MainMenuActivity inset=Rect(0, 0 - 0, 0) dim=true taskIdForActivity=2934},{null m=TO_BACK f=FILLS_TASK|IS_ACTIVITY|EDGE_EXTENSION_RESTRICTION leash=Surface(name=ActivityRecord{9b1438c u0 com.fceumm.wrapper/.MainActivity t2934})/@0x2aa0bdc sb=Rect(0, 0 - 1080, 2340) eb=Rect(0, 0 - 1080, 2340) d=0 bc=fffafafa component=com.fceumm.wrapper/.MainActivity inset=Rect(0, 0 - 0, 0) taskIdForActivity=2934}]}
07-30 15:04:32.461  2762  2815 I SurfaceControlRegistry: hide, t=FinishTransaction_SyncId<2939> sc=ActivityRecord{9b1438c u0 com.fceumm.wrapper/.MainActivity t2934}, caller=android.view.SurfaceControl$Transaction.hide:3258 com.android.wm.shell.transition.Transitions.dispatchReady:929 com.android.wm.shell.transition.Transitions.onTransitionReady:243 com.android.wm.shell.transition.Transitions$TransitionPlayerImpl$$ExternalSyntheticLambda0.run:13 android.os.Handler.handleCallback:959 android.os.Handler.dispatchMessage:100 
07-30 15:04:32.461  2762  2815 I SurfaceControlRegistry: show, t=StartTransaction_SyncId<2939> sc=ActivityRecord{b7de427 u0 com.fceumm.wrapper/.MainMenuActivity t2934}, caller=android.view.SurfaceControl$Transaction.show:3232 com.android.wm.shell.transition.Transitions.dispatchReady:934 com.android.wm.shell.transition.Transitions.onTransitionReady:243 com.android.wm.shell.transition.Transitions$TransitionPlayerImpl$$ExternalSyntheticLambda0.run:13 android.os.Handler.handleCallback:959 android.os.Handler.dispatchMessage:100 
07-30 15:04:32.461  2762  2815 I SurfaceControlRegistry: show, t=FinishTransaction_SyncId<2939> sc=ActivityRecord{b7de427 u0 com.fceumm.wrapper/.MainMenuActivity t2934}, caller=android.view.SurfaceControl$Transaction.show:3232 com.android.wm.shell.transition.Transitions.dispatchReady:988 com.android.wm.shell.transition.Transitions.onTransitionReady:243 com.android.wm.shell.transition.Transitions$TransitionPlayerImpl$$ExternalSyntheticLambda0.run:13 android.os.Handler.handleCallback:959 android.os.Handler.dispatchMessage:100 
07-30 15:04:32.461  2762  2815 I SurfaceControlRegistry: show, t=StartTransaction_SyncId<2939> sc=Transition Root: ActivityRecord{b7de427 u0 com.fceumm.wrapper/.MainMenuActivity t2934}, caller=android.view.SurfaceControl$Transaction.show:3232 com.android.wm.shell.transition.Transitions.playTransition:81 com.android.wm.shell.transition.Transitions.processReadyQueue:250 com.android.wm.shell.transition.Transitions.dispatchReady:1007 com.android.wm.shell.transition.Transitions.onTransitionReady:243 com.android.wm.shell.transition.Transitions$TransitionPlayerImpl$$ExternalSyntheticLambda0.run:13 
07-30 15:04:32.462  2762  2815 V WindowManagerShell: Transition doesn't have explicit remote, search filters for match for {id=2939 t=OPEN f=0x0 trk=0 opt={t=FROM_STYLE} r=[0@Point(0, 0)] c=[{null m=OPEN f=FILLS_TASK|IS_ACTIVITY leash=Surface(name=ActivityRecord{b7de427 u0 com.fceumm.wrapper/.MainMenuActivity t2934})/@0xc6d484f sb=Rect(0, 0 - 0, 0) eb=Rect(0, 0 - 1080, 2340) d=-1->0 r=-1->0:-1 bc=fffafafa component=com.fceumm.wrapper/.MainMenuActivity inset=Rect(0, 0 - 0, 0) dim=true taskIdForActivity=2934},{null m=TO_BACK f=FILLS_TASK|IS_ACTIVITY|EDGE_EXTENSION_RESTRICTION leash=Surface(name=ActivityRecord{9b1438c u0 com.fceumm.wrapper/.MainActivity t2934})/@0x2aa0bdc sb=Rect(0, 0 - 1080, 2340) eb=Rect(0, 0 - 1080, 2340) d=0 bc=fffafafa component=com.fceumm.wrapper/.MainActivity inset=Rect(0, 0 - 0, 0) taskIdForActivity=2934}]}
07-30 15:04:32.462  2762  2815 V WindowManagerShell: start default transition animation, info = {id=2939 t=OPEN f=0x0 trk=0 opt={t=FROM_STYLE} r=[0@Point(0, 0)] c=[{null m=OPEN f=FILLS_TASK|IS_ACTIVITY leash=Surface(name=ActivityRecord{b7de427 u0 com.fceumm.wrapper/.MainMenuActivity t2934})/@0xc6d484f sb=Rect(0, 0 - 0, 0) eb=Rect(0, 0 - 1080, 2340) d=-1->0 r=-1->0:-1 bc=fffafafa component=com.fceumm.wrapper/.MainMenuActivity inset=Rect(0, 0 - 0, 0) dim=true taskIdForActivity=2934},{null m=TO_BACK f=FILLS_TASK|IS_ACTIVITY|EDGE_EXTENSION_RESTRICTION leash=Surface(name=ActivityRecord{9b1438c u0 com.fceumm.wrapper/.MainActivity t2934})/@0x2aa0bdc sb=Rect(0, 0 - 1080, 2340) eb=Rect(0, 0 - 1080, 2340) d=0 bc=fffafafa component=com.fceumm.wrapper/.MainActivity inset=Rect(0, 0 - 0, 0) taskIdForActivity=2934}]}
07-30 15:04:32.462  2762  2815 V WindowManagerShell:    change={null m=TO_BACK f=FILLS_TASK|IS_ACTIVITY|EDGE_EXTENSION_RESTRICTION leash=Surface(name=ActivityRecord{9b1438c u0 com.fceumm.wrapper/.MainActivity t2934})/@0x2aa0bdc sb=Rect(0, 0 - 1080, 2340) eb=Rect(0, 0 - 1080, 2340) d=0 bc=fffafafa component=com.fceumm.wrapper/.MainActivity inset=Rect(0, 0 - 0, 0) taskIdForActivity=2934}
07-30 15:04:32.466  1369  1369 I SurfaceFlinger: [426b141 ActivityRecordInputSink com.fceumm.wrapper/.MainMenuActivity#42401] attach to parent LayerHierarchy{RequestedLayerState{ActivityRecord{b7de427 u0 com.fceumm.wrapper/.MainMenuActivity t2934}#42394 parentId=42360 z=2} 3 children}
07-30 15:04:32.466  2762  2815 V WindowManagerShell:    change={null m=OPEN f=FILLS_TASK|IS_ACTIVITY leash=Surface(name=ActivityRecord{b7de427 u0 com.fceumm.wrapper/.MainMenuActivity t2934})/@0xc6d484f sb=Rect(0, 0 - 0, 0) eb=Rect(0, 0 - 1080, 2340) d=-1->0 r=-1->0:-1 bc=fffafafa component=com.fceumm.wrapper/.MainMenuActivity inset=Rect(0, 0 - 0, 0) dim=true taskIdForActivity=2934}
07-30 15:04:32.466  1369  1423 I SurfaceFlinger: id=42402 createSurf, flag=20004, DimTransitionLayer for Surface(name=ActivityRecord{b7de427 u0 com.fceumm.wrapper/.MainMenuActivity t2934})/@0xc6d484f#42402
07-30 15:04:32.467  2762  2815 I SurfaceControlRegistry: show, t=StartTransaction_SyncId<2939> sc=DimTransitionLayer for Surface(name=ActivityRecord{b7de427 u0 com.fceumm.wrapper/.MainMenuActivity t2934})/@0xc6d484f, caller=android.view.SurfaceControl$Transaction.show:3232 com.android.wm.shell.transition.DefaultTransitionHandler.startAnimation:2540 com.android.wm.shell.transition.Transitions.dispatchTransition:93 com.android.wm.shell.transition.Transitions.playTransition:700 com.android.wm.shell.transition.Transitions.processReadyQueue:250 com.android.wm.shell.transition.Transitions.dispatchReady:1007 
07-30 15:04:32.467  2762  2815 V WindowManagerShell: attach dim transition, change={null m=OPEN f=FILLS_TASK|IS_ACTIVITY leash=Surface(name=ActivityRecord{b7de427 u0 com.fceumm.wrapper/.MainMenuActivity t2934})/@0xc6d484f sb=Rect(0, 0 - 0, 0) eb=Rect(0, 0 - 1080, 2340) d=-1->0 r=-1->0:-1 bc=fffafafa component=com.fceumm.wrapper/.MainMenuActivity inset=Rect(0, 0 - 0, 0) dim=true taskIdForActivity=2934}
07-30 15:04:32.475  1369  1369 E SurfaceFlinger: alpha changed 1.000 -> 0.000 - DimTransitionLayer for Surface(name=ActivityRecord{b7de427 u0 com.fceumm.wrapper/.MainMenuActivity t2934})/@0xc6d484f#42402
07-30 15:04:32.475  1369  1369 I SurfaceFlinger: Layer [ActivityRecord{b7de427 u0 com.fceumm.wrapper/.MainMenuActivity t2934}#42394] hidden!! flag(0)
07-30 15:04:32.475  1369  1369 E SurfaceFlinger: alpha changed 1.000 -> 0.000 - ActivityRecord{b7de427 u0 com.fceumm.wrapper/.MainMenuActivity t2934}#42394
07-30 15:04:32.475  1369  1369 I SurfaceFlinger: Layer [com.fceumm.wrapper/com.fceumm.wrapper.MainMenuActivity$_7311#42396] hidden!! flag(0)
07-30 15:04:32.475  1369  1369 I SurfaceFlinger: Layer [450fd04 com.fceumm.wrapper/com.fceumm.wrapper.MainMenuActivity#42395] hidden!! flag(0)
07-30 15:04:32.475  1369  1369 E SurfaceFlinger: alpha changed 0.000 -> 1.000 - ActivityRecord{b7de427 u0 com.fceumm.wrapper/.MainMenuActivity t2934}#42394
07-30 15:04:32.475  1369  1369 E SurfaceFlinger: alpha changed 0.000 -> 0.000 - DimTransitionLayer for Surface(name=ActivityRecord{b7de427 u0 com.fceumm.wrapper/.MainMenuActivity t2934})/@0xc6d484f#42402
07-30 15:04:32.476  1369  1369 I SurfaceFlinger: [LayerHierarchy{RequestedLayerState{ActivityRecord{9b1438c u0 com.fceumm.wrapper/.MainActivity t2934}#42378 parentId=42400 z=2} 4 children}] reparent to LayerHierarchy{RequestedLayerState{Transition Root: ActivityRecord{b7de427 u0 com.fceumm.wrapper/.MainMenuActivity t2934}#42400 parentId=42360 z=2} 1 children}
07-30 15:04:32.476  1369  1369 I SurfaceFlinger: [LayerHierarchy{RequestedLayerState{ActivityRecord{b7de427 u0 com.fceumm.wrapper/.MainMenuActivity t2934}#42394 parentId=42400 z=5} 3 children}] reparent to LayerHierarchy{RequestedLayerState{Transition Root: ActivityRecord{b7de427 u0 com.fceumm.wrapper/.MainMenuActivity t2934}#42400 parentId=42360 z=2} 2 children}
07-30 15:04:32.476  1369  1369 I SurfaceFlinger: [LayerHierarchy{RequestedLayerState{Letterbox - top#42397 parentId=42394 z=-20000} no children}] reparent to LayerHierarchy{RequestedLayerState{ActivityRecord{b7de427 u0 com.fceumm.wrapper/.MainMenuActivity t2934}#42394 parentId=42400 z=5} 3 children}
07-30 15:04:32.476  1369  1369 I SurfaceFlinger: [DimTransitionLayer for Surface(name=ActivityRecord{b7de427 u0 com.fceumm.wrapper/.MainMenuActivity t2934})/@0xc6d484f#42402] attach to parent LayerHierarchy{RequestedLayerState{Transition Root: ActivityRecord{b7de427 u0 com.fceumm.wrapper/.MainMenuActivity t2934}#42400 parentId=42360 z=2} 3 children}
07-30 15:04:32.483  1525  5088 D InputDispatcher: Focus entered window (0): 450fd04 com.fceumm.wrapper/com.fceumm.wrapper.MainMenuActivity
07-30 15:04:32.486  1525  2465 I ImeTracker: com.fceumm.wrapper:674aaebf: onRequestHide at ORIGIN_SERVER reason HIDE_UNSPECIFIED_WINDOW fromUser false
07-30 15:04:32.486  1525  2465 I ImeTracker: com.fceumm.wrapper:674aaebf: onCancelled at PHASE_SERVER_SHOULD_HIDE
07-30 15:04:32.489 12847 12847 I GoogleInputMethodService: GoogleInputMethodService.onStartInput():1311 onStartInput(EditorInfo{EditorInfo{packageName=com.fceumm.wrapper, inputType=0, inputTypeString=NULL, enableLearning=false, autoCorrection=false, autoComplete=false, imeOptions=0, privateImeOptions=null, actionName=UNSPECIFIED, actionLabel=null, initialSelStart=-1, initialSelEnd=-1, initialCapsMode=0, label=null, fieldId=0, fieldName=null, extras=Bundle[{isTextEditor=false, displayId=0}], hintText=null, hintLocales=[]}}, false)
07-30 15:04:32.489  1525  5265 W PackageConfigPersister: App-specific configuration not found for packageName: com.fceumm.wrapper and userId: 0
07-30 15:04:32.490  1525  5088 D InsetsSourceProvider: updateControlForTarget: control=InsetsSourceControl: {3 mType=ime mSurfacePosition=Point(0, 72) mInsetsHint=Insets{left=0, top=0, right=0, bottom=1032}}, target=Window{450fd04 u0 com.fceumm.wrapper/com.fceumm.wrapper.MainMenuActivity}, from=com.android.server.wm.ImeInsetsSourceProvider.updateControlForTarget:17 com.android.server.wm.InsetsStateController.onControlTargetChanged:81 com.android.server.wm.DisplayContent.updateImeControlTarget:21 com.android.server.wm.DisplayContent.updateImeInputAndControlTarget:81 com.android.server.wm.WindowManagerService$LocalService.updateInputMethodTargetWindow:21 
07-30 15:04:32.491  1369  1369 E SurfaceFlinger: alpha changed 0.000 -> 0.010 - DimTransitionLayer for Surface(name=ActivityRecord{b7de427 u0 com.fceumm.wrapper/.MainMenuActivity t2934})/@0xc6d484f#42402
07-30 15:04:32.492  7311  7311 I InsetsSourceConsumer: applyRequestedVisibilityToControl: visible=false, type=ime, host=com.fceumm.wrapper/com.fceumm.wrapper.MainMenuActivity
07-30 15:04:32.497  1369  1369 D SurfaceFlinger:        DEVICE |   0xb40000788b18f160 | 0002 | RGBx_8888    |   16.0    0.0 1080.0 1286.0 |    0  278 1064 1564 | SurfaceView[com.fceumm.wrapper/com.f[...]wrapper.MainActivity]@0(BLAST)#42386 (5409)
07-30 15:04:32.497  1369  1369 D SurfaceFlinger:        DEVICE |   0xb40000788b19c7b0 | 0001 | RGBA_8888    |   16.0    0.0 1080.0 2241.0 |    0   99 1064 2340 | com.fceumm.wrapper/com.fceumm.wrapper.MainActivity$_7311#42380 (2)
07-30 15:04:32.497  1369  1369 D SurfaceFlinger:        DEVICE |   0xb40000788b1d3920 | 0001 | RGBA_8888    |    0.0    0.0   49.0 2241.0 | 1031   99 1080 2340 | com.fceumm.wrapper/com.fceumm.w
07-30 15:04:32.499  1369  1369 I SurfaceFlinger: [LayerHierarchy{RequestedLayerState{ImeContainer#16 parentId=42394 relativeParentId=42395 z=1} 1 children}] reparent to LayerHierarchy{RequestedLayerState{ActivityRecord{b7de427 u0 com.fceumm.wrapper/.MainMenuActivity t2934}#42394 parentId=42400 z=5} 5 children}
07-30 15:04:32.499  1369  1369 I SurfaceFlinger: [LayerHierarchy{RequestedLayerState{ImeContainer#16 parentId=42394 relativeParentId=42395 z=1} 1 children}] RelativeParent to LayerHierarchy{RequestedLayerState{450fd04 com.fceumm.wrapper/com.fceumm.wrapper.MainMenuActivity#42395 parentId=42394} 2 children}
07-30 15:04:32.928  1525  5088 V WindowManager: Setting visibility of Window{634e345 u0 com.fceumm.wrapper/com.fceumm.wrapper.MainActivity}: false, caller=com.android.server.wm.WindowContainer.sendAppVisibilityToClients:19 com.android.server.wm.WindowToken.setClientVisible:49 com.android.server.wm.ActivityRecord.setClientVisible:8 com.android.server.wm.ActivityRecord.commitVisibility:273 com.android.server.wm.TransitionController.finishTransition:766 
07-30 15:04:32.928  7311  7311 I VRI[MainActivity]@448e523: handleAppVisibility mAppVisible = true visible = false
07-30 15:04:32.928  7311  7311 D VRI[MainActivity]@448e523: visibilityChanged oldVisibility=true newVisibility=false
07-30 15:04:32.929  1369  1369 D SurfaceFlinger:        DEVICE |   0xb40000788b1d3920 | 0001 | RGBA_8888    |    0.0    0.0 1080.0 2241.0 |    0   99 1080 2340 | com.fceumm.wrapper/com.fceumm.wrapper.MainMenuActivity$_7311#42396 (1)
07-30 15:04:32.933  7311  7311 I SurfaceView@ec85787: onWindowVisibilityChanged(8) false com.fceumm.wrapper.EmulatorView{ec85787 V.E...... ........ 0,0-1080,1286} of VRI[MainActivity]@448e523
07-30 15:04:32.933  1369  1369 I SurfaceFlinger: Layer [ActivityRecord{9b1438c u0 com.fceumm.wrapper/.MainActivity t2934}#42378] hidden!! flag(1)
07-30 15:04:32.933  7311  7311 I SurfaceView@ec85787: surfaceDestroyed callback.size 1 #2 com.fceumm.wrapper.EmulatorView{ec85787 V.E...... ........ 0,0-1080,1286}
07-30 15:04:32.933  1369  1369 I SurfaceFlinger: [LayerHierarchy{RequestedLayerState{ActivityRecord{9b1438c u0 com.fceumm.wrapper/.MainActivity t2934}#42378 parentId=42360 z=1} 3 children}] reparent to LayerHierarchy{RequestedLayerState{Task=2934#42360 parentId=11 z=7} 3 children}
07-30 15:04:32.933  1369  1369 I SurfaceFlinger: [LayerHierarchy{RequestedLayerState{Transition Root: ActivityRecord{b7de427 u0 com.fceumm.wrapper/.MainMenuActivity t2934}#42400 z=2} 2 children}] reparent to OffscreenRoot
07-30 15:04:32.933  1369  1369 I SurfaceFlinger: [LayerHierarchy{RequestedLayerState{Transition Root: ActivityRecord{b7de427 u0 com.fceumm.wrapper/.MainMenuActivity t2934}#42400 z=2} 2 children}] RelativeParent to null
07-30 15:04:32.933  1369  1369 I SurfaceFlinger: [LayerHierarchy{RequestedLayerState{ActivityRecord{b7de427 u0 com.fceumm.wrapper/.MainMenuActivity t2934}#42394 parentId=42360 z=2} 5 children}] reparent to LayerHierarchy{RequestedLayerState{Task=2934#42360 parentId=11 z=7} 3 children}
07-30 15:04:32.933  1369  1369 I SurfaceFlinger: [LayerHierarchy{RequestedLayerState{DimTransitionLayer for Surface(name=ActivityRecord{b7de427 u0 com.fceumm.wrapper/.MainMenuActivity t2934})/@0xc6d484f#42402 z=-1} no children}] reparent to OffscreenRoot
07-30 15:04:32.933  1369  1369 I SurfaceFlinger: [LayerHierarchy{RequestedLayerState{DimTransitionLayer for Surface(name=ActivityRecord{b7de427 u0 com.fceumm.wrapper/.MainMenuActivity t2934})/@0xc6d484f#42402 z=-1} no children}] RelativeParent to null
07-30 15:04:32.934  7311  7311 I SurfaceView@ec85787: releaseSurfaces: viewRoot = VRI[MainActivity]@448e523
07-30 15:04:32.936  1369  1369 I SurfaceFlinger: id=42400 Removed Transition Root: ActivityRecord{b7de427 u0 com.fceumm.wrapper/.MainMenuActivity t2934}#42400 (191)
07-30 15:04:32.936  1525  5088 V WindowManager: Relayout Window{634e345 u0 com.fceumm.wrapper/com.fceumm.wrapper.MainActivity}: viewVisibility=8 req=1080x2241 ty=1 d0
07-30 15:04:32.937  1525  5088 D PowerManagerService: [api] release WakeLock SCREEN_BRIGHT_WAKE_LOCK           'WindowManager/displayId:0' ON_AFTER_RELEASE ACQ=-1m37s958ms (uid=1000 pid=1525 ws=WorkSource{10269 com.fceumm.wrapper} displayId=0 lock=699c407)
07-30 15:04:32.937  1525  5088 D PowerManagerService: [api] applyWakeLockFlagsOnReleaseLocked : userActivityNoUpdateLocked is called : SCREEN_BRIGHT_WAKE_LOCK           'WindowManager/displayId:0' ON_AFTER_RELEASE DISABLED (uid=1000 pid=1525 ws=WorkSource{10269 com.fceumm.wrapper} displayId=0 lock=699c407)
07-30 15:04:32.939  1369  1369 D SurfaceFlinger:        DEVICE |   0xb40000788b1d3920 | 0001 | RGBA_8888    |    0.0    0.0 1080.0 2241.0 |    0   99 1080 2340 | com.fceumm.wrapper/com.fceumm.wrapper.MainMenuActivity$_7311#42396 (1)
07-30 15:04:32.939  7311  7311 I VRI[MainActivity]@448e523: Relayout returned: old=(0,99,1080,2340) new=(0,99,1080,2340) relayoutAsync=false req=(1080,2241)8 dur=2 res=0x2 s={false 0x0} ch=true seqId=0
07-30 15:04:32.939  7311  7311 I SurfaceView@ec85787: windowStopped(true) false com.fceumm.wrapper.EmulatorView{ec85787 V.E...... ........ 0,0-1080,1286} of VRI[MainActivity]@448e523
07-30 15:04:32.939  7311  7311 I SurfaceView@ec85787: releaseSurfaces: viewRoot = VRI[MainActivity]@448e523
07-30 15:04:32.939  7311  7311 D VRI[MainActivity]@448e523: applyTransactionOnDraw applyImmediately
07-30 15:04:32.939  7311  7311 I SurfaceView@ec85787: releaseSurfaces: viewRoot = VRI[MainActivity]@448e523
07-30 15:04:32.939  7311  7311 D VRI[MainActivity]@448e523: applyTransactionOnDraw applyImmediately
07-30 15:04:32.940  7311  7311 D VRI[MainActivity]@448e523: Not drawing due to not visible. Reason=!mAppVisible && !mForceDecorViewVisibility
07-30 15:04:32.940  7311  7311 D VRI[MainActivity]@448e523: Pending transaction will not be applied in sync with a draw due to view not visible
07-30 15:04:32.940  7311  7311 I VRI[MainActivity]@448e523: stopped(true) old = false
07-30 15:04:32.940  7311  7311 D VRI[MainActivity]@448e523: WindowStopped on com.fceumm.wrapper/com.fceumm.wrapper.MainActivity set to true
07-30 15:04:32.942  1369  1369 I SurfaceFlinger: Layer [com.fceumm.wrapper/com.fceumm.wrapper.MainActivity$_7311#42380] hidden!! flag(1)
07-30 15:04:32.942  1369  1369 I SurfaceFlinger: destroyed Transition Root: ActivityRecord{b7de427 u0 com.fceumm.wrapper/.MainMenuActivity t2934}#42400
07-30 15:04:32.942  1369  1369 I SurfaceFlinger: [LayerHierarchy{RequestedLayerState{SurfaceView[com.fceumm.wrapper/com.fceumm.wrapper.MainActivity]@0(BLAST)#42386} no children}] reparent to OffscreenRoot
07-30 15:04:32.942  1369  1369 I SurfaceFlinger: [LayerHierarchy{RequestedLayerState{SurfaceView[com.fceumm.wrapper/com.fceumm.wrapper.MainActivity]@0(BLAST)#42386} no children}] RelativeParent to null
07-30 15:04:32.942  1369  1369 I SurfaceFlinger: [LayerHierarchy{RequestedLayerState{Background for SurfaceView[com.fceumm.wrapper/com.fceumm.wrapper.MainActivity]@0#42387 z=-2147483648} no children}] reparent to OffscreenRoot
07-30 15:04:32.942  1369  1369 I SurfaceFlinger: [LayerHierarchy{RequestedLayerState{Background for SurfaceView[com.fceumm.wrapper/com.fceumm.wrapper.MainActivity]@0#42387 z=-2147483648} no children}] RelativeParent to null
07-30 15:04:32.942  1369  1369 I SurfaceFlinger: [LayerHierarchy{RequestedLayerState{Bounds for - com.fceumm.wrapper/com.fceumm.wrapper.MainActivity@0#42384} 1 children}] reparent to OffscreenRoot
07-30 15:04:32.942  1369  1369 I SurfaceFlinger: [LayerHierarchy{RequestedLayerState{Bounds for - com.fceumm.wrapper/com.fceumm.wrapper.MainActivity@0#42384} 1 children}] RelativeParent to null
07-30 15:04:32.942  1369  1369 I SurfaceFlinger: [LayerHierarchy{RequestedLayerState{SurfaceView[com.fceumm.wrapper/com.fceumm.wrapper.MainActivity]@0#42385 z=-2} no children}] reparent to OffscreenRoot
07-30 15:04:32.942  1369  1369 I SurfaceFlinger: [LayerHierarchy{RequestedLayerState{SurfaceView[com.fceumm.wrapper/com.fceumm.wrapper.MainActivity]@0#42385 z=-2} no children}] RelativeParent to null
07-30 15:04:32.944  1369  1369 I Layer   : id=42400 Destroyed Transition Root: ActivityRecord{b7de427 u0 com.fceumm.wrapper/.MainMenuActivity t2934}#42400
07-30 15:04:32.944  1369  1369 I SurfaceFlinger: id=42385 Removed SurfaceView[com.fceumm.wrapper/com.fceumm.wrapper.MainActivity]@0#42385 (190)
07-30 15:04:32.944  1369  1369 I SurfaceFlinger: id=42387 Removed Background for SurfaceView[com.fceumm.wrapper/com.fceumm.wrapper.MainActivity]@0#42387 (190)
07-30 15:04:32.944  1369  1369 I SurfaceFlinger: id=42384 Removed Bounds for - com.fceumm.wrapper/com.fceumm.wrapper.MainActivity@0#42384 (190)
07-30 15:04:32.944  1369  1369 I SurfaceFlinger: id=42386 Removed SurfaceView[com.fceumm.wrapper/com.fceumm.wrapper.MainActivity]@0(BLAST)#42386 (190)
07-30 15:04:32.950  7311  7311 I SurfaceView@ec85787: releaseSurfaces: viewRoot = VRI[MainActivity]@448e523
07-30 15:04:32.950  7311  7311 D VRI[MainActivity]@448e523: applyTransactionOnDraw applyImmediately
07-30 15:04:32.950  1369  1369 I SurfaceFlinger: destroyed SurfaceView[com.fceumm.wrapper/com.fceumm.wrapper.MainActivity]@0(BLAST)#42386
07-30 15:04:32.950  1369  1369 I SurfaceFlinger: destroyed Background for SurfaceView[com.fceumm.wrapper/com.fceumm.wrapper.MainActivity]@0#42387
07-30 15:04:32.950  1369  1369 I SurfaceFlinger: destroyed Bounds for - com.fceumm.wrapper/com.fceumm.wrapper.MainActivity@0#42384
07-30 15:04:32.950  1369  1369 I SurfaceFlinger: destroyed SurfaceView[com.fceumm.wrapper/com.fceumm.wrapper.MainActivity]@0#42385
07-30 15:04:32.950  1525  5088 E WindowManager: win=Window{634e345 u0 com.fceumm.wrapper/com.fceumm.wrapper.MainActivity} destroySurfaces: appStopped=true cleanupOnResume=false win.mWindowRemovalAllowed=false win.mRemoveOnExit=false win.mViewVisibility=8 caller=com.android.server.wm.ActivityRecord.destroySurfaces:25 com.android.server.wm.ActivityRecord.activityStopped:204 com.android.server.wm.ActivityClientController.activityStopped:95 android.app.IActivityClientController$Stub.onTransact:722 com.android.server.wm.ActivityClientController.onTransact:1 android.os.Binder.execTransactInternal:1541 android.os.Binder.execTransact:1480 
07-30 15:04:32.950  1525  1626 D SGM:FgCheckThread: getForegroundApp(), foregroundPkgName=com.fceumm.wrapper
07-30 15:04:32.951  1525  5088 I WindowManager: Destroying surface Surface(name=com.fceumm.wrapper/com.fceumm.wrapper.MainActivity$_7311)/@0x24522a called by com.android.server.wm.WindowStateAnimator.destroySurface:11 com.android.server.wm.WindowStateAnimator.destroySurfaceLocked:54 com.android.server.wm.WindowState.destroySurfaceUnchecked:5 com.android.server.wm.WindowState.destroySurface:126 com.android.server.wm.ActivityRecord.destroySurfaces:25 com.android.server.wm.ActivityRecord.activityStopped:204 com.android.server.wm.ActivityClientController.activityStopped:95 android.app.IActivityClientController$Stub.onTransact:722 
07-30 15:04:32.951  1525  1626 D SGM:FgCheckThread: pkgName: com.fceumm.wrapper is in foreground
07-30 15:04:32.951  1369  1369 I Layer   : id=42386 Destroyed SurfaceView[com.fceumm.wrapper/com.fceumm.wrapper.MainActivity]@0(BLAST)#42386
07-30 15:04:32.953  1369  1369 I Layer   : id=42384 Destroyed Bounds for - com.fceumm.wrapper/com.fceumm.wrapper.MainActivity@0#42384
07-30 15:04:32.953  1369  1369 I Layer   : id=42387 Destroyed Background for SurfaceView[com.fceumm.wrapper/com.fceumm.wrapper.MainActivity]@0#42387
07-30 15:04:32.953  1369  1369 I Layer   : id=42385 Destroyed SurfaceView[com.fceumm.wrapper/com.fceumm.wrapper.MainActivity]@0#42385
