07-30 20:35:01.385  8097  8097 I EffectManager: isSupportDolbyAtmosOnThisAudioPath() : speaker type is stereo
07-30 20:35:01.385  8097  8097 I AudioPathManager: loadAudioPath() : loaded audio path is speaker (0)
07-30 20:35:01.385  8097  8097 I EffectManager: isSupportVolumeNormalizationOnCurrentAudioPath() : path is speaker (0)
07-30 20:35:01.385  8097  8097 I DVFSHelper: isNecessaryToBoostCPU() : isDolbyOn? false, isUHQUpscalerOn? false, isVoiceBoostOn? false, isVolumeNormalizationOn? false
07-30 20:35:01.558  1918  1918 D LibretroWrapper: MainActivity: Bouton A press├⌐ (ID: 4)
07-30 20:35:01.558  1918  1918 D LibretroWrapper: MainActivity: Bouton B press├⌐ (ID: 5)
07-30 20:35:01.558  1918  1918 D LibretroWrapper: MainActivity: Bouton A+B press├⌐ (ID: 8)
07-30 20:35:02.193  1918  1918 D LibretroWrapper: MainActivity: Bouton A press├⌐ (ID: 4)
07-30 20:35:02.193  1918  1918 D LibretroWrapper: MainActivity: Bouton B press├⌐ (ID: 5)
07-30 20:35:02.193  1918  1918 D LibretroWrapper: MainActivity: Bouton A+B press├⌐ (ID: 8)
07-30 20:35:02.388  8097  8097 I AudioPathManager: loadAudioPath() : loaded audio path is speaker (0)
07-30 20:35:02.388  8097  8097 I EffectManager: isSupportDolbyAtmosOnThisAudioPath() : path is speaker (0)
07-30 20:35:02.388  8097  8097 I EffectManager: isSupportDolbyAtmosOnThisAudioPath() : speaker type is stereo
07-30 20:35:02.388  8097  8097 I AudioPathManager: loadAudioPath() : loaded audio path is speaker (0)
07-30 20:35:02.388  8097  8097 I EffectManager: isSupportVolumeNormalizationOnCurrentAudioPath() : path is speaker (0)
07-30 20:35:02.388  8097  8097 I DVFSHelper: isNecessaryToBoostCPU() : isDolbyOn? false, isUHQUpscalerOn? false, isVoiceBoostOn? false, isVolumeNormalizationOn? false
07-30 20:35:02.389  8097  8097 I AudioPathManager: loadAudioPath() : loaded audio path is speaker (0)
07-30 20:35:02.389  8097  8097 I EffectManager: isSupportDolbyAtmosOnThisAudioPath() : path is speaker (0)
07-30 20:35:02.389  8097  8097 I EffectManager: isSupportDolbyAtmosOnThisAudioPath() : speaker type is stereo
07-30 20:35:02.389  8097  8097 I AudioPathManager: loadAudioPath() : loaded audio path is speaker (0)
07-30 20:35:02.389  8097  8097 I EffectManager: isSupportVolumeNormalizationOnCurrentAudioPath() : path is speaker (0)
07-30 20:35:02.389  8097  8097 I DVFSHelper: isNecessaryToBoostCPU() : isDolbyOn? false, isUHQUpscalerOn? false, isVoiceBoostOn? false, isVolumeNormalizationOn? false
07-30 20:35:02.673  1918  2096 I LibretroWrapper: FPS actuel: 56.4
07-30 20:35:02.968  1918  1918 D LibretroWrapper: MainActivity: Bouton A press├⌐ (ID: 4)
07-30 20:35:02.968  1918  1918 D LibretroWrapper: MainActivity: Bouton B press├⌐ (ID: 5)
07-30 20:35:02.968  1918  1918 D LibretroWrapper: MainActivity: Bouton A+B press├⌐ (ID: 8)
07-30 20:35:03.391  8097  8097 I AudioPathManager: loadAudioPath() : loaded audio path is speaker (0)
07-30 20:35:03.391  8097  8097 I EffectManager: isSupportDolbyAtmosOnThisAudioPath() : path is speaker (0)
07-30 20:35:03.391  8097  8097 I EffectManager: isSupportDolbyAtmosOnThisAudioPath() : speaker type is stereo
07-30 20:35:03.391  8097  8097 I AudioPathManager: loadAudioPath() : loaded audio path is speaker (0)
07-30 20:35:03.391  8097  8097 I EffectManager: isSupportVolumeNormalizationOnCurrentAudioPath() : path is speaker (0)
07-30 20:35:03.391  8097  8097 I DVFSHelper: isNecessaryToBoostCPU() : isDolbyOn? false, isUHQUpscalerOn? false, isVoiceBoostOn? false, isVolumeNormalizationOn? false
07-30 20:35:03.458  2762  2762 D InterruptionStateProvider:  no Heads up : edgelighting enabled app. 0|com.adguard.android|2305|null|10341
07-30 20:35:03.644  1918  1918 D LibretroWrapper: MainActivity: Bouton A press├⌐ (ID: 4)
07-30 20:35:03.644  1918  1918 D LibretroWrapper: MainActivity: Bouton B press├⌐ (ID: 5)
07-30 20:35:03.644  1918  1918 D LibretroWrapper: MainActivity: Bouton A+B press├⌐ (ID: 8)
07-30 20:35:04.321  1918  1918 D LibretroWrapper: MainActivity: Bouton A press├⌐ (ID: 4)
07-30 20:35:04.321  1918  1918 D LibretroWrapper: MainActivity: Bouton B press├⌐ (ID: 5)
07-30 20:35:04.321  1918  1918 D LibretroWrapper: MainActivity: Bouton A+B press├⌐ (ID: 8)
07-30 20:35:04.394  8097  8097 I AudioPathManager: loadAudioPath() : loaded audio path is speaker (0)
07-30 20:35:04.395  8097  8097 I EffectManager: isSupportDolbyAtmosOnThisAudioPath() : path is speaker (0)
07-30 20:35:04.395  8097  8097 I EffectManager: isSupportDolbyAtmosOnThisAudioPath() : speaker type is stereo
07-30 20:35:04.395  8097  8097 I AudioPathManager: loadAudioPath() : loaded audio path is speaker (0)
07-30 20:35:04.395  8097  8097 I EffectManager: isSupportVolumeNormalizationOnCurrentAudioPath() : path is speaker (0)
07-30 20:35:04.400  8097  8097 I DVFSHelper: isNecessaryToBoostCPU() : isDolbyOn? false, isUHQUpscalerOn? false, isVoiceBoostOn? false, isVolumeNormalizationOn? false
07-30 20:35:04.407  8097  8097 I AudioPathManager: loadAudioPath() : loaded audio path is speaker (0)
07-30 20:35:04.407  8097  8097 I EffectManager: isSupportDolbyAtmosOnThisAudioPath() : path is speaker (0)
07-30 20:35:04.408  8097  8097 I EffectManager: isSupportDolbyAtmosOnThisAudioPath() : speaker type is stereo
07-30 20:35:04.408  8097  8097 I AudioPathManager: loadAudioPath() : loaded audio path is speaker (0)
07-30 20:35:04.408  8097  8097 I EffectManager: isSupportVolumeNormalizationOnCurrentAudioPath() : path is speaker (0)
07-30 20:35:04.408  8097  8097 I DVFSHelper: isNecessaryToBoostCPU() : isDolbyOn? false, isUHQUpscalerOn? false, isVoiceBoostOn? false, isVolumeNormalizationOn? false
07-30 20:35:04.946  1918  1918 D LibretroWrapper: MainActivity: Bouton A press├⌐ (ID: 4)
07-30 20:35:04.946  1918  1918 D LibretroWrapper: MainActivity: Bouton B press├⌐ (ID: 5)
07-30 20:35:04.946  1918  1918 D LibretroWrapper: MainActivity: Bouton A+B press├⌐ (ID: 8)
07-30 20:35:05.411  8097  8097 I AudioPathManager: loadAudioPath() : loaded audio path is speaker (0)
07-30 20:35:05.411  8097  8097 I EffectManager: isSupportDolbyAtmosOnThisAudioPath() : path is speaker (0)
07-30 20:35:05.411  8097  8097 I EffectManager: isSupportDolbyAtmosOnThisAudioPath() : speaker type is stereo
07-30 20:35:05.411  8097  8097 I AudioPathManager: loadAudioPath() : loaded audio path is speaker (0)
07-30 20:35:05.411  8097  8097 I EffectManager: isSupportVolumeNormalizationOnCurrentAudioPath() : path is speaker (0)
07-30 20:35:05.411  8097  8097 I DVFSHelper: isNecessaryToBoostCPU() : isDolbyOn? false, isUHQUpscalerOn? false, isVoiceBoostOn? false, isVolumeNormalizationOn? false
07-30 20:35:05.940  1918  1918 D LibretroWrapper: MainActivity: Bouton A press├⌐ (ID: 4)
07-30 20:35:05.940  1918  1918 D LibretroWrapper: MainActivity: Bouton B press├⌐ (ID: 5)
07-30 20:35:05.940  1918  1918 D LibretroWrapper: MainActivity: Bouton A+B press├⌐ (ID: 8)
07-30 20:35:06.413  8097  8097 I AudioPathManager: loadAudioPath() : loaded audio path is speaker (0)
07-30 20:35:06.413  8097  8097 I EffectManager: isSupportDolbyAtmosOnThisAudioPath() : path is speaker (0)
07-30 20:35:06.413  8097  8097 I EffectManager: isSupportDolbyAtmosOnThisAudioPath() : speaker type is stereo
07-30 20:35:06.413  8097  8097 I AudioPathManager: loadAudioPath() : loaded audio path is speaker (0)
07-30 20:35:06.414  8097  8097 I EffectManager: isSupportVolumeNormalizationOnCurrentAudioPath() : path is speaker (0)
07-30 20:35:06.414  8097  8097 I DVFSHelper: isNecessaryToBoostCPU() : isDolbyOn? false, isUHQUpscalerOn? false, isVoiceBoostOn? false, isVolumeNormalizationOn? false
07-30 20:35:06.417  8097  8097 I AudioPathManager: loadAudioPath() : loaded audio path is speaker (0)
07-30 20:35:06.417  8097  8097 I EffectManager: isSupportDolbyAtmosOnThisAudioPath() : path is speaker (0)
07-30 20:35:06.417  8097  8097 I EffectManager: isSupportDolbyAtmosOnThisAudioPath() : speaker type is stereo
07-30 20:35:06.417  8097  8097 I AudioPathManager: loadAudioPath() : loaded audio path is speaker (0)
07-30 20:35:06.417  8097  8097 I EffectManager: isSupportVolumeNormalizationOnCurrentAudioPath() : path is speaker (0)
07-30 20:35:06.417  8097  8097 I DVFSHelper: isNecessaryToBoostCPU() : isDolbyOn? false, isUHQUpscalerOn? false, isVoiceBoostOn? false, isVolumeNormalizationOn? false
07-30 20:35:06.948  1918  1918 D LibretroWrapper: MainActivity: Bouton A press├⌐ (ID: 4)
07-30 20:35:06.948  1918  1918 D LibretroWrapper: MainActivity: Bouton B press├⌐ (ID: 5)
07-30 20:35:06.948  1918  1918 D LibretroWrapper: MainActivity: Bouton A+B press├⌐ (ID: 8)
07-30 20:35:07.421  8097  8097 I AudioPathManager: loadAudioPath() : loaded audio path is speaker (0)
07-30 20:35:07.421  8097  8097 I EffectManager: isSupportDolbyAtmosOnThisAudioPath() : path is speaker (0)
07-30 20:35:07.421  8097  8097 I EffectManager: isSupportDolbyAtmosOnThisAudioPath() : speaker type is stereo
07-30 20:35:07.421  8097  8097 I AudioPathManager: loadAudioPath() : loaded audio path is speaker (0)
07-30 20:35:07.421  8097  8097 I EffectManager: isSupportVolumeNormalizationOnCurrentAudioPath() : path is speaker (0)
07-30 20:35:07.421  8097  8097 I DVFSHelper: isNecessaryToBoostCPU() : isDolbyOn? false, isUHQUpscalerOn? false, isVoiceBoostOn? false, isVolumeNormalizationOn? false
07-30 20:35:07.674  1918  2096 I LibretroWrapper: FPS actuel: 57.4
07-30 20:35:07.985  1918  1918 D LibretroWrapper: MainActivity: Bouton A press├⌐ (ID: 4)
07-30 20:35:07.985  1918  1918 D LibretroWrapper: MainActivity: Bouton B press├⌐ (ID: 5)
07-30 20:35:07.985  1918  1918 D LibretroWrapper: MainActivity: Bouton A+B press├⌐ (ID: 8)
07-30 20:35:08.424  8097  8097 I AudioPathManager: loadAudioPath() : loaded audio path is speaker (0)
07-30 20:35:08.424  8097  8097 I EffectManager: isSupportDolbyAtmosOnThisAudioPath() : path is speaker (0)
07-30 20:35:08.424  8097  8097 I EffectManager: isSupportDolbyAtmosOnThisAudioPath() : speaker type is stereo
07-30 20:35:08.424  8097  8097 I AudioPathManager: loadAudioPath() : loaded audio path is speaker (0)
07-30 20:35:08.424  8097  8097 I EffectManager: isSupportVolumeNormalizationOnCurrentAudioPath() : path is speaker (0)
07-30 20:35:08.424  8097  8097 I DVFSHelper: isNecessaryToBoostCPU() : isDolbyOn? false, isUHQUpscalerOn? false, isVoiceBoostOn? false, isVolumeNormalizationOn? false
07-30 20:35:08.428  8097  8097 I AudioPathManager: loadAudioPath() : loaded audio path is speaker (0)
07-30 20:35:08.429  8097  8097 I EffectManager: isSupportDolbyAtmosOnThisAudioPath() : path is speaker (0)
07-30 20:35:08.429  8097  8097 I EffectManager: isSupportDolbyAtmosOnThisAudioPath() : speaker type is stereo
07-30 20:35:08.429  8097  8097 I AudioPathManager: loadAudioPath() : loaded audio path is speaker (0)
07-30 20:35:08.429  8097  8097 I EffectManager: isSupportVolumeNormalizationOnCurrentAudioPath() : path is speaker (0)
07-30 20:35:08.429  8097  8097 I DVFSHelper: isNecessaryToBoostCPU() : isDolbyOn? false, isUHQUpscalerOn? false, isVoiceBoostOn? false, isVolumeNormalizationOn? false
07-30 20:35:08.718  1918  1918 D LibretroWrapper: MainActivity: Bouton B press├⌐ (ID: 5)
07-30 20:35:09.086  1918  1918 D LibretroWrapper: MainActivity: Bouton A press├⌐ (ID: 4)
07-30 20:35:09.247 28082 28113 V CpEventLog(u0): cp_state: [                      etc = {binders=0, country_iso=CA, version=15.4.34, db_version=1901, csc=CAN/RWC, sec_enabled=false, is_roaming=false} ]
07-30 20:35:09.431  8097  8097 I AudioPathManager: loadAudioPath() : loaded audio path is speaker (0)
07-30 20:35:09.432  8097  8097 I EffectManager: isSupportDolbyAtmosOnThisAudioPath() : path is speaker (0)
07-30 20:35:09.432  8097  8097 I EffectManager: isSupportDolbyAtmosOnThisAudioPath() : speaker type is stereo
07-30 20:35:09.432  8097  8097 I AudioPathManager: loadAudioPath() : loaded audio path is speaker (0)
07-30 20:35:09.432  8097  8097 I EffectManager: isSupportVolumeNormalizationOnCurrentAudioPath() : path is speaker (0)
07-30 20:35:09.432  8097  8097 I DVFSHelper: isNecessaryToBoostCPU() : isDolbyOn? false, isUHQUpscalerOn? false, isVoiceBoostOn? false, isVolumeNormalizationOn? false
07-30 20:35:10.434  8097  8097 I AudioPathManager: loadAudioPath() : loaded audio path is speaker (0)
07-30 20:35:10.434  8097  8097 I EffectManager: isSupportDolbyAtmosOnThisAudioPath() : path is speaker (0)
07-30 20:35:10.434  8097  8097 I EffectManager: isSupportDolbyAtmosOnThisAudioPath() : speaker type is stereo
07-30 20:35:10.434  8097  8097 I AudioPathManager: loadAudioPath() : loaded audio path is speaker (0)
07-30 20:35:10.434  8097  8097 I EffectManager: isSupportVolumeNormalizationOnCurrentAudioPath() : path is speaker (0)
07-30 20:35:10.434  8097  8097 I DVFSHelper: isNecessaryToBoostCPU() : isDolbyOn? false, isUHQUpscalerOn? false, isVoiceBoostOn? false, isVolumeNormalizationOn? false
07-30 20:35:10.436  8097  8097 I AudioPathManager: loadAudioPath() : loaded audio path is speaker (0)
07-30 20:35:10.437  8097  8097 I EffectManager: isSupportDolbyAtmosOnThisAudioPath() : path is speaker (0)
07-30 20:35:10.437  8097  8097 I EffectManager: isSupportDolbyAtmosOnThisAudioPath() : speaker type is stereo
07-30 20:35:10.437  8097  8097 I AudioPathManager: loadAudioPath() : loaded audio path is speaker (0)
07-30 20:35:10.437  8097  8097 I EffectManager: isSupportVolumeNormalizationOnCurrentAudioPath() : path is speaker (0)
07-30 20:35:10.437  8097  8097 I DVFSHelper: isNecessaryToBoostCPU() : isDolbyOn? false, isUHQUpscalerOn? false, isVoiceBoostOn? false, isVolumeNormalizationOn? false
07-30 20:35:11.380 29990 30292 I artd    : GetBestInfo: odex next to the dex file (/data/app/~~jHD7Gpp8t_FGScvhT202Ug==/com.google.audio.hearing.visualization.accessibility.scribe-Ha6gi9Ycwrj31pWD4qXYlA==/oat/arm64/base.odex) is kOatUpToDate with filter 'speed-profile' executable 'false'
07-30 20:35:11.440  8097  8097 I AudioPathManager: loadAudioPath() : loaded audio path is speaker (0)
07-30 20:35:11.440  8097  8097 I EffectManager: isSupportDolbyAtmosOnThisAudioPath() : path is speaker (0)
07-30 20:35:11.440  8097  8097 I EffectManager: isSupportDolbyAtmosOnThisAudioPath() : speaker type is stereo
07-30 20:35:11.440  8097  8097 I AudioPathManager: loadAudioPath() : loaded audio path is speaker (0)
07-30 20:35:11.440  8097  8097 I EffectManager: isSupportVolumeNormalizationOnCurrentAudioPath() : path is speaker (0)
07-30 20:35:11.440  8097  8097 I DVFSHelper: isNecessaryToBoostCPU() : isDolbyOn? false, isUHQUpscalerOn? false, isVoiceBoostOn? false, isVolumeNormalizationOn? false
07-30 20:35:12.443  8097  8097 I AudioPathManager: loadAudioPath() : loaded audio path is speaker (0)
07-30 20:35:12.443  8097  8097 I EffectManager: isSupportDolbyAtmosOnThisAudioPath() : path is speaker (0)
07-30 20:35:12.443  8097  8097 I EffectManager: isSupportDolbyAtmosOnThisAudioPath() : speaker type is stereo
07-30 20:35:12.443  8097  8097 I AudioPathManager: loadAudioPath() : loaded audio path is speaker (0)
07-30 20:35:12.443  8097  8097 I EffectManager: isSupportVolumeNormalizationOnCurrentAudioPath() : path is speaker (0)
07-30 20:35:12.444  8097  8097 I DVFSHelper: isNecessaryToBoostCPU() : isDolbyOn? false, isUHQUpscalerOn? false, isVoiceBoostOn? false, isVolumeNormalizationOn? false
07-30 20:35:12.452  8097  8097 I AudioPathManager: loadAudioPath() : loaded audio path is speaker (0)
07-30 20:35:12.452  8097  8097 I EffectManager: isSupportDolbyAtmosOnThisAudioPath() : path is speaker (0)
07-30 20:35:12.452  8097  8097 I EffectManager: isSupportDolbyAtmosOnThisAudioPath() : speaker type is stereo
07-30 20:35:12.452  8097  8097 I AudioPathManager: loadAudioPath() : loaded audio path is speaker (0)
07-30 20:35:12.452  8097  8097 I EffectManager: isSupportVolumeNormalizationOnCurrentAudioPath() : path is speaker (0)
07-30 20:35:12.452  8097  8097 I DVFSHelper: isNecessaryToBoostCPU() : isDolbyOn? false, isUHQUpscalerOn? false, isVoiceBoostOn? false, isVolumeNormalizationOn? false
07-30 20:35:12.679  1918  2096 I LibretroWrapper: FPS actuel: 57.0
07-30 20:35:13.454  8097  8097 I AudioPathManager: loadAudioPath() : loaded audio path is speaker (0)
07-30 20:35:13.454  8097  8097 I EffectManager: isSupportDolbyAtmosOnThisAudioPath() : path is speaker (0)
07-30 20:35:13.454  8097  8097 I EffectManager: isSupportDolbyAtmosOnThisAudioPath() : speaker type is stereo
07-30 20:35:13.454  8097  8097 I AudioPathManager: loadAudioPath() : loaded audio path is speaker (0)
07-30 20:35:13.454  8097  8097 I EffectManager: isSupportVolumeNormalizationOnCurrentAudioPath() : path is speaker (0)
07-30 20:35:13.454  8097  8097 I DVFSHelper: isNecessaryToBoostCPU() : isDolbyOn? false, isUHQUpscalerOn? false, isVoiceBoostOn? false, isVolumeNormalizationOn? false
07-30 20:35:14.456  8097  8097 I AudioPathManager: loadAudioPath() : loaded audio path is speaker (0)
07-30 20:35:14.456  8097  8097 I EffectManager: isSupportDolbyAtmosOnThisAudioPath() : path is speaker (0)
07-30 20:35:14.456  8097  8097 I EffectManager: isSupportDolbyAtmosOnThisAudioPath() : speaker type is stereo
07-30 20:35:14.456  8097  8097 I AudioPathManager: loadAudioPath() : loaded audio path is speaker (0)
07-30 20:35:14.456  8097  8097 I EffectManager: isSupportVolumeNormalizationOnCurrentAudioPath() : path is speaker (0)
07-30 20:35:14.456  8097  8097 I DVFSHelper: isNecessaryToBoostCPU() : isDolbyOn? false, isUHQUpscalerOn? false, isVoiceBoostOn? false, isVolumeNormalizationOn? false
07-30 20:35:14.458  8097  8097 I AudioPathManager: loadAudioPath() : loaded audio path is speaker (0)
07-30 20:35:14.459  8097  8097 I EffectManager: isSupportDolbyAtmosOnThisAudioPath() : path is speaker (0)
07-30 20:35:14.459  8097  8097 I EffectManager: isSupportDolbyAtmosOnThisAudioPath() : speaker type is stereo
07-30 20:35:14.459  8097  8097 I AudioPathManager: loadAudioPath() : loaded audio path is speaker (0)
07-30 20:35:14.459  8097  8097 I EffectManager: isSupportVolumeNormalizationOnCurrentAudioPath() : path is speaker (0)
07-30 20:35:14.459  8097  8097 I DVFSHelper: isNecessaryToBoostCPU() : isDolbyOn? false, isUHQUpscalerOn? false, isVoiceBoostOn? false, isVolumeNormalizationOn? false
07-30 20:35:15.461  8097  8097 I AudioPathManager: loadAudioPath() : loaded audio path is speaker (0)
07-30 20:35:15.461  8097  8097 I EffectManager: isSupportDolbyAtmosOnThisAudioPath() : path is speaker (0)
07-30 20:35:15.461  8097  8097 I EffectManager: isSupportDolbyAtmosOnThisAudioPath() : speaker type is stereo
07-30 20:35:15.461  8097  8097 I AudioPathManager: loadAudioPath() : loaded audio path is speaker (0)
07-30 20:35:15.461  8097  8097 I EffectManager: isSupportVolumeNormalizationOnCurrentAudioPath() : path is speaker (0)
07-30 20:35:15.461  8097  8097 I DVFSHelper: isNecessaryToBoostCPU() : isDolbyOn? false, isUHQUpscalerOn? false, isVoiceBoostOn? false, isVolumeNormalizationOn? false
07-30 20:35:16.464  8097  8097 I AudioPathManager: loadAudioPath() : loaded audio path is speaker (0)
07-30 20:35:16.464  8097  8097 I EffectManager: isSupportDolbyAtmosOnThisAudioPath() : path is speaker (0)
07-30 20:35:16.464  8097  8097 I EffectManager: isSupportDolbyAtmosOnThisAudioPath() : speaker type is stereo
07-30 20:35:16.464  8097  8097 I AudioPathManager: loadAudioPath() : loaded audio path is speaker (0)
07-30 20:35:16.464  8097  8097 I EffectManager: isSupportVolumeNormalizationOnCurrentAudioPath() : path is speaker (0)
07-30 20:35:16.464  8097  8097 I DVFSHelper: isNecessaryToBoostCPU() : isDolbyOn? false, isUHQUpscalerOn? false, isVoiceBoostOn? false, isVolumeNormalizationOn? false
07-30 20:35:16.468  8097  8097 I AudioPathManager: loadAudioPath() : loaded audio path is speaker (0)
07-30 20:35:16.468  8097  8097 I EffectManager: isSupportDolbyAtmosOnThisAudioPath() : path is speaker (0)
07-30 20:35:16.468  8097  8097 I EffectManager: isSupportDolbyAtmosOnThisAudioPath() : speaker type is stereo
07-30 20:35:16.468  8097  8097 I AudioPathManager: loadAudioPath() : loaded audio path is speaker (0)
07-30 20:35:16.468  8097  8097 I EffectManager: isSupportVolumeNormalizationOnCurrentAudioPath() : path is speaker (0)
07-30 20:35:16.468  8097  8097 I DVFSHelper: isNecessaryToBoostCPU() : isDolbyOn? false, isUHQUpscalerOn? false, isVoiceBoostOn? false, isVolumeNormalizationOn? false
07-30 20:35:17.470  8097  8097 I AudioPathManager: loadAudioPath() : loaded audio path is speaker (0)
07-30 20:35:17.470  8097  8097 I EffectManager: isSupportDolbyAtmosOnThisAudioPath() : path is speaker (0)
07-30 20:35:17.470  8097  8097 I EffectManager: isSupportDolbyAtmosOnThisAudioPath() : speaker type is stereo
07-30 20:35:17.470  8097  8097 I AudioPathManager: loadAudioPath() : loaded audio path is speaker (0)
07-30 20:35:17.470  8097  8097 I EffectManager: isSupportVolumeNormalizationOnCurrentAudioPath() : path is speaker (0)
07-30 20:35:17.470  8097  8097 I DVFSHelper: isNecessaryToBoostCPU() : isDolbyOn? false, isUHQUpscalerOn? false, isVoiceBoostOn? false, isVolumeNormalizationOn? false
07-30 20:35:17.687  1918  2096 I LibretroWrapper: FPS actuel: 55.9
07-30 20:35:18.473  8097  8097 I AudioPathManager: loadAudioPath() : loaded audio path is speaker (0)
07-30 20:35:18.473  8097  8097 I EffectManager: isSupportDolbyAtmosOnThisAudioPath() : path is speaker (0)
07-30 20:35:18.473  8097  8097 I EffectManager: isSupportDolbyAtmosOnThisAudioPath() : speaker type is stereo
07-30 20:35:18.473  8097  8097 I AudioPathManager: loadAudioPath() : loaded audio path is speaker (0)
07-30 20:35:18.473  8097  8097 I EffectManager: isSupportVolumeNormalizationOnCurrentAudioPath() : path is speaker (0)
07-30 20:35:18.473  8097  8097 I DVFSHelper: isNecessaryToBoostCPU() : isDolbyOn? false, isUHQUpscalerOn? false, isVoiceBoostOn? false, isVolumeNormalizationOn? false
07-30 20:35:18.477  8097  8097 I AudioPathManager: loadAudioPath() : loaded audio path is speaker (0)
07-30 20:35:18.477  8097  8097 I EffectManager: isSupportDolbyAtmosOnThisAudioPath() : path is speaker (0)
07-30 20:35:18.477  8097  8097 I EffectManager: isSupportDolbyAtmosOnThisAudioPath() : speaker type is stereo
07-30 20:35:18.477  8097  8097 I AudioPathManager: loadAudioPath() : loaded audio path is speaker (0)
07-30 20:35:18.477  8097  8097 I EffectManager: isSupportVolumeNormalizationOnCurrentAudioPath() : path is speaker (0)
07-30 20:35:18.477  8097  8097 I DVFSHelper: isNecessaryToBoostCPU() : isDolbyOn? false, isUHQUpscalerOn? false, isVoiceBoostOn? false, isVolumeNormalizationOn? false
07-30 20:35:19.480  8097  8097 I AudioPathManager: loadAudioPath() : loaded audio path is speaker (0)
07-30 20:35:19.481  8097  8097 I EffectManager: isSupportDolbyAtmosOnThisAudioPath() : path is speaker (0)
07-30 20:35:19.481  8097  8097 I EffectManager: isSupportDolbyAtmosOnThisAudioPath() : speaker type is stereo
07-30 20:35:19.481  8097  8097 I AudioPathManager: loadAudioPath() : loaded audio path is speaker (0)
07-30 20:35:19.481  8097  8097 I EffectManager: isSupportVolumeNormalizationOnCurrentAudioPath() : path is speaker (0)
07-30 20:35:19.481  8097  8097 I DVFSHelper: isNecessaryToBoostCPU() : isDolbyOn? false, isUHQUpscalerOn? false, isVoiceBoostOn? false, isVolumeNormalizationOn? false
07-30 20:35:20.483  8097  8097 I AudioPathManager: loadAudioPath() : loaded audio path is speaker (0)
07-30 20:35:20.483  8097  8097 I EffectManager: isSupportDolbyAtmosOnThisAudioPath() : path is speaker (0)
07-30 20:35:20.483  8097  8097 I EffectManager: isSupportDolbyAtmosOnThisAudioPath() : speaker type is stereo
07-30 20:35:20.484  8097  8097 I AudioPathManager: loadAudioPath() : loaded audio path is speaker (0)
07-30 20:35:20.484  8097  8097 I EffectManager: isSupportVolumeNormalizationOnCurrentAudioPath() : path is speaker (0)
07-30 20:35:20.484  8097  8097 I DVFSHelper: isNecessaryToBoostCPU() : isDolbyOn? false, isUHQUpscalerOn? false, isVoiceBoostOn? false, isVolumeNormalizationOn? false
07-30 20:35:20.485  8097  8097 I AudioPathManager: loadAudioPath() : loaded audio path is speaker (0)
07-30 20:35:20.485  8097  8097 I EffectManager: isSupportDolbyAtmosOnThisAudioPath() : path is speaker (0)
07-30 20:35:20.485  8097  8097 I EffectManager: isSupportDolbyAtmosOnThisAudioPath() : speaker type is stereo
07-30 20:35:20.485  8097  8097 I AudioPathManager: loadAudioPath() : loaded audio path is speaker (0)
07-30 20:35:20.485  8097  8097 I EffectManager: isSupportVolumeNormalizationOnCurrentAudioPath() : path is speaker (0)
07-30 20:35:20.485  8097  8097 I DVFSHelper: isNecessaryToBoostCPU() : isDolbyOn? false, isUHQUpscalerOn? false, isVoiceBoostOn? false, isVolumeNormalizationOn? false
07-30 20:35:21.487  8097  8097 I AudioPathManager: loadAudioPath() : loaded audio path is speaker (0)
07-30 20:35:21.487  8097  8097 I EffectManager: isSupportDolbyAtmosOnThisAudioPath() : path is speaker (0)
07-30 20:35:21.487  8097  8097 I EffectManager: isSupportDolbyAtmosOnThisAudioPath() : speaker type is stereo
07-30 20:35:21.487  8097  8097 I AudioPathManager: loadAudioPath() : loaded audio path is speaker (0)
07-30 20:35:21.487  8097  8097 I EffectManager: isSupportVolumeNormalizationOnCurrentAudioPath() : path is speaker (0)
07-30 20:35:21.487  8097  8097 I DVFSHelper: isNecessaryToBoostCPU() : isDolbyOn? false, isUHQUpscalerOn? false, isVoiceBoostOn? false, isVolumeNormalizationOn? false
07-30 20:35:22.489  8097  8097 I AudioPathManager: loadAudioPath() : loaded audio path is speaker (0)
07-30 20:35:22.489  8097  8097 I EffectManager: isSupportDolbyAtmosOnThisAudioPath() : path is speaker (0)
07-30 20:35:22.489  8097  8097 I EffectManager: isSupportDolbyAtmosOnThisAudioPath() : speaker type is stereo
07-30 20:35:22.489  8097  8097 I AudioPathManager: loadAudioPath() : loaded audio path is speaker (0)
07-30 20:35:22.489  8097  8097 I EffectManager: isSupportVolumeNormalizationOnCurrentAudioPath() : path is speaker (0)
07-30 20:35:22.490  8097  8097 I DVFSHelper: isNecessaryToBoostCPU() : isDolbyOn? false, isUHQUpscalerOn? false, isVoiceBoostOn? false, isVolumeNormalizationOn? false
07-30 20:35:22.493  8097  8097 I AudioPathManager: loadAudioPath() : loaded audio path is speaker (0)
07-30 20:35:22.493  8097  8097 I EffectManager: isSupportDolbyAtmosOnThisAudioPath() : path is speaker (0)
07-30 20:35:22.493  8097  8097 I EffectManager: isSupportDolbyAtmosOnThisAudioPath() : speaker type is stereo
07-30 20:35:22.493  8097  8097 I AudioPathManager: loadAudioPath() : loaded audio path is speaker (0)
07-30 20:35:22.493  8097  8097 I EffectManager: isSupportVolumeNormalizationOnCurrentAudioPath() : path is speaker (0)
07-30 20:35:22.493  8097  8097 I DVFSHelper: isNecessaryToBoostCPU() : isDolbyOn? false, isUHQUpscalerOn? false, isVoiceBoostOn? false, isVolumeNormalizationOn? false
07-30 20:35:22.693  1918  2096 I LibretroWrapper: FPS actuel: 55.9
