
07-30 20:22:23.264  8097  8097 I AudioPathManager: loadAudioPath() : loaded audio path is speaker (0)
07-30 20:22:23.264  8097  8097 I EffectManager: isSupportDolbyAtmosOnThisAudioPath() : path is speaker (0)
07-30 20:22:23.264  8097  8097 I EffectManager: isSupportDolbyAtmosOnThisAudioPath() : speaker type is stereo
07-30 20:22:23.264  8097  8097 I AudioPathManager: loadAudioPath() : loaded audio path is speaker (0)
07-30 20:22:23.264  8097  8097 I EffectManager: isSupportVolumeNormalizationOnCurrentAudioPath() : path is speaker (0)
07-30 20:22:23.264  8097  8097 I DVFSHelper: isNecessaryToBoostCPU() : isDolbyOn? false, isUHQUpscalerOn? false, isVoiceBoostOn? false, isVolumeNormalizationOn? false
07-30 20:22:23.464 31793 31840 I LibretroWrapper: Audio callback appel├⌐ #100: frames=799, data=0x71e56e7140, initialized=1
07-30 20:22:23.464 31793 31840 W LibretroWrapper: Erreur audio: 7
07-30 20:22:24.266  8097  8097 I AudioPathManager: loadAudioPath() : loaded audio path is speaker (0)
07-30 20:22:24.266  8097  8097 I EffectManager: isSupportDolbyAtmosOnThisAudioPath() : path is speaker (0)
07-30 20:22:24.266  8097  8097 I EffectManager: isSupportDolbyAtmosOnThisAudioPath() : speaker type is stereo
07-30 20:22:24.266  8097  8097 I AudioPathManager: loadAudioPath() : loaded audio path is speaker (0)
07-30 20:22:24.266  8097  8097 I EffectManager: isSupportVolumeNormalizationOnCurrentAudioPath() : path is speaker (0)
07-30 20:22:24.267  8097  8097 I DVFSHelper: isNecessaryToBoostCPU() : isDolbyOn? false, isUHQUpscalerOn? false, isVoiceBoostOn? false, isVolumeNormalizationOn? false
07-30 20:22:24.268  8097  8097 I AudioPathManager: loadAudioPath() : loaded audio path is speaker (0)
07-30 20:22:24.268  8097  8097 I EffectManager: isSupportDolbyAtmosOnThisAudioPath() : path is speaker (0)
07-30 20:22:24.268  8097  8097 I EffectManager: isSupportDolbyAtmosOnThisAudioPath() : speaker type is stereo
07-30 20:22:24.268  8097  8097 I AudioPathManager: loadAudioPath() : loaded audio path is speaker (0)
07-30 20:22:24.268  8097  8097 I EffectManager: isSupportVolumeNormalizationOnCurrentAudioPath() : path is speaker (0)
07-30 20:22:24.268  8097  8097 I DVFSHelper: isNecessaryToBoostCPU() : isDolbyOn? false, isUHQUpscalerOn? false, isVoiceBoostOn? false, isVolumeNormalizationOn? false
07-30 20:22:24.911 31793 31793 D LibretroWrapper: MainActivity: Bouton SELECT press├⌐ (ID: 7)
07-30 20:22:25.238 31793 31840 I LibretroWrapper: Audio callback appel├⌐ #200: frames=798, data=0x71e56e7140, initialized=1
07-30 20:22:25.238 31793 31840 W LibretroWrapper: Erreur audio: 7
07-30 20:22:25.270  8097  8097 I AudioPathManager: loadAudioPath() : loaded audio path is speaker (0)
07-30 20:22:25.270  8097  8097 I EffectManager: isSupportDolbyAtmosOnThisAudioPath() : path is speaker (0)
07-30 20:22:25.270  8097  8097 I EffectManager: isSupportDolbyAtmosOnThisAudioPath() : speaker type is stereo
07-30 20:22:25.270  8097  8097 I AudioPathManager: loadAudioPath() : loaded audio path is speaker (0)
07-30 20:22:25.270  8097  8097 I EffectManager: isSupportVolumeNormalizationOnCurrentAudioPath() : path is speaker (0)
07-30 20:22:25.270  8097  8097 I DVFSHelper: isNecessaryToBoostCPU() : isDolbyOn? false, isUHQUpscalerOn? false, isVoiceBoostOn? false, isVolumeNormalizationOn? false
07-30 20:22:25.361 31793 31793 D LibretroWrapper: MainActivity: Bouton SELECT press├⌐ (ID: 7)
07-30 20:22:26.062 31793 31793 D LibretroWrapper: MainActivity: Bouton SELECT press├⌐ (ID: 7)
07-30 20:22:26.213 31793 31839 I LibretroWrapper: Callback de maintenance appel├⌐ #50
07-30 20:22:26.213 31793 31839 I LibretroWrapper: Buffer de silence envoy├⌐ avec succ├¿s
07-30 20:22:26.273  8097  8097 I AudioPathManager: loadAudioPath() : loaded audio path is speaker (0)
07-30 20:22:26.273  8097  8097 I EffectManager: isSupportDolbyAtmosOnThisAudioPath() : path is speaker (0)
07-30 20:22:26.273  8097  8097 I EffectManager: isSupportDolbyAtmosOnThisAudioPath() : speaker type is stereo
07-30 20:22:26.273  8097  8097 I AudioPathManager: loadAudioPath() : loaded audio path is speaker (0)
07-30 20:22:26.273  8097  8097 I EffectManager: isSupportVolumeNormalizationOnCurrentAudioPath() : path is speaker (0)
07-30 20:22:26.273  8097  8097 I DVFSHelper: isNecessaryToBoostCPU() : isDolbyOn? false, isUHQUpscalerOn? false, isVoiceBoostOn? false, isVolumeNormalizationOn? false
07-30 20:22:26.274  8097  8097 I AudioPathManager: loadAudioPath() : loaded audio path is speaker (0)
07-30 20:22:26.274  8097  8097 I EffectManager: isSupportDolbyAtmosOnThisAudioPath() : path is speaker (0)
07-30 20:22:26.274  8097  8097 I EffectManager: isSupportDolbyAtmosOnThisAudioPath() : speaker type is stereo
07-30 20:22:26.274  8097  8097 I AudioPathManager: loadAudioPath() : loaded audio path is speaker (0)
07-30 20:22:26.274  8097  8097 I EffectManager: isSupportVolumeNormalizationOnCurrentAudioPath() : path is speaker (0)
07-30 20:22:26.274  8097  8097 I DVFSHelper: isNecessaryToBoostCPU() : isDolbyOn? false, isUHQUpscalerOn? false, isVoiceBoostOn? false, isVolumeNormalizationOn? false
07-30 20:22:26.438 31793 31793 D LibretroWrapper: MainActivity: Bouton SELECT press├⌐ (ID: 7)
07-30 20:22:26.611 31793 31840 I LibretroWrapper: FPS actuel: 55.8
07-30 20:22:26.975 31793 31840 I LibretroWrapper: Audio callback appel├⌐ #300: frames=799, data=0x71e56e7140, initialized=1
07-30 20:22:26.975 31793 31840 W LibretroWrapper: Erreur audio: 7
07-30 20:22:27.276  8097  8097 I AudioPathManager: loadAudioPath() : loaded audio path is speaker (0)
07-30 20:22:27.276  8097  8097 I EffectManager: isSupportDolbyAtmosOnThisAudioPath() : path is speaker (0)
07-30 20:22:27.276  8097  8097 I EffectManager: isSupportDolbyAtmosOnThisAudioPath() : speaker type is stereo
07-30 20:22:27.276  8097  8097 I AudioPathManager: loadAudioPath() : loaded audio path is speaker (0)
07-30 20:22:27.276  8097  8097 I EffectManager: isSupportVolumeNormalizationOnCurrentAudioPath() : path is speaker (0)
07-30 20:22:27.276  8097  8097 I DVFSHelper: isNecessaryToBoostCPU() : isDolbyOn? false, isUHQUpscalerOn? false, isVoiceBoostOn? false, isVolumeNormalizationOn? false
07-30 20:22:27.430 31793 31793 D LibretroWrapper: MainActivity: Bouton START press├⌐ (ID: 6)
07-30 20:22:28.279  8097  8097 I AudioPathManager: loadAudioPath() : loaded audio path is speaker (0)
07-30 20:22:28.279  8097  8097 I EffectManager: isSupportDolbyAtmosOnThisAudioPath() : path is speaker (0)
07-30 20:22:28.279  8097  8097 I EffectManager: isSupportDolbyAtmosOnThisAudioPath() : speaker type is stereo
07-30 20:22:28.279  8097  8097 I AudioPathManager: loadAudioPath() : loaded audio path is speaker (0)
07-30 20:22:28.279  8097  8097 I EffectManager: isSupportVolumeNormalizationOnCurrentAudioPath() : path is speaker (0)
07-30 20:22:28.279  8097  8097 I DVFSHelper: isNecessaryToBoostCPU() : isDolbyOn? false, isUHQUpscalerOn? false, isVoiceBoostOn? false, isVolumeNormalizationOn? false
07-30 20:22:28.280  8097  8097 I AudioPathManager: loadAudioPath() : loaded audio path is speaker (0)
07-30 20:22:28.280  8097  8097 I EffectManager: isSupportDolbyAtmosOnThisAudioPath() : path is speaker (0)
07-30 20:22:28.280  8097  8097 I EffectManager: isSupportDolbyAtmosOnThisAudioPath() : speaker type is stereo
07-30 20:22:28.280  8097  8097 I AudioPathManager: loadAudioPath() : loaded audio path is speaker (0)
07-30 20:22:28.280  8097  8097 I EffectManager: isSupportVolumeNormalizationOnCurrentAudioPath() : path is speaker (0)
07-30 20:22:28.280  8097  8097 I DVFSHelper: isNecessaryToBoostCPU() : isDolbyOn? false, isUHQUpscalerOn? false, isVoiceBoostOn? false, isVolumeNormalizationOn? false
07-30 20:22:28.379  1525  5395 V AS.AudioDeviceBroker: requestedCommunicationDevice: null mAudioModeOwner: AudioModeInfo: mMode=MODE_NORMAL, mPid=0, mUid=0
07-30 20:22:28.593 31793 31793 D LibretroWrapper: MainActivity: Bouton A press├⌐ (ID: 4)
07-30 20:22:28.593 31793 31793 D LibretroWrapper: MainActivity: Bouton B press├⌐ (ID: 5)
07-30 20:22:28.593 31793 31793 D LibretroWrapper: MainActivity: Bouton A+B press├⌐ (ID: 8)
07-30 20:22:28.721 31793 31840 I LibretroWrapper: Audio callback appel├⌐ #400: frames=798, data=0x71e56e7140, initialized=1
07-30 20:22:28.721 31793 31840 W LibretroWrapper: Erreur audio: 7
07-30 20:22:28.826 31793 31793 D LibretroWrapper: MainActivity: Bouton A press├⌐ (ID: 4)
07-30 20:22:28.826 31793 31793 D LibretroWrapper: MainActivity: Bouton B press├⌐ (ID: 5)
07-30 20:22:28.826 31793 31793 D LibretroWrapper: MainActivity: Bouton A+B press├⌐ (ID: 8)
07-30 20:22:29.128 31793 31793 D LibretroWrapper: MainActivity: Bouton A press├⌐ (ID: 4)
07-30 20:22:29.128 31793 31793 D LibretroWrapper: MainActivity: Bouton B press├⌐ (ID: 5)
07-30 20:22:29.128 31793 31793 D LibretroWrapper: MainActivity: Bouton A+B press├⌐ (ID: 8)
07-30 20:22:29.283  8097  8097 I AudioPathManager: loadAudioPath() : loaded audio path is speaker (0)
07-30 20:22:29.283  8097  8097 I EffectManager: isSupportDolbyAtmosOnThisAudioPath() : path is speaker (0)
07-30 20:22:29.283  8097  8097 I EffectManager: isSupportDolbyAtmosOnThisAudioPath() : speaker type is stereo
07-30 20:22:29.283  8097  8097 I AudioPathManager: loadAudioPath() : loaded audio path is speaker (0)
07-30 20:22:29.283  8097  8097 I EffectManager: isSupportVolumeNormalizationOnCurrentAudioPath() : path is speaker (0)
07-30 20:22:29.283  8097  8097 I DVFSHelper: isNecessaryToBoostCPU() : isDolbyOn? false, isUHQUpscalerOn? false, isVoiceBoostOn? false, isVolumeNormalizationOn? false
07-30 20:22:29.401 31793 31793 D LibretroWrapper: MainActivity: Bouton A press├⌐ (ID: 4)
07-30 20:22:29.401 31793 31793 D LibretroWrapper: MainActivity: Bouton B press├⌐ (ID: 5)
07-30 20:22:29.401 31793 31793 D LibretroWrapper: MainActivity: Bouton A+B press├⌐ (ID: 8)
07-30 20:22:29.636 31793 31793 D LibretroWrapper: MainActivity: Bouton A press├⌐ (ID: 4)
07-30 20:22:29.636 31793 31793 D LibretroWrapper: MainActivity: Bouton B press├⌐ (ID: 5)
07-30 20:22:29.636 31793 31793 D LibretroWrapper: MainActivity: Bouton A+B press├⌐ (ID: 8)
07-30 20:22:29.886 31793 31793 D LibretroWrapper: MainActivity: Bouton A press├⌐ (ID: 4)
07-30 20:22:29.886 31793 31793 D LibretroWrapper: MainActivity: Bouton B press├⌐ (ID: 5)
07-30 20:22:29.886 31793 31793 D LibretroWrapper: MainActivity: Bouton A+B press├⌐ (ID: 8)
07-30 20:22:30.211 31793 31793 D LibretroWrapper: MainActivity: Bouton B press├⌐ (ID: 5)
07-30 20:22:30.289  8097  8097 I AudioPathManager: loadAudioPath() : loaded audio path is speaker (0)
07-30 20:22:30.289  8097  8097 I EffectManager: isSupportDolbyAtmosOnThisAudioPath() : path is speaker (0)
07-30 20:22:30.289  8097  8097 I EffectManager: isSupportDolbyAtmosOnThisAudioPath() : speaker type is stereo
07-30 20:22:30.289  8097  8097 I AudioPathManager: loadAudioPath() : loaded audio path is speaker (0)
07-30 20:22:30.289  8097  8097 I EffectManager: isSupportVolumeNormalizationOnCurrentAudioPath() : path is speaker (0)
07-30 20:22:30.290  8097  8097 I DVFSHelper: isNecessaryToBoostCPU() : isDolbyOn? false, isUHQUpscalerOn? false, isVoiceBoostOn? false, isVolumeNormalizationOn? false
07-30 20:22:30.291  8097  8097 I AudioPathManager: loadAudioPath() : loaded audio path is speaker (0)
07-30 20:22:30.291  8097  8097 I EffectManager: isSupportDolbyAtmosOnThisAudioPath() : path is speaker (0)
07-30 20:22:30.291  8097  8097 I EffectManager: isSupportDolbyAtmosOnThisAudioPath() : speaker type is stereo
07-30 20:22:30.291  8097  8097 I AudioPathManager: loadAudioPath() : loaded audio path is speaker (0)
07-30 20:22:30.291  8097  8097 I EffectManager: isSupportVolumeNormalizationOnCurrentAudioPath() : path is speaker (0)
07-30 20:22:30.291  8097  8097 I DVFSHelper: isNecessaryToBoostCPU() : isDolbyOn? false, isUHQUpscalerOn? false, isVoiceBoostOn? false, isVolumeNormalizationOn? false
07-30 20:22:30.457 31793 31840 I LibretroWrapper: Audio callback appel├⌐ #500: frames=799, data=0x71e56e7140, initialized=1
07-30 20:22:30.457 31793 31840 W LibretroWrapper: Erreur audio: 7
07-30 20:22:30.510 31793 31793 D LibretroWrapper: MainActivity: Bouton A press├⌐ (ID: 4)
07-30 20:22:30.510 31793 31793 D LibretroWrapper: MainActivity: Bouton B press├⌐ (ID: 5)
07-30 20:22:30.510 31793 31793 D LibretroWrapper: MainActivity: Bouton A+B press├⌐ (ID: 8)
07-30 20:22:30.793 31793 31839 I LibretroWrapper: Callback de maintenance appel├⌐ #100
07-30 20:22:30.793 31793 31839 I LibretroWrapper: Buffer de silence envoy├⌐ avec succ├¿s
07-30 20:22:31.293  8097  8097 I AudioPathManager: loadAudioPath() : loaded audio path is speaker (0)
07-30 20:22:31.294  8097  8097 I EffectManager: isSupportDolbyAtmosOnThisAudioPath() : path is speaker (0)
07-30 20:22:31.294  8097  8097 I EffectManager: isSupportDolbyAtmosOnThisAudioPath() : speaker type is stereo
07-30 20:22:31.294  8097  8097 I AudioPathManager: loadAudioPath() : loaded audio path is speaker (0)
07-30 20:22:31.294  8097  8097 I EffectManager: isSupportVolumeNormalizationOnCurrentAudioPath() : path is speaker (0)
07-30 20:22:31.294  8097  8097 I DVFSHelper: isNecessaryToBoostCPU() : isDolbyOn? false, isUHQUpscalerOn? false, isVoiceBoostOn? false, isVolumeNormalizationOn? false
07-30 20:22:31.604 31793 31793 D LibretroWrapper: MainActivity: Bouton START press├⌐ (ID: 6)
07-30 20:22:31.618 31793 31840 I LibretroWrapper: FPS actuel: 57.3
07-30 20:22:32.206 31793 31840 I LibretroWrapper: Audio callback appel├⌐ #600: frames=798, data=0x71e56e7140, initialized=1
07-30 20:22:32.206 31793 31840 W LibretroWrapper: Erreur audio: 7
07-30 20:22:32.297  8097  8097 I AudioPathManager: loadAudioPath() : loaded audio path is speaker (0)
07-30 20:22:32.297  8097  8097 I EffectManager: isSupportDolbyAtmosOnThisAudioPath() : path is speaker (0)
07-30 20:22:32.297  8097  8097 I EffectManager: isSupportDolbyAtmosOnThisAudioPath() : speaker type is stereo
07-30 20:22:32.297  8097  8097 I AudioPathManager: loadAudioPath() : loaded audio path is speaker (0)
07-30 20:22:32.297  8097  8097 I EffectManager: isSupportVolumeNormalizationOnCurrentAudioPath() : path is speaker (0)
07-30 20:22:32.297  8097  8097 I DVFSHelper: isNecessaryToBoostCPU() : isDolbyOn? false, isUHQUpscalerOn? false, isVoiceBoostOn? false, isVolumeNormalizationOn? false
07-30 20:22:32.301  8097  8097 I AudioPathManager: loadAudioPath() : loaded audio path is speaker (0)
07-30 20:22:32.301  8097  8097 I EffectManager: isSupportDolbyAtmosOnThisAudioPath() : path is speaker (0)
07-30 20:22:32.302  8097  8097 I EffectManager: isSupportDolbyAtmosOnThisAudioPath() : speaker type is stereo
07-30 20:22:32.302  8097  8097 I AudioPathManager: loadAudioPath() : loaded audio path is speaker (0)
07-30 20:22:32.302  8097  8097 I EffectManager: isSupportVolumeNormalizationOnCurrentAudioPath() : path is speaker (0)
07-30 20:22:32.302  8097  8097 I DVFSHelper: isNecessaryToBoostCPU() : isDolbyOn? false, isUHQUpscalerOn? false, isVoiceBoostOn? false, isVolumeNormalizationOn? false
07-30 20:22:32.759 31793 31793 D LibretroWrapper: MainActivity: Bouton A press├⌐ (ID: 4)
07-30 20:22:32.759 31793 31793 D LibretroWrapper: MainActivity: Bouton B press├⌐ (ID: 5)
07-30 20:22:32.759 31793 31793 D LibretroWrapper: MainActivity: Bouton A+B press├⌐ (ID: 8)
07-30 20:22:33.001 31793 31793 D LibretroWrapper: MainActivity: Bouton A press├⌐ (ID: 4)
07-30 20:22:33.001 31793 31793 D LibretroWrapper: MainActivity: Bouton B press├⌐ (ID: 5)
07-30 20:22:33.001 31793 31793 D LibretroWrapper: MainActivity: Bouton A+B press├⌐ (ID: 8)
07-30 20:22:33.225 31793 31793 D LibretroWrapper: MainActivity: Bouton A press├⌐ (ID: 4)
07-30 20:22:33.225 31793 31793 D LibretroWrapper: MainActivity: Bouton B press├⌐ (ID: 5)
07-30 20:22:33.225 31793 31793 D LibretroWrapper: MainActivity: Bouton A+B press├⌐ (ID: 8)
07-30 20:22:33.305  8097  8097 I AudioPathManager: loadAudioPath() : loaded audio path is speaker (0)
07-30 20:22:33.306  8097  8097 I EffectManager: isSupportDolbyAtmosOnThisAudioPath() : path is speaker (0)
07-30 20:22:33.306  8097  8097 I EffectManager: isSupportDolbyAtmosOnThisAudioPath() : speaker type is stereo
07-30 20:22:33.306  8097  8097 I AudioPathManager: loadAudioPath() : loaded audio path is speaker (0)
07-30 20:22:33.306  8097  8097 I EffectManager: isSupportVolumeNormalizationOnCurrentAudioPath() : path is speaker (0)
07-30 20:22:33.306  8097  8097 I DVFSHelper: isNecessaryToBoostCPU() : isDolbyOn? false, isUHQUpscalerOn? false, isVoiceBoostOn? false, isVolumeNormalizationOn? false
07-30 20:22:33.450 31793 31793 D LibretroWrapper: MainActivity: Bouton A press├⌐ (ID: 4)
07-30 20:22:33.450 31793 31793 D LibretroWrapper: MainActivity: Bouton B press├⌐ (ID: 5)
07-30 20:22:33.450 31793 31793 D LibretroWrapper: MainActivity: Bouton A+B press├⌐ (ID: 8)
07-30 20:22:33.674 31793 31793 D LibretroWrapper: MainActivity: Bouton A press├⌐ (ID: 4)
07-30 20:22:33.675 31793 31793 D LibretroWrapper: MainActivity: Bouton B press├⌐ (ID: 5)
07-30 20:22:33.675 31793 31793 D LibretroWrapper: MainActivity: Bouton A+B press├⌐ (ID: 8)
07-30 20:22:33.909 31793 31793 D LibretroWrapper: MainActivity: Bouton A press├⌐ (ID: 4)
07-30 20:22:33.909 31793 31793 D LibretroWrapper: MainActivity: Bouton B press├⌐ (ID: 5)
07-30 20:22:33.909 31793 31793 D LibretroWrapper: MainActivity: Bouton A+B press├⌐ (ID: 8)
07-30 20:22:33.951 31793 31840 I LibretroWrapper: Audio callback appel├⌐ #700: frames=799, data=0x71e56e7140, initialized=1
07-30 20:22:33.952 31793 31840 W LibretroWrapper: Erreur audio: 7
07-30 20:22:34.308  8097  8097 I AudioPathManager: loadAudioPath() : loaded audio path is speaker (0)
07-30 20:22:34.309  8097  8097 I EffectManager: isSupportDolbyAtmosOnThisAudioPath() : path is speaker (0)
07-30 20:22:34.309  8097  8097 I EffectManager: isSupportDolbyAtmosOnThisAudioPath() : speaker type is stereo
07-30 20:22:34.309  8097  8097 I AudioPathManager: loadAudioPath() : loaded audio path is speaker (0)
07-30 20:22:34.309  8097  8097 I EffectManager: isSupportVolumeNormalizationOnCurrentAudioPath() : path is speaker (0)
07-30 20:22:34.309  8097  8097 I DVFSHelper: isNecessaryToBoostCPU() : isDolbyOn? false, isUHQUpscalerOn? false, isVoiceBoostOn? false, isVolumeNormalizationOn? false
07-30 20:22:34.311  8097  8097 I AudioPathManager: loadAudioPath() : loaded audio path is speaker (0)
07-30 20:22:34.311  8097  8097 I EffectManager: isSupportDolbyAtmosOnThisAudioPath() : path is speaker (0)
07-30 20:22:34.311  8097  8097 I EffectManager: isSupportDolbyAtmosOnThisAudioPath() : speaker type is stereo
07-30 20:22:34.311  8097  8097 I AudioPathManager: loadAudioPath() : loaded audio path is speaker (0)
07-30 20:22:34.311  8097  8097 I EffectManager: isSupportVolumeNormalizationOnCurrentAudioPath() : path is speaker (0)
07-30 20:22:34.311  8097  8097 I DVFSHelper: isNecessaryToBoostCPU() : isDolbyOn? false, isUHQUpscalerOn? false, isVoiceBoostOn? false, isVolumeNormalizationOn? false
07-30 20:22:34.836 31793 31793 D LibretroWrapper: MainActivity: Bouton A press├⌐ (ID: 4)
07-30 20:22:34.836 31793 31793 D LibretroWrapper: MainActivity: Bouton B press├⌐ (ID: 5)
07-30 20:22:34.836 31793 31793 D LibretroWrapper: MainActivity: Bouton A+B press├⌐ (ID: 8)
07-30 20:22:34.969 31793 31793 D LibretroWrapper: MainActivity: Bouton A press├⌐ (ID: 4)
07-30 20:22:34.969 31793 31793 D LibretroWrapper: MainActivity: Bouton B press├⌐ (ID: 5)
07-30 20:22:34.969 31793 31793 D LibretroWrapper: MainActivity: Bouton A+B press├⌐ (ID: 8)
07-30 20:22:35.135 31793 31793 D LibretroWrapper: MainActivity: Bouton A press├⌐ (ID: 4)
07-30 20:22:35.135 31793 31793 D LibretroWrapper: MainActivity: Bouton B press├⌐ (ID: 5)
07-30 20:22:35.135 31793 31793 D LibretroWrapper: MainActivity: Bouton A+B press├⌐ (ID: 8)
07-30 20:22:35.293 31793 31839 I LibretroWrapper: Callback de maintenance appel├⌐ #150
07-30 20:22:35.293 31793 31839 I LibretroWrapper: Buffer de silence envoy├⌐ avec succ├¿s
07-30 20:22:35.299 31793 31793 D LibretroWrapper: MainActivity: Bouton A press├⌐ (ID: 4)
07-30 20:22:35.299 31793 31793 D LibretroWrapper: MainActivity: Bouton B press├⌐ (ID: 5)
07-30 20:22:35.299 31793 31793 D LibretroWrapper: MainActivity: Bouton A+B press├⌐ (ID: 8)
07-30 20:22:35.315  8097  8097 I AudioPathManager: loadAudioPath() : loaded audio path is speaker (0)
07-30 20:22:35.315  8097  8097 I EffectManager: isSupportDolbyAtmosOnThisAudioPath() : path is speaker (0)
07-30 20:22:35.315  8097  8097 I EffectManager: isSupportDolbyAtmosOnThisAudioPath() : speaker type is stereo
07-30 20:22:35.315  8097  8097 I AudioPathManager: loadAudioPath() : loaded audio path is speaker (0)
07-30 20:22:35.316  8097  8097 I EffectManager: isSupportVolumeNormalizationOnCurrentAudioPath() : path is speaker (0)
07-30 20:22:35.316  8097  8097 I DVFSHelper: isNecessaryToBoostCPU() : isDolbyOn? false, isUHQUpscalerOn? false, isVoiceBoostOn? false, isVolumeNormalizationOn? false
07-30 20:22:35.688 31793 31840 I LibretroWrapper: Audio callback appel├⌐ #800: frames=799, data=0x71e56e7140, initialized=1
07-30 20:22:35.688 31793 31840 W LibretroWrapper: Erreur audio: 7
07-30 20:22:36.139 31793 31793 D LibretroWrapper: MainActivity: Bouton A press├⌐ (ID: 4)
07-30 20:22:36.139 31793 31793 D LibretroWrapper: MainActivity: Bouton B press├⌐ (ID: 5)
07-30 20:22:36.139 31793 31793 D LibretroWrapper: MainActivity: Bouton A+B press├⌐ (ID: 8)
07-30 20:22:36.318  8097  8097 I AudioPathManager: loadAudioPath() : loaded audio path is speaker (0)
07-30 20:22:36.318  8097  8097 I EffectManager: isSupportDolbyAtmosOnThisAudioPath() : path is speaker (0)
07-30 20:22:36.318  8097  8097 I EffectManager: isSupportDolbyAtmosOnThisAudioPath() : speaker type is stereo
07-30 20:22:36.319  8097  8097 I AudioPathManager: loadAudioPath() : loaded audio path is speaker (0)
07-30 20:22:36.319  8097  8097 I EffectManager: isSupportVolumeNormalizationOnCurrentAudioPath() : path is speaker (0)
07-30 20:22:36.319  8097  8097 I DVFSHelper: isNecessaryToBoostCPU() : isDolbyOn? false, isUHQUpscalerOn? false, isVoiceBoostOn? false, isVolumeNormalizationOn? false
07-30 20:22:36.324  8097  8097 I AudioPathManager: loadAudioPath() : loaded audio path is speaker (0)
07-30 20:22:36.324  8097  8097 I EffectManager: isSupportDolbyAtmosOnThisAudioPath() : path is speaker (0)
07-30 20:22:36.324  8097  8097 I EffectManager: isSupportDolbyAtmosOnThisAudioPath() : speaker type is stereo
07-30 20:22:36.324  8097  8097 I AudioPathManager: loadAudioPath() : loaded audio path is speaker (0)
07-30 20:22:36.324  8097  8097 I EffectManager: isSupportVolumeNormalizationOnCurrentAudioPath() : path is speaker (0)
07-30 20:22:36.325  8097  8097 I DVFSHelper: isNecessaryToBoostCPU() : isDolbyOn? false, isUHQUpscalerOn? false, isVoiceBoostOn? false, isVolumeNormalizationOn? false
07-30 20:22:36.622 31793 31793 D LibretroWrapper: MainActivity: Bouton A press├⌐ (ID: 4)
07-30 20:22:36.622 31793 31793 D LibretroWrapper: MainActivity: Bouton B press├⌐ (ID: 5)
07-30 20:22:36.622 31793 31793 D LibretroWrapper: MainActivity: Bouton A+B press├⌐ (ID: 8)
07-30 20:22:36.625 31793 31840 I LibretroWrapper: FPS actuel: 57.5
07-30 20:22:37.328  8097  8097 I AudioPathManager: loadAudioPath() : loaded audio path is speaker (0)
07-30 20:22:37.328  8097  8097 I EffectManager: isSupportDolbyAtmosOnThisAudioPath() : path is speaker (0)
07-30 20:22:37.328  8097  8097 I EffectManager: isSupportDolbyAtmosOnThisAudioPath() : speaker type is stereo
07-30 20:22:37.328  8097  8097 I AudioPathManager: loadAudioPath() : loaded audio path is speaker (0)
07-30 20:22:37.328  8097  8097 I EffectManager: isSupportVolumeNormalizationOnCurrentAudioPath() : path is speaker (0)
07-30 20:22:37.328  8097  8097 I DVFSHelper: isNecessaryToBoostCPU() : isDolbyOn? false, isUHQUpscalerOn? false, isVoiceBoostOn? false, isVolumeNormalizationOn? false
07-30 20:22:37.426 31793 31840 I LibretroWrapper: Audio callback appel├⌐ #900: frames=799, data=0x71e56e7140, initialized=1
07-30 20:22:37.427 31793 31840 W LibretroWrapper: Erreur audio: 7
07-30 20:22:37.472 31793 31793 D LibretroWrapper: MainActivity: Bouton A press├⌐ (ID: 4)
07-30 20:22:37.472 31793 31793 D LibretroWrapper: MainActivity: Bouton B press├⌐ (ID: 5)
07-30 20:22:37.472 31793 31793 D LibretroWrapper: MainActivity: Bouton A+B press├⌐ (ID: 8)
07-30 20:22:38.330  8097  8097 I AudioPathManager: loadAudioPath() : loaded audio path is speaker (0)
07-30 20:22:38.331  8097  8097 I EffectManager: isSupportDolbyAtmosOnThisAudioPath() : path is speaker (0)
07-30 20:22:38.331  8097  8097 I EffectManager: isSupportDolbyAtmosOnThisAudioPath() : speaker type is stereo
07-30 20:22:38.331  8097  8097 I AudioPathManager: loadAudioPath() : loaded audio path is speaker (0)
07-30 20:22:38.331  8097  8097 I EffectManager: isSupportVolumeNormalizationOnCurrentAudioPath() : path is speaker (0)
07-30 20:22:38.331  8097  8097 I DVFSHelper: isNecessaryToBoostCPU() : isDolbyOn? false, isUHQUpscalerOn? false, isVoiceBoostOn? false, isVolumeNormalizationOn? false
07-30 20:22:38.334  8097  8097 I AudioPathManager: loadAudioPath() : loaded audio path is speaker (0)
07-30 20:22:38.334  8097  8097 I EffectManager: isSupportDolbyAtmosOnThisAudioPath() : path is speaker (0)
07-30 20:22:38.334  8097  8097 I EffectManager: isSupportDolbyAtmosOnThisAudioPath() : speaker type is stereo
07-30 20:22:38.334  8097  8097 I AudioPathManager: loadAudioPath() : loaded audio path is speaker (0)
07-30 20:22:38.334  8097  8097 I EffectManager: isSupportVolumeNormalizationOnCurrentAudioPath() : path is speaker (0)
07-30 20:22:38.334  8097  8097 I DVFSHelper: isNecessaryToBoostCPU() : isDolbyOn? false, isUHQUpscalerOn? false, isVoiceBoostOn? false, isVolumeNormalizationOn? false
07-30 20:22:38.426 31793 31793 D LibretroWrapper: MainActivity: Bouton A press├⌐ (ID: 4)
07-30 20:22:38.426 31793 31793 D LibretroWrapper: MainActivity: Bouton B press├⌐ (ID: 5)
07-30 20:22:38.426 31793 31793 D LibretroWrapper: MainActivity: Bouton A+B press├⌐ (ID: 8)
07-30 20:22:39.167 31793 31840 I LibretroWrapper: Audio callback appel├⌐ #1000: frames=799, data=0x71e56e7140, initialized=1
07-30 20:22:39.167 31793 31840 W LibretroWrapper: Erreur audio: 7
07-30 20:22:39.244 31793 31793 D LibretroWrapper: MainActivity: Bouton A press├⌐ (ID: 4)
07-30 20:22:39.244 31793 31793 D LibretroWrapper: MainActivity: Bouton B press├⌐ (ID: 5)
07-30 20:22:39.244 31793 31793 D LibretroWrapper: MainActivity: Bouton A+B press├⌐ (ID: 8)
07-30 20:22:39.336  8097  8097 I AudioPathManager: loadAudioPath() : loaded audio path is speaker (0)
07-30 20:22:39.336  8097  8097 I EffectManager: isSupportDolbyAtmosOnThisAudioPath() : path is speaker (0)
07-30 20:22:39.336  8097  8097 I EffectManager: isSupportDolbyAtmosOnThisAudioPath() : speaker type is stereo
07-30 20:22:39.336  8097  8097 I AudioPathManager: loadAudioPath() : loaded audio path is speaker (0)
07-30 20:22:39.337  8097  8097 I EffectManager: isSupportVolumeNormalizationOnCurrentAudioPath() : path is speaker (0)
07-30 20:22:39.337  8097  8097 I DVFSHelper: isNecessaryToBoostCPU() : isDolbyOn? false, isUHQUpscalerOn? false, isVoiceBoostOn? false, isVolumeNormalizationOn? false
07-30 20:22:39.903 31793 31793 D LibretroWrapper: MainActivity: Bouton A press├⌐ (ID: 4)
07-30 20:22:39.903 31793 31793 D LibretroWrapper: MainActivity: Bouton B press├⌐ (ID: 5)
07-30 20:22:39.903 31793 31793 D LibretroWrapper: MainActivity: Bouton A+B press├⌐ (ID: 8)
07-30 20:22:39.934 31793 31839 I LibretroWrapper: Callback de maintenance appel├⌐ #200
07-30 20:22:39.934 31793 31839 I LibretroWrapper: Buffer de silence envoy├⌐ avec succ├¿s
07-30 20:22:40.339  8097  8097 I AudioPathManager: loadAudioPath() : loaded audio path is speaker (0)
07-30 20:22:40.339  8097  8097 I EffectManager: isSupportDolbyAtmosOnThisAudioPath() : path is speaker (0)
07-30 20:22:40.340  8097  8097 I EffectManager: isSupportDolbyAtmosOnThisAudioPath() : speaker type is stereo
07-30 20:22:40.340  8097  8097 I AudioPathManager: loadAudioPath() : loaded audio path is speaker (0)
07-30 20:22:40.340  8097  8097 I EffectManager: isSupportVolumeNormalizationOnCurrentAudioPath() : path is speaker (0)
07-30 20:22:40.340  8097  8097 I DVFSHelper: isNecessaryToBoostCPU() : isDolbyOn? false, isUHQUpscalerOn? false, isVoiceBoostOn? false, isVolumeNormalizationOn? false
07-30 20:22:40.341  8097  8097 I AudioPathManager: loadAudioPath() : loaded audio path is speaker (0)
07-30 20:22:40.341  8097  8097 I EffectManager: isSupportDolbyAtmosOnThisAudioPath() : path is speaker (0)
07-30 20:22:40.341  8097  8097 I EffectManager: isSupportDolbyAtmosOnThisAudioPath() : speaker type is stereo
07-30 20:22:40.341  8097  8097 I AudioPathManager: loadAudioPath() : loaded audio path is speaker (0)
07-30 20:22:40.341  8097  8097 I EffectManager: isSupportVolumeNormalizationOnCurrentAudioPath() : path is speaker (0)
07-30 20:22:40.341  8097  8097 I DVFSHelper: isNecessaryToBoostCPU() : isDolbyOn? false, isUHQUpscalerOn? false, isVoiceBoostOn? false, isVolumeNormalizationOn? false
07-30 20:22:40.504 31793 31793 D LibretroWrapper: MainActivity: Bouton A press├⌐ (ID: 4)
07-30 20:22:40.504 31793 31793 D LibretroWrapper: MainActivity: Bouton B press├⌐ (ID: 5)
07-30 20:22:40.504 31793 31793 D LibretroWrapper: MainActivity: Bouton A+B press├⌐ (ID: 8)
07-30 20:22:40.906 31793 31840 I LibretroWrapper: Audio callback appel├⌐ #1100: frames=799, data=0x71e56e7140, initialized=1
07-30 20:22:40.906 31793 31840 W LibretroWrapper: Erreur audio: 7
07-30 20:22:41.021 31793 31793 D LibretroWrapper: MainActivity: Bouton A press├⌐ (ID: 4)
07-30 20:22:41.021 31793 31793 D LibretroWrapper: MainActivity: Bouton B press├⌐ (ID: 5)
07-30 20:22:41.021 31793 31793 D LibretroWrapper: MainActivity: Bouton A+B press├⌐ (ID: 8)
07-30 20:22:41.344  8097  8097 I AudioPathManager: loadAudioPath() : loaded audio path is speaker (0)
07-30 20:22:41.344  8097  8097 I EffectManager: isSupportDolbyAtmosOnThisAudioPath() : path is speaker (0)
07-30 20:22:41.344  8097  8097 I EffectManager: isSupportDolbyAtmosOnThisAudioPath() : speaker type is stereo
07-30 20:22:41.345  8097  8097 I AudioPathManager: loadAudioPath() : loaded audio path is speaker (0)
07-30 20:22:41.345  8097  8097 I EffectManager: isSupportVolumeNormalizationOnCurrentAudioPath() : path is speaker (0)
07-30 20:22:41.345  8097  8097 I DVFSHelper: isNecessaryToBoostCPU() : isDolbyOn? false, isUHQUpscalerOn? false, isVoiceBoostOn? false, isVolumeNormalizationOn? false
07-30 20:22:41.540 31793 31793 D LibretroWrapper: MainActivity: Bouton B press├⌐ (ID: 5)
07-30 20:22:41.633 31793 31840 I LibretroWrapper: FPS actuel: 57.5
07-30 20:22:41.965 31793 31793 D LibretroWrapper: MainActivity: Bouton B press├⌐ (ID: 5)
07-30 20:22:42.078  1525  3889 D WifiProfileShare: network score provider settings enabled
07-30 20:22:42.079  1525  3889 I [MCFSDK_android_1.2.27006]_4_McfCasterImpl: isNetworkEnabled - type : 1 ret : true
07-30 20:22:42.079  1525  3889 D WifiProfileShare.McfCast: -ME--- mIsNetworkEnabled :true
07-30 20:22:42.080  1525  3889 I [MCFSDK_android_1.2.27006]_4_McfCasterImpl: isNetworkEnabled - type : 1 ret : true
07-30 20:22:42.080  1525  3889 D WifiProfileShare.McfCast: -ME--- mIsNetworkEnabled :true
07-30 20:22:42.348  8097  8097 I AudioPathManager: loadAudioPath() : loaded audio path is speaker (0)
07-30 20:22:42.348  8097  8097 I EffectManager: isSupportDolbyAtmosOnThisAudioPath() : path is speaker (0)
07-30 20:22:42.348  8097  8097 I EffectManager: isSupportDolbyAtmosOnThisAudioPath() : speaker type is stereo
07-30 20:22:42.348  8097  8097 I AudioPathManager: loadAudioPath() : loaded audio path is speaker (0)
07-30 20:22:42.348  8097  8097 I EffectManager: isSupportVolumeNormalizationOnCurrentAudioPath() : path is speaker (0)
07-30 20:22:42.348  8097  8097 I DVFSHelper: isNecessaryToBoostCPU() : isDolbyOn? false, isUHQUpscalerOn? false, isVoiceBoostOn? false, isVolumeNormalizationOn? false
07-30 20:22:42.356  8097  8097 I AudioPathManager: loadAudioPath() : loaded audio path is speaker (0)
07-30 20:22:42.356  8097  8097 I EffectManager: isSupportDolbyAtmosOnThisAudioPath() : path is speaker (0)
07-30 20:22:42.356  8097  8097 I EffectManager: isSupportDolbyAtmosOnThisAudioPath() : speaker type is stereo
07-30 20:22:42.356  8097  8097 I AudioPathManager: loadAudioPath() : loaded audio path is speaker (0)
07-30 20:22:42.356  8097  8097 I EffectManager: isSupportVolumeNormalizationOnCurrentAudioPath() : path is speaker (0)
07-30 20:22:42.356  8097  8097 I DVFSHelper: isNecessaryToBoostCPU() : isDolbyOn? false, isUHQUpscalerOn? false, isVoiceBoostOn? false, isVolumeNormalizationOn? false
07-30 20:22:42.644 31793 31840 I LibretroWrapper: Audio callback appel├⌐ #1200: frames=799, data=0x71e56e7140, initialized=1
07-30 20:22:42.644 31793 31840 W LibretroWrapper: Erreur audio: 7
07-30 20:22:42.834  1525  2648 I WifiConnectivityMonitor: determineMode : MODE_NON_SWITCHABLE_BY_POOR_NETWORK_DETECTION_DISABLED
07-30 20:22:42.837  1525  3889 D WifiProfileShare: network score provider settings enabled
07-30 20:22:42.844  1525  3889 I [MCFSDK_android_1.2.27006]_4_McfCasterImpl: isNetworkEnabled - type : 1 ret : true
07-30 20:22:42.844  1525  3889 D WifiProfileShare.McfCast: -ME--- mIsNetworkEnabled :true
07-30 20:22:42.848  1525  3889 I [MCFSDK_android_1.2.27006]_4_McfCasterImpl: isNetworkEnabled - type : 1 ret : true
07-30 20:22:42.851  1525  3889 D WifiProfileShare.McfCast: -ME--- mIsNetworkEnabled :true
07-30 20:22:42.853  7413 31888 I MagicTether: (REDACTED) [TetherService] setRoles hasActiveNetworkConnection=%s canActiveNetworkBeTethered=%s isConnectedToInstantTether=%s isWifiEnabled=%s isHosting=%s
07-30 20:22:42.862  7413  7413 I MagicTether: (REDACTED) [TidepoolFeatureStatusManager] isInstantHotspotEnabled=%s
07-30 20:22:43.359  8097  8097 I AudioPathManager: loadAudioPath() : loaded audio path is speaker (0)
07-30 20:22:43.359  8097  8097 I EffectManager: isSupportDolbyAtmosOnThisAudioPath() : path is speaker (0)
07-30 20:22:43.359  8097  8097 I EffectManager: isSupportDolbyAtmosOnThisAudioPath() : speaker type is stereo
07-30 20:22:43.359  8097  8097 I AudioPathManager: loadAudioPath() : loaded audio path is speaker (0)
07-30 20:22:43.359  8097  8097 I EffectManager: isSupportVolumeNormalizationOnCurrentAudioPath() : path is speaker (0)
07-30 20:22:43.359  8097  8097 I DVFSHelper: isNecessaryToBoostCPU() : isDolbyOn? false, isUHQUpscalerOn? false, isVoiceBoostOn? false, isVolumeNormalizationOn? false
07-30 20:22:44.364  8097  8097 I AudioPathManager: loadAudioPath() : loaded audio path is speaker (0)
07-30 20:22:44.364  8097  8097 I EffectManager: isSupportDolbyAtmosOnThisAudioPath() : path is speaker (0)
07-30 20:22:44.364  8097  8097 I EffectManager: isSupportDolbyAtmosOnThisAudioPath() : speaker type is stereo
07-30 20:22:44.365  8097  8097 I AudioPathManager: loadAudioPath() : loaded audio path is speaker (0)
07-30 20:22:44.365  8097  8097 I EffectManager: isSupportVolumeNormalizationOnCurrentAudioPath() : path is speaker (0)
07-30 20:22:44.365  8097  8097 I DVFSHelper: isNecessaryToBoostCPU() : isDolbyOn? false, isUHQUpscalerOn? false, isVoiceBoostOn? false, isVolumeNormalizationOn? false
07-30 20:22:44.375  8097  8097 I AudioPathManager: loadAudioPath() : loaded audio path is speaker (0)
07-30 20:22:44.375  8097  8097 I EffectManager: isSupportDolbyAtmosOnThisAudioPath() : path is speaker (0)
07-30 20:22:44.375  8097  8097 I EffectManager: isSupportDolbyAtmosOnThisAudioPath() : speaker type is stereo
07-30 20:22:44.375  8097  8097 I AudioPathManager: loadAudioPath() : loaded audio path is speaker (0)
07-30 20:22:44.375  8097  8097 I EffectManager: isSupportVolumeNormalizationOnCurrentAudioPath() : path is speaker (0)
07-30 20:22:44.375  8097  8097 I DVFSHelper: isNecessaryToBoostCPU() : isDolbyOn? false, isUHQUpscalerOn? false, isVoiceBoostOn? false, isVolumeNormalizationOn? false
07-30 20:22:44.429 31793 31840 I LibretroWrapper: Audio callback appel├⌐ #1300: frames=799, data=0x71e56e7140, initialized=1
07-30 20:22:44.430 31793 31840 W LibretroWrapper: Erreur audio: 7
07-30 20:22:44.492 31793 31839 I LibretroWrapper: Callback de maintenance appel├⌐ #250
07-30 20:22:44.493 31793 31839 I LibretroWrapper: Buffer de silence envoy├⌐ avec succ├¿s
07-30 20:22:45.379  8097  8097 I AudioPathManager: loadAudioPath() : loaded audio path is speaker (0)
07-30 20:22:45.379  8097  8097 I EffectManager: isSupportDolbyAtmosOnThisAudioPath() : path is speaker (0)
07-30 20:22:45.379  8097  8097 I EffectManager: isSupportDolbyAtmosOnThisAudioPath() : speaker type is stereo
07-30 20:22:45.379  8097  8097 I AudioPathManager: loadAudioPath() : loaded audio path is speaker (0)
07-30 20:22:45.379  8097  8097 I EffectManager: isSupportVolumeNormalizationOnCurrentAudioPath() : path is speaker (0)
07-30 20:22:45.379  8097  8097 I DVFSHelper: isNecessaryToBoostCPU() : isDolbyOn? false, isUHQUpscalerOn? false, isVoiceBoostOn? false, isVolumeNormalizationOn? false
07-30 20:22:46.212 31793 31840 I LibretroWrapper: Audio callback appel├⌐ #1400: frames=799, data=0x71e56e7140, initialized=1
07-30 20:22:46.212 31793 31840 W LibretroWrapper: Erreur audio: 7
07-30 20:22:46.382  8097  8097 I AudioPathManager: loadAudioPath() : loaded audio path is speaker (0)
07-30 20:22:46.382  8097  8097 I EffectManager: isSupportDolbyAtmosOnThisAudioPath() : path is speaker (0)
07-30 20:22:46.382  8097  8097 I EffectManager: isSupportDolbyAtmosOnThisAudioPath() : speaker type is stereo
07-30 20:22:46.382  8097  8097 I AudioPathManager: loadAudioPath() : loaded audio path is speaker (0)
07-30 20:22:46.382  8097  8097 I EffectManager: isSupportVolumeNormalizationOnCurrentAudioPath() : path is speaker (0)
07-30 20:22:46.382  8097  8097 I DVFSHelper: isNecessaryToBoostCPU() : isDolbyOn? false, isUHQUpscalerOn? false, isVoiceBoostOn? false, isVolumeNormalizationOn? false
07-30 20:22:46.386  8097  8097 I AudioPathManager: loadAudioPath() : loaded audio path is speaker (0)
07-30 20:22:46.386  8097  8097 I EffectManager: isSupportDolbyAtmosOnThisAudioPath() : path is speaker (0)
07-30 20:22:46.386  8097  8097 I EffectManager: isSupportDolbyAtmosOnThisAudioPath() : speaker type is stereo
07-30 20:22:46.386  8097  8097 I AudioPathManager: loadAudioPath() : loaded audio path is speaker (0)
07-30 20:22:46.386  8097  8097 I EffectManager: isSupportVolumeNormalizationOnCurrentAudioPath() : path is speaker (0)
07-30 20:22:46.386  8097  8097 I DVFSHelper: isNecessaryToBoostCPU() : isDolbyOn? false, isUHQUpscalerOn? false, isVoiceBoostOn? false, isVolumeNormalizationOn? false
07-30 20:22:46.640 31793 31840 I LibretroWrapper: FPS actuel: 56.3
07-30 20:22:47.388  8097  8097 I AudioPathManager: loadAudioPath() : loaded audio path is speaker (0)
07-30 20:22:47.388  8097  8097 I EffectManager: isSupportDolbyAtmosOnThisAudioPath() : path is speaker (0)
07-30 20:22:47.388  8097  8097 I EffectManager: isSupportDolbyAtmosOnThisAudioPath() : speaker type is stereo
07-30 20:22:47.388  8097  8097 I AudioPathManager: loadAudioPath() : loaded audio path is speaker (0)
07-30 20:22:47.388  8097  8097 I EffectManager: isSupportVolumeNormalizationOnCurrentAudioPath() : path is speaker (0)
07-30 20:22:47.388  8097  8097 I DVFSHelper: isNecessaryToBoostCPU() : isDolbyOn? false, isUHQUpscalerOn? false, isVoiceBoostOn? false, isVolumeNormalizationOn? false
07-30 20:22:47.997 31793 31840 I LibretroWrapper: Audio callback appel├⌐ #1500: frames=798, data=0x71e56e7140, initialized=1
07-30 20:22:47.997 31793 31840 W LibretroWrapper: Erreur audio: 7
07-30 20:22:48.391  8097  8097 I AudioPathManager: loadAudioPath() : loaded audio path is speaker (0)
07-30 20:22:48.391  8097  8097 I EffectManager: isSupportDolbyAtmosOnThisAudioPath() : path is speaker (0)
07-30 20:22:48.391  8097  8097 I EffectManager: isSupportDolbyAtmosOnThisAudioPath() : speaker type is stereo
07-30 20:22:48.391  8097  8097 I AudioPathManager: loadAudioPath() : loaded audio path is speaker (0)
07-30 20:22:48.391  8097  8097 I EffectManager: isSupportVolumeNormalizationOnCurrentAudioPath() : path is speaker (0)
07-30 20:22:48.391  8097  8097 I DVFSHelper: isNecessaryToBoostCPU() : isDolbyOn? false, isUHQUpscalerOn? false, isVoiceBoostOn? false, isVolumeNormalizationOn? false
07-30 20:22:48.393  8097  8097 I AudioPathManager: loadAudioPath() : loaded audio path is speaker (0)
07-30 20:22:48.393  8097  8097 I EffectManager: isSupportDolbyAtmosOnThisAudioPath() : path is speaker (0)
07-30 20:22:48.393  8097  8097 I EffectManager: isSupportDolbyAtmosOnThisAudioPath() : speaker type is stereo
07-30 20:22:48.393  8097  8097 I AudioPathManager: loadAudioPath() : loaded audio path is speaker (0)
07-30 20:22:48.393  8097  8097 I EffectManager: isSupportVolumeNormalizationOnCurrentAudioPath() : path is speaker (0)
07-30 20:22:48.393  8097  8097 I DVFSHelper: isNecessaryToBoostCPU() : isDolbyOn? false, isUHQUpscalerOn? false, isVoiceBoostOn? false, isVolumeNormalizationOn? false
07-30 20:22:49.073 31793 31839 I LibretroWrapper: Callback de maintenance appel├⌐ #300
07-30 20:22:49.073 31793 31839 I LibretroWrapper: Buffer de silence envoy├⌐ avec succ├¿s
07-30 20:22:49.396  8097  8097 I AudioPathManager: loadAudioPath() : loaded audio path is speaker (0)
07-30 20:22:49.396  8097  8097 I EffectManager: isSupportDolbyAtmosOnThisAudioPath() : path is speaker (0)
07-30 20:22:49.396  8097  8097 I EffectManager: isSupportDolbyAtmosOnThisAudioPath() : speaker type is stereo
07-30 20:22:49.396  8097  8097 I AudioPathManager: loadAudioPath() : loaded audio path is speaker (0)
07-30 20:22:49.396  8097  8097 I EffectManager: isSupportVolumeNormalizationOnCurrentAudioPath() : path is speaker (0)
07-30 20:22:49.396  8097  8097 I DVFSHelper: isNecessaryToBoostCPU() : isDolbyOn? false, isUHQUpscalerOn? false, isVoiceBoostOn? false, isVolumeNormalizationOn? false
07-30 20:22:49.789 31793 31840 I LibretroWrapper: Audio callback appel├⌐ #1600: frames=798, data=0x71e56e7140, initialized=1
07-30 20:22:49.789 31793 31840 W LibretroWrapper: Erreur audio: 7
07-30 20:22:50.399  8097  8097 I AudioPathManager: loadAudioPath() : loaded audio path is speaker (0)
07-30 20:22:50.400  8097  8097 I EffectManager: isSupportDolbyAtmosOnThisAudioPath() : path is speaker (0)
07-30 20:22:50.400  8097  8097 I EffectManager: isSupportDolbyAtmosOnThisAudioPath() : speaker type is stereo
07-30 20:22:50.400  8097  8097 I AudioPathManager: loadAudioPath() : loaded audio path is speaker (0)
07-30 20:22:50.400  8097  8097 I EffectManager: isSupportVolumeNormalizationOnCurrentAudioPath() : path is speaker (0)
07-30 20:22:50.400  8097  8097 I DVFSHelper: isNecessaryToBoostCPU() : isDolbyOn? false, isUHQUpscalerOn? false, isVoiceBoostOn? false, isVolumeNormalizationOn? false
07-30 20:22:50.408  8097  8097 I AudioPathManager: loadAudioPath() : loaded audio path is speaker (0)
07-30 20:22:50.408  8097  8097 I EffectManager: isSupportDolbyAtmosOnThisAudioPath() : path is speaker (0)
07-30 20:22:50.408  8097  8097 I EffectManager: isSupportDolbyAtmosOnThisAudioPath() : speaker type is stereo
07-30 20:22:50.408  8097  8097 I AudioPathManager: loadAudioPath() : loaded audio path is speaker (0)
07-30 20:22:50.408  8097  8097 I EffectManager: isSupportVolumeNormalizationOnCurrentAudioPath() : path is speaker (0)
07-30 20:22:50.408  8097  8097 I DVFSHelper: isNecessaryToBoostCPU() : isDolbyOn? false, isUHQUpscalerOn? false, isVoiceBoostOn? false, isVolumeNormalizationOn? false
07-30 20:22:51.410  8097  8097 I AudioPathManager: loadAudioPath() : loaded audio path is speaker (0)
07-30 20:22:51.410  8097  8097 I EffectManager: isSupportDolbyAtmosOnThisAudioPath() : path is speaker (0)
07-30 20:22:51.410  8097  8097 I EffectManager: isSupportDolbyAtmosOnThisAudioPath() : speaker type is stereo
07-30 20:22:51.411  8097  8097 I AudioPathManager: loadAudioPath() : loaded audio path is speaker (0)
07-30 20:22:51.411  8097  8097 I EffectManager: isSupportVolumeNormalizationOnCurrentAudioPath() : path is speaker (0)
07-30 20:22:51.411  8097  8097 I DVFSHelper: isNecessaryToBoostCPU() : isDolbyOn? false, isUHQUpscalerOn? false, isVoiceBoostOn? false, isVolumeNormalizationOn? false
07-30 20:22:51.573 31793 31840 I LibretroWrapper: Audio callback appel├⌐ #1700: frames=799, data=0x71e56e7140, initialized=1
07-30 20:22:51.573 31793 31840 W LibretroWrapper: Erreur audio: 7
07-30 20:22:51.644 31793 31840 I LibretroWrapper: FPS actuel: 56.0
07-30 20:22:52.413  8097  8097 I AudioPathManager: loadAudioPath() : loaded audio path is speaker (0)
07-30 20:22:52.413  8097  8097 I EffectManager: isSupportDolbyAtmosOnThisAudioPath() : path is speaker (0)
07-30 20:22:52.413  8097  8097 I EffectManager: isSupportDolbyAtmosOnThisAudioPath() : speaker type is stereo
07-30 20:22:52.413  8097  8097 I AudioPathManager: loadAudioPath() : loaded audio path is speaker (0)
07-30 20:22:52.413  8097  8097 I EffectManager: isSupportVolumeNormalizationOnCurrentAudioPath() : path is speaker (0)
07-30 20:22:52.413  8097  8097 I DVFSHelper: isNecessaryToBoostCPU() : isDolbyOn? false, isUHQUpscalerOn? false, isVoiceBoostOn? false, isVolumeNormalizationOn? false
07-30 20:22:52.418  8097  8097 I AudioPathManager: loadAudioPath() : loaded audio path is speaker (0)
07-30 20:22:52.418  8097  8097 I EffectManager: isSupportDolbyAtmosOnThisAudioPath() : path is speaker (0)
07-30 20:22:52.418  8097  8097 I EffectManager: isSupportDolbyAtmosOnThisAudioPath() : speaker type is stereo
07-30 20:22:52.418  8097  8097 I AudioPathManager: loadAudioPath() : loaded audio path is speaker (0)
07-30 20:22:52.418  8097  8097 I EffectManager: isSupportVolumeNormalizationOnCurrentAudioPath() : path is speaker (0)
07-30 20:22:52.418  8097  8097 I DVFSHelper: isNecessaryToBoostCPU() : isDolbyOn? false, isUHQUpscalerOn? false, isVoiceBoostOn? false, isVolumeNormalizationOn? false
07-30 20:22:53.169  2762  2762 D InterruptionStateProvider:  no Heads up : edgelighting enabled app. 0|com.adguard.android|2305|null|10341
07-30 20:22:53.372 31793 31840 I LibretroWrapper: Audio callback appel├⌐ #1800: frames=799, data=0x71e56e7140, initialized=1
07-30 20:22:53.372 31793 31840 W LibretroWrapper: Erreur audio: 7
07-30 20:22:53.421  8097  8097 I AudioPathManager: loadAudioPath() : loaded audio path is speaker (0)
07-30 20:22:53.421  8097  8097 I EffectManager: isSupportDolbyAtmosOnThisAudioPath() : path is speaker (0)
07-30 20:22:53.421  8097  8097 I EffectManager: isSupportDolbyAtmosOnThisAudioPath() : speaker type is stereo
07-30 20:22:53.421  8097  8097 I AudioPathManager: loadAudioPath() : loaded audio path is speaker (0)
07-30 20:22:53.421  8097  8097 I EffectManager: isSupportVolumeNormalizationOnCurrentAudioPath() : path is speaker (0)
07-30 20:22:53.421  8097  8097 I DVFSHelper: isNecessaryToBoostCPU() : isDolbyOn? false, isUHQUpscalerOn? false, isVoiceBoostOn? false, isVolumeNormalizationOn? false
07-30 20:22:53.632 31793 31839 I LibretroWrapper: Callback de maintenance appel├⌐ #350
07-30 20:22:53.632 31793 31839 I LibretroWrapper: Buffer de silence envoy├⌐ avec succ├¿s
07-30 20:22:54.423  8097  8097 I AudioPathManager: loadAudioPath() : loaded audio path is speaker (0)
07-30 20:22:54.424  8097  8097 I EffectManager: isSupportDolbyAtmosOnThisAudioPath() : path is speaker (0)
07-30 20:22:54.424  8097  8097 I EffectManager: isSupportDolbyAtmosOnThisAudioPath() : speaker type is stereo
07-30 20:22:54.424  8097  8097 I AudioPathManager: loadAudioPath() : loaded audio path is speaker (0)
07-30 20:22:54.424  8097  8097 I EffectManager: isSupportVolumeNormalizationOnCurrentAudioPath() : path is speaker (0)
07-30 20:22:54.424  8097  8097 I DVFSHelper: isNecessaryToBoostCPU() : isDolbyOn? false, isUHQUpscalerOn? false, isVoiceBoostOn? false, isVolumeNormalizationOn? false
07-30 20:22:54.426  8097  8097 I AudioPathManager: loadAudioPath() : loaded audio path is speaker (0)
07-30 20:22:54.426  8097  8097 I EffectManager: isSupportDolbyAtmosOnThisAudioPath() : path is speaker (0)
07-30 20:22:54.426  8097  8097 I EffectManager: isSupportDolbyAtmosOnThisAudioPath() : speaker type is stereo
07-30 20:22:54.426  8097  8097 I AudioPathManager: loadAudioPath() : loaded audio path is speaker (0)
07-30 20:22:54.426  8097  8097 I EffectManager: isSupportVolumeNormalizationOnCurrentAudioPath() : path is speaker (0)
07-30 20:22:54.426  8097  8097 I DVFSHelper: isNecessaryToBoostCPU() : isDolbyOn? false, isUHQUpscalerOn? false, isVoiceBoostOn? false, isVolumeNormalizationOn? false
07-30 20:22:55.161 31793 31840 I LibretroWrapper: Audio callback appel├⌐ #1900: frames=798, data=0x71e56e7140, initialized=1
07-30 20:22:55.161 31793 31840 W LibretroWrapper: Erreur audio: 7
07-30 20:22:55.428  8097  8097 I AudioPathManager: loadAudioPath() : loaded audio path is speaker (0)
07-30 20:22:55.428  8097  8097 I EffectManager: isSupportDolbyAtmosOnThisAudioPath() : path is speaker (0)
07-30 20:22:55.428  8097  8097 I EffectManager: isSupportDolbyAtmosOnThisAudioPath() : speaker type is stereo
07-30 20:22:55.428  8097  8097 I AudioPathManager: loadAudioPath() : loaded audio path is speaker (0)
07-30 20:22:55.428  8097  8097 I EffectManager: isSupportVolumeNormalizationOnCurrentAudioPath() : path is speaker (0)
07-30 20:22:55.428  8097  8097 I DVFSHelper: isNecessaryToBoostCPU() : isDolbyOn? false, isUHQUpscalerOn? false, isVoiceBoostOn? false, isVolumeNormalizationOn? false
07-30 20:22:56.431  8097  8097 I AudioPathManager: loadAudioPath() : loaded audio path is speaker (0)
07-30 20:22:56.431  8097  8097 I EffectManager: isSupportDolbyAtmosOnThisAudioPath() : path is speaker (0)
07-30 20:22:56.432  8097  8097 I EffectManager: isSupportDolbyAtmosOnThisAudioPath() : speaker type is stereo
07-30 20:22:56.432  8097  8097 I AudioPathManager: loadAudioPath() : loaded audio path is speaker (0)
07-30 20:22:56.432  8097  8097 I EffectManager: isSupportVolumeNormalizationOnCurrentAudioPath() : path is speaker (0)
07-30 20:22:56.432  8097  8097 I DVFSHelper: isNecessaryToBoostCPU() : isDolbyOn? false, isUHQUpscalerOn? false, isVoiceBoostOn? false, isVolumeNormalizationOn? false
