--------- beginning of main
07-30 12:21:44.045  1187  1429 D SatelliteController: iisInCarrierRoamingNbIotNtn: satellite is disabled
--------- beginning of system
07-30 12:21:44.549   761  2060 W ActivityTaskManager: callingPackage for (uid=2000, pid=11687) has no WPC
07-30 12:21:44.550   761  2060 V GrammaticalInflectionUtils: AttributionSource: android.content.AttributionSource@708e92a8 does not have READ_SYSTEM_GRAMMATICAL_GENDER permission.
07-30 12:21:44.550   761  2060 W OptProp : Cannot read opt property android.window.PROPERTY_COMPAT_ALLOW_USER_ASPECT_RATIO_OVERRIDE
07-30 12:21:44.550   761  2060 W OptProp : Cannot read opt property android.window.PROPERTY_COMPAT_ALLOW_USER_ASPECT_RATIO_FULLSCREEN_OVERRIDE
07-30 12:21:44.551   761  2060 W OptProp : Cannot read opt property android.window.PROPERTY_COMPAT_ALLOW_RESIZEABLE_ACTIVITY_OVERRIDES
07-30 12:21:44.551   761  2060 W OptProp : Cannot read opt property android.window.PROPERTY_COMPAT_ALLOW_MIN_ASPECT_RATIO_OVERRIDE
07-30 12:21:44.557   761  2060 I ActivityTaskManager: START u0 {flg=0x10000000 xflg=0x5 cmp=com.fceumm.wrapper/.MainActivity} with LAUNCH_MULTIPLE from uid 2000 (BAL_ALLOW_PERMISSION) result code=3
07-30 12:21:44.559  1030  1099 D WindowManagerShell: onActivityRestartAttempt: topActivity=ComponentInfo{com.fceumm.wrapper/com.fceumm.wrapper.MainActivity}, wasVisible=true
07-30 12:21:44.571  1030  2730 D KeyguardService: setOccluded(false)
07-30 12:21:44.576  1030  2730 D KeyguardViewMediator: setOccluded(false)
07-30 12:21:44.578  1030  1030 D KeyguardViewMediator: handleSetOccluded(false)
07-30 12:21:44.582  1030  1030 D KeyguardViewMediator: KeyguardViewMediator queue processing message: SET_OCCLUDED
07-30 12:21:49.562   761   797 E BLASTSyncEngine: WM sent Transaction (#90, Transition-OPEN, tx=3268470116429) to organizer, but never received commit callback. Application ANR likely to follow.
07-30 12:21:54.047  1187  1429 D SatelliteController: iisInCarrierRoamingNbIotNtn: satellite is disabled
07-30 12:21:54.312 11627 11647 D TopButtonsManager: Sauvegarde périodique pour rewind (fonction à implémenter)
07-30 12:22:04.045  1187  1429 D SatelliteController: iisInCarrierRoamingNbIotNtn: satellite is disabled
07-30 12:22:04.162   761   803 D ActivityManager: sync unfroze 5774 com.android.keychain for 10
07-30 12:22:04.164   761   803 D ActivityManager: sync unfroze 7413 com.android.settings for 10
07-30 12:22:04.808 11627 11633 I .fceumm.wrapper: Background concurrent mark compact GC freed 128KB AllocSpace bytes, 15(3660KB) LOS objects, 49% free, 3716KB/7433KB, paused 5.229ms,3.633ms total 33.804ms
07-30 12:22:04.809   761   813 E BluetoothPowerStatsCollector: Cannot acquire BluetoothActivityEnergyInfo
07-30 12:22:04.809   761   813 E BluetoothPowerStatsCollector: java.util.concurrent.ExecutionException: java.lang.RuntimeException: error: 11
07-30 12:22:04.809   761   813 E BluetoothPowerStatsCollector: 	at java.util.concurrent.CompletableFuture.reportGet(CompletableFuture.java:372)
07-30 12:22:04.809   761   813 E BluetoothPowerStatsCollector: 	at java.util.concurrent.CompletableFuture.get(CompletableFuture.java:2072)
07-30 12:22:04.809   761   813 E BluetoothPowerStatsCollector: 	at com.android.server.power.stats.BluetoothPowerStatsCollector.collectBluetoothActivityInfo(BluetoothPowerStatsCollector.java:192)
07-30 12:22:04.809   761   813 E BluetoothPowerStatsCollector: 	at com.android.server.power.stats.BluetoothPowerStatsCollector.collectStats(BluetoothPowerStatsCollector.java:155)
07-30 12:22:04.809   761   813 E BluetoothPowerStatsCollector: 	at com.android.server.power.stats.PowerStatsCollector.collectAndDeliverStats(PowerStatsCollector.java:176)
07-30 12:22:04.809   761   813 E BluetoothPowerStatsCollector: 	at com.android.server.power.stats.PowerStatsCollector$$ExternalSyntheticLambda0.run(R8$$SyntheticClass:0)
07-30 12:22:04.809   761   813 E BluetoothPowerStatsCollector: 	at android.os.Handler.handleCallback(Handler.java:995)
07-30 12:22:04.809   761   813 E BluetoothPowerStatsCollector: 	at android.os.Handler.dispatchMessage(Handler.java:103)
07-30 12:22:04.809   761   813 E BluetoothPowerStatsCollector: 	at android.os.Looper.loopOnce(Looper.java:248)
07-30 12:22:04.809   761   813 E BluetoothPowerStatsCollector: 	at android.os.Looper.loop(Looper.java:338)
07-30 12:22:04.809   761   813 E BluetoothPowerStatsCollector: 	at android.os.HandlerThread.run(HandlerThread.java:85)
07-30 12:22:04.809   761   813 E BluetoothPowerStatsCollector: Caused by: java.lang.RuntimeException: error: 11
07-30 12:22:04.809   761   813 E BluetoothPowerStatsCollector: 	at com.android.server.power.stats.BluetoothPowerStatsCollector$1.onBluetoothActivityEnergyInfoError(BluetoothPowerStatsCollector.java:181)
07-30 12:22:04.809   761   813 E BluetoothPowerStatsCollector: 	at android.bluetooth.BluetoothAdapter$OnBluetoothActivityEnergyInfoProxy.lambda$onBluetoothActivityEnergyInfoAvailable$0(BluetoothAdapter.java:1037)
07-30 12:22:04.809   761   813 E BluetoothPowerStatsCollector: 	at android.bluetooth.BluetoothAdapter$OnBluetoothActivityEnergyInfoProxy$$ExternalSyntheticLambda1.run(D8$$SyntheticClass:0)
07-30 12:22:04.809   761   813 E BluetoothPowerStatsCollector: 	at android.bluetooth.BluetoothUtils.lambda$executeFromBinder$0(BluetoothUtils.java:343)
07-30 12:22:04.809   761   813 E BluetoothPowerStatsCollector: 	at android.bluetooth.BluetoothUtils$$ExternalSyntheticLambda1.run(D8$$SyntheticClass:0)
07-30 12:22:04.809   761   813 E BluetoothPowerStatsCollector: 	at com.android.server.SystemServerInitThreadPool$$ExternalSyntheticLambda0.execute(R8$$SyntheticClass:0)
07-30 12:22:04.809   761   813 E BluetoothPowerStatsCollector: 	at android.bluetooth.BluetoothUtils.executeFromBinder(BluetoothUtils.java:343)
07-30 12:22:04.809   761   813 E BluetoothPowerStatsCollector: 	at android.bluetooth.BluetoothAdapter$OnBluetoothActivityEnergyInfoProxy.onBluetoothActivityEnergyInfoAvailable(BluetoothAdapter.java:1035)
07-30 12:22:04.809   761   813 E BluetoothPowerStatsCollector: 	at android.bluetooth.IBluetoothActivityEnergyInfoListener$Stub.onTransact(IBluetoothActivityEnergyInfoListener.java:98)
07-30 12:22:04.809   761   813 E BluetoothPowerStatsCollector: 	at android.os.Binder.execTransactInternal(Binder.java:1426)
07-30 12:22:04.809   761   813 E BluetoothPowerStatsCollector: 	at android.os.Binder.execTransact(Binder.java:1365)
07-30 12:22:14.045  1187  1429 D SatelliteController: iisInCarrierRoamingNbIotNtn: satellite is disabled
07-30 12:22:14.759 11627 11633 I .fceumm.wrapper: Background concurrent mark compact GC freed 128KB AllocSpace bytes, 15(3660KB) LOS objects, 49% free, 3716KB/7433KB, paused 1.297ms,6.565ms total 29.249ms
07-30 12:22:19.388 11627 11647 D TopButtonsManager: Sauvegarde périodique pour rewind (fonction à implémenter)
07-30 12:22:24.045  1187  1429 D SatelliteController: iisInCarrierRoamingNbIotNtn: satellite is disabled
07-30 12:22:24.189   761   877 D ActivityManager: freezing 5774 com.android.keychain
07-30 12:22:24.190   761   877 D ActivityManager: freezing 7413 com.android.settings
07-30 12:22:27.632  1617  2090 I bboy    : (REDACTED) getHotwordActive::active query: %s, watch: %s, devices connected: %s
07-30 12:22:32.368 11627 11633 I .fceumm.wrapper: Background concurrent mark compact GC freed 128KB AllocSpace bytes, 15(3660KB) LOS objects, 49% free, 3960KB/7921KB, paused 7.384ms,5.419ms total 60.315ms
07-30 12:22:34.046  1187  1429 D SatelliteController: iisInCarrierRoamingNbIotNtn: satellite is disabled
07-30 12:22:44.047  1187  1429 D SatelliteController: iisInCarrierRoamingNbIotNtn: satellite is disabled
07-30 12:22:44.480 11627 11647 D TopButtonsManager: Sauvegarde périodique pour rewind (fonction à implémenter)
07-30 12:22:45.052   761  2060 D WifiNl80211Manager: Scan result ready event
07-30 12:22:45.052   761  2060 D WifiNative: Scan result ready event
07-30 12:22:45.061  1330  1640 I WifiScanner: onFullResults
07-30 12:22:45.063  1330  2241 I WifiScanner: onFullResults
07-30 12:22:45.065   761   928 I HalDevMgr: bestIfaceCreationProposal is null, requestIface=STA, existingIface=[name=wlan0 type=STA]
07-30 12:22:54.046  1187  1429 D SatelliteController: iisInCarrierRoamingNbIotNtn: satellite is disabled
07-30 12:22:56.468 11627 11633 I .fceumm.wrapper: Background concurrent mark compact GC freed 128KB AllocSpace bytes, 13(3172KB) LOS objects, 49% free, 4236KB/8473KB, paused 5.161ms,3.451ms total 51.947ms
07-30 12:22:56.492   761   997 D androidtc: Initializing SystemTextClassifier, type = System
07-30 12:22:56.494  1605  1605 I AiAiTextClassifier: onCreateTextClassificationSession = TextClassificationSessionId {136f8d17-17d0-458e-adfd-a3a3c1ec1309}
07-30 12:22:56.542  1030  1030 I ClipboardListener: Clipboard overlay suppressed.
07-30 12:22:56.575 11627 11627 D TopButtonsManager: Clic sur bouton SAUVEGARDE principal
07-30 12:22:56.576 11627 11627 I LibretroWrapper: Sérialisation de l'état du jeu
07-30 12:22:56.576 11627 11627 I LibretroWrapper: État sérialisé avec succès (5544 octets)
07-30 12:22:56.579  1605  1966 I AiAiTranslate: C2T - not in a conversation
07-30 12:22:56.605 11627 11627 I LibretroWrapper: Capture d'écran demandée
07-30 12:22:56.618   761  1805 W AS.PlaybackActivityMon: No piid assigned for invalid/internal port id 15
07-30 12:22:56.631  1330 11617 I AlarmManager: setExactAndAllowWhileIdle [name: GCM_HB_ALARM type: 2 triggerAtMillis: 37369088]
07-30 12:22:56.662 11627 11694 F .fceumm.wrapper: java_vm_ext.cc:616] JNI DETECTED ERROR IN APPLICATION: a thread (tid 11694 is making JNI calls without being attached
07-30 12:22:56.662 11627 11694 F .fceumm.wrapper: java_vm_ext.cc:616]     in call to GetJavaVM
07-30 12:22:56.707   591   701 D AudioFlinger: mixer(0x7cf8f9bc0770) throttle end: throttle time(20)
07-30 12:22:56.876  1330 11679 I AlarmManager: setExactAndAllowWhileIdle [name: GCM_HB_ALARM type: 2 triggerAtMillis: 39039331]
07-30 12:22:56.894  1605  1977 I AiAiTextClassifier: GenerateLinks did not find valid links, returning empty result
07-30 12:22:56.906  1030  1030 I ClipboardListener: Clipboard overlay suppressed.
07-30 12:22:56.907  1605  1977 I AiAiTextClassifier: GenerateLinks did not find valid links, returning empty result
07-30 12:22:57.201 11627 11694 F .fceumm.wrapper: runtime.cc:709] Runtime aborting...
07-30 12:22:57.201 11627 11694 F .fceumm.wrapper: runtime.cc:709] Dumping all threads without mutator lock held
07-30 12:22:57.201 11627 11694 F .fceumm.wrapper: runtime.cc:709] All threads:
07-30 12:22:57.201 11627 11694 F .fceumm.wrapper: runtime.cc:709] DALVIK THREADS (28):
07-30 12:22:57.201 11627 11694 F .fceumm.wrapper: runtime.cc:709] "main" prio=10 tid=1 Native
07-30 12:22:57.201 11627 11694 F .fceumm.wrapper: runtime.cc:709]   | group="" sCount=1 ucsCount=0 flags=1 obj=0x723f8f78 self=0x70c8c3625010
07-30 12:22:57.201 11627 11694 F .fceumm.wrapper: runtime.cc:709]   | sysTid=11627 nice=-10 cgrp=top-app sched=0/0 handle=0x70ca2d2d5088
07-30 12:22:57.201 11627 11694 F .fceumm.wrapper: runtime.cc:709]   | state=S schedstat=( 4166413067 652878833 8121 ) utm=70 stm=345 core=1 HZ=100
07-30 12:22:57.201 11627 11694 F .fceumm.wrapper: runtime.cc:709]   | stack=0x7ffcf9800000-0x7ffcf9802000 stackSize=8188KB
07-30 12:22:57.201 11627 11694 F .fceumm.wrapper: runtime.cc:709]   | held mutexes=
07-30 12:22:57.201 11627 11694 F .fceumm.wrapper: runtime.cc:709]   native: #00 pc 0008f806  /apex/com.android.runtime/lib64/bionic/libc.so (syscall+22) (BuildId: fcb82240218d1473de1e3d2137c0be35)
07-30 12:22:57.201 11627 11694 F .fceumm.wrapper: runtime.cc:709]   native: #01 pc 0046d6af  /apex/com.android.art/lib64/libart.so (art::ConditionVariable::WaitHoldingLocks+111) (BuildId: e14bfa0cec1c4f196bc6c94a34282478)
07-30 12:22:57.201 11627 11694 F .fceumm.wrapper: runtime.cc:709]   native: #02 pc 0067299f  /apex/com.android.art/lib64/libart.so (art::::CheckJNI::CallMethodV +511) (BuildId: e14bfa0cec1c4f196bc6c94a34282478)
07-30 12:22:57.201 11627 11694 F .fceumm.wrapper: runtime.cc:709]   native: #03 pc 00661911  /apex/com.android.art/lib64/libart.so (art::::CheckJNI::CallObjectMethodV +33) (BuildId: e14bfa0cec1c4f196bc6c94a34282478)
07-30 12:22:57.201 11627 11694 F .fceumm.wrapper: runtime.cc:709]   native: #04 pc 000e99cb  /system/lib64/libandroid_runtime.so (_JNIEnv::CallObjectMethod+139) (BuildId: e8991645c13e477d60780ebef0ea0a89)
07-30 12:22:57.201 11627 11694 F .fceumm.wrapper: runtime.cc:709]   native: #05 pc 00183c83  /system/lib64/libandroid_runtime.so (android::NativeDisplayEventReceiver::dispatchVsync+51) (BuildId: e8991645c13e477d60780ebef0ea0a89)
07-30 12:22:57.201 11627 11694 F .fceumm.wrapper: runtime.cc:709]   native: #06 pc 000d1ac8  /system/lib64/libgui.so (android::DisplayEventDispatcher::handleEvent+600) (BuildId: a9f7943be0954d93e8cc7de1ebddb6f6)
07-30 12:22:57.201 11627 11694 F .fceumm.wrapper: runtime.cc:709]   native: #07 pc 000175db  /system/lib64/libutils.so (android::Looper::pollOnce+1787) (BuildId: 5cc628b071d29c54b7d93955e6a5c990)
07-30 12:22:57.201 11627 11694 F .fceumm.wrapper: runtime.cc:709]   native: #08 pc 001b92a6  /system/lib64/libandroid_runtime.so (android::android_os_MessageQueue_nativePollOnce+38) (BuildId: e8991645c13e477d60780ebef0ea0a89)
07-30 12:22:57.201 11627 11694 F .fceumm.wrapper: runtime.cc:709]   native: #09 pc 004a873e  [anon_shmem:dalvik-jit-code-cache] (offset 2000000) (art_jni_trampoline+158)
07-30 12:22:57.201 11627 11694 F .fceumm.wrapper: runtime.cc:709]   native: #10 pc 0005f6be  [anon_shmem:dalvik-jit-code-cache] (offset 2000000) (android.os.MessageQueue.nextLegacy+398)
07-30 12:22:57.201 11627 11694 F .fceumm.wrapper: runtime.cc:709]   native: #11 pc 0005f3cb  [anon_shmem:dalvik-jit-code-cache] (offset 2000000) (android.os.MessageQueue.next+155)
07-30 12:22:57.201 11627 11694 F .fceumm.wrapper: runtime.cc:709]   native: #12 pc 0005e814  [anon_shmem:dalvik-jit-code-cache] (offset 2000000) (android.os.Looper.loopOnce+196)
07-30 12:22:57.201 11627 11694 F .fceumm.wrapper: runtime.cc:709]   native: #13 pc 002121f6  /apex/com.android.art/lib64/libart.so (art_quick_invoke_static_stub+806) (BuildId: e14bfa0cec1c4f196bc6c94a34282478)
07-30 12:22:57.201 11627 11694 F .fceumm.wrapper: runtime.cc:709]   native: #14 pc 0046220c  /apex/com.android.art/lib64/libart.so (art::ArtMethod::Invoke+252) (BuildId: e14bfa0cec1c4f196bc6c94a34282478)
07-30 12:22:57.201 11627 11694 F .fceumm.wrapper: runtime.cc:709]   native: #15 pc 005fa142  /apex/com.android.art/lib64/libart.so (bool art::interpreter::DoCall<false>+2402) (BuildId: e14bfa0cec1c4f196bc6c94a34282478)
07-30 12:22:57.201 11627 11694 F .fceumm.wrapper: runtime.cc:709]   native: #16 pc 00234b05  /apex/com.android.art/lib64/libart.so (void art::interpreter::ExecuteSwitchImplCpp<false>+15989) (BuildId: e14bfa0cec1c4f196bc6c94a34282478)
07-30 12:22:57.201 11627 11694 F .fceumm.wrapper: runtime.cc:709]   native: #17 pc 00210915  /apex/com.android.art/lib64/libart.so (ExecuteSwitchImplAsm+5) (BuildId: e14bfa0cec1c4f196bc6c94a34282478)
07-30 12:22:57.201 11627 11694 F .fceumm.wrapper: runtime.cc:709]   native: #18 pc 0027d268  /system/framework/framework.jar (offset 1286000) (android.os.Looper.loop)
07-30 12:22:57.201 11627 11694 F .fceumm.wrapper: runtime.cc:709]   native: #19 pc 005f2082  /apex/com.android.art/lib64/libart.so (art::interpreter::Execute +466) (BuildId: e14bfa0cec1c4f196bc6c94a34282478)
07-30 12:22:57.201 11627 11694 F .fceumm.wrapper: runtime.cc:709]   native: #20 pc 005f9396  /apex/com.android.art/lib64/libart.so (art::interpreter::ArtInterpreterToInterpreterBridge+102) (BuildId: e14bfa0cec1c4f196bc6c94a34282478)
07-30 12:22:57.201 11627 11694 F .fceumm.wrapper: runtime.cc:709]   native: #21 pc 005fa128  /apex/com.android.art/lib64/libart.so (bool art::interpreter::DoCall<false>+2376) (BuildId: e14bfa0cec1c4f196bc6c94a34282478)
07-30 12:22:57.201 11627 11694 F .fceumm.wrapper: runtime.cc:709]   native: #22 pc 00234b05  /apex/com.android.art/lib64/libart.so (void art::interpreter::ExecuteSwitchImplCpp<false>+15989) (BuildId: e14bfa0cec1c4f196bc6c94a34282478)
07-30 12:22:57.201 11627 11694 F .fceumm.wrapper: runtime.cc:709]   native: #23 pc 00210915  /apex/com.android.art/lib64/libart.so (ExecuteSwitchImplAsm+5) (BuildId: e14bfa0cec1c4f196bc6c94a34282478)
07-30 12:22:57.201 11627 11694 F .fceumm.wrapper: runtime.cc:709]   native: #24 pc 001f2a4c  /system/framework/framework.jar (offset 7000) (android.app.ActivityThread.main)
07-30 12:22:57.201 11627 11694 F .fceumm.wrapper: runtime.cc:709]   native: #25 pc 005f2082  /apex/com.android.art/lib64/libart.so (art::interpreter::Execute +466) (BuildId: e14bfa0cec1c4f196bc6c94a34282478)
07-30 12:22:57.201 11627 11694 F .fceumm.wrapper: runtime.cc:709]   native: #26 pc 009a861b  /apex/com.android.art/lib64/libart.so (artQuickToInterpreterBridge+907) (BuildId: e14bfa0cec1c4f196bc6c94a34282478)
07-30 12:22:57.201 11627 11694 F .fceumm.wrapper: runtime.cc:709]   native: #27 pc 0022ca5c  /apex/com.android.art/lib64/libart.so (art_quick_to_interpreter_bridge+140) (BuildId: e14bfa0cec1c4f196bc6c94a34282478)
07-30 12:22:57.201 11627 11694 F .fceumm.wrapper: runtime.cc:709]   native: #28 pc 002121f6  /apex/com.android.art/lib64/libart.so (art_quick_invoke_static_stub+806) (BuildId: e14bfa0cec1c4f196bc6c94a34282478)
07-30 12:22:57.201 11627 11694 F .fceumm.wrapper: runtime.cc:709]   native: #29 pc 0046220c  /apex/com.android.art/lib64/libart.so (art::ArtMethod::Invoke+252) (BuildId: e14bfa0cec1c4f196bc6c94a34282478)
07-30 12:22:57.201 11627 11694 F .fceumm.wrapper: runtime.cc:709]   native: #30 pc 0089ba20  /apex/com.android.art/lib64/libart.so (_jobject* art::InvokeMethod<8>+2240) (BuildId: e14bfa0cec1c4f196bc6c94a34282478)
07-30 12:22:57.201 11627 11694 F .fceumm.wrapper: runtime.cc:709]   native: #31 pc 007e3a5a  /apex/com.android.art/lib64/libart.so (art::Method_invoke +42) (BuildId: e14bfa0cec1c4f196bc6c94a34282478)
07-30 12:22:57.201 11627 11694 F .fceumm.wrapper: runtime.cc:709]   native: #32 pc 0022c8cb  /apex/com.android.art/lib64/libart.so (art_quick_generic_jni_trampoline+219) (BuildId: e14bfa0cec1c4f196bc6c94a34282478)
07-30 12:22:57.201 11627 11694 F .fceumm.wrapper: runtime.cc:709]   native: #33 pc 00211e94  /apex/com.android.art/lib64/libart.so (art_quick_invoke_stub+756) (BuildId: e14bfa0cec1c4f196bc6c94a34282478)
07-30 12:22:57.201 11627 11694 F .fceumm.wrapper: runtime.cc:709]   native: #34 pc 004621c5  /apex/com.android.art/lib64/libart.so (art::ArtMethod::Invoke+181) (BuildId: e14bfa0cec1c4f196bc6c94a34282478)
07-30 12:22:57.201 11627 11694 F .fceumm.wrapper: runtime.cc:709]   native: #35 pc 005fa142  /apex/com.android.art/lib64/libart.so (bool art::interpreter::DoCall<false>+2402) (BuildId: e14bfa0cec1c4f196bc6c94a34282478)
07-30 12:22:57.201 11627 11694 F .fceumm.wrapper: runtime.cc:709]   native: #36 pc 00233611  /apex/com.android.art/lib64/libart.so (void art::interpreter::ExecuteSwitchImplCpp<false>+10625) (BuildId: e14bfa0cec1c4f196bc6c94a34282478)
07-30 12:22:57.201 11627 11694 F .fceumm.wrapper: runtime.cc:709]   native: #37 pc 00210915  /apex/com.android.art/lib64/libart.so (ExecuteSwitchImplAsm+5) (BuildId: e14bfa0cec1c4f196bc6c94a34282478)
07-30 12:22:57.201 11627 11694 F .fceumm.wrapper: runtime.cc:709]   native: #38 pc 0028800c  /system/framework/framework.jar (offset 2454000) (com.android.internal.os.RuntimeInit$MethodAndArgsCaller.run)
07-30 12:22:57.201 11627 11694 F .fceumm.wrapper: runtime.cc:709]   native: #39 pc 005f2082  /apex/com.android.art/lib64/libart.so (art::interpreter::Execute +466) (BuildId: e14bfa0cec1c4f196bc6c94a34282478)
07-30 12:22:57.201 11627 11694 F .fceumm.wrapper: runtime.cc:709]   native: #40 pc 009a861b  /apex/com.android.art/lib64/libart.so (artQuickToInterpreterBridge+907) (BuildId: e14bfa0cec1c4f196bc6c94a34282478)
07-30 12:22:57.201 11627 11694 F .fceumm.wrapper: runtime.cc:709]   native: #41 pc 0022ca5c  /apex/com.android.art/lib64/libart.so (art_quick_to_interpreter_bridge+140) (BuildId: e14bfa0cec1c4f196bc6c94a34282478)
07-30 12:22:57.201 11627 11694 F .fceumm.wrapper: runtime.cc:709]   at android.os.MessageQueue.nativePollOnce(Native method)
07-30 12:22:57.201 11627 11694 F .fceumm.wrapper: runtime.cc:709]   at android.os.MessageQueue.nextLegacy(MessageQueue.java:913)
07-30 12:22:57.201 11627 11694 F .fceumm.wrapper: runtime.cc:709]   at android.os.MessageQueue.next(MessageQueue.java:1025)
07-30 12:22:57.201 11627 11694 F .fceumm.wrapper: runtime.cc:709]   at android.os.Looper.loopOnce(Looper.java:196)
07-30 12:22:57.201 11627 11694 F .fceumm.wrapper: runtime.cc:709]   at android.os.Looper.loop(Looper.java:338)
07-30 12:22:57.201 11627 11694 F .fceumm.wrapper: runtime.cc:709]   at android.app.ActivityThread.main(ActivityThread.java:9067)
07-30 12:22:57.201 11627 11694 F .fceumm.wrapper: runtime.cc:709]   at java.lang.reflect.Method.invoke(Native method)
07-30 12:22:57.201 11627 11694 F .fceumm.wrapper: runtime.cc:709]   at com.android.internal.os.RuntimeInit$MethodAndArgsCaller.run(RuntimeInit.java:593)
07-30 12:22:57.201 11627 11694 F .fceumm.wrapper: runtime.cc:709]   at com.android.internal.os.ZygoteInit.main(ZygoteInit.java:932)
07-30 12:22:57.201 11627 11694 F .fceumm.wrapper: runtime.cc:709] 
07-30 12:22:57.201 11627 11694 F .fceumm.wrapper: runtime.cc:709] "ReferenceQueueDaemon" prio=5 tid=7 Waiting
07-30 12:22:57.201 11627 11694 F .fceumm.wrapper: runtime.cc:709]   | group="" sCount=1 ucsCount=0 flags=1 obj=0x2000858 self=0x70c8c3640d10
07-30 12:22:57.201 11627 11694 F .fceumm.wrapper: runtime.cc:709]   | sysTid=11634 nice=4 cgrp=top-app sched=0/0 handle=0x70c6cb2df690
07-30 12:22:57.201 11627 11694 F .fceumm.wrapper: runtime.cc:709]   | state=S schedstat=( 225130111 67326107 684 ) utm=3 stm=18 core=5 HZ=100
07-30 12:22:57.201 11627 11694 F .fceumm.wrapper: runtime.cc:709]   | stack=0x70c6cb1dc000-0x70c6cb1de000 stackSize=1037KB
07-30 12:22:57.201 11627 11694 F .fceumm.wrapper: runtime.cc:709]   | held mutexes=
07-30 12:22:57.201 11627 11694 F .fceumm.wrapper: runtime.cc:709]   native: #00 pc 0008f806  /apex/com.android.runtime/lib64/bionic/libc.so (syscall+22) (BuildId: fcb82240218d1473de1e3d2137c0be35)
07-30 12:22:57.201 11627 11694 F .fceumm.wrapper: runtime.cc:709]   native: #01 pc 0046d6af  /apex/com.android.art/lib64/libart.so (art::ConditionVariable::WaitHoldingLocks+111) (BuildId: e14bfa0cec1c4f196bc6c94a34282478)
07-30 12:22:57.201 11627 11694 F .fceumm.wrapper: runtime.cc:709]   native: #02 pc 007a29d6  /apex/com.android.art/lib64/libart.so (art::Monitor::Wait+1654) (BuildId: e14bfa0cec1c4f196bc6c94a34282478)
07-30 12:22:57.201 11627 11694 F .fceumm.wrapper: runtime.cc:709]   native: #03 pc 0000ced8  [anon_shmem:dalvik-jit-code-cache] (offset 2000000) (art_jni_trampoline+120)
07-30 12:22:57.201 11627 11694 F .fceumm.wrapper: runtime.cc:709]   native: #04 pc 00007178  [anon_shmem:dalvik-jit-code-cache] (offset 2000000) (java.lang.Object.wait+152)
07-30 12:22:57.201 11627 11694 F .fceumm.wrapper: runtime.cc:709]   native: #05 pc 00007021  [anon_shmem:dalvik-jit-code-cache] (offset 2000000) (java.lang.Object.wait+145)
07-30 12:22:57.201 11627 11694 F .fceumm.wrapper: runtime.cc:709]   native: #06 pc 004cd1ba  [anon_shmem:dalvik-jit-code-cache] (offset 2000000) (java.lang.Daemons$ReferenceQueueDaemon.runInternal+474)
07-30 12:22:57.201 11627 11694 F .fceumm.wrapper: runtime.cc:709]   native: #07 pc 0022e30b  /apex/com.android.art/lib64/libart.so (art_quick_osr_stub+27) (BuildId: e14bfa0cec1c4f196bc6c94a34282478)
07-30 12:22:57.201 11627 11694 F .fceumm.wrapper: runtime.cc:709]   native: #08 pc 0062b9a9  /apex/com.android.art/lib64/libart.so (art::jit::Jit::MaybeDoOnStackReplacement+473) (BuildId: e14bfa0cec1c4f196bc6c94a34282478)
07-30 12:22:57.201 11627 11694 F .fceumm.wrapper: runtime.cc:709]   native: #09 pc 002328a8  /apex/com.android.art/lib64/libart.so (void art::interpreter::ExecuteSwitchImplCpp<false>+7192) (BuildId: e14bfa0cec1c4f196bc6c94a34282478)
07-30 12:22:57.201 11627 11694 F .fceumm.wrapper: runtime.cc:709]   native: #10 pc 00210915  /apex/com.android.art/lib64/libart.so (ExecuteSwitchImplAsm+5) (BuildId: e14bfa0cec1c4f196bc6c94a34282478)
07-30 12:22:57.201 11627 11694 F .fceumm.wrapper: runtime.cc:709]   native: #11 pc 00030c30  /apex/com.android.art/javalib/core-libart.jar (java.lang.Daemons$ReferenceQueueDaemon.runInternal)
07-30 12:22:57.201 11627 11694 F .fceumm.wrapper: runtime.cc:709]   native: #12 pc 005f2082  /apex/com.android.art/lib64/libart.so (art::interpreter::Execute +466) (BuildId: e14bfa0cec1c4f196bc6c94a34282478)
07-30 12:22:57.201 11627 11694 F .fceumm.wrapper: runtime.cc:709]   native: #13 pc 005f9396  /apex/com.android.art/lib64/libart.so (art::interpreter::ArtInterpreterToInterpreterBridge+102) (BuildId: e14bfa0cec1c4f196bc6c94a34282478)
07-30 12:22:57.201 11627 11694 F .fceumm.wrapper: runtime.cc:709]   native: #14 pc 005fa128  /apex/com.android.art/lib64/libart.so (bool art::interpreter::DoCall<false>+2376) (BuildId: e14bfa0cec1c4f196bc6c94a34282478)
07-30 12:22:57.201 11627 11694 F .fceumm.wrapper: runtime.cc:709]   native: #15 pc 00233611  /apex/com.android.art/lib64/libart.so (void art::interpreter::ExecuteSwitchImplCpp<false>+10625) (BuildId: e14bfa0cec1c4f196bc6c94a34282478)
07-30 12:22:57.201 11627 11694 F .fceumm.wrapper: runtime.cc:709]   native: #16 pc 00210915  /apex/com.android.art/lib64/libart.so (ExecuteSwitchImplAsm+5) (BuildId: e14bfa0cec1c4f196bc6c94a34282478)
07-30 12:22:57.201 11627 11694 F .fceumm.wrapper: runtime.cc:709]   native: #17 pc 0002fd44  /apex/com.android.art/javalib/core-libart.jar (java.lang.Daemons$Daemon.run)
07-30 12:22:57.201 11627 11694 F .fceumm.wrapper: runtime.cc:709]   native: #18 pc 005f2082  /apex/com.android.art/lib64/libart.so (art::interpreter::Execute +466) (BuildId: e14bfa0cec1c4f196bc6c94a34282478)
07-30 12:22:57.201 11627 11694 F .fceumm.wrapper: runtime.cc:709]   native: #19 pc 005f9396  /apex/com.android.art/lib64/libart.so (art::interpreter::ArtInterpreterToInterpreterBridge+102) (BuildId: e14bfa0cec1c4f196bc6c94a34282478)
07-30 12:22:57.201 11627 11694 F .fceumm.wrapper: runtime.cc:709]   native: #20 pc 005fa128  /apex/com.android.art/lib64/libart.so (bool art::interpreter::DoCall<false>+2376) (BuildId: e14bfa0cec1c4f196bc6c94a34282478)
07-30 12:22:57.201 11627 11694 F .fceumm.wrapper: runtime.cc:709]   native: #21 pc 002346e5  /apex/com.android.art/lib64/libart.so (void art::interpreter::ExecuteSwitchImplCpp<false>+14933) (BuildId: e14bfa0cec1c4f196bc6c94a34282478)
07-30 12:22:57.201 11627 11694 F .fceumm.wrapper: runtime.cc:709]   native: #22 pc 00210915  /apex/com.android.art/lib64/libart.so (ExecuteSwitchImplAsm+5) (BuildId: e14bfa0cec1c4f196bc6c94a34282478)
07-30 12:22:57.201 11627 11694 F .fceumm.wrapper: runtime.cc:709]   native: #23 pc 0011a280  /apex/com.android.art/javalib/core-oj.jar (java.lang.Thread.run)
07-30 12:22:57.201 11627 11694 F .fceumm.wrapper: runtime.cc:709]   native: #24 pc 005f2082  /apex/com.android.art/lib64/libart.so (art::interpreter::Execute +466) (BuildId: e14bfa0cec1c4f196bc6c94a34282478)
07-30 12:22:57.201 11627 11694 F .fceumm.wrapper: runtime.cc:709]   native: #25 pc 009a861b  /apex/com.android.art/lib64/libart.so (artQuickToInterpreterBridge+907) (BuildId: e14bfa0cec1c4f196bc6c94a34282478)
07-30 12:22:57.201 11627 11694 F .fceumm.wrapper: runtime.cc:709]   native: #26 pc 0022ca5c  /apex/com.android.art/lib64/libart.so (art_quick_to_interpreter_bridge+140) (BuildId: e14bfa0cec1c4f196bc6c94a34282478)
07-30 12:22:57.201 11627 11694 F .fceumm.wrapper: runtime.cc:709]   native: #27 pc 00211e94  /apex/com.android.art/lib64/libart.so (art_quick_invoke_stub+756) (BuildId: e14bfa0cec1c4f196bc6c94a34282478)
07-30 12:22:57.201 11627 11694 F .fceumm.wrapper: runtime.cc:709]   native: #28 pc 004621c5  /apex/com.android.art/lib64/libart.so (art::ArtMethod::Invoke+181) (BuildId: e14bfa0cec1c4f196bc6c94a34282478)
07-30 12:22:57.201 11627 11694 F .fceumm.wrapper: runtime.cc:709]   native: #29 pc 008f42ec  /apex/com.android.art/lib64/libart.so (art::Thread::CreateCallback+1388) (BuildId: e14bfa0cec1c4f196bc6c94a34282478)
07-30 12:22:57.201 11627 11694 F .fceumm.wrapper: runtime.cc:709]   native: #30 pc 008f3d78  /apex/com.android.art/lib64/libart.so (art::Thread::CreateCallbackWithUffdGc+8) (BuildId: e14bfa0cec1c4f196bc6c94a34282478)
07-30 12:22:57.201 11627 11694 F .fceumm.wrapper: runtime.cc:709]   native: #31 pc 0007ac5f  /apex/com.android.runtime/lib64/bionic/libc.so (__pthread_start+63) (BuildId: fcb82240218d1473de1e3d2137c0be35)
07-30 12:22:57.201 11627 11694 F .fceumm.wrapper: runtime.cc:709]   native: #32 pc 0006d94d  /apex/com.android.runtime/lib64/bionic/libc.so (__start_thread+61) (BuildId: fcb82240218d1473de1e3d2137c0be35)
07-30 12:22:57.201 11627 11694 F .fceumm.wrapper: runtime.cc:709]   at java.lang.Object.wait(Native method)
07-30 12:22:57.201 11627 11694 F .fceumm.wrapper: runtime.cc:709]   - waiting on <0x094e30ac> (a java.lang.Class<java.lang.ref.ReferenceQueue>)
07-30 12:22:57.201 11627 11694 F .fceumm.wrapper: runtime.cc:709]   at java.lang.Object.wait(Object.java:405)
07-30 12:22:57.201 11627 11694 F .fceumm.wrapper: runtime.cc:709]   at java.lang.Object.wait(Object.java:543)
07-30 12:22:57.201 11627 11694 F .fceumm.wrapper: runtime.cc:709]   at java.lang.Daemons$ReferenceQueueDaemon.runInternal(Daemons.java:260)
07-30 12:22:57.201 11627 11694 F .fceumm.wrapper: runtime.cc:709]   - locked <0x094e30ac> (a java.lang.Class<java.lang.ref.ReferenceQueue>)
07-30 12:22:57.201 11627 11694 F .fceumm.wrapper: runtime.cc:709]   at java.lang.Daemons$Daemon.run(Daemons.java:132)
07-30 12:22:57.201 11627 11694 F .fceumm.wrapper: runtime.cc:709]   at java.lang.Thread.run(Thread.java:1119)
07-30 12:22:57.201 11627 11694 F .fceumm.wrapper: runtime.cc:709] 
07-30 12:22:57.201 11627 11694 F .fceumm.wrapper: runtime.cc:709] "FinalizerDaemon" prio=5 tid=8 Waiting
07-30 12:22:57.201 11627 11694 F .fceumm.wrapper: runtime.cc:709]   | group="" sCount=1 ucsCount=0 flags=1 obj=0x20008e8 self=0x70c8c364b3f0
07-30 12:22:57.201 11627 11694 F .fceumm.wrapper: runtime.cc:709]   | sysTid=11635 nice=4 cgrp=top-app sched=0/0 handle=0x70c6cb1cf690
07-30 12:22:57.201 11627 11694 F .fceumm.wrapper: runtime.cc:709]   | state=S schedstat=( 52767978 41196912 431 ) utm=0 stm=5 core=5 HZ=100
07-30 12:22:57.201 11627 11694 F .fceumm.wrapper: runtime.cc:709]   | stack=0x70c6cb0cc000-0x70c6cb0ce000 stackSize=1037KB
07-30 12:22:57.201 11627 11694 F .fceumm.wrapper: runtime.cc:709]   | held mutexes=
07-30 12:22:57.201 11627 11694 F .fceumm.wrapper: runtime.cc:709]   native: #00 pc 0008f806  /apex/com.android.runtime/lib64/bionic/libc.so (syscall+22) (BuildId: fcb82240218d1473de1e3d2137c0be35)
07-30 12:22:57.201 11627 11694 F .fceumm.wrapper: runtime.cc:709]   native: #01 pc 0046d6af  /apex/com.android.art/lib64/libart.so (art::ConditionVariable::WaitHoldingLocks+111) (BuildId: e14bfa0cec1c4f196bc6c94a34282478)
07-30 12:22:57.201 11627 11694 F .fceumm.wrapper: runtime.cc:709]   native: #02 pc 007a29d6  /apex/com.android.art/lib64/libart.so (art::Monitor::Wait+1654) (BuildId: e14bfa0cec1c4f196bc6c94a34282478)
07-30 12:22:57.201 11627 11694 F .fceumm.wrapper: runtime.cc:709]   native: #03 pc 0000ced8  [anon_shmem:dalvik-jit-code-cache] (offset 2000000) (art_jni_trampoline+120)
07-30 12:22:57.201 11627 11694 F .fceumm.wrapper: runtime.cc:709]   native: #04 pc 00007178  [anon_shmem:dalvik-jit-code-cache] (offset 2000000) (java.lang.Object.wait+152)
07-30 12:22:57.201 11627 11694 F .fceumm.wrapper: runtime.cc:709]   native: #05 pc 0000aa6d  [anon_shmem:dalvik-jit-code-cache] (offset 2000000) (java.lang.ref.ReferenceQueue.remove+397)
07-30 12:22:57.201 11627 11694 F .fceumm.wrapper: runtime.cc:709]   native: #06 pc 0000a811  [anon_shmem:dalvik-jit-code-cache] (offset 2000000) (java.lang.ref.ReferenceQueue.remove+145)
07-30 12:22:57.201 11627 11694 F .fceumm.wrapper: runtime.cc:709]   native: #07 pc 004cdf40  [anon_shmem:dalvik-jit-code-cache] (offset 2000000) (java.lang.Daemons$FinalizerDaemon.runInternal+416)
07-30 12:22:57.201 11627 11694 F .fceumm.wrapper: runtime.cc:709]   native: #08 pc 0022e30b  /apex/com.android.art/lib64/libart.so (art_quick_osr_stub+27) (BuildId: e14bfa0cec1c4f196bc6c94a34282478)
07-30 12:22:57.201 11627 11694 F .fceumm.wrapper: runtime.cc:709]   native: #09 pc 0062b9a9  /apex/com.android.art/lib64/libart.so (art::jit::Jit::MaybeDoOnStackReplacement+473) (BuildId: e14bfa0cec1c4f196bc6c94a34282478)
07-30 12:22:57.201 11627 11694 F .fceumm.wrapper: runtime.cc:709]   native: #10 pc 002328a8  /apex/com.android.art/lib64/libart.so (void art::interpreter::ExecuteSwitchImplCpp<false>+7192) (BuildId: e14bfa0cec1c4f196bc6c94a34282478)
07-30 12:22:57.201 11627 11694 F .fceumm.wrapper: runtime.cc:709]   native: #11 pc 00210915  /apex/com.android.art/lib64/libart.so (ExecuteSwitchImplAsm+5) (BuildId: e14bfa0cec1c4f196bc6c94a34282478)
07-30 12:22:57.201 11627 11694 F .fceumm.wrapper: runtime.cc:709]   native: #12 pc 00030114  /apex/com.android.art/javalib/core-libart.jar (java.lang.Daemons$FinalizerDaemon.runInternal)
07-30 12:22:57.201 11627 11694 F .fceumm.wrapper: runtime.cc:709]   native: #13 pc 005f2082  /apex/com.android.art/lib64/libart.so (art::interpreter::Execute +466) (BuildId: e14bfa0cec1c4f196bc6c94a34282478)
07-30 12:22:57.201 11627 11694 F .fceumm.wrapper: runtime.cc:709]   native: #14 pc 005f9396  /apex/com.android.art/lib64/libart.so (art::interpreter::ArtInterpreterToInterpreterBridge+102) (BuildId: e14bfa0cec1c4f196bc6c94a34282478)
07-30 12:22:57.201 11627 11694 F .fceumm.wrapper: runtime.cc:709]   native: #15 pc 005fa128  /apex/com.android.art/lib64/libart.so (bool art::interpreter::DoCall<false>+2376) (BuildId: e14bfa0cec1c4f196bc6c94a34282478)
07-30 12:22:57.201 11627 11694 F .fceumm.wrapper: runtime.cc:709]   native: #16 pc 00233611  /apex/com.android.art/lib64/libart.so (void art::interpreter::ExecuteSwitchImplCpp<false>+10625) (BuildId: e14bfa0cec1c4f196bc6c94a34282478)
07-30 12:22:57.201 11627 11694 F .fceumm.wrapper: runtime.cc:709]   native: #17 pc 00210915  /apex/com.android.art/lib64/libart.so (ExecuteSwitchImplAsm+5) (BuildId: e14bfa0cec1c4f196bc6c94a34282478)
07-30 12:22:57.201 11627 11694 F .fceumm.wrapper: runtime.cc:709]   native: #18 pc 0002fd44  /apex/com.android.art/javalib/core-libart.jar (java.lang.Daemons$Daemon.run)
07-30 12:22:57.201 11627 11694 F .fceumm.wrapper: runtime.cc:709]   native: #19 pc 005f2082  /apex/com.android.art/lib64/libart.so (art::interpreter::Execute +466) (BuildId: e14bfa0cec1c4f196bc6c94a34282478)
07-30 12:22:57.201 11627 11694 F .fceumm.wrapper: runtime.cc:709]   native: #20 pc 005f9396  /apex/com.android.art/lib64/libart.so (art::interpreter::ArtInterpreterToInterpreterBridge+102) (BuildId: e14bfa0cec1c4f196bc6c94a34282478)
07-30 12:22:57.201 11627 11694 F .fceumm.wrapper: runtime.cc:709]   native: #21 pc 005fa128  /apex/com.android.art/lib64/libart.so (bool art::interpreter::DoCall<false>+2376) (BuildId: e14bfa0cec1c4f196bc6c94a34282478)
07-30 12:22:57.201 11627 11694 F .fceumm.wrapper: runtime.cc:709]   native: #22 pc 002346e5  /apex/com.android.art/lib64/libart.so (void art::interpreter::ExecuteSwitchImplCpp<false>+14933) (BuildId: e14bfa0cec1c4f196bc6c94a34282478)
07-30 12:22:57.201 11627 11694 F .fceumm.wrapper: runtime.cc:709]   native: #23 pc 00210915  /apex/com.android.art/lib64/libart.so (ExecuteSwitchImplAsm+5) (BuildId: e14bfa0cec1c4f196bc6c94a34282478)
07-30 12:22:57.201 11627 11694 F .fceumm.wrapper: runtime.cc:709]   native: #24 pc 0011a280  /apex/com.android.art/javalib/core-oj.jar (java.lang.Thread.run)
07-30 12:22:57.201 11627 11694 F .fceumm.wrapper: runtime.cc:709]   native: #25 pc 005f2082  /apex/com.android.art/lib64/libart.so (art::interpreter::Execute +466) (BuildId: e14bfa0cec1c4f196bc6c94a34282478)
07-30 12:22:57.201 11627 11694 F .fceumm.wrapper: runtime.cc:709]   native: #26 pc 009a861b  /apex/com.android.art/lib64/libart.so (artQuickToInterpreterBridge+907) (BuildId: e14bfa0cec1c4f196bc6c94a34282478)
07-30 12:22:57.201 11627 11694 F .fceumm.wrapper: runtime.cc:709]   native: #27 pc 0022ca5c  /apex/com.android.art/lib64/libart.so (art_quick_to_interpreter_bridge+140) (BuildId: e14bfa0cec1c4f196bc6c94a34282478)
07-30 12:22:57.201 11627 11694 F .fceumm.wrapper: runtime.cc:709]   native: #28 pc 00211e94  /apex/com.android.art/lib64/libart.so (art_quick_invoke_stub+756) (BuildId: e14bfa0cec1c4f196bc6c94a34282478)
07-30 12:22:57.201 11627 11694 F .fceumm.wrapper: runtime.cc:709]   native: #29 pc 004621c5  /apex/com.android.art/lib64/libart.so (art::ArtMethod::Invoke+181) (BuildId: e14bfa0cec1c4f196bc6c94a34282478)
07-30 12:22:57.201 11627 11694 F .fceumm.wrapper: runtime.cc:709]   native: #30 pc 008f42ec  /apex/com.android.art/lib64/libart.so (art::Thread::CreateCallback+1388) (BuildId: e14bfa0cec1c4f196bc6c94a34282478)
07-30 12:22:57.201 11627 11694 F .fceumm.wrapper: runtime.cc:709]   native: #31 pc 008f3d78  /apex/com.android.art/lib64/libart.so (art::Thread::CreateCallbackWithUffdGc+8) (BuildId: e14bfa0cec1c4f196bc6c94a34282478)
07-30 12:22:57.201 11627 11694 F .fceumm.wrapper: runtime.cc:709]   native: #32 pc 0007ac5f  /apex/com.android.runtime/lib64/bionic/libc.so (__pthread_start+63) (BuildId: fcb82240218d1473de1e3d2137c0be35)
07-30 12:22:57.201 11627 11694 F .fceumm.wrapper: runtime.cc:709]   native: #33 pc 0006d94d  /apex/com.android.runtime/lib64/bionic/libc.so (__start_thread+61) (BuildId: fcb82240218d1473de1e3d2137c0be35)
07-30 12:22:57.201 11627 11694 F .fceumm.wrapper: runtime.cc:709]   at java.lang.Object.wait(Native method)
07-30 12:22:57.201 11627 11694 F .fceumm.wrapper: runtime.cc:709]   - waiting on <0x0a275175> (a java.lang.Object)
07-30 12:22:57.201 11627 11694 F .fceumm.wrapper: runtime.cc:709]   at java.lang.Object.wait(Object.java:405)
07-30 12:22:57.202 11627 11694 F .fceumm.wrapper: runtime.cc:709]   at java.lang.ref.ReferenceQueue.remove(ReferenceQueue.java:207)
07-30 12:22:57.202 11627 11694 F .fceumm.wrapper: runtime.cc:709]   - locked <0x0a275175> (a java.lang.Object)
07-30 12:22:57.202 11627 11694 F .fceumm.wrapper: runtime.cc:709]   at java.lang.ref.ReferenceQueue.remove(ReferenceQueue.java:228)
07-30 12:22:57.202 11627 11694 F .fceumm.wrapper: runtime.cc:709]   at java.lang.Daemons$FinalizerDaemon.runInternal(Daemons.java:348)
07-30 12:22:57.202 11627 11694 F .fceumm.wrapper: runtime.cc:709]   at java.lang.Daemons$Daemon.run(Daemons.java:132)
07-30 12:22:57.202 11627 11694 F .fceumm.wrapper: runtime.cc:709]   at java.lang.Thread.run(Thread.java:1119)
07-30 12:22:57.202 11627 11694 F .fceumm.wrapper: runtime.cc:709] 
07-30 12:22:57.202 11627 11694 F .fceumm.wrapper: runtime.cc:709] "FinalizerWatchdogDaemon" prio=5 tid=9 Sleeping
07-30 12:22:57.202 11627 11694 F .fceumm.wrapper: runtime.cc:709]   | group="" sCount=1 ucsCount=0 flags=1 obj=0x2000978 self=0x70c8c364cfc0
07-30 12:22:57.202 11627 11694 F .fceumm.wrapper: runtime.cc:709]   | sysTid=11636 nice=4 cgrp=top-app sched=0/0 handle=0x70c6cb0bf690
07-30 12:22:57.202 11627 11694 F .fceumm.wrapper: runtime.cc:709]   | state=S schedstat=( 9407737 3272439 38 ) utm=0 stm=0 core=2 HZ=100
07-30 12:22:57.202 11627 11694 F .fceumm.wrapper: runtime.cc:709]   | stack=0x70c6cafbc000-0x70c6cafbe000 stackSize=1037KB
07-30 12:22:57.202 11627 11694 F .fceumm.wrapper: runtime.cc:709]   | held mutexes=
07-30 12:22:57.202 11627 11694 F .fceumm.wrapper: runtime.cc:709]   native: #00 pc 0008f808  /apex/com.android.runtime/lib64/bionic/libc.so (syscall+24) (BuildId: fcb82240218d1473de1e3d2137c0be35)
07-30 12:22:57.202 11627 11694 F .fceumm.wrapper: runtime.cc:709]   native: #01 pc 0046dae7  /apex/com.android.art/lib64/libart.so (art::ConditionVariable::TimedWait+151) (BuildId: e14bfa0cec1c4f196bc6c94a34282478)
07-30 12:22:57.202 11627 11694 F .fceumm.wrapper: runtime.cc:709]   native: #02 pc 007a29e9  /apex/com.android.art/lib64/libart.so (art::Monitor::Wait+1673) (BuildId: e14bfa0cec1c4f196bc6c94a34282478)
07-30 12:22:57.202 11627 11694 F .fceumm.wrapper: runtime.cc:709]   native: #03 pc 0000d028  [anon_shmem:dalvik-jit-code-cache] (offset 2000000) (art_jni_trampoline+136)
07-30 12:22:57.202 11627 11694 F .fceumm.wrapper: runtime.cc:709]   native: #04 pc 00009896  [anon_shmem:dalvik-jit-code-cache] (offset 2000000) (java.lang.Thread.sleep+662)
07-30 12:22:57.202 11627 11694 F .fceumm.wrapper: runtime.cc:709]   native: #05 pc 0000953d  [anon_shmem:dalvik-jit-code-cache] (offset 2000000) (java.lang.Thread.sleep+141)
07-30 12:22:57.202 11627 11694 F .fceumm.wrapper: runtime.cc:709]   native: #06 pc 00009215  [anon_shmem:dalvik-jit-code-cache] (offset 2000000) (java.lang.Daemons$FinalizerWatchdogDaemon.sleepForNanos+277)
07-30 12:22:57.202 11627 11694 F .fceumm.wrapper: runtime.cc:709]   native: #07 pc 0000835d  [anon_shmem:dalvik-jit-code-cache] (offset 2000000) (java.lang.Daemons$FinalizerWatchdogDaemon.waitForProgress+829)
07-30 12:22:57.202 11627 11694 F .fceumm.wrapper: runtime.cc:709]   native: #08 pc 00211e94  /apex/com.android.art/lib64/libart.so (art_quick_invoke_stub+756) (BuildId: e14bfa0cec1c4f196bc6c94a34282478)
07-30 12:22:57.202 11627 11694 F .fceumm.wrapper: runtime.cc:709]   native: #09 pc 004621c5  /apex/com.android.art/lib64/libart.so (art::ArtMethod::Invoke+181) (BuildId: e14bfa0cec1c4f196bc6c94a34282478)
07-30 12:22:57.202 11627 11694 F .fceumm.wrapper: runtime.cc:709]   native: #10 pc 005fa142  /apex/com.android.art/lib64/libart.so (bool art::interpreter::DoCall<false>+2402) (BuildId: e14bfa0cec1c4f196bc6c94a34282478)
07-30 12:22:57.202 11627 11694 F .fceumm.wrapper: runtime.cc:709]   native: #11 pc 00233611  /apex/com.android.art/lib64/libart.so (void art::interpreter::ExecuteSwitchImplCpp<false>+10625) (BuildId: e14bfa0cec1c4f196bc6c94a34282478)
07-30 12:22:57.202 11627 11694 F .fceumm.wrapper: runtime.cc:709]   native: #12 pc 00210915  /apex/com.android.art/lib64/libart.so (ExecuteSwitchImplAsm+5) (BuildId: e14bfa0cec1c4f196bc6c94a34282478)
07-30 12:22:57.202 11627 11694 F .fceumm.wrapper: runtime.cc:709]   native: #13 pc 000309cc  /apex/com.android.art/javalib/core-libart.jar (java.lang.Daemons$FinalizerWatchdogDaemon.runInternal)
07-30 12:22:57.202 11627 11694 F .fceumm.wrapper: runtime.cc:709]   native: #14 pc 005f2082  /apex/com.android.art/lib64/libart.so (art::interpreter::Execute +466) (BuildId: e14bfa0cec1c4f196bc6c94a34282478)
07-30 12:22:57.202 11627 11694 F .fceumm.wrapper: runtime.cc:709]   native: #15 pc 005f9396  /apex/com.android.art/lib64/libart.so (art::interpreter::ArtInterpreterToInterpreterBridge+102) (BuildId: e14bfa0cec1c4f196bc6c94a34282478)
07-30 12:22:57.202 11627 11694 F .fceumm.wrapper: runtime.cc:709]   native: #16 pc 005fa128  /apex/com.android.art/lib64/libart.so (bool art::interpreter::DoCall<false>+2376) (BuildId: e14bfa0cec1c4f196bc6c94a34282478)
07-30 12:22:57.202 11627 11694 F .fceumm.wrapper: runtime.cc:709]   native: #17 pc 00233611  /apex/com.android.art/lib64/libart.so (void art::interpreter::ExecuteSwitchImplCpp<false>+10625) (BuildId: e14bfa0cec1c4f196bc6c94a34282478)
07-30 12:22:57.202 11627 11694 F .fceumm.wrapper: runtime.cc:709]   native: #18 pc 00210915  /apex/com.android.art/lib64/libart.so (ExecuteSwitchImplAsm+5) (BuildId: e14bfa0cec1c4f196bc6c94a34282478)
07-30 12:22:57.202 11627 11694 F .fceumm.wrapper: runtime.cc:709]   native: #19 pc 0002fd44  /apex/com.android.art/javalib/core-libart.jar (java.lang.Daemons$Daemon.run)
07-30 12:22:57.202 11627 11694 F .fceumm.wrapper: runtime.cc:709]   native: #20 pc 005f2082  /apex/com.android.art/lib64/libart.so (art::interpreter::Execute +466) (BuildId: e14bfa0cec1c4f196bc6c94a34282478)
07-30 12:22:57.202 11627 11694 F .fceumm.wrapper: runtime.cc:709]   native: #21 pc 005f9396  /apex/com.android.art/lib64/libart.so (art::interpreter::ArtInterpreterToInterpreterBridge+102) (BuildId: e14bfa0cec1c4f196bc6c94a34282478)
07-30 12:22:57.202 11627 11694 F .fceumm.wrapper: runtime.cc:709]   native: #22 pc 005fa128  /apex/com.android.art/lib64/libart.so (bool art::interpreter::DoCall<false>+2376) (BuildId: e14bfa0cec1c4f196bc6c94a34282478)
07-30 12:22:57.202 11627 11694 F .fceumm.wrapper: runtime.cc:709]   native: #23 pc 002346e5  /apex/com.android.art/lib64/libart.so (void art::interpreter::ExecuteSwitchImplCpp<false>+14933) (BuildId: e14bfa0cec1c4f196bc6c94a34282478)
07-30 12:22:57.202 11627 11694 F .fceumm.wrapper: runtime.cc:709]   native: #24 pc 00210915  /apex/com.android.art/lib64/libart.so (ExecuteSwitchImplAsm+5) (BuildId: e14bfa0cec1c4f196bc6c94a34282478)
07-30 12:22:57.202 11627 11694 F .fceumm.wrapper: runtime.cc:709]   native: #25 pc 0011a280  /apex/com.android.art/javalib/core-oj.jar (java.lang.Thread.run)
07-30 12:22:57.202 11627 11694 F .fceumm.wrapper: runtime.cc:709]   native: #26 pc 005f2082  /apex/com.android.art/lib64/libart.so (art::interpreter::Execute +466) (BuildId: e14bfa0cec1c4f196bc6c94a34282478)
07-30 12:22:57.202 11627 11694 F .fceumm.wrapper: runtime.cc:709]   native: #27 pc 009a861b  /apex/com.android.art/lib64/libart.so (artQuickToInterpreterBridge+907) (BuildId: e14bfa0cec1c4f196bc6c94a34282478)
07-30 12:22:57.202 11627 11694 F .fceumm.wrapper: runtime.cc:709]   native: #28 pc 0022ca5c  /apex/com.android.art/lib64/libart.so (art_quick_to_interpreter_bridge+140) (BuildId: e14bfa0cec1c4f196bc6c94a34282478)
07-30 12:22:57.202 11627 11694 F .fceumm.wrapper: runtime.cc:709]   native: #29 pc 00211e94  /apex/com.android.art/lib64/libart.so (art_quick_invoke_stub+756) (BuildId: e14bfa0cec1c4f196bc6c94a34282478)
07-30 12:22:57.202 11627 11694 F .fceumm.wrapper: runtime.cc:709]   native: #30 pc 004621c5  /apex/com.android.art/lib64/libart.so (art::ArtMethod::Invoke+181) (BuildId: e14bfa0cec1c4f196bc6c94a34282478)
07-30 12:22:57.202 11627 11694 F .fceumm.wrapper: runtime.cc:709]   native: #31 pc 008f42ec  /apex/com.android.art/lib64/libart.so (art::Thread::CreateCallback+1388) (BuildId: e14bfa0cec1c4f196bc6c94a34282478)
07-30 12:22:57.202 11627 11694 F .fceumm.wrapper: runtime.cc:709]   native: #32 pc 008f3d78  /apex/com.android.art/lib64/libart.so (art::Thread::CreateCallbackWithUffdGc+8) (BuildId: e14bfa0cec1c4f196bc6c94a34282478)
07-30 12:22:57.202 11627 11694 F .fceumm.wrapper: runtime.cc:709]   native: #33 pc 0007ac5f  /apex/com.android.runtime/lib64/bionic/libc.so (__pthread_start+63) (BuildId: fcb82240218d1473de1e3d2137c0be35)
07-30 12:22:57.202 11627 11694 F .fceumm.wrapper: runtime.cc:709]   native: #34 pc 0006d94d  /apex/com.android.runtime/lib64/bionic/libc.so (__start_thread+61) (BuildId: fcb82240218d1473de1e3d2137c0be35)
07-30 12:22:57.202 11627 11694 F .fceumm.wrapper: runtime.cc:709]   at java.lang.Thread.sleep(Native method)
07-30 12:22:57.202 11627 11694 F .fceumm.wrapper: runtime.cc:709]   - sleeping on <0x030d850a> (a java.lang.Object)
07-30 12:22:57.202 11627 11694 F .fceumm.wrapper: runtime.cc:709]   at java.lang.Thread.sleep(Thread.java:451)
07-30 12:22:57.202 11627 11694 F .fceumm.wrapper: runtime.cc:709]   - locked <0x030d850a> (a java.lang.Object)
07-30 12:22:57.202 11627 11694 F .fceumm.wrapper: runtime.cc:709]   at java.lang.Thread.sleep(Thread.java:356)
07-30 12:22:57.202 11627 11694 F .fceumm.wrapper: runtime.cc:709]   at java.lang.Daemons$FinalizerWatchdogDaemon.sleepForNanos(Daemons.java:534)
07-30 12:22:57.202 11627 11694 F .fceumm.wrapper: runtime.cc:709]   at java.lang.Daemons$FinalizerWatchdogDaemon.waitForProgress(Daemons.java:610)
07-30 12:22:57.202 11627 11694 F .fceumm.wrapper: runtime.cc:709]   at java.lang.Daemons$FinalizerWatchdogDaemon.runInternal(Daemons.java:465)
07-30 12:22:57.202 11627 11694 F .fceumm.wrapper: runtime.cc:709]   at java.lang.Daemons$Daemon.run(Daemons.java:132)
07-30 12:22:57.202 11627 11694 F .fceumm.wrapper: runtime.cc:709]   at java.lang.Thread.run(Thread.java:1119)
07-30 12:22:57.202 11627 11694 F .fceumm.wrapper: runtime.cc:709] 
07-30 12:22:57.202 11627 11694 F .fceumm.wrapper: runtime.cc:709] "GLThread 48" prio=5 tid=16 Waiting
07-30 12:22:57.202 11627 11694 F .fceumm.wrapper: runtime.cc:709]   | group="" sCount=1 ucsCount=0 flags=1 obj=0x20bf890 self=0x70c8c365e5e0
07-30 12:22:57.202 11627 11694 F .fceumm.wrapper: runtime.cc:709]   | sysTid=11646 nice=0 cgrp=top-app sched=0/0 handle=0x70c74c00e690
07-30 12:22:57.202 11627 11694 F .fceumm.wrapper: runtime.cc:709]   | state=S schedstat=( 25527642134 777510711 11116 ) utm=22 stm=2530 core=0 HZ=100
07-30 12:22:57.202 11627 11694 F .fceumm.wrapper: runtime.cc:709]   | stack=0x70c74bf0b000-0x70c74bf0d000 stackSize=1037KB
07-30 12:22:57.202 11627 11694 F .fceumm.wrapper: runtime.cc:709]   | held mutexes=
07-30 12:22:57.202 11627 11694 F .fceumm.wrapper: runtime.cc:709]   native: #00 pc 0008f806  /apex/com.android.runtime/lib64/bionic/libc.so (syscall+22) (BuildId: fcb82240218d1473de1e3d2137c0be35)
07-30 12:22:57.202 11627 11694 F .fceumm.wrapper: runtime.cc:709]   native: #01 pc 0046d6af  /apex/com.android.art/lib64/libart.so (art::ConditionVariable::WaitHoldingLocks+111) (BuildId: e14bfa0cec1c4f196bc6c94a34282478)
07-30 12:22:57.202 11627 11694 F .fceumm.wrapper: runtime.cc:709]   native: #02 pc 007a29d6  /apex/com.android.art/lib64/libart.so (art::Monitor::Wait+1654) (BuildId: e14bfa0cec1c4f196bc6c94a34282478)
07-30 12:22:57.202 11627 11694 F .fceumm.wrapper: runtime.cc:709]   native: #03 pc 0000ced8  [anon_shmem:dalvik-jit-code-cache] (offset 2000000) (art_jni_trampoline+120)
07-30 12:22:57.202 11627 11694 F .fceumm.wrapper: runtime.cc:709]   native: #04 pc 00007178  [anon_shmem:dalvik-jit-code-cache] (offset 2000000) (java.lang.Object.wait+152)
07-30 12:22:57.202 11627 11694 F .fceumm.wrapper: runtime.cc:709]   native: #05 pc 00007021  [anon_shmem:dalvik-jit-code-cache] (offset 2000000) (java.lang.Object.wait+145)
07-30 12:22:57.202 11627 11694 F .fceumm.wrapper: runtime.cc:709]   native: #06 pc 004cc1c7  [anon_shmem:dalvik-jit-code-cache] (offset 2000000) (android.opengl.GLSurfaceView$GLThread.guardedRun+1575)
