07-30 12:22:57.202 11627 11694 F .fceumm.wrapper: runtime.cc:709]   native: #22 pc 0006d94d  /apex/com.android.runtime/lib64/bionic/libc.so (__start_thread+61) (BuildId: fcb82240218d1473de1e3d2137c0be35)
07-30 12:22:57.202 11627 11694 F .fceumm.wrapper: runtime.cc:709]   at android.os.MessageQueue.nativePollOnce(Native method)
07-30 12:22:57.202 11627 11694 F .fceumm.wrapper: runtime.cc:709]   at android.os.MessageQueue.nextLegacy(MessageQueue.java:913)
07-30 12:22:57.202 11627 11694 F .fceumm.wrapper: runtime.cc:709]   at android.os.MessageQueue.next(MessageQueue.java:1025)
07-30 12:22:57.202 11627 11694 F .fceumm.wrapper: runtime.cc:709]   at android.os.Looper.loopOnce(Looper.java:196)
07-30 12:22:57.202 11627 11694 F .fceumm.wrapper: runtime.cc:709]   at android.os.Looper.loop(Looper.java:338)
07-30 12:22:57.202 11627 11694 F .fceumm.wrapper: runtime.cc:709]   at android.os.HandlerThread.run(HandlerThread.java:85)
07-30 12:22:57.202 11627 11694 F .fceumm.wrapper: runtime.cc:709] 
07-30 12:22:57.202 11627 11694 F .fceumm.wrapper: runtime.cc:709] Aborting thread:
07-30 12:22:57.202 11627 11694 F .fceumm.wrapper: runtime.cc:709] "Thread-6" prio=10 tid=26 Native
07-30 12:22:57.202 11627 11694 F .fceumm.wrapper: runtime.cc:709]   | group="" sCount=0 ucsCount=0 flags=0 obj=0x21c2000 self=0x70c8c3688160
07-30 12:22:57.202 11627 11694 F .fceumm.wrapper: runtime.cc:709]   | sysTid=11694 nice=-10 cgrp=top-app sched=0/0 handle=0x70c74a5fe690
07-30 12:22:57.202 11627 11694 F .fceumm.wrapper: runtime.cc:709]   | state=R schedstat=( 192296448 47800785 430 ) utm=4 stm=14 core=5 HZ=100
07-30 12:22:57.202 11627 11694 F .fceumm.wrapper: runtime.cc:709]   | stack=0x70c74a507000-0x70c74a509000 stackSize=989KB
07-30 12:22:57.202 11627 11694 F .fceumm.wrapper: runtime.cc:709]   | held mutexes= "abort lock" "mutator lock"(shared held)
07-30 12:22:57.202 11627 11694 F .fceumm.wrapper: runtime.cc:709]   native: #00 pc 007edde4  /apex/com.android.art/lib64/libart.so (art::DumpNativeStack+196) (BuildId: e14bfa0cec1c4f196bc6c94a34282478)
07-30 12:22:57.202 11627 11694 F .fceumm.wrapper: runtime.cc:709]   native: #01 pc 008fc9af  /apex/com.android.art/lib64/libart.so (art::Thread::DumpStack const+383) (BuildId: e14bfa0cec1c4f196bc6c94a34282478)
07-30 12:22:57.202 11627 11694 F .fceumm.wrapper: runtime.cc:709]   native: #02 pc 008f712b  /apex/com.android.art/lib64/libart.so (art::Thread::Dump const+219) (BuildId: e14bfa0cec1c4f196bc6c94a34282478)
07-30 12:22:57.202 11627 11694 F .fceumm.wrapper: runtime.cc:709]   native: #03 pc 008c1f31  /apex/com.android.art/lib64/libart.so (art::AbortState::DumpThread const+49) (BuildId: e14bfa0cec1c4f196bc6c94a34282478)
07-30 12:22:57.202 11627 11694 F .fceumm.wrapper: runtime.cc:709]   native: #04 pc 008c1b3d  /apex/com.android.art/lib64/libart.so (art::AbortState::Dump const+493) (BuildId: e14bfa0cec1c4f196bc6c94a34282478)
07-30 12:22:57.202 11627 11694 F .fceumm.wrapper: runtime.cc:709]   native: #05 pc 008a611d  /apex/com.android.art/lib64/libart.so (art::Runtime::Abort+1693) (BuildId: e14bfa0cec1c4f196bc6c94a34282478)
07-30 12:22:57.202 11627 11694 F .fceumm.wrapper: runtime.cc:709]   native: #06 pc 0001644e  /apex/com.android.art/lib64/libbase.so (android::base::SetAborter::$_0::__invoke+62) (BuildId: 8d430ee9c793bd5eaf690858479674e1)
07-30 12:22:57.202 11627 11694 F .fceumm.wrapper: runtime.cc:709]   native: #07 pc 0001592e  /apex/com.android.art/lib64/libbase.so (android::base::LogMessage::~LogMessage+526) (BuildId: 8d430ee9c793bd5eaf690858479674e1)
07-30 12:22:57.202 11627 11694 F .fceumm.wrapper: runtime.cc:709]   native: #08 pc 0067df26  /apex/com.android.art/lib64/libart.so (art::JavaVMExt::JniAbort+2854) (BuildId: e14bfa0cec1c4f196bc6c94a34282478)
07-30 12:22:57.202 11627 11694 F .fceumm.wrapper: runtime.cc:709]   native: #09 pc 0066da12  /apex/com.android.art/lib64/libart.so (art::::CheckAttachedThread +178) (BuildId: e14bfa0cec1c4f196bc6c94a34282478)
07-30 12:22:57.202 11627 11694 F .fceumm.wrapper: runtime.cc:709]   native: #10 pc 00669852  /apex/com.android.art/lib64/libart.so (art::::CheckJNI::GetJavaVM +50) (BuildId: e14bfa0cec1c4f196bc6c94a34282478)
07-30 12:22:57.202 11627 11694 F .fceumm.wrapper: runtime.cc:709]   native: #11 pc 0006917f  /data/app/~~lrI9Zr4JEzK4yoeoPgxzpg==/com.fceumm.wrapper-R6CAxCkXu00h4K7DV1T31g==/lib/x86_64/libfceummwrapper.so (???) (BuildId: 70ce0b026ca571e931b2be2e9de597f077603480)
07-30 12:22:57.202 11627 11694 F .fceumm.wrapper: runtime.cc:709]   native: #12 pc 0007ac5f  /apex/com.android.runtime/lib64/bionic/libc.so (__pthread_start+63) (BuildId: fcb82240218d1473de1e3d2137c0be35)
07-30 12:22:57.202 11627 11694 F .fceumm.wrapper: runtime.cc:709]   native: #13 pc 0006d94d  /apex/com.android.runtime/lib64/bionic/libc.so (__start_thread+61) (BuildId: fcb82240218d1473de1e3d2137c0be35)
07-30 12:22:57.202 11627 11694 F .fceumm.wrapper: runtime.cc:709]   (no managed stack frames)
07-30 12:22:57.202 11627 11694 F .fceumm.wrapper: runtime.cc:709] 
07-30 12:22:57.202 11627 11694 F .fceumm.wrapper: runtime.cc:717] JNI DETECTED ERROR IN APPLICATION: a thread (tid 11694 is making JNI calls without being attached
07-30 12:22:57.202 11627 11694 F .fceumm.wrapper: runtime.cc:717]     in call to GetJavaVM
--------- beginning of crash
07-30 12:22:57.222 11627 11694 F libc    : Fatal signal 6 (SIGABRT), code -1 (SI_QUEUE) in tid 11694 (Thread-6), pid 11627 (.fceumm.wrapper)
07-30 12:22:57.325 11703 11703 I crash_dump64: obtaining output fd from tombstoned, type: kDebuggerdTombstoneProto
07-30 12:22:57.332   336   336 I tombstoned: received crash request for pid 11694
07-30 12:22:57.338 11703 11703 I crash_dump64: performing dump of process 11627 (target tid = 11694)
07-30 12:22:58.318 11703 11703 F DEBUG   : *** *** *** *** *** *** *** *** *** *** *** *** *** *** *** ***
07-30 12:22:58.318 11703 11703 F DEBUG   : Build fingerprint: 'google/sdk_gphone64_x86_64/emu64xa:16/BP22.250325.006/13344233:user/release-keys'
07-30 12:22:58.318 11703 11703 F DEBUG   : Revision: '0'
07-30 12:22:58.318 11703 11703 F DEBUG   : ABI: 'x86_64'
07-30 12:22:58.318 11703 11703 F DEBUG   : Timestamp: 2025-07-30 12:22:57.347780200-0400
07-30 12:22:58.318 11703 11703 F DEBUG   : Process uptime: 116s
07-30 12:22:58.318 11703 11703 F DEBUG   : Cmdline: com.fceumm.wrapper
07-30 12:22:58.318 11703 11703 F DEBUG   : pid: 11627, tid: 11694, name: Thread-6  >>> com.fceumm.wrapper <<<
07-30 12:22:58.318 11703 11703 F DEBUG   : uid: 10240
07-30 12:22:58.318 11703 11703 F DEBUG   : signal 6 (SIGABRT), code -1 (SI_QUEUE), fault addr --------
07-30 12:22:58.318 11703 11703 F DEBUG   : Abort message: 'JNI DETECTED ERROR IN APPLICATION: a thread (tid 11694 is making JNI calls without being attached
07-30 12:22:58.318 11703 11703 F DEBUG   :     in call to GetJavaVM'
07-30 12:22:58.318 11703 11703 F DEBUG   :     rax 0000000000000000  rbx 0000000000002d6b  rcx 000070c9ffaae424  rdx 0000000000000006
07-30 12:22:58.318 11703 11703 F DEBUG   :     r8  000070c74a5fe170  r9  000070c74a5fe170  r10 000070c74a5fe130  r11 0000000000000217
07-30 12:22:58.318 11703 11703 F DEBUG   :     r12 000070c7536658b0  r13 0000000000000000  r14 0000000000002dae  r15 000070c74a5fe200
07-30 12:22:58.318 11703 11703 F DEBUG   :     rdi 0000000000002d6b  rsi 0000000000002dae
07-30 12:22:58.318 11703 11703 F DEBUG   :     rbp 000070c74a5fe1d0  rsp 000070c74a5fe130  rip 000070c9ffaae424
07-30 12:22:58.319 11703 11703 F DEBUG   : 10 total frames
07-30 12:22:58.319 11703 11703 F DEBUG   : backtrace:
07-30 12:22:58.319 11703 11703 F DEBUG   :       #00 pc 000000000006a424  /apex/com.android.runtime/lib64/bionic/libc.so (abort+196) (BuildId: fcb82240218d1473de1e3d2137c0be35)
07-30 12:22:58.319 11703 11703 F DEBUG   :       #01 pc 00000000008a60c9  /apex/com.android.art/lib64/libart.so (art::Runtime::Abort(char const*)+1609) (BuildId: e14bfa0cec1c4f196bc6c94a34282478)
07-30 12:22:58.319 11703 11703 F DEBUG   :       #02 pc 000000000001644e  /apex/com.android.art/lib64/libbase.so (android::base::SetAborter(std::__1::function<void (char const*)>&&)::$_0::__invoke(char const*)+62) (BuildId: 8d430ee9c793bd5eaf690858479674e1)
07-30 12:22:58.319 11703 11703 F DEBUG   :       #03 pc 000000000001592e  /apex/com.android.art/lib64/libbase.so (android::base::LogMessage::~LogMessage()+526) (BuildId: 8d430ee9c793bd5eaf690858479674e1)
07-30 12:22:58.319 11703 11703 F DEBUG   :       #04 pc 000000000067df26  /apex/com.android.art/lib64/libart.so (art::JavaVMExt::JniAbort(char const*, char const*)+2854) (BuildId: e14bfa0cec1c4f196bc6c94a34282478)
07-30 12:22:58.319 11703 11703 F DEBUG   :       #05 pc 000000000066da12  /apex/com.android.art/lib64/libart.so (art::(anonymous namespace)::CheckAttachedThread(char const*) (.__uniq.99033978352804627313491551960229047428)+178) (BuildId: e14bfa0cec1c4f196bc6c94a34282478)
07-30 12:22:58.319 11703 11703 F DEBUG   :       #06 pc 0000000000669852  /apex/com.android.art/lib64/libart.so (art::(anonymous namespace)::CheckJNI::GetJavaVM(_JNIEnv*, _JavaVM**) (.__uniq.99033978352804627313491551960229047428.llvm.1591284863141209318)+50) (BuildId: e14bfa0cec1c4f196bc6c94a34282478)
07-30 12:22:58.319 11703 11703 F DEBUG   :       #07 pc 000000000006917f  /data/app/~~lrI9Zr4JEzK4yoeoPgxzpg==/com.fceumm.wrapper-R6CAxCkXu00h4K7DV1T31g==/lib/x86_64/libfceummwrapper.so (BuildId: 70ce0b026ca571e931b2be2e9de597f077603480)
07-30 12:22:58.319 11703 11703 F DEBUG   :       #08 pc 000000000007ac5f  /apex/com.android.runtime/lib64/bionic/libc.so (__pthread_start(void*)+63) (BuildId: fcb82240218d1473de1e3d2137c0be35)
07-30 12:22:58.319 11703 11703 F DEBUG   :       #09 pc 000000000006d94d  /apex/com.android.runtime/lib64/bionic/libc.so (__start_thread+61) (BuildId: fcb82240218d1473de1e3d2137c0be35)
07-30 12:22:58.348   336   336 E tombstoned: Tombstone written to: tombstone_01
07-30 12:22:58.361   761 11707 I DropBoxManagerService: add tag=data_app_native_crash isTagEnabled=true flags=0x2
07-30 12:22:58.369   761   868 I DropBoxManagerService: add tag=SYSTEM_TOMBSTONE_PROTO_WITH_HEADERS isTagEnabled=true flags=0x4
07-30 12:22:58.389   761 11706 W ActivityTaskManager:   Force finishing activity com.fceumm.wrapper/.MainActivity
07-30 12:22:58.394   761   886 W InputDispatcher: channel 'f629545 com.fceumm.wrapper/com.fceumm.wrapper.MainActivity' ~ Consumer closed input channel or an error occurred.  events=0x9
07-30 12:22:58.395   761   886 E InputDispatcher: channel 'f629545 com.fceumm.wrapper/com.fceumm.wrapper.MainActivity' ~ Channel is unrecoverably broken and will be disposed!
07-30 12:22:58.395   603   603 I adbd    : Remote process closed the socket (on MSG_PEEK)
07-30 12:22:58.395  1030  1099 V WindowManagerShell: Transition requested (#91): android.os.BinderProxy@d9757b9 TransitionRequestInfo { type = CLOSE, triggerTask = TaskInfo{userId=0 taskId=658 effectiveUid=10240 displayId=0 isRunning=true baseIntent=Intent { flg=0x10000000 cmp=com.fceumm.wrapper/.MainActivity } baseActivity=ComponentInfo{com.fceumm.wrapper/com.fceumm.wrapper.MainActivity} topActivity=ComponentInfo{com.fceumm.wrapper/com.fceumm.wrapper.MainActivity} origActivity=null realActivity=ComponentInfo{com.fceumm.wrapper/com.fceumm.wrapper.MainActivity} numActivities=1 lastActiveTime=37195869 supportsMultiWindow=true resizeMode=1 isResizeable=true minWidth=-1 minHeight=-1 defaultMinSize=220 token=WCT{android.window.IWindowContainerToken$Stub$Proxy@840e7fe} topActivityType=1 pictureInPictureParams=null shouldDockBigOverlays=false launchIntoPipHostTaskId=-1 lastParentTaskIdBeforePip=-1 displayCutoutSafeInsets=Rect(0, 0 - 0, 0) topActivityInfo=ActivityInfo{6c65b5f com.fceumm.wrapper.MainActivity} launchCookies=[] positionInParent=Point(0, 0) parentTaskId=-1 isFocused=true isVisible=true isVisibleRequested=true isTopActivityNoDisplay=false isSleeping=false locusId=null displayAreaFeatureId=1 isTopActivityTransparent=false isActivityStackTransparent=false lastNonFullscreenBounds=Rect(284, 660 - 796, 1740) capturedLink=null capturedLinkTimestamp=0 requestedVisibleTypes=-9 topActivityRequestOpenInBrowserEducationTimestamp=0 appCompatTaskInfo=AppCompatTaskInfo { topActivityInSizeCompat=false eligibleForLetterboxEducation= false isLetterboxEducationEnabled= true isLetterboxDoubleTapEnabled= false eligibleForUserAspectRatioButton= false topActivityBoundsLetterboxed= false isFromLetterboxDoubleTap= false topActivityLetterboxVerticalPosition= -1 topActivityLetterboxHorizontalPosition= -1 topActivityLetterboxWidth=-1 topActivityLetterboxHeight=-1 topActivityAppBounds=Rect(0, 0 - 1080, 2337) isUserFullscreenOverrideEnabled=false isSystemFullscreenOverrideEnabled=false hasMinAspectRatioOverride=false topActivityLetterboxBounds=null cameraCompatTaskInfo=CameraCompatTaskInfo { freeformCameraCompatMode=inactive}} topActivityMainWindowFrame=null}, pipChange = null, remoteTransition = null, displayChange = null, flags = 16, debugId = 91 }
07-30 12:22:58.398   761  1874 I ImeTracker: com.fceumm.wrapper:d8707a16: onRequestHide at ORIGIN_SERVER reason HIDE_REMOVE_CLIENT fromUser false
07-30 12:22:58.400   761 11706 W ActivityManager: pid 761 system sent binder code 54 with flags 1 to frozen apps and got error -32
07-30 12:22:58.409   761  1874 I ImeTracker: com.fceumm.wrapper:d8707a16: onCancelled at PHASE_SERVER_SHOULD_HIDE
07-30 12:22:58.414   520   520 I Zygote  : Process 11627 exited due to signal 6 (Aborted)
07-30 12:22:58.421   761   868 I BootReceiver: Copying /data/tombstones/tombstone_01 to DropBox (SYSTEM_TOMBSTONE)
07-30 12:22:58.422   761   868 I DropBoxManagerService: add tag=SYSTEM_TOMBSTONE isTagEnabled=true flags=0x6
07-30 12:22:58.423   761 11706 W ClientLifecycleManager: Failed to deliver transaction for ProcessRecord{37f1773 11627:com.fceumm.wrapper/u0a240}
07-30 12:22:58.423   761 11706 W ClientLifecycleManager: transaction=com.android.server.wm.ClientLifecycleManager@6d63af5
07-30 12:22:58.423   761 11706 W ClientLifecycleManager: android.os.DeadObjectException
07-30 12:22:58.423   761 11706 W ClientLifecycleManager: 	at android.os.BinderProxy.transactNative(Native Method)
07-30 12:22:58.423   761 11706 W ClientLifecycleManager: 	at android.os.BinderProxy.transact(BinderProxy.java:592)
07-30 12:22:58.423   761 11706 W ClientLifecycleManager: 	at android.app.IApplicationThread$Stub$Proxy.scheduleTransaction(IApplicationThread.java:2308)
07-30 12:22:58.423   761 11706 W ClientLifecycleManager: 	at android.app.IApplicationThread$Delegator.scheduleTransaction(IApplicationThread.java:439)
07-30 12:22:58.423   761 11706 W ClientLifecycleManager: 	at android.app.servertransaction.ClientTransaction.schedule(ClientTransaction.java:245)
07-30 12:22:58.423   761 11706 W ClientLifecycleManager: 	at com.android.server.wm.ClientLifecycleManager.scheduleTransaction(ClientLifecycleManager.java:75)
07-30 12:22:58.423   761 11706 W ClientLifecycleManager: 	at com.android.server.wm.ClientLifecycleManager.dispatchPendingTransactions(ClientLifecycleManager.java:185)
07-30 12:22:58.423   761 11706 W ClientLifecycleManager: 	at com.android.server.wm.RootWindowContainer.performSurfacePlacementNoTrace(RootWindowContainer.java:792)
07-30 12:22:58.423   761 11706 W ClientLifecycleManager: 	at com.android.server.wm.RootWindowContainer.performSurfacePlacement(RootWindowContainer.java:746)
07-30 12:22:58.423   761 11706 W ClientLifecycleManager: 	at com.android.server.wm.WindowSurfacePlacer.performSurfacePlacementLoop(WindowSurfacePlacer.java:173)
07-30 12:22:58.423   761 11706 W ClientLifecycleManager: 	at com.android.server.wm.WindowSurfacePlacer.performSurfacePlacement(WindowSurfacePlacer.java:123)
07-30 12:22:58.423   761 11706 W ClientLifecycleManager: 	at com.android.server.wm.WindowSurfacePlacer.performSurfacePlacement(WindowSurfacePlacer.java:112)
07-30 12:22:58.423   761 11706 W ClientLifecycleManager: 	at com.android.server.wm.WindowSurfacePlacer.continueLayout(WindowSurfacePlacer.java:94)
07-30 12:22:58.423   761 11706 W ClientLifecycleManager: 	at com.android.server.wm.ActivityTaskManagerService.continueWindowLayout(ActivityTaskManagerService.java:4972)
07-30 12:22:58.423   761 11706 W ClientLifecycleManager: 	at com.android.server.wm.ActivityTaskManagerService$LocalService.finishTopCrashedActivities(ActivityTaskManagerService.java:7183)
07-30 12:22:58.423   761 11706 W ClientLifecycleManager: 	at com.android.server.am.AppErrors.handleAppCrashLSPB(AppErrors.java:964)
07-30 12:22:58.423   761 11706 W ClientLifecycleManager: 	at com.android.server.am.AppErrors.makeAppCrashingLocked(AppErrors.java:797)
07-30 12:22:58.423   761 11706 W ClientLifecycleManager: 	at com.android.server.am.AppErrors.crashApplicationInner(AppErrors.java:672)
07-30 12:22:58.423   761 11706 W ClientLifecycleManager: 	at com.android.server.am.AppErrors.crashApplication(AppErrors.java:600)
07-30 12:22:58.423   761 11706 W ClientLifecycleManager: 	at com.android.server.am.ActivityManagerService.handleApplicationCrashInner(ActivityManagerService.java:9424)
07-30 12:22:58.423   761 11706 W ClientLifecycleManager: 	at com.android.server.am.NativeCrashListener$NativeCrashReporter.run(NativeCrashListener.java:91)
07-30 12:22:58.426   761   886 I WindowManager: WINDOW DIED Window{f629545 u0 com.fceumm.wrapper/com.fceumm.wrapper.MainActivity}
07-30 12:22:58.429   761  1710 I WindowManager: WIN DEATH: Window{f629545 u0 com.fceumm.wrapper/com.fceumm.wrapper.MainActivity EXITING}
07-30 12:22:58.439   761  2068 I ActivityManager: Process com.fceumm.wrapper (pid 11627) has died: fg  TOP 
07-30 12:22:58.442   595   595 I BpBinder: onLastStrongRef automatically unlinking death recipients: 
07-30 12:22:58.445   761   805 I libprocessgroup: Removed cgroup /sys/fs/cgroup/apps/uid_10240/pid_11627
07-30 12:22:58.457   761   797 W ActivityManager: setHasOverlayUi called on unknown pid: 11627
07-30 12:22:58.459   761   986 D BackgroundInstallControlService: Package event received: 0
07-30 12:22:58.466   761   986 D BackgroundInstallControlService: Package event received: 0
07-30 12:22:58.466   761   986 D BackgroundInstallControlService: Package event received: 0
07-30 12:22:58.469   761   934 D InetDiagMessage: Destroyed 0 sockets, proto=IPPROTO_TCP, family=AF_INET, states=14
07-30 12:22:58.470   761   934 D InetDiagMessage: Destroyed 0 sockets, proto=IPPROTO_TCP, family=AF_INET6, states=14
07-30 12:22:58.470   761   934 D InetDiagMessage: Destroyed live tcp sockets for uids={10240} in 5ms
07-30 12:22:58.473   761   934 D InetDiagMessage: Destroyed 0 sockets, proto=IPPROTO_TCP, family=AF_INET, states=14
07-30 12:22:58.473   761   797 V WindowManager: Unknown focus tokens, dropping reportFocusChanged
07-30 12:22:58.476  1194  1194 D ViewRootImpl: Skipping stats log for color mode
07-30 12:22:58.476   761   934 D InetDiagMessage: Destroyed 0 sockets, proto=IPPROTO_TCP, family=AF_INET6, states=14
07-30 12:22:58.476   761   934 D InetDiagMessage: Destroyed live tcp sockets for uids={20240} in 7ms
07-30 12:22:58.484  1194  1194 D StatsLog: LAUNCHER_ONRESUME
07-30 12:22:58.488  1030  1099 D WindowManagerShell: setLauncherKeepClearAreaHeight: visible=true, height=527
07-30 12:22:58.493  1194  1249 D QuickstepModelDelegate: notifyAppTargetEvent action=1 launchLocation=workspace/0/[-1,-1]/[1,1]
07-30 12:22:58.494  1194  1194 D NexusLauncherModelDelegate: notifySmartspaceEvent: SmartspaceTargetEvent{mSmartspaceTarget=null, mSmartspaceActionId='null', mEventType=6}
07-30 12:22:58.509  1194  1194 D BaseDepthController: setSurface:
07-30 12:22:58.509  1194  1194 D BaseDepthController: 	mWaitingOnSurfaceValidity: false
07-30 12:22:58.509  1194  1194 D BaseDepthController: 	mBaseSurface: Surface(name=com.google.android.apps.nexuslauncher/com.google.android.apps.nexuslauncher.NexusLauncherActivity)/@0x4bb6e0f
07-30 12:22:58.512  1605  1934 I AiAiEcho: Predicting[0]:  [CONTEXT sampling_count=5 ]
07-30 12:22:58.512  1605  1934 I AiAiEcho: EchoTargets: 
07-30 12:22:58.512  1605  1934 I AiAiEcho: Filtered by AiAi flag check: 
07-30 12:22:58.512  1605  1934 I AiAiEcho: [CONTEXT ratelimit_period="10 SECONDS" ]
07-30 12:22:58.512  1605  1934 I AiAiEcho: #remoteViewsTwiddler: feature disabled.
07-30 12:22:58.514  1605  1934 I AiAiEcho: #postPredictionTargets: Sending updates to UISurface home with targets# 0 (types=[])
07-30 12:22:58.627  1194  1194 D SsBaseTemplateCard: No text view can be set up
07-30 12:22:58.627  1194  1194 D SsBaseTemplateCard: Passed-in item info is null
07-30 12:22:58.627  1194  1194 D SsBaseTemplateCard: Passed-in item info is null
07-30 12:22:58.627  1194  1194 D SsBaseTemplateCard: Passed-in item info is null
07-30 12:22:58.627  1194  1194 I SsBaseTemplateCard: Secondary card pane is null
07-30 12:22:58.630  1030  2730 V WindowManagerShell: onTransitionReady(transaction=3268470116439)
07-30 12:22:58.633  1030  1099 V WindowManagerShell: onTransitionReady (#91) android.os.BinderProxy@d9757b9: {id=91 t=CLOSE f=0x10 trk=0 r=[0@Point(0, 0)] c=[
07-30 12:22:58.633  1030  1099 V WindowManagerShell:         {m=TO_FRONT f=SHOW_WALLPAPER|MOVE_TO_TOP leash=Surface(name=Task=1)/@0xcc609ac sb=Rect(0, 0 - 1080, 2400) eb=Rect(0, 0 - 1080, 2400) epz=Point(1080, 2400) d=0 taskParent=-1},
07-30 12:22:58.633  1030  1099 V WindowManagerShell:         {m=CLOSE f=NONE leash=Surface(name=Task=658)/@0xe4cb675 sb=Rect(0, 0 - 1080, 2400) eb=Rect(0, 0 - 1080, 2400) epz=Point(1080, 2400) d=0 taskParent=-1},
07-30 12:22:58.633  1030  1099 V WindowManagerShell:         {m=TO_FRONT f=IS_WALLPAPER leash=Surface(name=WallpaperWindowToken{d296507 showWhenLocked=false})/@0x9bf860a sb=Rect(0, 0 - 1080, 2400) eb=Rect(0, 0 - 1080, 2400) epz=Point(1080, 2400) d=0}
07-30 12:22:58.633  1030  1099 V WindowManagerShell:     ]}
07-30 12:22:58.633  1030  1099 V WindowManagerShell: Playing animation for (#91) android.os.BinderProxy@d9757b9@0
07-30 12:22:58.633  1030  1099 V ShellRecents: RecentsTransitionHandler.startAnimation: no controller found
07-30 12:22:58.634  1030  1099 V WindowManagerShell: Transition doesn't have explicit remote, search filters for match for {id=91 t=CLOSE f=0x10 trk=0 r=[0@Point(0, 0)] c=[{m=TO_FRONT f=SHOW_WALLPAPER|MOVE_TO_TOP leash=Surface(name=Task=1)/@0xcc609ac sb=Rect(0, 0 - 1080, 2400) eb=Rect(0, 0 - 1080, 2400) epz=Point(1080, 2400) d=0 taskParent=-1},{m=CLOSE f=NONE leash=Surface(name=Task=658)/@0xe4cb675 sb=Rect(0, 0 - 1080, 2400) eb=Rect(0, 0 - 1080, 2400) epz=Point(1080, 2400) d=0 taskParent=-1},{m=TO_FRONT f=IS_WALLPAPER leash=Surface(name=WallpaperWindowToken{d296507 showWhenLocked=false})/@0x9bf860a sb=Rect(0, 0 - 1080, 2400) eb=Rect(0, 0 - 1080, 2400) epz=Point(1080, 2400) d=0}]}
07-30 12:22:58.634  1030  1099 V WindowManagerShell:  Checking filter Pair{{types=[] flags=0x0] notFlags=0x0 checks=[{atype=undefined independent=true modes=[CLOSE,TO_BACK] flags=IN_TASK_WITH_EMBEDDED_ACTIVITY mustBeTask=false order=ANY topActivity=null launchCookie=null taskFragmentToken=android.os.BinderProxy@44522b9 windowingMode=undefined}]} RemoteTransition { remoteTransition = android.window.IRemoteTransition$Stub$Proxy@61a56fe, appThread = android.app.IApplicationThread$Stub$Proxy@62c9e5f, debugName = overlayBackTransition }}
07-30 12:22:58.634  1030  1099 V WindowManagerShell:  Checking filter Pair{{types=[] flags=0x0] notFlags=0x0 checks=[{atype=dream independent=true modes=[OPEN,TO_FRONT] flags=NONE mustBeTask=false order=ANY topActivity=null launchCookie=null windowingMode=undefined},{atype=home independent=true modes=[CLOSE,TO_BACK] flags=NONE mustBeTask=false order=ANY topActivity=null launchCookie=null windowingMode=undefined}]} RemoteTransition { remoteTransition = android.window.IRemoteTransition$Stub$Proxy@5ba90ac, appThread = android.app.IApplicationThread$Stub$Proxy@98c3175, debugName = LauncherToDream }}
07-30 12:22:58.634  1030  1099 V WindowManagerShell:  Checking filter Pair{{types=[] flags=0x0] notFlags=0x100 checks=[{atype=home independent=true modes=[OPEN,TO_FRONT] flags=NONE mustBeTask=false order=TOP topActivity=ComponentInfo{com.google.android.apps.nexuslauncher/com.google.android.apps.nexuslauncher.NexusLauncherActivity} launchCookie=null windowingMode=undefined},{atype=standard independent=true modes=[CLOSE,TO_BACK] flags=NONE mustBeTask=false order=ANY topActivity=null launchCookie=null windowingMode=undefined},{NOT atype=undefined independent=true modes=[] flags=NONE mustBeTask=true order=ANY topActivity=null launchCookie=null customAnim=true windowingMode=undefined}]} RemoteTransition { remoteTransition = android.window.IRemoteTransition$Stub$Proxy@d40e50a, appThread = android.app.IApplicationThread$Stub$Proxy@a26c17b, debugName = QuickstepLaunchHome }}
07-30 12:22:58.634  1030  1099 D RemoteTransitionHandler: Found filterPair{{types=[] flags=0x0] notFlags=0x100 checks=[{atype=home independent=true modes=[OPEN,TO_FRONT] flags=NONE mustBeTask=false order=TOP topActivity=ComponentInfo{com.google.android.apps.nexuslauncher/com.google.android.apps.nexuslauncher.NexusLauncherActivity} launchCookie=null windowingMode=undefined},{atype=standard independent=true modes=[CLOSE,TO_BACK] flags=NONE mustBeTask=false order=ANY topActivity=null launchCookie=null windowingMode=undefined},{NOT atype=undefined independent=true modes=[] flags=NONE mustBeTask=true order=ANY topActivity=null launchCookie=null customAnim=true windowingMode=undefined}]} RemoteTransition { remoteTransition = android.window.IRemoteTransition$Stub$Proxy@d40e50a, appThread = android.app.IApplicationThread$Stub$Proxy@a26c17b, debugName = QuickstepLaunchHome }}
07-30 12:22:58.638  1030  1099 V WindowManagerShell:  Delegate animation for (#91) to RemoteTransition { remoteTransition = android.window.IRemoteTransition$Stub$Proxy@d40e50a, appThread = android.app.IApplicationThread$Stub$Proxy@a26c17b, debugName = QuickstepLaunchHome }
07-30 12:22:58.656  1194  1194 D StateManager: createAtomicAnimation - fromState: Background, toState: Normal, partial trace:
07-30 12:22:58.656  1194  1194 D StateManager: 	at com.android.quickstep.util.ScalingWorkspaceRevealAnim.<init>(go/retraceme ee19ec8c009da7af1d458e7d1683a6f5bf3b93b44f6674aa108e1a3e78584fe0:39)
07-30 12:22:58.656  1194  1194 D StateManager: 	at com.android.launcher3.QuickstepTransitionManager.createWallpaperOpenAnimations(go/retraceme ee19ec8c009da7af1d458e7d1683a6f5bf3b93b44f6674aa108e1a3e78584fe0:168)
07-30 12:22:58.656  1194  1194 D StateManager: 	at com.android.launcher3.QuickstepTransitionManager$WallpaperOpenLauncherAnimationRunner.onAnimationStart(go/retraceme ee19ec8c009da7af1d458e7d1683a6f5bf3b93b44f6674aa108e1a3e78584fe0:17)
07-30 12:22:58.656  1194  1194 D b/311077782: LauncherAnimationRunner.setAnimation
07-30 12:22:58.658  1194  1249 W HWUI    : Image decoding logging dropped!
07-30 12:22:58.674   761   794 V WindowManager: Sent Transition (#91) createdAt=07-30 12:22:58.389 via request=TransitionRequestInfo { type = CLOSE, triggerTask = TaskInfo{userId=0 taskId=658 effectiveUid=10240 displayId=0 isRunning=true baseIntent=Intent { flg=0x10000000 cmp=com.fceumm.wrapper/.MainActivity } baseActivity=ComponentInfo{com.fceumm.wrapper/com.fceumm.wrapper.MainActivity} topActivity=ComponentInfo{com.fceumm.wrapper/com.fceumm.wrapper.MainActivity} origActivity=null realActivity=ComponentInfo{com.fceumm.wrapper/com.fceumm.wrapper.MainActivity} numActivities=1 lastActiveTime=37195869 supportsMultiWindow=true resizeMode=1 isResizeable=true minWidth=-1 minHeight=-1 defaultMinSize=220 token=WCT{RemoteToken{92213a Task{aebd671 #658 type=standard A=10240:com.fceumm.wrapper}}} topActivityType=1 pictureInPictureParams=null shouldDockBigOverlays=false launchIntoPipHostTaskId=-1 lastParentTaskIdBeforePip=-1 displayCutoutSafeInsets=Rect(0, 0 - 0, 0) topActivityInfo=ActivityInfo{13401eb com.fceumm.wrapper.MainActivity} launchCookies=[] positionInParent=Point(0, 0) parentTaskId=-1 isFocused=true isVisible=true isVisibleRequested=true isTopActivityNoDisplay=false isSleeping=false locusId=null displayAreaFeatureId=1 isTopActivityTransparent=false isActivityStackTransparent=false lastNonFullscreenBounds=Rect(284, 660 - 796, 1740) capturedLink=null capturedLinkTimestamp=0 requestedVisibleTypes=-9 topActivityRequestOpenInBrowserEducationTimestamp=0 appCompatTaskInfo=AppCompatTaskInfo { topActivityInSizeCompat=false eligibleForLetterboxEducation= false isLetterboxEducationEnabled= true isLetterboxDoubleTapEnabled= false eligibleForUserAspectRatioButton= false topActivityBoundsLetterboxed= false isFromLetterboxDoubleTap= false topActivityLetterboxVerticalPosition= -1 topActivityLetterboxHorizontalPosition= -1 topActivityLetterboxWidth=-1 topActivityLetterboxHeight=-1 topActivityAppBounds=Rect(0, 0 - 1080, 2337) isUserFullscreenOverrideEnabled=false isSystemFullscreenOverrideEnabled=false hasMinAspectRatioOverride=false topActivityLetterboxBounds=null cameraCompatTaskInfo=CameraCompatTaskInfo { freeformCameraCompatMode=inactive}} topActivityMainWindowFrame=null}, pipChange = null, remoteTransition = null, displayChange = null, flags = 16, debugId = 91 }
07-30 12:22:58.674   761   794 V WindowManager:     startWCT=WindowContainerTransaction { changes= {} hops= [] errorCallbackToken=null taskFragmentOrganizer=null }
07-30 12:22:58.674   761   794 V WindowManager:     info={id=91 t=CLOSE f=0x10 trk=0 r=[0@Point(0, 0)] c=[
07-30 12:22:58.674   761   794 V WindowManager:         {WCT{RemoteToken{6374733 Task{e51d461 #1 type=home}}} m=TO_FRONT f=SHOW_WALLPAPER|MOVE_TO_TOP leash=Surface(name=Task=1)/@0xef92ec3 sb=Rect(0, 0 - 1080, 2400) eb=Rect(0, 0 - 1080, 2400) epz=Point(1080, 2400) d=0 taskParent=-1},
07-30 12:22:58.674   761   794 V WindowManager:         {WCT{RemoteToken{92213a Task{aebd671 #658 type=standard A=10240:com.fceumm.wrapper}}} m=CLOSE f=NONE leash=Surface(name=Task=658)/@0x1de855c sb=Rect(0, 0 - 1080, 2400) eb=Rect(0, 0 - 1080, 2400) epz=Point(1080, 2400) d=0 taskParent=-1},
07-30 12:22:58.674   761   794 V WindowManager:         {m=TO_FRONT f=IS_WALLPAPER leash=Surface(name=WallpaperWindowToken{d296507 showWhenLocked=false})/@0xf585d5b sb=Rect(0, 0 - 1080, 2400) eb=Rect(0, 0 - 1080, 2400) epz=Point(1080, 2400) d=0}
07-30 12:22:58.674   761   794 V WindowManager:     ]}
07-30 12:22:58.681  1030  1099 V WindowManagerShell:  animated by com.android.wm.shell.transition.RemoteTransitionHandler@2605571
07-30 12:22:58.693   595   595 I BpBinder: onLastStrongRef automatically unlinking death recipients: 
07-30 12:22:58.693   546   546 I RanchuHwc: logCompositionFallbackIfChanged: layer 288 CompositionType fallback from 2 to 1
07-30 12:22:58.693   546   546 I RanchuHwc: logCompositionFallbackIfChanged: layer 289 CompositionType fallback from 2 to 1
07-30 12:22:58.702   761   797 W IPCThreadState: Sending oneway calls to frozen process.
07-30 12:22:58.702   761   797 W IPCThreadState: Sending oneway calls to frozen process.
07-30 12:22:58.702   761   797 W IPCThreadState: Sending oneway calls to frozen process.
07-30 12:22:58.702   761   797 W IPCThreadState: Sending oneway calls to frozen process.
07-30 12:22:58.703   761   797 W IPCThreadState: Sending oneway calls to frozen process.
07-30 12:22:58.703   761   797 W IPCThreadState: Sending oneway calls to frozen process.
07-30 12:22:58.703   761   797 W IPCThreadState: Sending oneway calls to frozen process.
07-30 12:22:58.703   761   797 W IPCThreadState: Sending oneway calls to frozen process.
07-30 12:22:58.706   761   797 W IPCThreadState: Sending oneway calls to frozen process.
07-30 12:22:58.706   761   797 W IPCThreadState: Sending oneway calls to frozen process.
07-30 12:22:58.706   761   797 W IPCThreadState: Sending oneway calls to frozen process.
07-30 12:22:58.707   761   797 W IPCThreadState: Sending oneway calls to frozen process.
07-30 12:22:58.710   761   797 W IPCThreadState: Sending oneway calls to frozen process.
07-30 12:22:58.710   761   797 W IPCThreadState: Sending oneway calls to frozen process.
07-30 12:22:58.710   761   797 W IPCThreadState: Sending oneway calls to frozen process.
07-30 12:22:58.710   761   797 W IPCThreadState: Sending oneway calls to frozen process.
07-30 12:22:58.711   761   797 W IPCThreadState: Sending oneway calls to frozen process.
07-30 12:22:58.713   761   797 W IPCThreadState: Sending oneway calls to frozen process.
07-30 12:22:58.713   761   797 W IPCThreadState: Sending oneway calls to frozen process.
07-30 12:22:58.713   761   797 W IPCThreadState: Sending oneway calls to frozen process.
07-30 12:22:58.714   761   797 W IPCThreadState: Sending oneway calls to frozen process.
07-30 12:22:58.717   761   797 W IPCThreadState: Sending oneway calls to frozen process.
07-30 12:22:58.719   761   797 W IPCThreadState: Sending oneway calls to frozen process.
07-30 12:22:58.719   761   797 W IPCThreadState: Sending oneway calls to frozen process.
07-30 12:22:58.719   761   797 W IPCThreadState: Sending oneway calls to frozen process.
07-30 12:22:58.721   761   797 W IPCThreadState: Sending oneway calls to frozen process.
07-30 12:22:58.724   761   797 W IPCThreadState: Sending oneway calls to frozen process.
07-30 12:22:58.724   761   797 W IPCThreadState: Sending oneway calls to frozen process.
07-30 12:22:58.725   761   797 W IPCThreadState: Sending oneway calls to frozen process.
07-30 12:22:58.725   761   797 W IPCThreadState: Sending oneway calls to frozen process.
07-30 12:22:58.725   761   797 W IPCThreadState: Sending oneway calls to frozen process.
07-30 12:22:58.725   761   797 W IPCThreadState: Sending oneway calls to frozen process.
07-30 12:22:58.726   761   797 W IPCThreadState: Sending oneway calls to frozen process.
07-30 12:22:58.726   546   546 I RanchuHwc: logCompositionFallbackIfChanged: layer 292 CompositionType fallback from 2 to 1
07-30 12:22:58.726   546   546 I RanchuHwc: logCompositionFallbackIfChanged: layer 293 CompositionType fallback from 2 to 1
07-30 12:22:58.726   761   895 I ImeTracker: com.google.android.apps.nexuslauncher:c28434d9: onRequestHide at ORIGIN_SERVER reason HIDE_UNSPECIFIED_WINDOW fromUser false
07-30 12:22:58.743  1467  1467 I GoogleInputMethodService: GoogleInputMethodService.onFinishInput():2045 
07-30 12:22:58.745  1467  1467 I Module  : DeviceLockedStatusModuleProvider$Module.updateDeviceLockedStatus():100 repeatCheckTimes = 0, locked = false
07-30 12:22:58.748   761  1805 I ImeTracker: system_server:31ff98dc: onRequestHide at ORIGIN_SERVER reason IME_REQUESTED_CHANGED_LISTENER fromUser false
07-30 12:22:58.749  1467  1467 I GoogleInputMethodService: GoogleInputMethodService.onStartInput():1311 onStartInput(EditorInfo{EditorInfo{packageName=com.google.android.apps.nexuslauncher, inputType=0, inputTypeString=NULL, enableLearning=false, autoCorrection=false, autoComplete=false, imeOptions=0, privateImeOptions=null, actionName=UNSPECIFIED, actionLabel=null, initialSelStart=-1, initialSelEnd=-1, initialCapsMode=0, label=null, fieldId=0, fieldName=null, extras=null, hintText=null, hintLocales=[]}}, false)
07-30 12:22:58.750   761   797 I ImeTracker: system_server:31ff98dc: onCancelled at PHASE_SERVER_SHOULD_HIDE
07-30 12:22:58.750  1467  1467 I Module  : DeviceLockedStatusModuleProvider$Module.updateDeviceLockedStatus():100 repeatCheckTimes = 1, locked = false
07-30 12:22:58.760  1194  1194 D InsetsController: hide(ime(), fromIme=false)
07-30 12:22:58.760  1194  1194 I ImeTracker: com.google.android.apps.nexuslauncher:c28434d9: onCancelled at PHASE_CLIENT_ALREADY_HIDDEN
07-30 12:22:58.761   761  1805 W PackageConfigPersister: App-specific configuration not found for packageName: com.google.android.apps.nexuslauncher and userId: 0
07-30 12:22:58.893   761   797 W ActivityTaskManager: Activity top resumed state loss timeout for ActivityRecord{252050456 u0 com.fceumm.wrapper/.MainActivity t658 f} isExiting}
07-30 12:22:59.640  1194  1194 D ScalingWorkspaceRevealAnim: alpha of workspace at the end of animation: 1.0
07-30 12:22:59.642  1030  1099 V WindowManagerShell: Transition animation finished (aborted=false), notifying core (#91) android.os.BinderProxy@d9757b9@0
07-30 12:22:59.649   761   794 V WindowManager: Finish Transition (#91): created at 07-30 12:22:58.389 collect-started=0.052ms request-sent=0.209ms started=42.774ms ready=63.899ms sent=239.756ms commit=44.939ms finished=1259.068ms
07-30 12:22:59.655   761  2068 E IPCThreadState: Binder transaction failure. id: 21508462, BR_*: 29189, error: -22 (Invalid argument)
07-30 12:22:59.655   761  2068 W ActivityManager: pid 761 system sent binder code 7 with flags 1 to frozen apps and got error -32
07-30 12:22:59.655   761  2068 D ActivityManager: Too many transaction errors, throttling freezer binder callback.
07-30 12:22:59.656   761  2068 W WindowManager: Exception thrown during dispatchAppVisibility Window{f629545 u0 com.fceumm.wrapper/com.fceumm.wrapper.MainActivity EXITING}
07-30 12:22:59.656   761  2068 W WindowManager: android.os.DeadObjectException
07-30 12:22:59.656   761  2068 W WindowManager: 	at android.os.BinderProxy.transactNative(Native Method)
07-30 12:22:59.656   761  2068 W WindowManager: 	at android.os.BinderProxy.transact(BinderProxy.java:592)
07-30 12:22:59.656   761  2068 W WindowManager: 	at android.view.IWindow$Stub$Proxy.dispatchAppVisibility(IWindow.java:557)
07-30 12:22:59.656   761  2068 W WindowManager: 	at com.android.server.wm.WindowState.sendAppVisibilityToClients(WindowState.java:3151)
07-30 12:22:59.656   761  2068 W WindowManager: 	at com.android.server.wm.WindowContainer.sendAppVisibilityToClients(WindowContainer.java:1311)
07-30 12:22:59.656   761  2068 W WindowManager: 	at com.android.server.wm.WindowToken.setClientVisible(WindowToken.java:389)
07-30 12:22:59.656   761  2068 W WindowManager: 	at com.android.server.wm.ActivityRecord.setClientVisible(ActivityRecord.java:6650)
07-30 12:22:59.656   761  2068 W WindowManager: 	at com.android.server.wm.ActivityRecord.commitVisibility(ActivityRecord.java:5561)
07-30 12:22:59.656   761  2068 W WindowManager: 	at com.android.server.wm.Transition.finishTransition(Transition.java:1391)
07-30 12:22:59.656   761  2068 W WindowManager: 	at com.android.server.wm.TransitionController.finishTransition(TransitionController.java:1029)
07-30 12:22:59.656   761  2068 W WindowManager: 	at com.android.server.wm.WindowOrganizerController.finishTransition(WindowOrganizerController.java:496)
07-30 12:22:59.656   761  2068 W WindowManager: 	at android.window.IWindowOrganizerController$Stub.onTransact(IWindowOrganizerController.java:261)
07-30 12:22:59.656   761  2068 W WindowManager: 	at com.android.server.wm.WindowOrganizerController.onTransact(WindowOrganizerController.java:223)
07-30 12:22:59.656   761  2068 W WindowManager: 	at android.os.Binder.execTransactInternal(Binder.java:1426)
07-30 12:22:59.656   761  2068 W WindowManager: 	at android.os.Binder.execTransact(Binder.java:1365)
07-30 12:22:59.656   761  2068 W Process : Unable to open /proc/11627/status
07-30 12:22:59.667  1030  1099 V WindowManagerShell: Track 0 became idle
07-30 12:22:59.669  1030  1099 V WindowManagerShell: All active transition animations finished
07-30 12:22:59.689  1194  1194 D RecentsView: onTaskRemoved: 658, not handling task stack changes
07-30 12:22:59.690  1194  1194 D RecentsView: onTaskRemoved: 658, not handling task stack changes
07-30 12:22:59.693   595   595 E BpTransactionCompletedListener: Failed to transact (-32)
07-30 12:22:59.696   595   595 E BpTransactionCompletedListener: Failed to transact (-32)
07-30 12:22:59.727   528  2723 D android.hardware.audio@7.1-impl.ranchu: threadLoop: entering standby, frames: 673851712
07-30 12:22:59.727   528  2723 D android.hardware.audio@7.1-impl.ranchu: ~TinyalsaSink: stopping PCM stream
07-30 12:22:59.727   528  2723 D android.hardware.audio@7.1-impl.ranchu: ~TinyalsaSink: joining consumeThread
07-30 12:22:59.728   528 11695 D android.hardware.audio@7.1-impl.ranchu: consumeThread: exiting
07-30 12:23:02.672   761  1665 E TaskPersister: File error accessing recents directory (directory doesn't exist?).
07-30 12:23:04.046  1187  1429 D SatelliteController: iisInCarrierRoamingNbIotNtn: satellite is disabled
07-30 12:23:14.047  1187  1429 D SatelliteController: iisInCarrierRoamingNbIotNtn: satellite is disabled
07-30 12:23:24.047  1187  1429 D SatelliteController: iisInCarrierRoamingNbIotNtn: satellite is disabled
07-30 12:23:27.632  1617  2114 I bboy    : (REDACTED) getHotwordActive::active query: %s, watch: %s, devices connected: %s
