07-30 12:05:07.041  4878 10707 I Finsky:background: [204] Wrote row to frosting DB: 7523
07-30 12:05:07.056   761  1710 E AppOps  : attributionTag VCN not declared in manifest of android
07-30 12:05:07.057   761  1805 D ActivityManager: sync unfroze 5581 com.google.android.googlequicksearchbox:search for 6
07-30 12:05:07.071   761   986 D BackgroundInstallControlService: Package event received: 0
07-30 12:05:07.072  4878  4878 I Finsky:background: [2] aene - Received: android.intent.action.PACKAGE_ADDED, [H_EPTsUOLTKr3P86Q5LZLb1_doxGApN6BawIspsyJAc]
07-30 12:05:07.092  1187  1425 D ImsResolver: maybeAddedImsService, packageName: com.fceumm.wrapper
07-30 12:05:07.092  1187  1425 V ImsResolver: searchForImsServices: package=com.fceumm.wrapper, users=[UserHandle{0}]
07-30 12:05:07.103   761  1805 D ActivityManager: sync unfroze 7507 com.google.android.googlequicksearchbox:googleapp for 6
07-30 12:05:07.103  1187  1425 V ImsResolver: searchForImsServices: package=com.fceumm.wrapper, users=[UserHandle{0}]
07-30 12:05:07.106   761   986 D BackgroundInstallControlService: Package event received: 0
07-30 12:05:07.119  4878  4878 I Finsky:background: [2] aene - Deduping intent android.intent.action.PACKAGE_ADDED
07-30 12:05:07.126  4878  4978 I Finsky:background: [51] RECEIVER_PACKAGE_MONITOR_BACKGROUND#logWorkEndAndFinishGoAsync: SUCCESS
07-30 12:05:07.130  5581  5613 D WM-DelayedWorkTracker: Scheduling work b8cf5f38-df7b-4211-a1de-4feab7ecfb29
07-30 12:05:07.136   761   761 W Looper  : Slow dispatch took 158ms main app=system_server main=true group=FOREGROUND h=android.app.ActivityThread$H c=android.app.LoadedApk$ServiceDispatcher$RunConnection@aaf4153 m=0
07-30 12:05:07.145  4878 10707 I Finsky:background: [204] Wrote row to frosting DB: 7524
07-30 12:05:07.148  5581  5613 D WM-GreedyScheduler: Starting tracking for b8cf5f38-df7b-4211-a1de-4feab7ecfb29
07-30 12:05:07.154   761   761 W AlarmManager: Package com.fceumm.wrapper, uid 10240 lost permission to set exact alarms!
07-30 12:05:07.157   761  3618 E AppOpService: Blocked setUidMode call for runtime permission app op: uid = 10145, code = CAMERA, mode = foreground, callingUid = 1000, oldMode = allow
07-30 12:05:07.157   761  3618 E AppOpService: java.lang.RuntimeException
07-30 12:05:07.157   761  3618 E AppOpService: 	at com.android.server.permission.access.appop.AppOpService.setUidMode(AppOpService.kt:272)
07-30 12:05:07.157   761  3618 E AppOpService: 	at com.android.server.appop.AppOpsCheckingServiceTracingDecorator.setUidMode(AppOpsCheckingServiceTracingDecorator.java:120)
07-30 12:05:07.157   761  3618 E AppOpService: 	at com.android.server.appop.AppOpsService.setUidMode(AppOpsService.java:2182)
07-30 12:05:07.157   761  3618 E AppOpService: 	at com.android.server.appop.AppOpsService.setUidMode(AppOpsService.java:2126)
07-30 12:05:07.157   761  3618 E AppOpService: 	at android.app.AppOpsManager.setUidMode(AppOpsManager.java:8596)
07-30 12:05:07.157   761  3618 E AppOpService: 	at com.android.role.controller.model.Permissions.setAppOpModeAsUser(Permissions.java:908)
07-30 12:05:07.157   761  3618 E AppOpService: 	at com.android.role.controller.model.Permissions.setAppOpUidModeAsUser(Permissions.java:885)
07-30 12:05:07.157   761  3618 E AppOpService: 	at com.android.role.controller.model.Permissions.grantPermissionAndAppOpAsUser(Permissions.java:373)
07-30 12:05:07.157   761  3618 E AppOpService: 	at com.android.role.controller.model.Permissions.grantSingleAsUser(Permissions.java:247)
07-30 12:05:07.157   761  3618 E AppOpService: 	at com.android.role.controller.model.Permissions.grantAsUser(Permissions.java:205)
07-30 12:05:07.157   761  3618 E AppOpService: 	at com.android.role.controller.model.Role.grantAsUser(Role.java:867)
07-30 12:05:07.157   761  3618 E AppOpService: 	at com.android.role.controller.service.RoleControllerServiceImpl.addRoleHolderInternal(RoleControllerServiceImpl.java:376)
07-30 12:05:07.157   761  3618 E AppOpService: 	at com.android.role.controller.service.RoleControllerServiceImpl.onGrantDefaultRoles(RoleControllerServiceImpl.java:163)
07-30 12:05:07.157   761  3618 E AppOpService: 	at com.android.role.LocalRoleController.lambda$grantDefaultRoles$1(LocalRoleController.java:56)
07-30 12:05:07.157   761  3618 E AppOpService: 	at com.android.role.LocalRoleController.$r8$lambda$ye-flP7Mf14AbTzwSmiTgndT6Cg(LocalRoleController.java:0)
07-30 12:05:07.157   761  3618 E AppOpService: 	at com.android.role.LocalRoleController$$ExternalSyntheticLambda1.run(R8$$SyntheticClass:0)
07-30 12:05:07.157   761  3618 E AppOpService: 	at android.os.Handler.handleCallback(Handler.java:995)
07-30 12:05:07.157   761  3618 E AppOpService: 	at android.os.Handler.dispatchMessage(Handler.java:103)
07-30 12:05:07.157   761  3618 E AppOpService: 	at android.os.Looper.loopOnce(Looper.java:248)
07-30 12:05:07.157   761  3618 E AppOpService: 	at android.os.Looper.loop(Looper.java:338)
07-30 12:05:07.157   761  3618 E AppOpService: 	at android.os.HandlerThread.run(HandlerThread.java:85)
07-30 12:05:07.165  5581  5581 D ActivityThread: Package [com.fceumm.wrapper] reported as REPLACED, but missing application info. Assuming REMOVED.
07-30 12:05:07.178  5581  5581 D ActivityThread: Package [com.fceumm.wrapper] reported as REPLACED, but missing application info. Assuming REMOVED.
07-30 12:05:07.192  2437  2615 I PermissionControllerServiceImpl: Updating user sensitive for uid 10240
07-30 12:05:07.198  5651 10712 I Auth    : (REDACTED) [SupervisedAccountIntentOperationV2] onHandleIntent: %s
07-30 12:05:07.208  4878 10707 I Finsky:background: [204] Wrote row to frosting DB: 7525
07-30 12:05:07.216   761   761 W Looper  : Drained
07-30 12:05:07.217   761  3618 E AppOpService: Blocked setUidMode call for runtime permission app op: uid = 10142, code = CAMERA, mode = foreground, callingUid = 1000, oldMode = allow
07-30 12:05:07.217   761  3618 E AppOpService: java.lang.RuntimeException
07-30 12:05:07.217   761  3618 E AppOpService: 	at com.android.server.permission.access.appop.AppOpService.setUidMode(AppOpService.kt:272)
07-30 12:05:07.217   761  3618 E AppOpService: 	at com.android.server.appop.AppOpsCheckingServiceTracingDecorator.setUidMode(AppOpsCheckingServiceTracingDecorator.java:120)
07-30 12:05:07.217   761  3618 E AppOpService: 	at com.android.server.appop.AppOpsService.setUidMode(AppOpsService.java:2182)
07-30 12:05:07.217   761  3618 E AppOpService: 	at com.android.server.appop.AppOpsService.setUidMode(AppOpsService.java:2126)
07-30 12:05:07.217   761  3618 E AppOpService: 	at android.app.AppOpsManager.setUidMode(AppOpsManager.java:8596)
07-30 12:05:07.217   761  3618 E AppOpService: 	at com.android.role.controller.model.Permissions.setAppOpModeAsUser(Permissions.java:908)
07-30 12:05:07.217   761  3618 E AppOpService: 	at com.android.role.controller.model.Permissions.setAppOpUidModeAsUser(Permissions.java:885)
07-30 12:05:07.217   761  3618 E AppOpService: 	at com.android.role.controller.model.Permissions.grantPermissionAndAppOpAsUser(Permissions.java:373)
07-30 12:05:07.217   761  3618 E AppOpService: 	at com.android.role.controller.model.Permissions.grantSingleAsUser(Permissions.java:247)
07-30 12:05:07.217   761  3618 E AppOpService: 	at com.android.role.controller.model.Permissions.grantAsUser(Permissions.java:205)
07-30 12:05:07.217   761  3618 E AppOpService: 	at com.android.role.controller.model.Role.grantAsUser(Role.java:867)
07-30 12:05:07.217   761  3618 E AppOpService: 	at com.android.role.controller.service.RoleControllerServiceImpl.addRoleHolderInternal(RoleControllerServiceImpl.java:376)
07-30 12:05:07.217   761  3618 E AppOpService: 	at com.android.role.controller.service.RoleControllerServiceImpl.onGrantDefaultRoles(RoleControllerServiceImpl.java:163)
07-30 12:05:07.217   761  3618 E AppOpService: 	at com.android.role.LocalRoleController.lambda$grantDefaultRoles$1(LocalRoleController.java:56)
07-30 12:05:07.217   761  3618 E AppOpService: 	at com.android.role.LocalRoleController.$r8$lambda$ye-flP7Mf14AbTzwSmiTgndT6Cg(LocalRoleController.java:0)
07-30 12:05:07.217   761  3618 E AppOpService: 	at com.android.role.LocalRoleController$$ExternalSyntheticLambda1.run(R8$$SyntheticClass:0)
07-30 12:05:07.217   761  3618 E AppOpService: 	at android.os.Handler.handleCallback(Handler.java:995)
07-30 12:05:07.217   761  3618 E AppOpService: 	at android.os.Handler.dispatchMessage(Handler.java:103)
07-30 12:05:07.217   761  3618 E AppOpService: 	at android.os.Looper.loopOnce(Looper.java:248)
07-30 12:05:07.217   761  3618 E AppOpService: 	at android.os.Looper.loop(Looper.java:338)
07-30 12:05:07.217   761  3618 E AppOpService: 	at android.os.HandlerThread.run(HandlerThread.java:85)
07-30 12:05:07.243   761  1632 I system_server: AssetManager2(0x70c9536f2378) locale list changing from [] to [en-US]
07-30 12:05:07.252  5489  5520 I Finsky  : [59] AIM: AppInfoManager-Perf > OnDeviceAppInfo > cacheHitCount=0, cacheMissCount=1. Missed  in cache (limit 10) : [com.fceumm.wrapper]
07-30 12:05:07.262  5651  5905 I gle.android.gms: AssetManager2(0x70c95362fe18) locale list changing from [] to [en-US]
07-30 12:05:07.269  5489  5489 I Finsky  : [2] aeno - Received: android.intent.action.PACKAGE_ADDED, [H_EPTsUOLTKr3P86Q5LZLb1_doxGApN6BawIspsyJAc]
07-30 12:05:07.284  7507  7507 D ActivityThread: Package [com.fceumm.wrapper] reported as REPLACED, but missing application info. Assuming REMOVED.
07-30 12:05:07.292  7507  7507 D ActivityThread: Package [com.fceumm.wrapper] reported as REPLACED, but missing application info. Assuming REMOVED.
07-30 12:05:07.295  5489  5520 I Finsky  : [59] AIM: Got app ownership map. App counts: . Unique apps: 0
07-30 12:05:07.295  5489  5520 E Finsky  : [59] [Counters] attempted to use a non-positive increment for: 4752
07-30 12:05:07.308  1187  1187 W VvmPkgInstalledRcvr: carrierVvmPkgAdded: carrier vvm packages doesn't contain com.fceumm.wrapper
07-30 12:05:07.318   761  3618 E RoleControllerServiceImpl: Default/fallback role holder package doesn't qualify for the role, package: com.google.android.gms, role: android.app.role.WALLET
07-30 12:05:07.330  5489 10715 I Finsky  : [311] SCH: Received scheduling request: Id: 12-1, Constraints: [{ L: 15000, D: 86400000, C: CHARGING_NONE, I: IDLE_NONE, N: NET_ANY, B: BATTERY_ANY }]
07-30 12:05:07.333  5651 10712 I NearbyDiscovery: (REDACTED) processGrantSlicePermission: %s
07-30 12:05:07.364  5489  5520 E Finsky  : [59] [Counters] attempted to use a non-positive increment for: 4753
07-30 12:05:07.380   761  1078 V Configuration: Updating configuration, locales updated from [] to [en_US]
07-30 12:05:07.388  1187  1187 D SatelliteController: packageStateChanged: package:com.fceumm.wrapper DefaultSmsPackageName:com.google.android.apps.messaging
07-30 12:05:07.388  1187  1187 V SatelliteController: Neither SMS or SatelliteGateway package
07-30 12:05:07.403  7507  7507 W TimedProcessReaper: Memory state is: 125
07-30 12:05:07.422   761  1078 V Configuration: Updating configuration, locales updated from [] to [en_US]
07-30 12:05:07.434  5581  5581 W TimedProcessReaper: Memory state is: 125
07-30 12:05:07.440  7507  7507 W TimedProcessReaper: Memory state is: 125
07-30 12:05:07.441  7507  7507 W TimedProcessReaper: Memory state is: 125
07-30 12:05:07.451  1330 10709 I Fitness : (REDACTED) FitCleanupIntentOperation received Intent %s
07-30 12:05:07.456  7507  7507 W TimedProcessReaper: Memory state is: 125
07-30 12:05:07.457  7507  7507 W TimedProcessReaper: Memory state is: 125
07-30 12:05:07.465  1330 10710 I ProximityAuth: [RecentAppsMediator] Package added: (user=UserHandle{0}) com.fceumm.wrapper
07-30 12:05:07.468  5581  5581 W TimedProcessReaper: Memory state is: 125
07-30 12:05:07.469  5581  5581 W TimedProcessReaper: Memory state is: 125
07-30 12:05:07.470  5581  5581 W TimedProcessReaper: Memory state is: 125
07-30 12:05:07.470  7507  7507 W TimedProcessReaper: Memory state is: 125
07-30 12:05:07.474  7507  7507 W TimedProcessReaper: Memory state is: 125
07-30 12:05:07.476  5489  5489 I Finsky  : [2] DTU: Received onPackageAdded, replacing: true
07-30 12:05:07.477  7507  7507 W TimedProcessReaper: Memory state is: 125
07-30 12:05:07.477  7507  7507 W TimedProcessReaper: Memory state is: 125
07-30 12:05:07.477  7507  7507 W TimedProcessReaper: Memory state is: 125
07-30 12:05:07.477  7507  7507 W TimedProcessReaper: Memory state is: 125
07-30 12:05:07.479  5581  5609 D WM-GreedyScheduler: Constraints not met: Cancelling work ID WorkGenerationalId(workSpecId=b8cf5f38-df7b-4211-a1de-4feab7ecfb29, generation=127)
07-30 12:05:07.480  5651  5651 D BoundBrokerSvc: onBind: Intent { act=com.google.android.gms.common.BIND_SHARED_PREFS xflg=0x4 pkg=com.google.android.gms }
07-30 12:05:07.480  5581  5581 W TimedProcessReaper: Memory state is: 125
07-30 12:05:07.484  5651  5651 D BoundBrokerSvc: Loading bound service for intent: Intent { act=com.google.android.gms.common.BIND_SHARED_PREFS xflg=0x4 pkg=com.google.android.gms }
07-30 12:05:07.485  5489  5489 I Finsky  : [2] aeno - Received: android.intent.action.PACKAGE_ADDED, [H_EPTsUOLTKr3P86Q5LZLb1_doxGApN6BawIspsyJAc]
07-30 12:05:07.486  5581  5581 W TimedProcessReaper: Memory state is: 125
07-30 12:05:07.508   761  1078 V Configuration: Updating configuration, locales updated from [] to [en_US]
07-30 12:05:07.508   761  1078 V Configuration: Updating configuration, locales updated from [] to [en_US]
07-30 12:05:07.508   761  1078 V Configuration: Updating configuration, locales updated from [] to [en_US]
07-30 12:05:07.508   761  1078 V Configuration: Updating configuration, locales updated from [] to [en_US]
07-30 12:05:07.514  5489  5489 I Finsky  : [2] aeno - Deduping intent android.intent.action.PACKAGE_ADDED
07-30 12:05:07.520  5581  5581 W TimedProcessReaper: Memory state is: 125
07-30 12:05:07.525  1330 10710 I .gms.persistent: AssetManager2(0x70c95362f198) locale list changing from [] to [en-US]
07-30 12:05:07.548  5489  5489 I Finsky  : [2] aeno - Received: android.intent.action.PACKAGE_ADDED, [H_EPTsUOLTKr3P86Q5LZLb1_doxGApN6BawIspsyJAc]
07-30 12:05:07.548  5581  5581 W TimedProcessReaper: Memory state is: 125
07-30 12:05:07.553   761  1078 V Configuration: Updating configuration, locales updated from [] to [en_US]
07-30 12:05:07.553   761  1078 V Configuration: Updating configuration, locales updated from [] to [en_US]
07-30 12:05:07.553   761  1078 V Configuration: Updating configuration, locales updated from [] to [en_US]
07-30 12:05:07.553   761  1078 V Configuration: Updating configuration, locales updated from [] to [en_US]
07-30 12:05:07.554   761  1078 D IntervalStats: Unable to parse usage stats packages: [239, 241, 265]
07-30 12:05:07.558  5489  5515 I Finsky  : [54] AIM: AppInfoManager-Perf > OnDeviceAppInfo > cacheHitCount=0, cacheMissCount=1. Missed  in cache (limit 10) : [com.fceumm.wrapper]
07-30 12:05:07.560  5489  5530 I Finsky  : [67] AIM: Got app ownership map. App counts: . Unique apps: 0
07-30 12:05:07.561  5489  5530 E Finsky  : [67] [Counters] attempted to use a non-positive increment for: 4752
07-30 12:05:07.562  5489  5530 E Finsky  : [67] [Counters] attempted to use a non-positive increment for: 4753
07-30 12:05:07.569   761  1078 V Configuration: Updating configuration, locales updated from [] to [en_US]
07-30 12:05:07.570   761  1078 D IntervalStats: Unable to parse usage stats packages: [241, 265, 266]
07-30 12:05:07.573   761  1078 V Configuration: Updating configuration, locales updated from [] to [en_US]
07-30 12:05:07.573   761  1078 D IntervalStats: Unable to parse usage stats packages: [241, 266]
07-30 12:05:07.576   761  1078 V Configuration: Updating configuration, locales updated from [] to [en_US]
07-30 12:05:07.576   761  1078 V Configuration: Updating configuration, locales updated from [] to [en_US]
07-30 12:05:07.576   761  1078 V Configuration: Updating configuration, locales updated from [] to [en_US]
07-30 12:05:07.577   761  1078 V Configuration: Updating configuration, locales updated from [] to [en_US]
07-30 12:05:07.577   761  1078 D IntervalStats: Unable to parse usage stats packages: [239, 265, 267]
07-30 12:05:07.579  5581  5581 W TimedProcessReaper: Memory state is: 125
07-30 12:05:07.582   761  1078 V Configuration: Updating configuration, locales updated from [] to [en_US]
07-30 12:05:07.582   761  1078 D IntervalStats: Unable to parse usage stats packages: [265, 266, 267]
07-30 12:05:07.585   761  1078 V Configuration: Updating configuration, locales updated from [] to [en_US]
07-30 12:05:07.585   761  1078 D IntervalStats: Unable to parse usage stats packages: [265, 268]
07-30 12:05:07.595   761  1078 V Configuration: Updating configuration, locales updated from [] to [en_US]
07-30 12:05:07.595   761  1078 V Configuration: Updating configuration, locales updated from [] to [en_US]
07-30 12:05:07.595   761  1078 V Configuration: Updating configuration, locales updated from [] to [en_US]
07-30 12:05:07.595   761  1078 V Configuration: Updating configuration, locales updated from [] to [en_US]
07-30 12:05:07.595   761  1078 V Configuration: Updating configuration, locales updated from [] to [en_US]
07-30 12:05:07.595   761  1078 V Configuration: Updating configuration, locales updated from [] to [en_US]
07-30 12:05:07.595   761  1078 V Configuration: Updating configuration, locales updated from [] to [en_US]
07-30 12:05:07.595   761  1078 V Configuration: Updating configuration, locales updated from [] to [en_US]
07-30 12:05:07.597   761  1078 D IntervalStats: Unable to parse usage stats packages: [268, 269, 274]
07-30 12:05:07.603   761  1078 V Configuration: Updating configuration, locales updated from [] to [en_US]
07-30 12:05:07.603   761  1078 V Configuration: Updating configuration, locales updated from [] to [en_US]
07-30 12:05:07.603   761  1078 V Configuration: Updating configuration, locales updated from [] to [en_US]
07-30 12:05:07.603   761  1078 V Configuration: Updating configuration, locales updated from [] to [en_US]
07-30 12:05:07.603   761  1078 V Configuration: Updating configuration, locales updated from [] to [en_US]
07-30 12:05:07.603   761  1078 V Configuration: Updating configuration, locales updated from [] to [en_US]
07-30 12:05:07.605   761  1078 V Configuration: Updating configuration, locales updated from [] to [en_US]
07-30 12:05:07.605   761  1078 V Configuration: Updating configuration, locales updated from [] to [en_US]
07-30 12:05:07.605   761  1078 V Configuration: Updating configuration, locales updated from [] to [en_US]
07-30 12:05:07.605   761  1078 D IntervalStats: Unable to parse usage stats packages: [274]
07-30 12:05:07.610  5489  5489 I Finsky  : [2] aeno - Deduping intent android.intent.action.PACKAGE_ADDED
07-30 12:05:07.614  5489  5505 I Finsky  : [44] RECEIVER_PACKAGE_MONITOR#logWorkEndAndFinishGoAsync: SUCCESS
07-30 12:05:07.649  5581  5581 W TimedProcessReaper: Memory state is: 125
07-30 12:05:07.654  5581  5581 W TimedProcessReaper: Memory state is: 125
07-30 12:05:07.691  5651 10716 W SQLiteLog: (28) double-quoted string literal: "com.fceumm.wrapper"
07-30 12:05:07.712  4878 10707 I Finsky:background: [204] Wrote row to frosting DB: 7526
07-30 12:05:07.730  1330 10709 I FontLog : (REDACTED) Package %s has no metadata
07-30 12:05:07.732  4878  4882 W ding:background: Reducing the number of considered missed Gc histogram windows from 288 to 100
07-30 12:05:07.821   761  3602 W HWUI    : Failed to choose config with EGL_SWAP_BEHAVIOR_PRESERVED, retrying without...
07-30 12:05:07.821   761  3602 W HWUI    : Failed to initialize 101010-2 format, error = EGL_SUCCESS
07-30 12:05:07.824   761  2067 V SafetySourceDataValidat: Package: com.android.vending has expected signature
07-30 12:05:07.824   761  2067 V SafetySourceDataValidat: Package: com.android.vending has expected signature
07-30 12:05:07.862  5489  5515 I Finsky  : [54] AIM: AppInfoManager-Perf > ItemModel > CacheSize=0, cacheHitCount=0, cacheMissCount=1, total appsWithNoServerDataCount=0. Missed  in cache (limit 10) : [com.fceumm.wrapper]
07-30 12:05:07.871  5489  5520 I Finsky  : [59] AIM: AppInfoManager-Perf > ItemModel > CacheSize=0, cacheHitCount=0, cacheMissCount=1, total appsWithNoServerDataCount=0. Missed  in cache (limit 10) : [com.fceumm.wrapper]
07-30 12:05:07.891  5489  5515 I Finsky  : [54] AIM: AppInfoManager-Perf > ItemModel > ItemStore Called 1 apps cacheOptions = USE_CACHE
07-30 12:05:07.892  5489  5520 I Finsky  : [59] AIM: AppInfoManager-Perf > ItemModel > ItemStore Called 1 apps cacheOptions = USE_CACHE
07-30 12:05:07.924  4878 10707 I Finsky:background: [204] Wrote row to frosting DB: 7527
07-30 12:05:07.924   761  3618 I system_server: AssetManager2(0x70c9536f9d58) locale list changing from [] to [en-US]
07-30 12:05:07.933  4878  4878 I Finsky:background: [2] Memory trim requested to level 40
07-30 12:05:07.933  1215  1223 W id.ext.services: Reducing the number of considered missed Gc histogram windows from 114 to 100
07-30 12:05:07.969   761  3618 W SignedPackage: Cannot get ApplicationInfo for package: com.google.android.devicelockcontroller
07-30 12:05:07.992  5489  5530 I Finsky  : [67] ItemStore: Not cached: com.fceumm.wrapper
07-30 12:05:07.993  4878 10707 I Finsky:background: [204] Wrote row to frosting DB: 7528
07-30 12:05:07.996  5489  5520 I Finsky  : [59] AIM: ItemModel fetch - unauth(1), auth()
07-30 12:05:07.998  5489  5525 I Finsky  : [64] ItemStore: Not cached: com.fceumm.wrapper
07-30 12:05:08.002  5489  5515 I Finsky  : [54] AIM: ItemModel fetch - unauth(1), auth()
07-30 12:05:08.016  5651  5873 I Icing   : IndexChimeraService.getServiceInterface callingPackage=com.google.android.gms componentName=AppsCorpus serviceId=36
07-30 12:05:08.069  5651  5651 D BoundBrokerSvc: onBind: Intent { act=com.google.android.gms.feedback.internal.IFeedbackService dat=chimera-action:/... xflg=0x4 cmp=com.google.android.gms/.chimera.GmsBoundBrokerService }
07-30 12:05:08.069  5651  5651 D BoundBrokerSvc: Loading bound service for intent: Intent { act=com.google.android.gms.feedback.internal.IFeedbackService dat=chimera-action:/... xflg=0x4 cmp=com.google.android.gms/.chimera.GmsBoundBrokerService }
07-30 12:05:08.097  5489  5489 I Finsky  : [2] Memory trim requested to level 40
07-30 12:05:08.097  5489  5489 I Finsky  : [2] Flushing in-memory image cache
07-30 12:05:08.227   761   986 D BackgroundInstallControlService: Package event received: 0
07-30 12:05:08.338  2266  2560 I WM-WorkerWrapper: Worker result SUCCESS for Work [ id=f1daddae-0429-461c-b3fc-519f2abdc1e5, tags={ com.google.apps.tiktok.contrib.work.TikTokListenableWorker,TikTokWorker#com.google.android.apps.wellbeing.fences.FenceRecovery } ]
07-30 12:05:08.342  5651  5756 I gle.android.gms: AssetManager2(0x70c9536329d8) locale list changing from [] to [en-US]
07-30 12:05:08.343  5651  5655 W gle.android.gms: Reducing the number of considered missed Gc histogram windows from 147 to 100
07-30 12:05:08.357   761   802 I system_server: AssetManager2(0x70c9536f9a38) locale list changing from [] to [en-US]
07-30 12:05:08.358  5489  5530 I Finsky  : [67] SCH: Scheduling phonesky job Id: 12-1, CT: 1753891507025, Constraints: [{ L: 15000, D: 86400000, C: CHARGING_NONE, I: IDLE_NONE, N: NET_ANY, B: BATTERY_ANY }]
07-30 12:05:08.393  5489  5520 I Finsky  : [59] SCH: Scheduling 1 system job(s)
07-30 12:05:08.394  5489  5520 I Finsky  : [59] SCH: Scheduling system job Id: 9464, L: 13632, D: 49776706, C: false, I: false, N: 1
07-30 12:05:08.417  5651  5873 I Icing   : IndexChimeraService.getServiceInterface callingPackage=com.google.android.gms componentName=null serviceId=30
07-30 12:05:08.432   761   802 I system_server: AssetManager2(0x70c9536feb78) locale list changing from [] to [en-US]
07-30 12:05:08.437  5651  5756 I Icing   : Usage reports ok 1, Failed Usage reports 0, indexed 0, rejected 0
07-30 12:05:08.544   761   802 I system_server: AssetManager2(0x70c9536facf8) locale list changing from [] to [en-US]
07-30 12:05:08.552  5581  5611 W adrz    : Abort, client detached.
07-30 12:05:08.560  5581  5611 W adrz    : Abort, client detached.
07-30 12:05:08.570  5489  5530 I Finsky  : [67] SCH: Scheduling phonesky job Id: 12-1, CT: 1753891507330, Constraints: [{ L: 15000, D: 86400000, C: CHARGING_NONE, I: IDLE_NONE, N: NET_ANY, B: BATTERY_ANY }]
07-30 12:05:08.572  5489  5513 I Finsky  : [52] [ContentSync] finished, scheduled=true
07-30 12:05:08.572  5581  5611 W adrz    : Abort, client detached.
07-30 12:05:08.591  5489  5515 I Finsky  : [54] SCH: Scheduling 0 system job(s)
07-30 12:05:08.594  5489  5515 I Finsky  : [54] [ContentSync] finished, scheduled=true
07-30 12:05:08.647  7507  7507 W TimedProcessReaper: Memory state is: 400
07-30 12:05:08.658  5581  5581 W TimedProcessReaper: Memory state is: 400
07-30 12:05:08.668  5651  5756 I Icing   : Usage reports ok 0, Failed Usage reports 0, indexed 0, rejected 0
07-30 12:05:08.672  7507  7507 W TimedProcessReaper: onTrimMemory=40. Killing process to refresh configuration
07-30 12:05:08.673  7507  7507 I Process : Sending signal. PID: 7507 SIG: 9
07-30 12:05:08.674  5581  5581 W TimedProcessReaper: onTrimMemory=40. Killing process to refresh configuration
07-30 12:05:08.674  5581  5581 I Process : Sending signal. PID: 5581 SIG: 9
07-30 12:05:08.737  5489  5493 W android.vending: Reducing the number of considered missed Gc histogram windows from 286 to 100
07-30 12:05:08.763  5651  5756 I Icing   : Indexing com.google.android.gms-apps from com.google.android.gms
07-30 12:05:08.766  5489  5530 E Finsky  : [67] ItemStore: getItems RPC failed for item com.fceumm.wrapper
07-30 12:05:08.773   761  2057 I ActivityManager: Process com.google.android.googlequicksearchbox:googleapp (pid 7507) has died: cch+5 CEM 
07-30 12:05:08.774   761   805 I libprocessgroup: Removed cgroup /sys/fs/cgroup/apps/uid_10149/pid_7507
07-30 12:05:08.774   761  2070 E AppOps  : Bad call made by uid 1000. Package "com.google.android.googlequicksearchbox" does not belong to uid 1000.
07-30 12:05:08.777   520   520 I Zygote  : Process 7507 exited due to signal 9 (Killed)
07-30 12:05:08.784   761  2057 W ActivityManager: Scheduling restart of crashed service com.google.android.googlequicksearchbox/com.google.android.libraries.search.integrations.tiktok.RemoteWorkerService_googleapp in 1000ms for connection
07-30 12:05:08.791   761  2070 W BinderNative: Uncaught exception from death notification
07-30 12:05:08.791   761  2070 W BinderNative: java.lang.SecurityException: Specified package "com.google.android.googlequicksearchbox" under uid 1000 but it is not
07-30 12:05:08.791   761  2070 W BinderNative: 	at com.android.server.appop.AppOpsService.verifyAndGetBypass(AppOpsService.java:5036)
07-30 12:05:08.791   761  2070 W BinderNative: 	at com.android.server.appop.AppOpsService.verifyAndGetBypass(AppOpsService.java:4881)
07-30 12:05:08.791   761  2070 W BinderNative: 	at com.android.server.appop.AppOpsService.verifyAndGetBypass(AppOpsService.java:4873)
07-30 12:05:08.791   761  2070 W BinderNative: 	at com.android.server.appop.AppOpsService.stopWatchingAsyncNoted(AppOpsService.java:3815)
07-30 12:05:08.791   761  2070 W BinderNative: 	at com.android.server.appop.AppOpsService.lambda$startWatchingAsyncNoted$8(AppOpsService.java:3791)
07-30 12:05:08.791   761  2070 W BinderNative: 	at com.android.server.appop.AppOpsService.$r8$lambda$8-LvphSu5hQo1Pm8R22O3seI00E(AppOpsService.java:0)
07-30 12:05:08.791   761  2070 W BinderNative: 	at com.android.server.appop.AppOpsService$$ExternalSyntheticLambda1.onInterfaceDied(R8$$SyntheticClass:0)
07-30 12:05:08.791   761  2070 W BinderNative: 	at android.os.RemoteCallbackList$Builder$1.onCallbackDied(RemoteCallbackList.java:337)
07-30 12:05:08.791   761  2070 W BinderNative: 	at android.os.RemoteCallbackList$Interface.binderDied(RemoteCallbackList.java:229)
07-30 12:05:08.791   761  2070 W BinderNative: 	at android.os.IBinder$DeathRecipient.binderDied(IBinder.java:340)
07-30 12:05:08.791   761  2070 W BinderNative: 	at android.os.BinderProxy.sendDeathNotice(BinderProxy.java:780)
07-30 12:05:08.800  5651  5756 I Icing   : Indexing done com.google.android.gms-apps
07-30 12:05:08.815  5489  5520 E Finsky  : [59] ItemStore: getItems RPC failed for item com.fceumm.wrapper
07-30 12:05:08.853  2266  2273 W .apps.wellbeing: Reducing the number of considered missed Gc histogram windows from 288 to 100
07-30 12:05:08.916   761  2057 I ActivityManager: Process com.google.android.googlequicksearchbox:search (pid 5581) has died: cch+5 CEM 
07-30 12:05:08.920   761  1805 E AppOps  : Bad call made by uid 1000. Package "com.google.android.googlequicksearchbox" does not belong to uid 1000.
07-30 12:05:08.920   761  1805 W BinderNative: Uncaught exception from death notification
07-30 12:05:08.920   761  1805 W BinderNative: java.lang.SecurityException: Specified package "com.google.android.googlequicksearchbox" under uid 1000 but it is not
07-30 12:05:08.920   761  1805 W BinderNative: 	at com.android.server.appop.AppOpsService.verifyAndGetBypass(AppOpsService.java:5036)
07-30 12:05:08.920   761  1805 W BinderNative: 	at com.android.server.appop.AppOpsService.verifyAndGetBypass(AppOpsService.java:4881)
07-30 12:05:08.920   761  1805 W BinderNative: 	at com.android.server.appop.AppOpsService.verifyAndGetBypass(AppOpsService.java:4873)
07-30 12:05:08.920   761  1805 W BinderNative: 	at com.android.server.appop.AppOpsService.stopWatchingAsyncNoted(AppOpsService.java:3815)
07-30 12:05:08.920   761  1805 W BinderNative: 	at com.android.server.appop.AppOpsService.lambda$startWatchingAsyncNoted$8(AppOpsService.java:3791)
07-30 12:05:08.920   761  1805 W BinderNative: 	at com.android.server.appop.AppOpsService.$r8$lambda$8-LvphSu5hQo1Pm8R22O3seI00E(AppOpsService.java:0)
07-30 12:05:08.920   761  1805 W BinderNative: 	at com.android.server.appop.AppOpsService$$ExternalSyntheticLambda1.onInterfaceDied(R8$$SyntheticClass:0)
07-30 12:05:08.920   761  1805 W BinderNative: 	at android.os.RemoteCallbackList$Builder$1.onCallbackDied(RemoteCallbackList.java:337)
07-30 12:05:08.920   761  1805 W BinderNative: 	at android.os.RemoteCallbackList$Interface.binderDied(RemoteCallbackList.java:229)
07-30 12:05:08.920   761  1805 W BinderNative: 	at android.os.IBinder$DeathRecipient.binderDied(IBinder.java:340)
07-30 12:05:08.920   761  1805 W BinderNative: 	at android.os.BinderProxy.sendDeathNotice(BinderProxy.java:780)
07-30 12:05:08.922   761   934 D ConnectivityService: releasing NetworkRequest [ REQUEST id=217, [ Capabilities: INTERNET&NOT_RESTRICTED&TRUSTED&NOT_VCN_MANAGED&NOT_BANDWIDTH_CONSTRAINED Uid: 10149 RequestorUid: 10149 RequestorPkg: com.google.android.googlequicksearchbox UnderlyingNetworks: Null] ] (release request)
07-30 12:05:08.926   520   520 I Zygote  : Process 5581 exited due to signal 9 (Killed)
07-30 12:05:08.927  1617  2096 I zkr     : processToken binder died, :search process likely died
07-30 12:05:08.930   761   805 I libprocessgroup: Removed cgroup /sys/fs/cgroup/apps/uid_10149/pid_5581
07-30 12:05:08.933   761   934 D ConnectivityService: releasing NetworkRequest [ REQUEST id=237, [ Capabilities: INTERNET&NOT_RESTRICTED&TRUSTED&NOT_VCN_MANAGED&NOT_BANDWIDTH_CONSTRAINED Uid: 10149 RequestorUid: 10149 RequestorPkg: com.google.android.googlequicksearchbox UnderlyingNetworks: Null] ] (release request)
07-30 12:05:08.937   761   934 D ConnectivityService: releasing NetworkRequest [ REQUEST id=239, [ Capabilities: INTERNET&NOT_RESTRICTED&TRUSTED&NOT_VCN_MANAGED&NOT_BANDWIDTH_CONSTRAINED Uid: 10149 RequestorUid: 10149 RequestorPkg: com.google.android.googlequicksearchbox UnderlyingNetworks: Null] ] (release request)
07-30 12:05:08.937   761   934 D ConnectivityService: releasing NetworkRequest [ REQUEST id=235, [ Capabilities: INTERNET&NOT_RESTRICTED&TRUSTED&NOT_VCN_MANAGED&NOT_BANDWIDTH_CONSTRAINED Uid: 10149 RequestorUid: 10149 RequestorPkg: com.google.android.googlequicksearchbox UnderlyingNetworks: Null] ] (release request)
07-30 12:05:09.155  2266  2560 I .apps.wellbeing: AssetManager2(0x70c953657b98) locale list changing from [] to [en-US]
07-30 12:05:09.176   761  2057 W ActivityTaskManager: callingPackage for (uid=2000, pid=10748) has no WPC
07-30 12:05:09.188   761  2057 V GrammaticalInflectionUtils: AttributionSource: android.content.AttributionSource@708e92a8 does not have READ_SYSTEM_GRAMMATICAL_GENDER permission.
07-30 12:05:09.189   761  2057 W OptProp : Cannot read opt property android.window.PROPERTY_COMPAT_ALLOW_USER_ASPECT_RATIO_OVERRIDE
07-30 12:05:09.189   761  2057 W OptProp : Cannot read opt property android.window.PROPERTY_COMPAT_ALLOW_USER_ASPECT_RATIO_FULLSCREEN_OVERRIDE
07-30 12:05:09.191   761  2057 W OptProp : Cannot read opt property android.window.PROPERTY_COMPAT_ALLOW_RESIZEABLE_ACTIVITY_OVERRIDES
07-30 12:05:09.192   761  2057 W OptProp : Cannot read opt property android.window.PROPERTY_COMPAT_ALLOW_MIN_ASPECT_RATIO_OVERRIDE
07-30 12:05:09.202   761  2057 W OptProp : Cannot read opt property android.window.PROPERTY_COMPAT_ALLOW_ORIENTATION_OVERRIDE
07-30 12:05:09.205   595   614 I BpBinder: onLastStrongRef automatically unlinking death recipients: 
07-30 12:05:09.226  1030  1127 I ndroid.systemui: AssetManager2(0x70c95364b078) locale list changing from [] to [en-US]
07-30 12:05:09.228   761  2057 I ActivityTaskManager: START u0 {flg=0x10000000 xflg=0x5 cmp=com.fceumm.wrapper/.MainActivity} with LAUNCH_MULTIPLE from uid 2000 (BAL_ALLOW_PERMISSION) result code=0
07-30 12:05:09.228  1030  1099 V WindowManagerShell: Transition requested (#77): android.os.BinderProxy@3cbe8 TransitionRequestInfo { type = OPEN, triggerTask = TaskInfo{userId=0 taskId=652 effectiveUid=10240 displayId=0 isRunning=true baseIntent=Intent { flg=0x10000000 cmp=com.fceumm.wrapper/.MainActivity } baseActivity=ComponentInfo{com.fceumm.wrapper/com.fceumm.wrapper.MainActivity} topActivity=ComponentInfo{com.fceumm.wrapper/com.fceumm.wrapper.MainActivity} origActivity=null realActivity=ComponentInfo{com.fceumm.wrapper/com.fceumm.wrapper.MainActivity} numActivities=1 lastActiveTime=36241683 supportsMultiWindow=true resizeMode=1 isResizeable=true minWidth=-1 minHeight=-1 defaultMinSize=220 token=WCT{android.window.IWindowContainerToken$Stub$Proxy@72eb201} topActivityType=1 pictureInPictureParams=null shouldDockBigOverlays=false launchIntoPipHostTaskId=-1 lastParentTaskIdBeforePip=-1 displayCutoutSafeInsets=Rect(0, 0 - 0, 0) topActivityInfo=ActivityInfo{6e448a6 com.fceumm.wrapper.MainActivity} launchCookies=[] positionInParent=Point(0, 0) parentTaskId=-1 isFocused=false isVisible=false isVisibleRequested=false isTopActivityNoDisplay=false isSleeping=false locusId=null displayAreaFeatureId=1 isTopActivityTransparent=false isActivityStackTransparent=false lastNonFullscreenBounds=Rect(284, 660 - 796, 1740) capturedLink=null capturedLinkTimestamp=0 requestedVisibleTypes=-9 topActivityRequestOpenInBrowserEducationTimestamp=0 appCompatTaskInfo=AppCompatTaskInfo { topActivityInSizeCompat=false eligibleForLetterboxEducation= false isLetterboxEducationEnabled= true isLetterboxDoubleTapEnabled= false eligibleForUserAspectRatioButton= false topActivityBoundsLetterboxed= false isFromLetterboxDoubleTap= false topActivityLetterboxVerticalPosition= -1 topActivityLetterboxHorizontalPosition= -1 topActivityLetterboxWidth=-1 topActivityLetterboxHeight=-1 topActivityAppBounds=Rect(0, 0 - 1080, 2337) isUserFullscreenOverrideEnabled=false isSystemFullscreenOverrideEnabled=false hasMinAspectRatioOverride=false topActivityLetterboxBounds=null cameraCompatTaskInfo=CameraCompatTaskInfo { freeformCameraCompatMode=inactive}} topActivityMainWindowFrame=null}, pipChange = null, remoteTransition = null, displayChange = null, flags = 0, debugId = 77 }
07-30 12:05:09.230  1030  1099 D ShellSplitScreen: logExit: no-op, mLoggerSessionId is null
07-30 12:05:09.237  1194  1194 W SplitSelectStateCtor: Missing session instanceIds
07-30 12:05:09.237  1194  1194 D StatsLog: LAUNCHER_SPLIT_SELECTION_EXIT_INTERRUPTED
07-30 12:05:09.238  1030  1099 D WindowManagerShell: setLauncherKeepClearAreaHeight: visible=false, height=527
07-30 12:05:09.244   595   595 I BpBinder: onLastStrongRef automatically unlinking death recipients: 
07-30 12:05:09.250  2266  2560 I .apps.wellbeing: AssetManager2(0x70c9536539f8) locale list changing from [] to [en-US]
07-30 12:05:09.251   761   797 V GrammaticalInflectionUtils: AttributionSource: android.content.AttributionSource@708e92a8 does not have READ_SYSTEM_GRAMMATICAL_GENDER permission.
07-30 12:05:09.261  1030  1128 W HWUI    : Image decoding logging dropped!
07-30 12:05:09.262   761   986 D BackgroundInstallControlService: Package event received: 0
07-30 12:05:09.273   761  1802 D CoreBackPreview: Window{feeff9f u0 Splash Screen com.fceumm.wrapper}: Setting back callback OnBackInvokedCallbackInfo{mCallback=android.window.IOnBackInvokedCallback$Stub$Proxy@34694b5, mPriority=0, mIsAnimationCallback=false, mOverrideBehavior=0}
07-30 12:05:09.273   520   520 D Zygote  : Forked child process 10751
07-30 12:05:09.289  2266  2560 I .apps.wellbeing: AssetManager2(0x70c953649778) locale list changing from [] to [en-US]
07-30 12:05:09.290   761   804 I ActivityManager: Start proc 10751:com.fceumm.wrapper/u0a240 for next-top-activity {com.fceumm.wrapper/com.fceumm.wrapper.MainActivity}
07-30 12:05:09.297   761   804 I ActivityManager: ProcessObserver broadcast disabled
07-30 12:05:09.320  2266  2560 I .apps.wellbeing: AssetManager2(0x70c95363a098) locale list changing from [] to [en-US]
07-30 12:05:09.330  2266  2560 I .apps.wellbeing: AssetManager2(0x70c953652418) locale list changing from [] to [en-US]
07-30 12:05:09.350  2266  2560 I .apps.wellbeing: AssetManager2(0x70c953654678) locale list changing from [] to [en-US]
07-30 12:05:09.380  2266  2560 I .apps.wellbeing: AssetManager2(0x70c95362bc78) locale list changing from [] to [en-US]
07-30 12:05:09.390  2266  2560 I .apps.wellbeing: AssetManager2(0x70c953654038) locale list changing from [] to [en-US]
07-30 12:05:09.400   761   794 V WindowManager: Sent Transition (#77) createdAt=07-30 12:05:09.193 via request=TransitionRequestInfo { type = OPEN, triggerTask = TaskInfo{userId=0 taskId=652 effectiveUid=10240 displayId=0 isRunning=true baseIntent=Intent { flg=0x10000000 cmp=com.fceumm.wrapper/.MainActivity } baseActivity=ComponentInfo{com.fceumm.wrapper/com.fceumm.wrapper.MainActivity} topActivity=ComponentInfo{com.fceumm.wrapper/com.fceumm.wrapper.MainActivity} origActivity=null realActivity=ComponentInfo{com.fceumm.wrapper/com.fceumm.wrapper.MainActivity} numActivities=1 lastActiveTime=36241683 supportsMultiWindow=true resizeMode=1 isResizeable=true minWidth=-1 minHeight=-1 defaultMinSize=220 token=WCT{RemoteToken{418c731 Task{8502fd #652 type=standard A=10240:com.fceumm.wrapper}}} topActivityType=1 pictureInPictureParams=null shouldDockBigOverlays=false launchIntoPipHostTaskId=-1 lastParentTaskIdBeforePip=-1 displayCutoutSafeInsets=Rect(0, 0 - 0, 0) topActivityInfo=ActivityInfo{1bdf984 com.fceumm.wrapper.MainActivity} launchCookies=[] positionInParent=Point(0, 0) parentTaskId=-1 isFocused=false isVisible=false isVisibleRequested=false isTopActivityNoDisplay=false isSleeping=false locusId=null displayAreaFeatureId=1 isTopActivityTransparent=false isActivityStackTransparent=false lastNonFullscreenBounds=Rect(284, 660 - 796, 1740) capturedLink=null capturedLinkTimestamp=0 requestedVisibleTypes=-9 topActivityRequestOpenInBrowserEducationTimestamp=0 appCompatTaskInfo=AppCompatTaskInfo { topActivityInSizeCompat=false eligibleForLetterboxEducation= false isLetterboxEducationEnabled= true isLetterboxDoubleTapEnabled= false eligibleForUserAspectRatioButton= false topActivityBoundsLetterboxed= false isFromLetterboxDoubleTap= false topActivityLetterboxVerticalPosition= -1 topActivityLetterboxHorizontalPosition= -1 topActivityLetterboxWidth=-1 topActivityLetterboxHeight=-1 topActivityAppBounds=Rect(0, 0 - 1080, 2337) isUserFullscreenOverrideEnabled=false isSystemFullscreenOverrideEnabled=false hasMinAspectRatioOverride=false topActivityLetterboxBounds=null cameraCompatTaskInfo=CameraCompatTaskInfo { freeformCameraCompatMode=inactive}} topActivityMainWindowFrame=null}, pipChange = null, remoteTransition = null, displayChange = null, flags = 0, debugId = 77 }
07-30 12:05:09.400   761   794 V WindowManager:     startWCT=WindowContainerTransaction { changes= {} hops= [] errorCallbackToken=null taskFragmentOrganizer=null }
07-30 12:05:09.401   761   794 V WindowManager:     info={id=77 t=OPEN f=0x0 trk=0 r=[0@Point(0, 0)] c=[
07-30 12:05:09.401   761   794 V WindowManager:         {WCT{RemoteToken{418c731 Task{8502fd #652 type=standard A=10240:com.fceumm.wrapper}}} m=OPEN f=NONE leash=Surface(name=Task=652)/@0x5cdf6bb sb=Rect(0, 0 - 1080, 2400) eb=Rect(0, 0 - 1080, 2400) epz=Point(1080, 2400) d=0 taskParent=-1},
07-30 12:05:09.401   761   794 V WindowManager:         {WCT{RemoteToken{6374733 Task{e51d461 #1 type=home}}} m=TO_BACK f=SHOW_WALLPAPER leash=Surface(name=Task=1)/@0xef92ec3 sb=Rect(0, 0 - 1080, 2400) eb=Rect(0, 0 - 1080, 2400) epz=Point(1080, 2400) d=0 taskParent=-1},
07-30 12:05:09.401   761   794 V WindowManager:         {m=TO_BACK f=IS_WALLPAPER leash=Surface(name=WallpaperWindowToken{d296507 showWhenLocked=false})/@0xf585d5b sb=Rect(0, 0 - 1080, 2400) eb=Rect(0, 0 - 1080, 2400) epz=Point(1080, 2400) d=0}
07-30 12:05:09.401   761   794 V WindowManager:     ]}
07-30 12:05:09.403  1030  2728 V WindowManagerShell: onTransitionReady(transaction=3268470115870)
07-30 12:05:09.410  1030  1099 V WindowManagerShell: onTransitionReady (#77) android.os.BinderProxy@3cbe8: {id=77 t=OPEN f=0x0 trk=0 r=[0@Point(0, 0)] c=[
07-30 12:05:09.410  1030  1099 V WindowManagerShell:         {m=OPEN f=NONE leash=Surface(name=Task=652)/@0x48acb2e sb=Rect(0, 0 - 1080, 2400) eb=Rect(0, 0 - 1080, 2400) epz=Point(1080, 2400) d=0 taskParent=-1},
07-30 12:05:09.410  1030  1099 V WindowManagerShell:         {m=TO_BACK f=SHOW_WALLPAPER leash=Surface(name=Task=1)/@0xc94b6cf sb=Rect(0, 0 - 1080, 2400) eb=Rect(0, 0 - 1080, 2400) epz=Point(1080, 2400) d=0 taskParent=-1},
07-30 12:05:09.410  1030  1099 V WindowManagerShell:         {m=TO_BACK f=IS_WALLPAPER leash=Surface(name=WallpaperWindowToken{d296507 showWhenLocked=false})/@0xe1f185c sb=Rect(0, 0 - 1080, 2400) eb=Rect(0, 0 - 1080, 2400) epz=Point(1080, 2400) d=0}
07-30 12:05:09.410  1030  1099 V WindowManagerShell:     ]}
07-30 12:05:09.412  1030  1099 V WindowManagerShell: Playing animation for (#77) android.os.BinderProxy@3cbe8@0
07-30 12:05:09.413  1030  1099 V ShellRecents: RecentsTransitionHandler.startAnimation: no controller found
07-30 12:05:09.413  1030  1099 V WindowManagerShell: Transition doesn't have explicit remote, search filters for match for {id=77 t=OPEN f=0x0 trk=0 r=[0@Point(0, 0)] c=[{m=OPEN f=NONE leash=Surface(name=Task=652)/@0x48acb2e sb=Rect(0, 0 - 1080, 2400) eb=Rect(0, 0 - 1080, 2400) epz=Point(1080, 2400) d=0 taskParent=-1},{m=TO_BACK f=SHOW_WALLPAPER leash=Surface(name=Task=1)/@0xc94b6cf sb=Rect(0, 0 - 1080, 2400) eb=Rect(0, 0 - 1080, 2400) epz=Point(1080, 2400) d=0 taskParent=-1},{m=TO_BACK f=IS_WALLPAPER leash=Surface(name=WallpaperWindowToken{d296507 showWhenLocked=false})/@0xe1f185c sb=Rect(0, 0 - 1080, 2400) eb=Rect(0, 0 - 1080, 2400) epz=Point(1080, 2400) d=0}]}
07-30 12:05:09.413  1030  1099 V WindowManagerShell:  Checking filter Pair{{types=[] flags=0x0] notFlags=0x0 checks=[{atype=undefined independent=true modes=[CLOSE,TO_BACK] flags=IN_TASK_WITH_EMBEDDED_ACTIVITY mustBeTask=false order=ANY topActivity=null launchCookie=null taskFragmentToken=android.os.BinderProxy@44522b9 windowingMode=undefined}]} RemoteTransition { remoteTransition = android.window.IRemoteTransition$Stub$Proxy@61a56fe, appThread = android.app.IApplicationThread$Stub$Proxy@62c9e5f, debugName = overlayBackTransition }}
07-30 12:05:09.414  1030  1099 V WindowManagerShell:  Checking filter Pair{{types=[] flags=0x0] notFlags=0x0 checks=[{atype=dream independent=true modes=[OPEN,TO_FRONT] flags=NONE mustBeTask=false order=ANY topActivity=null launchCookie=null windowingMode=undefined},{atype=home independent=true modes=[CLOSE,TO_BACK] flags=NONE mustBeTask=false order=ANY topActivity=null launchCookie=null windowingMode=undefined}]} RemoteTransition { remoteTransition = android.window.IRemoteTransition$Stub$Proxy@5ba90ac, appThread = android.app.IApplicationThread$Stub$Proxy@98c3175, debugName = LauncherToDream }}
07-30 12:05:09.414  1030  1099 V WindowManagerShell:  Checking filter Pair{{types=[] flags=0x0] notFlags=0x100 checks=[{atype=home independent=true modes=[OPEN,TO_FRONT] flags=NONE mustBeTask=false order=TOP topActivity=ComponentInfo{com.google.android.apps.nexuslauncher/com.google.android.apps.nexuslauncher.NexusLauncherActivity} launchCookie=null windowingMode=undefined},{atype=standard independent=true modes=[CLOSE,TO_BACK] flags=NONE mustBeTask=false order=ANY topActivity=null launchCookie=null windowingMode=undefined},{NOT atype=undefined independent=true modes=[] flags=NONE mustBeTask=true order=ANY topActivity=null launchCookie=null customAnim=true windowingMode=undefined}]} RemoteTransition { remoteTransition = android.window.IRemoteTransition$Stub$Proxy@d40e50a, appThread = android.app.IApplicationThread$Stub$Proxy@a26c17b, debugName = QuickstepLaunchHome }}
07-30 12:05:09.414  1030  1099 V WindowManagerShell:  Delegate animation for (#77) to null
07-30 12:05:09.414  1030  1099 V WindowManagerShell: start default transition animation, info = {id=77 t=OPEN f=0x0 trk=0 r=[0@Point(0, 0)] c=[{m=OPEN f=NONE leash=Surface(name=Task=652)/@0x48acb2e sb=Rect(0, 0 - 1080, 2400) eb=Rect(0, 0 - 1080, 2400) epz=Point(1080, 2400) d=0 taskParent=-1},{m=TO_BACK f=SHOW_WALLPAPER leash=Surface(name=Task=1)/@0xc94b6cf sb=Rect(0, 0 - 1080, 2400) eb=Rect(0, 0 - 1080, 2400) epz=Point(1080, 2400) d=0 taskParent=-1},{m=TO_BACK f=IS_WALLPAPER leash=Surface(name=WallpaperWindowToken{d296507 showWhenLocked=false})/@0xe1f185c sb=Rect(0, 0 - 1080, 2400) eb=Rect(0, 0 - 1080, 2400) epz=Point(1080, 2400) d=0}]}
07-30 12:05:09.419  1030  1099 V WindowManagerShell: loadAnimation: anim=android.view.animation.AnimationSet@db35e48 animAttr=0x13 type=OPEN isEntrance=false
07-30 12:05:09.419 10751 10751 I .fceumm.wrapper: Late-enabling -Xcheck:jni
07-30 12:05:09.432  1030  1099 V WindowManagerShell: loadAnimation: anim=android.view.animation.AnimationSet@7a79263 animAttr=0x12 type=OPEN isEntrance=true
07-30 12:05:09.432  2266  2560 I .apps.wellbeing: AssetManager2(0x70c9536329d8) locale list changing from [] to [en-US]
07-30 12:05:09.433  1030  1099 V WindowManagerShell:  animated by com.android.wm.shell.transition.DefaultTransitionHandler@39c9f4b
07-30 12:05:09.453  2266  2560 I .apps.wellbeing: AssetManager2(0x70c95364e598) locale list changing from [] to [en-US]
07-30 12:05:09.470  2266  2560 I .apps.wellbeing: AssetManager2(0x70c9536358b8) locale list changing from [] to [en-US]
07-30 12:05:09.485 10751 10751 I .fceumm.wrapper: Using CollectorTypeCMC GC.
07-30 12:05:09.490 10751 10751 W .fceumm.wrapper: Unexpected CPU variant for x86: x86_64.
07-30 12:05:09.490 10751 10751 W .fceumm.wrapper: Known variants: atom, sandybridge, silvermont, goldmont, goldmont-plus, goldmont-without-sha-xsaves, tremont, kabylake, alderlake, default
07-30 12:05:09.515  2266  2560 I .apps.wellbeing: AssetManager2(0x70c953630db8) locale list changing from [] to [en-US]
07-30 12:05:09.526  2266  2560 I .apps.wellbeing: AssetManager2(0x70c95364c018) locale list changing from [] to [en-US]
07-30 12:05:09.545  2266  2560 I .apps.wellbeing: AssetManager2(0x70c95364f538) locale list changing from [] to [en-US]
07-30 12:05:09.558   603   622 I adbd    : jdwp connection from 10751
07-30 12:05:09.568  2266  2560 I .apps.wellbeing: AssetManager2(0x70c953634918) locale list changing from [] to [en-US]
07-30 12:05:09.590  2266  2560 I .apps.wellbeing: AssetManager2(0x70c95364e8b8) locale list changing from [] to [en-US]
07-30 12:05:09.669 10751 10751 D nativeloader: Load libframework-connectivity-tiramisu-jni.so using APEX ns com_android_tethering for caller /apex/com.android.tethering/javalib/framework-connectivity-t.jar: ok
07-30 12:05:09.727  1030  1099 V WindowManagerShell: Transition animation finished (aborted=false), notifying core (#77) android.os.BinderProxy@3cbe8@0
07-30 12:05:09.731   761   794 V WindowManager: Finish Transition (#77): created at 07-30 12:05:09.193 collect-started=0.225ms request-sent=33.461ms started=44.137ms ready=202.325ms sent=205.19ms commit=43.101ms finished=535.95ms
07-30 12:05:09.736  1194  1194 D VRI[NexusLauncherActivity]: visibilityChanged oldVisibility=true newVisibility=false
07-30 12:05:09.738  1030  1099 V WindowManagerShell: Track 0 became idle
07-30 12:05:09.738  1030  1099 V WindowManagerShell: All active transition animations finished
07-30 12:05:09.759  1194  1194 D NexusLauncherModelDelegate: notifySmartspaceEvent: SmartspaceTargetEvent{mSmartspaceTarget=null, mSmartspaceActionId='null', mEventType=7}
07-30 12:05:09.773  2266  2560 I .apps.wellbeing: AssetManager2(0x70c953635ef8) locale list changing from [] to [en-US]
07-30 12:05:09.811   761   986 D BackgroundInstallControlService: Package event received: 0
07-30 12:05:09.820  2266  2560 I .apps.wellbeing: AssetManager2(0x70c953636e98) locale list changing from [] to [en-US]
07-30 12:05:09.829  2266  2560 I .apps.wellbeing: AssetManager2(0x70c95364b6b8) locale list changing from [] to [en-US]
07-30 12:05:09.837 10751 10751 I ActivityThread: Relaunch all activities: onCoreSettingsChange
07-30 12:05:09.853 10751 10751 D CompatChangeReporter: Compat change id reported: 242716250; UID 10240; state: ENABLED
07-30 12:05:09.853  2266  2560 I .apps.wellbeing: AssetManager2(0x70c953651dd8) locale list changing from [] to [en-US]
07-30 12:05:09.893  2266  2560 I .apps.wellbeing: AssetManager2(0x70c95362a378) locale list changing from [] to [en-US]
