07-30 12:05:12.418   761  2049 E AppOps  : attributionTag  not declared in manifest of com.fceumm.wrapper
07-30 12:05:12.437   761  1802 E AppOps  : attributionTag  not declared in manifest of com.fceumm.wrapper
07-30 12:05:12.438  2266  2560 I .apps.wellbeing: AssetManager2(0x70c953635bd8) locale list changing from [] to [en-US]
07-30 12:05:12.439   761  2049 E AppOps  : attributionTag  not declared in manifest of com.fceumm.wrapper
07-30 12:05:12.442 10751 10777 D .fceumm.wrapper: PlayerBase::stop() from IPlayer
07-30 12:05:12.442 10751 10777 D AudioTrack: stop(31): called with 799 frames delivered
07-30 12:05:12.444   761  2049 E AppOps  : attributionTag  not declared in manifest of com.fceumm.wrapper
07-30 12:05:12.447   761  2049 E AppOps  : attributionTag  not declared in manifest of com.fceumm.wrapper
07-30 12:05:12.463  2266  2560 I .apps.wellbeing: AssetManager2(0x70c953647838) locale list changing from [] to [en-US]
07-30 12:05:12.464   761  1802 E AppOps  : attributionTag  not declared in manifest of com.fceumm.wrapper
07-30 12:05:12.468   761  2059 E AppOps  : attributionTag  not declared in manifest of com.fceumm.wrapper
07-30 12:05:12.474 10751 10777 D .fceumm.wrapper: PlayerBase::stop() from IPlayer
07-30 12:05:12.475 10751 10777 D AudioTrack: stop(31): called with 799 frames delivered
07-30 12:05:12.477   761  2059 E AppOps  : attributionTag  not declared in manifest of com.fceumm.wrapper
07-30 12:05:12.489  2266  2560 I .apps.wellbeing: AssetManager2(0x70c953632078) locale list changing from [] to [en-US]
07-30 12:05:12.489   761  1802 E AppOps  : attributionTag  not declared in manifest of com.fceumm.wrapper
07-30 12:05:12.494   761  2059 E AppOps  : attributionTag  not declared in manifest of com.fceumm.wrapper
07-30 12:05:12.494   761  2059 E AppOps  : attributionTag  not declared in manifest of com.fceumm.wrapper
07-30 12:05:12.498 10751 10777 D .fceumm.wrapper: PlayerBase::stop() from IPlayer
07-30 12:05:12.498 10751 10777 D AudioTrack: stop(31): called with 798 frames delivered
07-30 12:05:12.501   761  2057 E AppOps  : attributionTag  not declared in manifest of com.fceumm.wrapper
07-30 12:05:12.501   761  2049 E AppOps  : attributionTag  not declared in manifest of com.fceumm.wrapper
07-30 12:05:12.508  2266  2560 I .apps.wellbeing: AssetManager2(0x70c95362f4b8) locale list changing from [] to [en-US]
07-30 12:05:12.525   761  2059 E AppOps  : attributionTag  not declared in manifest of com.fceumm.wrapper
07-30 12:05:12.526   761  2059 E AppOps  : attributionTag  not declared in manifest of com.fceumm.wrapper
07-30 12:05:12.525  2266  2560 I .apps.wellbeing: AssetManager2(0x70c9536507f8) locale list changing from [] to [en-US]
07-30 12:05:12.527 10751 10777 D .fceumm.wrapper: PlayerBase::stop() from IPlayer
07-30 12:05:12.527 10751 10777 D AudioTrack: stop(31): called with 799 frames delivered
07-30 12:05:12.530  2266  2560 I .apps.wellbeing: AssetManager2(0x70c95364fe98) locale list changing from [] to [en-US]
07-30 12:05:12.534   761  2067 E AppOps  : attributionTag  not declared in manifest of com.fceumm.wrapper
07-30 12:05:12.535   761  2067 E AppOps  : attributionTag  not declared in manifest of com.fceumm.wrapper
07-30 12:05:12.546  2266  2560 I .apps.wellbeing: AssetManager2(0x70c95362c2b8) locale list changing from [] to [en-US]
07-30 12:05:12.551   761  2049 E AppOps  : attributionTag  not declared in manifest of com.fceumm.wrapper
07-30 12:05:12.554   761  2049 E AppOps  : attributionTag  not declared in manifest of com.fceumm.wrapper
07-30 12:05:12.557 10751 10777 D .fceumm.wrapper: PlayerBase::stop() from IPlayer
07-30 12:05:12.557 10751 10777 D AudioTrack: stop(31): called with 799 frames delivered
07-30 12:05:12.557   761  2067 E AppOps  : attributionTag  not declared in manifest of com.fceumm.wrapper
07-30 12:05:12.560   761  2067 E AppOps  : attributionTag  not declared in manifest of com.fceumm.wrapper
07-30 12:05:12.562  2266  2560 I .apps.wellbeing: AssetManager2(0x70c953648af8) locale list changing from [] to [en-US]
07-30 12:05:12.576   761  2049 E AppOps  : attributionTag  not declared in manifest of com.fceumm.wrapper
07-30 12:05:12.578   761  2049 E AppOps  : attributionTag  not declared in manifest of com.fceumm.wrapper
07-30 12:05:12.580 10751 10777 D .fceumm.wrapper: PlayerBase::stop() from IPlayer
07-30 12:05:12.581 10751 10777 D AudioTrack: stop(31): called with 798 frames delivered
07-30 12:05:12.581   761  2067 E AppOps  : attributionTag  not declared in manifest of com.fceumm.wrapper
07-30 12:05:12.584   761  2049 E AppOps  : attributionTag  not declared in manifest of com.fceumm.wrapper
07-30 12:05:12.591  2266  2560 I .apps.wellbeing: AssetManager2(0x70c953649458) locale list changing from [] to [en-US]
07-30 12:05:12.597  2266  2560 I .apps.wellbeing: AssetManager2(0x70c953642a18) locale list changing from [] to [en-US]
07-30 12:05:12.602   761  2067 E AppOps  : attributionTag  not declared in manifest of com.fceumm.wrapper
07-30 12:05:12.606   761  2067 E AppOps  : attributionTag  not declared in manifest of com.fceumm.wrapper
07-30 12:05:12.609 10751 10777 D .fceumm.wrapper: PlayerBase::stop() from IPlayer
07-30 12:05:12.609 10751 10777 D AudioTrack: stop(31): called with 799 frames delivered
07-30 12:05:12.610  2266  2560 I .apps.wellbeing: AssetManager2(0x70c953644638) locale list changing from [] to [en-US]
07-30 12:05:12.610   761  2067 E AppOps  : attributionTag  not declared in manifest of com.fceumm.wrapper
07-30 12:05:12.611   761  2067 E AppOps  : attributionTag  not declared in manifest of com.fceumm.wrapper
07-30 12:05:12.615  2266  2560 I .apps.wellbeing: AssetManager2(0x70c95362b638) locale list changing from [] to [en-US]
07-30 12:05:12.629   761  2049 E AppOps  : attributionTag  not declared in manifest of com.fceumm.wrapper
07-30 12:05:12.633   761  2049 E AppOps  : attributionTag  not declared in manifest of com.fceumm.wrapper
07-30 12:05:12.636 10751 10777 D .fceumm.wrapper: PlayerBase::stop() from IPlayer
07-30 12:05:12.637 10751 10777 D AudioTrack: stop(31): called with 799 frames delivered
07-30 12:05:12.640   761  2049 E AppOps  : attributionTag  not declared in manifest of com.fceumm.wrapper
07-30 12:05:12.640  2266  2560 I .apps.wellbeing: AssetManager2(0x70c953643cd8) locale list changing from [] to [en-US]
07-30 12:05:12.645   761  2049 E AppOps  : attributionTag  not declared in manifest of com.fceumm.wrapper
07-30 12:05:12.654  2266  2560 I .apps.wellbeing: AssetManager2(0x70c9536504d8) locale list changing from [] to [en-US]
07-30 12:05:12.657   761  2067 E AppOps  : attributionTag  not declared in manifest of com.fceumm.wrapper
07-30 12:05:12.657   761  2059 E AppOps  : attributionTag  not declared in manifest of com.fceumm.wrapper
07-30 12:05:12.660 10751 10777 D .fceumm.wrapper: PlayerBase::stop() from IPlayer
07-30 12:05:12.660 10751 10777 D AudioTrack: stop(31): called with 798 frames delivered
07-30 12:05:12.660   761  2059 E AppOps  : attributionTag  not declared in manifest of com.fceumm.wrapper
07-30 12:05:12.670  2266  2560 I .apps.wellbeing: AssetManager2(0x70c9536423d8) locale list changing from [] to [en-US]
07-30 12:05:12.674   761  2049 E AppOps  : attributionTag  not declared in manifest of com.fceumm.wrapper
07-30 12:05:12.682   761  2067 E AppOps  : attributionTag  not declared in manifest of com.fceumm.wrapper
07-30 12:05:12.684  2266  2560 I .apps.wellbeing: AssetManager2(0x70c95363bcb8) locale list changing from [] to [en-US]
07-30 12:05:12.688   761  2067 E AppOps  : attributionTag  not declared in manifest of com.fceumm.wrapper
07-30 12:05:12.691 10751 10777 D .fceumm.wrapper: PlayerBase::stop() from IPlayer
07-30 12:05:12.693 10751 10777 D AudioTrack: stop(31): called with 799 frames delivered
07-30 12:05:12.694   761  2067 E AppOps  : attributionTag  not declared in manifest of com.fceumm.wrapper
07-30 12:05:12.699   761  2067 E AppOps  : attributionTag  not declared in manifest of com.fceumm.wrapper
07-30 12:05:12.703  2266  2560 I .apps.wellbeing: AssetManager2(0x70c953640498) locale list changing from [] to [en-US]
07-30 12:05:12.720  2266  2560 I .apps.wellbeing: AssetManager2(0x70c95363c2f8) locale list changing from [] to [en-US]
07-30 12:05:12.725   761  2067 E AppOps  : attributionTag  not declared in manifest of com.fceumm.wrapper
07-30 12:05:12.729   761  2059 E AppOps  : attributionTag  not declared in manifest of com.fceumm.wrapper
07-30 12:05:12.734 10751 10777 D .fceumm.wrapper: PlayerBase::stop() from IPlayer
07-30 12:05:12.734 10751 10777 D AudioTrack: stop(31): called with 799 frames delivered
07-30 12:05:12.740   761  2059 E AppOps  : attributionTag  not declared in manifest of com.fceumm.wrapper
07-30 12:05:12.744   761  2059 E AppOps  : attributionTag  not declared in manifest of com.fceumm.wrapper
07-30 12:05:12.748  2266  2560 I .apps.wellbeing: AssetManager2(0x70c953637e38) locale list changing from [] to [en-US]
07-30 12:05:12.757   761  2049 E AppOps  : attributionTag  not declared in manifest of com.fceumm.wrapper
07-30 12:05:12.758   761  2067 E AppOps  : attributionTag  not declared in manifest of com.fceumm.wrapper
07-30 12:05:12.760 10751 10777 D .fceumm.wrapper: PlayerBase::stop() from IPlayer
07-30 12:05:12.760 10751 10777 D AudioTrack: stop(31): called with 798 frames delivered
07-30 12:05:12.761   761  2049 E AppOps  : attributionTag  not declared in manifest of com.fceumm.wrapper
07-30 12:05:12.764   761  2067 E AppOps  : attributionTag  not declared in manifest of com.fceumm.wrapper
07-30 12:05:12.768  2266  2560 I .apps.wellbeing: AssetManager2(0x70c95364eef8) locale list changing from [] to [en-US]
07-30 12:05:12.778   591   701 D AudioFlinger: mixer(0x7cf8f9bc0770) throttle end: throttle time(31)
07-30 12:05:12.784   761  2049 E AppOps  : attributionTag  not declared in manifest of com.fceumm.wrapper
07-30 12:05:12.786   761  2049 E AppOps  : attributionTag  not declared in manifest of com.fceumm.wrapper
07-30 12:05:12.790 10751 10777 D .fceumm.wrapper: PlayerBase::stop() from IPlayer
07-30 12:05:12.790 10751 10777 D AudioTrack: stop(31): called with 799 frames delivered
07-30 12:05:12.792   761  2049 E AppOps  : attributionTag  not declared in manifest of com.fceumm.wrapper
07-30 12:05:12.796   761  2067 E AppOps  : attributionTag  not declared in manifest of com.fceumm.wrapper
07-30 12:05:12.811   761  2067 E AppOps  : attributionTag  not declared in manifest of com.fceumm.wrapper
07-30 12:05:12.814   761  2067 E AppOps  : attributionTag  not declared in manifest of com.fceumm.wrapper
07-30 12:05:12.818 10751 10777 D .fceumm.wrapper: PlayerBase::stop() from IPlayer
07-30 12:05:12.818 10751 10777 D AudioTrack: stop(31): called with 798 frames delivered
07-30 12:05:12.824   761  2067 E AppOps  : attributionTag  not declared in manifest of com.fceumm.wrapper
07-30 12:05:12.829   761  2067 E AppOps  : attributionTag  not declared in manifest of com.fceumm.wrapper
07-30 12:05:12.840   761  2049 E AppOps  : attributionTag  not declared in manifest of com.fceumm.wrapper
07-30 12:05:12.842   761  2049 E AppOps  : attributionTag  not declared in manifest of com.fceumm.wrapper
07-30 12:05:12.848 10751 10777 D .fceumm.wrapper: PlayerBase::stop() from IPlayer
07-30 12:05:12.849 10751 10777 D AudioTrack: stop(31): called with 799 frames delivered
07-30 12:05:12.852   761  2049 E AppOps  : attributionTag  not declared in manifest of com.fceumm.wrapper
07-30 12:05:12.853   761  2067 E AppOps  : attributionTag  not declared in manifest of com.fceumm.wrapper
07-30 12:05:12.870   761  2049 E AppOps  : attributionTag  not declared in manifest of com.fceumm.wrapper
07-30 12:05:12.873   761  2067 E AppOps  : attributionTag  not declared in manifest of com.fceumm.wrapper
07-30 12:05:12.878 10751 10777 D .fceumm.wrapper: PlayerBase::stop() from IPlayer
07-30 12:05:12.878 10751 10777 D AudioTrack: stop(31): called with 799 frames delivered
07-30 12:05:12.882   761  2049 E AppOps  : attributionTag  not declared in manifest of com.fceumm.wrapper
07-30 12:05:12.885   761  2049 E AppOps  : attributionTag  not declared in manifest of com.fceumm.wrapper
07-30 12:05:12.897   761  2067 E AppOps  : attributionTag  not declared in manifest of com.fceumm.wrapper
07-30 12:05:12.899   761  2067 E AppOps  : attributionTag  not declared in manifest of com.fceumm.wrapper
07-30 12:05:12.902 10751 10777 D .fceumm.wrapper: PlayerBase::stop() from IPlayer
07-30 12:05:12.902 10751 10777 D AudioTrack: stop(31): called with 798 frames delivered
07-30 12:05:12.905   761  2067 E AppOps  : attributionTag  not declared in manifest of com.fceumm.wrapper
07-30 12:05:12.905   761  2067 E AppOps  : attributionTag  not declared in manifest of com.fceumm.wrapper
07-30 12:05:12.913  2266  2560 I .apps.wellbeing: AssetManager2(0x70c953638478) locale list changing from [] to [en-US]
07-30 12:05:12.921   761  2067 E AppOps  : attributionTag  not declared in manifest of com.fceumm.wrapper
07-30 12:05:12.922   761  2067 E AppOps  : attributionTag  not declared in manifest of com.fceumm.wrapper
07-30 12:05:12.924 10751 10777 D .fceumm.wrapper: PlayerBase::stop() from IPlayer
07-30 12:05:12.925 10751 10777 D AudioTrack: stop(31): called with 799 frames delivered
07-30 12:05:12.925   761  2059 E AppOps  : attributionTag  not declared in manifest of com.fceumm.wrapper
07-30 12:05:12.928   761  2059 E AppOps  : attributionTag  not declared in manifest of com.fceumm.wrapper
07-30 12:05:12.932  2266  2560 I .apps.wellbeing: AssetManager2(0x70c95364c658) locale list changing from [] to [en-US]
07-30 12:05:12.944   761  2067 E AppOps  : attributionTag  not declared in manifest of com.fceumm.wrapper
07-30 12:05:12.946   761  2067 E AppOps  : attributionTag  not declared in manifest of com.fceumm.wrapper
07-30 12:05:12.952 10751 10777 D .fceumm.wrapper: PlayerBase::stop() from IPlayer
07-30 12:05:12.953 10751 10777 D AudioTrack: stop(31): called with 799 frames delivered
07-30 12:05:12.959   761  2067 E AppOps  : attributionTag  not declared in manifest of com.fceumm.wrapper
07-30 12:05:12.962   761  2067 E AppOps  : attributionTag  not declared in manifest of com.fceumm.wrapper
07-30 12:05:12.966  2266  2560 I .apps.wellbeing: AssetManager2(0x70c9536487d8) locale list changing from [] to [en-US]
07-30 12:05:12.975   761  2049 E AppOps  : attributionTag  not declared in manifest of com.fceumm.wrapper
07-30 12:05:12.976   761  2049 E AppOps  : attributionTag  not declared in manifest of com.fceumm.wrapper
07-30 12:05:12.987 10751 10777 D .fceumm.wrapper: PlayerBase::stop() from IPlayer
07-30 12:05:12.987 10751 10777 D AudioTrack: stop(31): called with 798 frames delivered
07-30 12:05:12.989   761  2049 E AppOps  : attributionTag  not declared in manifest of com.fceumm.wrapper
07-30 12:05:12.993   591   701 D AF::Track: interceptBuffer: took 1959us to intercept 0 tracks
07-30 12:05:12.994   761  2049 E AppOps  : attributionTag  not declared in manifest of com.fceumm.wrapper
07-30 12:05:13.004  2266  2560 I .apps.wellbeing: AssetManager2(0x70c95363b998) locale list changing from [] to [en-US]
07-30 12:05:13.017   761  2049 E AppOps  : attributionTag  not declared in manifest of com.fceumm.wrapper
07-30 12:05:13.022   761  2049 E AppOps  : attributionTag  not declared in manifest of com.fceumm.wrapper
07-30 12:05:13.026 10751 10777 D .fceumm.wrapper: PlayerBase::stop() from IPlayer
07-30 12:05:13.026 10751 10777 D AudioTrack: stop(31): called with 799 frames delivered
07-30 12:05:13.030   761  2049 E AppOps  : attributionTag  not declared in manifest of com.fceumm.wrapper
07-30 12:05:13.035   761  2049 E AppOps  : attributionTag  not declared in manifest of com.fceumm.wrapper
07-30 12:05:13.042  2266  2560 I .apps.wellbeing: AssetManager2(0x70c953633658) locale list changing from [] to [en-US]
07-30 12:05:13.048   761  2049 E AppOps  : attributionTag  not declared in manifest of com.fceumm.wrapper
07-30 12:05:13.050   761  2059 E AppOps  : attributionTag  not declared in manifest of com.fceumm.wrapper
07-30 12:05:13.055 10751 10777 D .fceumm.wrapper: PlayerBase::stop() from IPlayer
07-30 12:05:13.056 10751 10777 D AudioTrack: stop(31): called with 799 frames delivered
07-30 12:05:13.056   761  2059 E AppOps  : attributionTag  not declared in manifest of com.fceumm.wrapper
07-30 12:05:13.056   761  2049 E AppOps  : attributionTag  not declared in manifest of com.fceumm.wrapper
07-30 12:05:13.072  2266  2560 I .apps.wellbeing: AssetManager2(0x70c953645f38) locale list changing from [] to [en-US]
07-30 12:05:13.077   761  2067 E AppOps  : attributionTag  not declared in manifest of com.fceumm.wrapper
07-30 12:05:13.079   761  2049 E AppOps  : attributionTag  not declared in manifest of com.fceumm.wrapper
07-30 12:05:13.081  2266  2560 I .apps.wellbeing: AssetManager2(0x70c953638798) locale list changing from [] to [en-US]
07-30 12:05:13.085 10751 10777 D .fceumm.wrapper: PlayerBase::stop() from IPlayer
07-30 12:05:13.092 10751 10777 D AudioTrack: stop(31): called with 798 frames delivered
07-30 12:05:13.093   761  2067 E AppOps  : attributionTag  not declared in manifest of com.fceumm.wrapper
07-30 12:05:13.093   761  2049 E AppOps  : attributionTag  not declared in manifest of com.fceumm.wrapper
07-30 12:05:13.103   761  2049 E AppOps  : attributionTag  not declared in manifest of com.fceumm.wrapper
07-30 12:05:13.104   761  2049 E AppOps  : attributionTag  not declared in manifest of com.fceumm.wrapper
07-30 12:05:13.108 10751 10777 D .fceumm.wrapper: PlayerBase::stop() from IPlayer
07-30 12:05:13.108 10751 10777 D AudioTrack: stop(31): called with 799 frames delivered
07-30 12:05:13.109   761  2049 E AppOps  : attributionTag  not declared in manifest of com.fceumm.wrapper
07-30 12:05:13.116   761  2049 E AppOps  : attributionTag  not declared in manifest of com.fceumm.wrapper
07-30 12:05:13.128   761  2067 E AppOps  : attributionTag  not declared in manifest of com.fceumm.wrapper
07-30 12:05:13.131   761  2049 E AppOps  : attributionTag  not declared in manifest of com.fceumm.wrapper
07-30 12:05:13.132 10751 10777 D .fceumm.wrapper: PlayerBase::stop() from IPlayer
07-30 12:05:13.132 10751 10777 D AudioTrack: stop(31): called with 799 frames delivered
07-30 12:05:13.135   761  2049 E AppOps  : attributionTag  not declared in manifest of com.fceumm.wrapper
07-30 12:05:13.139   761  2049 E AppOps  : attributionTag  not declared in manifest of com.fceumm.wrapper
07-30 12:05:13.151   761  2067 E AppOps  : attributionTag  not declared in manifest of com.fceumm.wrapper
07-30 12:05:13.157   761  2049 E AppOps  : attributionTag  not declared in manifest of com.fceumm.wrapper
07-30 12:05:13.159 10751 10777 D .fceumm.wrapper: PlayerBase::stop() from IPlayer
07-30 12:05:13.159 10751 10777 D AudioTrack: stop(31): called with 798 frames delivered
07-30 12:05:13.165   761  2049 E AppOps  : attributionTag  not declared in manifest of com.fceumm.wrapper
07-30 12:05:13.166   761  2049 E AppOps  : attributionTag  not declared in manifest of com.fceumm.wrapper
07-30 12:05:13.181   761  2049 E AppOps  : attributionTag  not declared in manifest of com.fceumm.wrapper
07-30 12:05:13.183   761  2059 E AppOps  : attributionTag  not declared in manifest of com.fceumm.wrapper
07-30 12:05:13.188 10751 10777 D .fceumm.wrapper: PlayerBase::stop() from IPlayer
07-30 12:05:13.188 10751 10777 D AudioTrack: stop(31): called with 799 frames delivered
07-30 12:05:13.190   761  2049 E AppOps  : attributionTag  not declared in manifest of com.fceumm.wrapper
07-30 12:05:13.205   761  2059 E AppOps  : attributionTag  not declared in manifest of com.fceumm.wrapper
07-30 12:05:13.211   761   865 V GrammaticalInflectionUtils: AttributionSource: android.content.AttributionSource@d5459223 does not have READ_SYSTEM_GRAMMATICAL_GENDER permission.
07-30 12:05:13.215   761  2049 E AppOps  : attributionTag  not declared in manifest of com.fceumm.wrapper
07-30 12:05:13.217   761  2049 E AppOps  : attributionTag  not declared in manifest of com.fceumm.wrapper
07-30 12:05:13.222  2266  2560 I .apps.wellbeing: AssetManager2(0x70c95362aff8) locale list changing from [] to [en-US]
07-30 12:05:13.226 10751 10777 D .fceumm.wrapper: PlayerBase::stop() from IPlayer
07-30 12:05:13.226 10751 10777 D AudioTrack: stop(31): called with 798 frames delivered
07-30 12:05:13.227   761  2059 E AppOps  : attributionTag  not declared in manifest of com.fceumm.wrapper
07-30 12:05:13.230   761  2059 E AppOps  : attributionTag  not declared in manifest of com.fceumm.wrapper
07-30 12:05:13.231   520   520 D Zygote  : Forked child process 10796
07-30 12:05:13.232   761   804 I ActivityManager: Start proc 10796:com.google.android.googlequicksearchbox:search/u0a149 for service {com.google.android.googlequicksearchbox/androidx.work.impl.background.systemjob.SystemJobService}
07-30 12:05:13.232   761   804 I ActivityManager: ProcessObserver broadcast disabled
07-30 12:05:13.242   761  2049 E AppOps  : attributionTag  not declared in manifest of com.fceumm.wrapper
07-30 12:05:13.242   761  2049 E AppOps  : attributionTag  not declared in manifest of com.fceumm.wrapper
07-30 12:05:13.246  2266  2560 I .apps.wellbeing: AssetManager2(0x70c953631a38) locale list changing from [] to [en-US]
07-30 12:05:13.247 10751 10777 D .fceumm.wrapper: PlayerBase::stop() from IPlayer
07-30 12:05:13.247 10751 10777 D AudioTrack: stop(31): called with 799 frames delivered
07-30 12:05:13.253   761  2059 E AppOps  : attributionTag  not declared in manifest of com.fceumm.wrapper
07-30 12:05:13.256   761  2067 E AppOps  : attributionTag  not declared in manifest of com.fceumm.wrapper
07-30 12:05:13.267   761  2067 E AppOps  : attributionTag  not declared in manifest of com.fceumm.wrapper
07-30 12:05:13.268   761  2067 E AppOps  : attributionTag  not declared in manifest of com.fceumm.wrapper
07-30 12:05:13.276 10751 10777 D .fceumm.wrapper: PlayerBase::stop() from IPlayer
07-30 12:05:13.276 10751 10777 D AudioTrack: stop(31): called with 799 frames delivered
07-30 12:05:13.280   761  2067 E AppOps  : attributionTag  not declared in manifest of com.fceumm.wrapper
07-30 12:05:13.281   761  2067 E AppOps  : attributionTag  not declared in manifest of com.fceumm.wrapper
07-30 12:05:13.285  2266  2560 I .apps.wellbeing: AssetManager2(0x70c95363a3b8) locale list changing from [] to [en-US]
07-30 12:05:13.297 10796 10796 I earchbox:search: Using CollectorTypeCMC GC.
07-30 12:05:13.298   761  2067 E AppOps  : attributionTag  not declared in manifest of com.fceumm.wrapper
07-30 12:05:13.299   761  2049 E AppOps  : attributionTag  not declared in manifest of com.fceumm.wrapper
07-30 12:05:13.302 10796 10796 W earchbox:search: Unexpected CPU variant for x86: x86_64.
07-30 12:05:13.302 10796 10796 W earchbox:search: Known variants: atom, sandybridge, silvermont, goldmont, goldmont-plus, goldmont-without-sha-xsaves, tremont, kabylake, alderlake, default
07-30 12:05:13.306 10751 10777 D .fceumm.wrapper: PlayerBase::stop() from IPlayer
07-30 12:05:13.307 10751 10777 D AudioTrack: stop(31): called with 798 frames delivered
07-30 12:05:13.309 10796 10796 E earchbox:search: Not starting debugger since process cannot load the jdwp agent.
07-30 12:05:13.310   761  2049 E AppOps  : attributionTag  not declared in manifest of com.fceumm.wrapper
07-30 12:05:13.311  2266  2560 I .apps.wellbeing: AssetManager2(0x70c953634f58) locale list changing from [] to [en-US]
07-30 12:05:13.312   761  2067 E AppOps  : attributionTag  not declared in manifest of com.fceumm.wrapper
07-30 12:05:13.316 10796 10796 D nativeloader: Load libframework-connectivity-tiramisu-jni.so using APEX ns com_android_tethering for caller /apex/com.android.tethering/javalib/framework-connectivity-t.jar: ok
07-30 12:05:13.325   761  2067 E AppOps  : attributionTag  not declared in manifest of com.fceumm.wrapper
07-30 12:05:13.326   761  2059 E AppOps  : attributionTag  not declared in manifest of com.fceumm.wrapper
07-30 12:05:13.333 10751 10777 D .fceumm.wrapper: PlayerBase::stop() from IPlayer
07-30 12:05:13.333 10751 10777 D AudioTrack: stop(31): called with 799 frames delivered
07-30 12:05:13.336   761  2059 E AppOps  : attributionTag  not declared in manifest of com.fceumm.wrapper
07-30 12:05:13.337   761  2059 E AppOps  : attributionTag  not declared in manifest of com.fceumm.wrapper
07-30 12:05:13.341 10796 10796 I ActivityThread: Relaunch all activities: onCoreSettingsChange
07-30 12:05:13.354 10796 10796 D ApplicationLoaders: Returning zygote-cached class loader: /system/framework/org.apache.http.legacy.jar
07-30 12:05:13.355   761  2067 E AppOps  : attributionTag  not declared in manifest of com.fceumm.wrapper
07-30 12:05:13.362   761  2059 E AppOps  : attributionTag  not declared in manifest of com.fceumm.wrapper
07-30 12:05:13.364 10796 10796 D nativeloader: Configuring clns-9 for other apk /system_ext/framework/com.android.extensions.appfunctions.jar. target_sdk_version=36, uses_libraries=ALL, library_path=/data/app/~~gWfT0J7Y5AGktRi4UE4w5g==/com.google.android.googlequicksearchbox-n65x98k76yDGVllGoxvzTQ==/lib/x86_64:/data/app/~~gWfT0J7Y5AGktRi4UE4w5g==/com.google.android.googlequicksearchbox-n65x98k76yDGVllGoxvzTQ==/base.apk!/lib/x86_64:/data/app/~~gWfT0J7Y5AGktRi4UE4w5g==/com.google.android.googlequicksearchbox-n65x98k76yDGVllGoxvzTQ==/split_config.xxhdpi.apk!/lib/x86_64, permitted_path=/data:/mnt/expand:/data/user/0/com.google.android.googlequicksearchbox
07-30 12:05:13.369 10751 10777 D .fceumm.wrapper: PlayerBase::stop() from IPlayer
07-30 12:05:13.370 10751 10777 D AudioTrack: stop(31): called with 799 frames delivered
07-30 12:05:13.376   761  2059 E AppOps  : attributionTag  not declared in manifest of com.fceumm.wrapper
07-30 12:05:13.377   761  2067 E AppOps  : attributionTag  not declared in manifest of com.fceumm.wrapper
07-30 12:05:13.379 10796 10796 D ApplicationLoaders: Returning zygote-cached class loader: /system_ext/framework/androidx.window.extensions.jar
07-30 12:05:13.380  2266  2560 I .apps.wellbeing: AssetManager2(0x70c9536426f8) locale list changing from [] to [en-US]
07-30 12:05:13.386 10796 10796 D ApplicationLoaders: Returning zygote-cached class loader: /system_ext/framework/androidx.window.sidecar.jar
07-30 12:05:13.394   761  2059 E AppOps  : attributionTag  not declared in manifest of com.fceumm.wrapper
07-30 12:05:13.398   761  2059 E AppOps  : attributionTag  not declared in manifest of com.fceumm.wrapper
07-30 12:05:13.402  2266  2560 I .apps.wellbeing: AssetManager2(0x70c953633fb8) locale list changing from [] to [en-US]
07-30 12:05:13.404 10751 10777 D .fceumm.wrapper: PlayerBase::stop() from IPlayer
07-30 12:05:13.404 10751 10777 D AudioTrack: stop(31): called with 798 frames delivered
07-30 12:05:13.410   761  2059 E AppOps  : attributionTag  not declared in manifest of com.fceumm.wrapper
07-30 12:05:13.414   761  2059 E AppOps  : attributionTag  not declared in manifest of com.fceumm.wrapper
07-30 12:05:13.429   761  2067 E AppOps  : attributionTag  not declared in manifest of com.fceumm.wrapper
07-30 12:05:13.430   761  2067 E AppOps  : attributionTag  not declared in manifest of com.fceumm.wrapper
07-30 12:05:13.433 10751 10777 D .fceumm.wrapper: PlayerBase::stop() from IPlayer
07-30 12:05:13.434 10751 10777 D AudioTrack: stop(31): called with 799 frames delivered
07-30 12:05:13.436   761  2059 E AppOps  : attributionTag  not declared in manifest of com.fceumm.wrapper
07-30 12:05:13.438   761  2059 E AppOps  : attributionTag  not declared in manifest of com.fceumm.wrapper
07-30 12:05:13.458   761  2067 E AppOps  : attributionTag  not declared in manifest of com.fceumm.wrapper
07-30 12:05:13.460   761  2067 E AppOps  : attributionTag  not declared in manifest of com.fceumm.wrapper
07-30 12:05:13.466 10751 10777 D .fceumm.wrapper: PlayerBase::stop() from IPlayer
07-30 12:05:13.467 10751 10777 D AudioTrack: stop(31): called with 799 frames delivered
07-30 12:05:13.471   761  2067 E AppOps  : attributionTag  not declared in manifest of com.fceumm.wrapper
07-30 12:05:13.477   761  2067 E AppOps  : attributionTag  not declared in manifest of com.fceumm.wrapper
07-30 12:05:13.479   591   701 D AudioFlinger: mixer(0x7cf8f9bc0770) throttle end: throttle time(25)
07-30 12:05:13.481  2266  2560 I .apps.wellbeing: AssetManager2(0x70c95362d258) locale list changing from [] to [en-US]
07-30 12:05:13.488   761  2059 E AppOps  : attributionTag  not declared in manifest of com.fceumm.wrapper
07-30 12:05:13.492   761  2059 E AppOps  : attributionTag  not declared in manifest of com.fceumm.wrapper
07-30 12:05:13.496 10751 10777 D .fceumm.wrapper: PlayerBase::stop() from IPlayer
07-30 12:05:13.496 10751 10777 D AudioTrack: stop(31): called with 798 frames delivered
07-30 12:05:13.497   761  2067 E AppOps  : attributionTag  not declared in manifest of com.fceumm.wrapper
07-30 12:05:13.501   761  2067 E AppOps  : attributionTag  not declared in manifest of com.fceumm.wrapper
07-30 12:05:13.505  2266  2560 I .apps.wellbeing: AssetManager2(0x70c95362a698) locale list changing from [] to [en-US]
07-30 12:05:13.517   761  2059 E AppOps  : attributionTag  not declared in manifest of com.fceumm.wrapper
07-30 12:05:13.529   761  2059 E AppOps  : attributionTag  not declared in manifest of com.fceumm.wrapper
07-30 12:05:13.531 10751 10777 D .fceumm.wrapper: PlayerBase::stop() from IPlayer
07-30 12:05:13.531 10751 10777 D AudioTrack: stop(31): called with 799 frames delivered
07-30 12:05:13.537   761  2059 E AppOps  : attributionTag  not declared in manifest of com.fceumm.wrapper
07-30 12:05:13.541   761  2067 E AppOps  : attributionTag  not declared in manifest of com.fceumm.wrapper
07-30 12:05:13.553   761  2059 E AppOps  : attributionTag  not declared in manifest of com.fceumm.wrapper
07-30 12:05:13.566   761  2059 E AppOps  : attributionTag  not declared in manifest of com.fceumm.wrapper
07-30 12:05:13.570 10751 10777 D .fceumm.wrapper: PlayerBase::stop() from IPlayer
07-30 12:05:13.571 10751 10777 D AudioTrack: stop(31): called with 799 frames delivered
07-30 12:05:13.573   761  1802 E AppOps  : attributionTag  not declared in manifest of com.fceumm.wrapper
07-30 12:05:13.578   761  1802 E AppOps  : attributionTag  not declared in manifest of com.fceumm.wrapper
07-30 12:05:13.593   761  2059 E AppOps  : attributionTag  not declared in manifest of com.fceumm.wrapper
07-30 12:05:13.597   761  1802 E AppOps  : attributionTag  not declared in manifest of com.fceumm.wrapper
07-30 12:05:13.605 10751 10777 D .fceumm.wrapper: PlayerBase::stop() from IPlayer
07-30 12:05:13.605 10751 10777 D AudioTrack: stop(31): called with 798 frames delivered
07-30 12:05:13.611   761  2059 E AppOps  : attributionTag  not declared in manifest of com.fceumm.wrapper
07-30 12:05:13.612   761  1802 E AppOps  : attributionTag  not declared in manifest of com.fceumm.wrapper
07-30 12:05:13.617 10796 10796 W earchbox:search: Failed to find entry 'classes.dex': Entry not found
07-30 12:05:13.620   761  2059 E AppOps  : attributionTag  not declared in manifest of com.fceumm.wrapper
07-30 12:05:13.622   761  2049 E AppOps  : attributionTag  not declared in manifest of com.fceumm.wrapper
07-30 12:05:13.630 10751 10777 D .fceumm.wrapper: PlayerBase::stop() from IPlayer
07-30 12:05:13.632 10751 10777 D AudioTrack: stop(31): called with 799 frames delivered
07-30 12:05:13.633 10796 10796 D nativeloader: Configuring clns-10 for other apk /data/app/~~gWfT0J7Y5AGktRi4UE4w5g==/com.google.android.googlequicksearchbox-n65x98k76yDGVllGoxvzTQ==/base.apk:/data/app/~~gWfT0J7Y5AGktRi4UE4w5g==/com.google.android.googlequicksearchbox-n65x98k76yDGVllGoxvzTQ==/split_config.xxhdpi.apk. target_sdk_version=36, uses_libraries=, library_path=/data/app/~~gWfT0J7Y5AGktRi4UE4w5g==/com.google.android.googlequicksearchbox-n65x98k76yDGVllGoxvzTQ==/lib/x86_64:/data/app/~~gWfT0J7Y5AGktRi4UE4w5g==/com.google.android.googlequicksearchbox-n65x98k76yDGVllGoxvzTQ==/base.apk!/lib/x86_64:/data/app/~~gWfT0J7Y5AGktRi4UE4w5g==/com.google.android.googlequicksearchbox-n65x98k76yDGVllGoxvzTQ==/split_config.xxhdpi.apk!/lib/x86_64, permitted_path=/data:/mnt/expand:/data/user/0/com.google.android.googlequicksearchbox
07-30 12:05:13.633   761  2059 E AppOps  : attributionTag  not declared in manifest of com.fceumm.wrapper
07-30 12:05:13.637   761  1802 E AppOps  : attributionTag  not declared in manifest of com.fceumm.wrapper
07-30 12:05:13.668 10796 10796 I earchbox:search: AssetManager2(0x70c9536293d8) locale list changing from [] to [en-US]
07-30 12:05:13.669   761  1802 E AppOps  : attributionTag  not declared in manifest of com.fceumm.wrapper
