--------- beginning of main
07-30 12:01:27.633  1617  1949 I bboy    : (REDACTED) getHotwordActive::active query: %s, watch: %s, devices connected: %s
07-30 12:01:28.212  1633 10619 W BugleRcsEngine: Unable to send diagnostic log [CONTEXT thread_id=89 ]
07-30 12:01:29.148  1617  1622 W hbox:interactor: Reducing the number of considered missed Gc histogram windows from 540 to 100
07-30 12:01:29.292  1605  1966 I AiAiStatsd: No op: the most recent atoms from the date 2025-07-29 have been uploaded.
07-30 12:01:33.638  1030  1134 D ControlsListingControllerImpl: Subscribing callback, service count: 0
07-30 12:01:33.650  1030  1134 D ControlsListingControllerImpl: Unsubscribing callback
07-30 12:01:33.653   659   739 I AttributionAndPermissionUtils: checkPermission checkPermission (forDataDelivery 0 startDataDelivery 0): Permission soft denied for client attribution [uid 10185, pid 1030, packageName "<unknown>"]
07-30 12:01:33.656   659   739 I AttributionAndPermissionUtils: checkPermission checkPermission (forDataDelivery 0 startDataDelivery 0): Permission soft denied for client attribution [uid 10185, pid 1030, packageName "<unknown>"]
07-30 12:01:33.665  1030  1134 I QuickAccessWalletTile: QAW service is unavailable, recreating the wallet client.
07-30 12:01:33.846   761  2070 D FileUtils: Rounded bytes from 2066784256 to 4000000000
07-30 12:01:34.000  1617  1628 V ClearcutMetricXmitter: Transmission is done.
07-30 12:01:34.014  1187  1429 D SatelliteController: iisInCarrierRoamingNbIotNtn: satellite is disabled
07-30 12:01:44.015  1187  1429 D SatelliteController: iisInCarrierRoamingNbIotNtn: satellite is disabled
07-30 12:01:49.743  1330  1335 W .gms.persistent: Reducing the number of considered missed Gc histogram windows from 127 to 100
07-30 12:01:54.015  1187  1429 D SatelliteController: iisInCarrierRoamingNbIotNtn: satellite is disabled
07-30 12:02:04.016  1187  1429 D SatelliteController: iisInCarrierRoamingNbIotNtn: satellite is disabled
07-30 12:02:14.015  1187  1429 D SatelliteController: iisInCarrierRoamingNbIotNtn: satellite is disabled
07-30 12:02:24.016  1187  1429 D SatelliteController: iisInCarrierRoamingNbIotNtn: satellite is disabled
07-30 12:02:27.632  1617  2090 I bboy    : (REDACTED) getHotwordActive::active query: %s, watch: %s, devices connected: %s
07-30 12:02:34.016  1187  1429 D SatelliteController: iisInCarrierRoamingNbIotNtn: satellite is disabled
07-30 12:02:44.017  1187  1429 D SatelliteController: iisInCarrierRoamingNbIotNtn: satellite is disabled
--------- beginning of system
07-30 12:02:53.044   761   865 D ActivityManager: sync unfroze 2948 com.google.android.adservices.api for 6
07-30 12:02:53.070   761   865 W JobServiceContext: Sending onNetworkChanged for a job that isn't started. JobStatus{ebb1e0f #u0a193/24 com.google.android.adservices.api/com.android.adservices.service.measurement.reporting.VerboseDebugReportingFallbackJobService u=0 s=10193 TIME=-1m32s266ms:+58m27s734ms NET PERIODIC PERSISTED READY}
07-30 12:02:53.071   761   761 W ProcessStats: Tracking association SourceState{d61cc7a system/1000 ImpBg #7558} whose proc state 6 is better than process ProcessState{9a57f9a com.google.android.adservices.api/10193 pkg=com.google.android.adservices.api} proc state 15 (0 skipped)
07-30 12:02:53.071   761   865 W JobServiceContext: Sending onNetworkChanged for a job that isn't started. JobStatus{5eea3b5 #u0a193/7 com.google.android.adservices.api/com.android.adservices.service.measurement.reporting.AggregateReportingJobService u=0 s=10193 TIME=-1m32s268ms:+58m27s732ms NET BATNOTLOW PERIODIC PERSISTED READY}
07-30 12:02:53.073   761   865 W JobServiceContext: Sending onNetworkChanged for a job that isn't started. JobStatus{572a1df #u0a193/19 com.google.android.adservices.api/com.android.adservices.spe.AdServicesJobService u=0 s=10193 TIME=-1m32s269ms:+58m27s731ms NET BATNOTLOW PERIODIC PERSISTED READY}
07-30 12:02:53.075   761   865 W JobServiceContext: Sending onNetworkChanged for a job that isn't started. JobStatus{9b0e2c #u0a193/25 com.google.android.adservices.api/com.android.adservices.service.measurement.reporting.DebugReportingFallbackJobService u=0 s=10193 TIME=-1m32s271ms:+58m27s729ms NET PERIODIC PERSISTED READY}
07-30 12:02:53.166  2948  2958 W .adservices.api: Reducing the number of considered missed Gc histogram windows from 133 to 100
07-30 12:02:53.541   761  2070 W AppOps  : Noting op not finished: uid 10147 pkg com.google.android.gms code 79 startTime of in progress event=1753855307340
07-30 12:02:53.547   761  2070 W AppOps  : Noting op not finished: uid 10147 pkg com.google.android.gms code 113 startTime of in progress event=1753855278583
07-30 12:02:53.561  1330  1933 I ActivityScheduler: nextTriggerTime: 36344118, in 238100ms, detectorType: 39, FULL_TYPE alarmWindowMillis: 80000
07-30 12:02:54.016  1187  1429 D SatelliteController: iisInCarrierRoamingNbIotNtn: satellite is disabled
07-30 12:02:54.544   761  1710 W AppOps  : Noting op not finished: uid 10147 pkg com.google.android.gms code 113 startTime of in progress event=1753855278583
07-30 12:02:58.219   761   934 D InetDiagMessage: Destroyed 0 sockets, proto=IPPROTO_TCP, family=AF_INET, states=14
07-30 12:02:58.219   761   934 D InetDiagMessage: Destroyed 0 sockets, proto=IPPROTO_TCP, family=AF_INET6, states=14
07-30 12:02:58.219   761   934 D InetDiagMessage: Destroyed live tcp sockets for uids={10193} in 1ms
07-30 12:02:58.220   761   934 D InetDiagMessage: Destroyed 0 sockets, proto=IPPROTO_TCP, family=AF_INET, states=14
07-30 12:02:58.220   761   934 D InetDiagMessage: Destroyed 0 sockets, proto=IPPROTO_TCP, family=AF_INET6, states=14
07-30 12:02:58.220   761   934 D InetDiagMessage: Destroyed live tcp sockets for uids={20193} in 1ms
07-30 12:03:03.223   761   877 D ActivityManager: freezing 2948 com.google.android.adservices.api
07-30 12:03:03.227   761   934 D InetDiagMessage: Destroyed 0 sockets, proto=IPPROTO_TCP, family=AF_INET, states=14
07-30 12:03:03.227   761   934 D InetDiagMessage: Destroyed 0 sockets, proto=IPPROTO_TCP, family=AF_INET6, states=14
07-30 12:03:03.227   761   934 D InetDiagMessage: Destroyed live tcp sockets for uids={10193} in 1ms
07-30 12:03:04.017  1187  1429 D SatelliteController: iisInCarrierRoamingNbIotNtn: satellite is disabled
07-30 12:03:14.016  1187  1429 D SatelliteController: iisInCarrierRoamingNbIotNtn: satellite is disabled
07-30 12:03:24.017  1187  1429 D SatelliteController: iisInCarrierRoamingNbIotNtn: satellite is disabled
07-30 12:03:25.302 10648 10648 W ls      : type=1400 audit(0.0:1959): avc:  denied  { getattr } for  path="/data_mirror" dev="tmpfs" ino=1 scontext=u:r:shell:s0 tcontext=u:object_r:mirror_data_file:s0 tclass=dir permissive=0
07-30 12:03:25.302 10648 10648 W ls      : type=1400 audit(0.0:1960): avc:  denied  { getattr } for  path="/init" dev="dm-5" ino=124 scontext=u:r:shell:s0 tcontext=u:object_r:init_exec:s0 tclass=lnk_file permissive=0
07-30 12:03:25.302 10648 10648 W ls      : type=1400 audit(0.0:1961): avc:  denied  { getattr } for  path="/init.environ.rc" dev="dm-5" ino=128 scontext=u:r:shell:s0 tcontext=u:object_r:rootfs:s0 tclass=file permissive=0
07-30 12:03:25.302 10648 10648 W ls      : type=1400 audit(0.0:1962): avc:  denied  { getattr } for  path="/linkerconfig" dev="tmpfs" ino=3 scontext=u:r:shell:s0 tcontext=u:object_r:linkerconfig_file:s0 tclass=dir permissive=0
07-30 12:03:25.302 10648 10648 W ls      : type=1400 audit(0.0:1963): avc:  denied  { getattr } for  path="/metadata" dev="vdd1" ino=2 scontext=u:r:shell:s0 tcontext=u:object_r:metadata_file:s0 tclass=dir permissive=0
07-30 12:03:25.302 10648 10648 W ls      : type=1400 audit(0.0:1964): avc:  denied  { getattr } for  path="/postinstall" dev="dm-5" ino=175 scontext=u:r:shell:s0 tcontext=u:object_r:postinstall_mnt_dir:s0 tclass=dir permissive=0
07-30 12:03:25.302 10648 10648 W ls      : type=1400 audit(0.0:1965): avc:  denied  { getattr } for  path="/system_dlkm" dev="dm-4" ino=38 scontext=u:r:shell:s0 tcontext=u:object_r:system_dlkm_file:s0 tclass=dir permissive=0
07-30 12:03:27.632  1617  2090 I bboy    : (REDACTED) getHotwordActive::active query: %s, watch: %s, devices connected: %s
07-30 12:03:34.017  1187  1429 D SatelliteController: iisInCarrierRoamingNbIotNtn: satellite is disabled
07-30 12:03:44.017  1187  1429 D SatelliteController: iisInCarrierRoamingNbIotNtn: satellite is disabled
07-30 12:03:53.059   761   813 E BluetoothPowerStatsCollector: Cannot acquire BluetoothActivityEnergyInfo
07-30 12:03:53.059   761   813 E BluetoothPowerStatsCollector: java.util.concurrent.ExecutionException: java.lang.RuntimeException: error: 11
07-30 12:03:53.059   761   813 E BluetoothPowerStatsCollector: 	at java.util.concurrent.CompletableFuture.reportGet(CompletableFuture.java:372)
07-30 12:03:53.059   761   813 E BluetoothPowerStatsCollector: 	at java.util.concurrent.CompletableFuture.get(CompletableFuture.java:2072)
07-30 12:03:53.059   761   813 E BluetoothPowerStatsCollector: 	at com.android.server.power.stats.BluetoothPowerStatsCollector.collectBluetoothActivityInfo(BluetoothPowerStatsCollector.java:192)
07-30 12:03:53.059   761   813 E BluetoothPowerStatsCollector: 	at com.android.server.power.stats.BluetoothPowerStatsCollector.collectStats(BluetoothPowerStatsCollector.java:155)
07-30 12:03:53.059   761   813 E BluetoothPowerStatsCollector: 	at com.android.server.power.stats.PowerStatsCollector.collectAndDeliverStats(PowerStatsCollector.java:176)
07-30 12:03:53.059   761   813 E BluetoothPowerStatsCollector: 	at com.android.server.power.stats.PowerStatsCollector$$ExternalSyntheticLambda0.run(R8$$SyntheticClass:0)
07-30 12:03:53.059   761   813 E BluetoothPowerStatsCollector: 	at android.os.Handler.handleCallback(Handler.java:995)
07-30 12:03:53.059   761   813 E BluetoothPowerStatsCollector: 	at android.os.Handler.dispatchMessage(Handler.java:103)
07-30 12:03:53.059   761   813 E BluetoothPowerStatsCollector: 	at android.os.Looper.loopOnce(Looper.java:248)
07-30 12:03:53.059   761   813 E BluetoothPowerStatsCollector: 	at android.os.Looper.loop(Looper.java:338)
07-30 12:03:53.059   761   813 E BluetoothPowerStatsCollector: 	at android.os.HandlerThread.run(HandlerThread.java:85)
07-30 12:03:53.059   761   813 E BluetoothPowerStatsCollector: Caused by: java.lang.RuntimeException: error: 11
07-30 12:03:53.059   761   813 E BluetoothPowerStatsCollector: 	at com.android.server.power.stats.BluetoothPowerStatsCollector$1.onBluetoothActivityEnergyInfoError(BluetoothPowerStatsCollector.java:181)
07-30 12:03:53.059   761   813 E BluetoothPowerStatsCollector: 	at android.bluetooth.BluetoothAdapter$OnBluetoothActivityEnergyInfoProxy.lambda$onBluetoothActivityEnergyInfoAvailable$0(BluetoothAdapter.java:1037)
07-30 12:03:53.059   761   813 E BluetoothPowerStatsCollector: 	at android.bluetooth.BluetoothAdapter$OnBluetoothActivityEnergyInfoProxy$$ExternalSyntheticLambda1.run(D8$$SyntheticClass:0)
07-30 12:03:53.059   761   813 E BluetoothPowerStatsCollector: 	at android.bluetooth.BluetoothUtils.lambda$executeFromBinder$0(BluetoothUtils.java:343)
07-30 12:03:53.059   761   813 E BluetoothPowerStatsCollector: 	at android.bluetooth.BluetoothUtils$$ExternalSyntheticLambda1.run(D8$$SyntheticClass:0)
07-30 12:03:53.059   761   813 E BluetoothPowerStatsCollector: 	at com.android.server.SystemServerInitThreadPool$$ExternalSyntheticLambda0.execute(R8$$SyntheticClass:0)
07-30 12:03:53.059   761   813 E BluetoothPowerStatsCollector: 	at android.bluetooth.BluetoothUtils.executeFromBinder(BluetoothUtils.java:343)
07-30 12:03:53.059   761   813 E BluetoothPowerStatsCollector: 	at android.bluetooth.BluetoothAdapter$OnBluetoothActivityEnergyInfoProxy.onBluetoothActivityEnergyInfoAvailable(BluetoothAdapter.java:1035)
07-30 12:03:53.059   761   813 E BluetoothPowerStatsCollector: 	at android.bluetooth.IBluetoothActivityEnergyInfoListener$Stub.onTransact(IBluetoothActivityEnergyInfoListener.java:98)
07-30 12:03:53.059   761   813 E BluetoothPowerStatsCollector: 	at android.os.Binder.execTransactInternal(Binder.java:1426)
07-30 12:03:53.059   761   813 E BluetoothPowerStatsCollector: 	at android.os.Binder.execTransact(Binder.java:1365)
07-30 12:03:54.017  1187  1429 D SatelliteController: iisInCarrierRoamingNbIotNtn: satellite is disabled
07-30 12:03:56.159  1158  1320 I bluetooth: system/gd/hci/le_address_manager.cc:576 GetNextPrivateAddressIntervalRange: client=LeAddressManager, nonwake=8m59s, wake=13m38s
07-30 12:03:56.171  1158  1320 I bluetooth: system/gd/hci/le_address_manager.cc:777 OnCommandComplete: Received command complete with op_code LE_SET_RANDOM_ADDRESS(0x2005)
07-30 12:03:56.171  1158  1320 I bluetooth: system/gd/hci/le_address_manager.cc:797 OnCommandComplete: update random address : xx:xx:xx:xx:88:3a
07-30 12:03:56.171  1158  1320 I bluetooth: system/gd/hci/le_address_manager.cc:392 resume_registered_clients: Resuming registered clients
07-30 12:03:56.171  1158  1320 I bluetooth: system/gd/hci/le_scanning_manager.cc:601 stop_scan: Scanning already stopped, return!
07-30 12:04:04.018  1187  1429 D SatelliteController: iisInCarrierRoamingNbIotNtn: satellite is disabled
07-30 12:04:04.956   761  1710 D WifiNl80211Manager: Scan result ready event
07-30 12:04:04.956   761  1710 D WifiNative: Scan result ready event
07-30 12:04:04.960  1330  3621 I WifiScanner: onFullResults
07-30 12:04:04.960  1330  2831 I WifiScanner: onFullResults
07-30 12:04:04.966   761   928 I HalDevMgr: bestIfaceCreationProposal is null, requestIface=STA, existingIface=[name=wlan0 type=STA]
07-30 12:04:14.018  1187  1429 D SatelliteController: iisInCarrierRoamingNbIotNtn: satellite is disabled
07-30 12:04:24.018  1187  1429 D SatelliteController: iisInCarrierRoamingNbIotNtn: satellite is disabled
07-30 12:04:27.632  1617  2090 I bboy    : (REDACTED) getHotwordActive::active query: %s, watch: %s, devices connected: %s
07-30 12:04:34.018  1187  1429 D SatelliteController: iisInCarrierRoamingNbIotNtn: satellite is disabled
07-30 12:04:44.018  1187  1429 D SatelliteController: iisInCarrierRoamingNbIotNtn: satellite is disabled
07-30 12:04:54.019  1187  1429 D SatelliteController: iisInCarrierRoamingNbIotNtn: satellite is disabled
07-30 12:05:01.294  6798  6798 I abb     : StartCommandInProcess(73657474696e67730067657400676c6f settings.get.glo [truncated])
07-30 12:05:01.294   761   761 W binder:761_B: type=1400 audit(0.0:1966): avc:  denied  { getopt } for  scontext=u:r:system_server:s0 tcontext=u:r:shell:s0 tclass=unix_stream_socket permissive=0
07-30 12:05:01.294   761   761 W binder:761_B: type=1400 audit(0.0:1967): avc:  denied  { getopt } for  scontext=u:r:system_server:s0 tcontext=u:r:shell:s0 tclass=unix_stream_socket permissive=0
07-30 12:05:01.294   761   761 W binder:761_B: type=1400 audit(0.0:1968): avc:  denied  { getopt } for  scontext=u:r:system_server:s0 tcontext=u:r:shell:s0 tclass=unix_stream_socket permissive=0
07-30 12:05:01.304  6798  6798 I abb     : StartCommandInProcess(7061636b61676500696e7374616c6c00 package.install. [truncated])
07-30 12:05:04.021  1187  1429 D SatelliteController: iisInCarrierRoamingNbIotNtn: satellite is disabled
07-30 12:05:04.306   761   761 W binder:761_B: type=1400 audit(0.0:1969): avc:  denied  { getopt } for  scontext=u:r:system_server:s0 tcontext=u:r:shell:s0 tclass=unix_stream_socket permissive=0
07-30 12:05:04.319   761  1710 E SystemServiceRegistry: No service published for: persistent_data_block
07-30 12:05:04.319   761  1710 E SystemServiceRegistry: android.os.ServiceManager$ServiceNotFoundException: No service published for: persistent_data_block
07-30 12:05:04.319   761  1710 E SystemServiceRegistry: 	at android.os.ServiceManager.getServiceOrThrow(ServiceManager.java:203)
07-30 12:05:04.319   761  1710 E SystemServiceRegistry: 	at android.app.SystemServiceRegistry$82.createService(SystemServiceRegistry.java:1110)
07-30 12:05:04.319   761  1710 E SystemServiceRegistry: 	at android.app.SystemServiceRegistry$82.createService(SystemServiceRegistry.java:1107)
07-30 12:05:04.319   761  1710 E SystemServiceRegistry: 	at android.app.SystemServiceRegistry$StaticServiceFetcher.getService(SystemServiceRegistry.java:2405)
07-30 12:05:04.319   761  1710 E SystemServiceRegistry: 	at android.app.SystemServiceRegistry.getSystemService(SystemServiceRegistry.java:1918)
07-30 12:05:04.319   761  1710 E SystemServiceRegistry: 	at android.app.ContextImpl.getSystemService(ContextImpl.java:2315)
07-30 12:05:04.319   761  1710 E SystemServiceRegistry: 	at android.content.Context.getSystemService(Context.java:4630)
07-30 12:05:04.319   761  1710 E SystemServiceRegistry: 	at com.android.server.pm.PackageInstallerSession.markAsSealed(PackageInstallerSession.java:2449)
07-30 12:05:04.319   761  1710 E SystemServiceRegistry: 	at com.android.server.pm.PackageInstallerSession.commit(PackageInstallerSession.java:2198)
07-30 12:05:04.319   761  1710 E SystemServiceRegistry: 	at android.content.pm.PackageInstaller$Session.commit(PackageInstaller.java:1988)
07-30 12:05:04.319   761  1710 E SystemServiceRegistry: 	at com.android.server.pm.PackageManagerShellCommand.doCommitSession(PackageManagerShellCommand.java:4316)
07-30 12:05:04.319   761  1710 E SystemServiceRegistry: 	at com.android.server.pm.PackageManagerShellCommand.doRunInstall(PackageManagerShellCommand.java:1641)
07-30 12:05:04.319   761  1710 E SystemServiceRegistry: 	at com.android.server.pm.PackageManagerShellCommand.runInstall(PackageManagerShellCommand.java:1562)
07-30 12:05:04.319   761  1710 E SystemServiceRegistry: 	at com.android.server.pm.PackageManagerShellCommand.onCommand(PackageManagerShellCommand.java:246)
07-30 12:05:04.319   761  1710 E SystemServiceRegistry: 	at com.android.modules.utils.BasicShellCommandHandler.exec(BasicShellCommandHandler.java:97)
07-30 12:05:04.319   761  1710 E SystemServiceRegistry: 	at android.os.ShellCommand.exec(ShellCommand.java:38)
07-30 12:05:04.319   761  1710 E SystemServiceRegistry: 	at com.android.server.pm.PackageManagerService$IPackageManagerImpl.onShellCommand(PackageManagerService.java:6684)
07-30 12:05:04.319   761  1710 E SystemServiceRegistry: 	at android.os.Binder.shellCommand(Binder.java:1151)
07-30 12:05:04.319   761  1710 E SystemServiceRegistry: 	at android.os.Binder.onTransact(Binder.java:953)
07-30 12:05:04.319   761  1710 E SystemServiceRegistry: 	at android.content.pm.IPackageManager$Stub.onTransact(IPackageManager.java:4729)
07-30 12:05:04.319   761  1710 E SystemServiceRegistry: 	at com.android.server.pm.PackageManagerService$IPackageManagerImpl.onTransact(PackageManagerService.java:6668)
07-30 12:05:04.319   761  1710 E SystemServiceRegistry: 	at android.os.Binder.execTransactInternal(Binder.java:1426)
07-30 12:05:04.319   761  1710 E SystemServiceRegistry: 	at android.os.Binder.execTransact(Binder.java:1365)
07-30 12:05:04.320   761  1710 E SystemServiceRegistry: Manager wrapper not available: persistent_data_block
07-30 12:05:05.135   761   796 D NativeLibraryHelper: Punching extracted elf file libfceummwrapper.so on fs:61267
07-30 12:05:05.135   761   796 D FileSystemUtils: Total number of LOAD segments 3
07-30 12:05:05.135   761   796 D FileSystemUtils: Size before punching holes st_blocks: 1792, st_blksize: 4096, st_size: 911704
07-30 12:05:05.135   761   796 D FileSystemUtils: Size after punching holes st_blocks: 1792, st_blksize: 4096, st_size: 911704
07-30 12:05:05.138   761   842 D InstallDependencyHelper: No missing dependency for com.fceumm.wrapper
07-30 12:05:05.146   761   828 V Configuration: Updating configuration, locales updated from [] to [en_US]
07-30 12:05:05.147   761   828 I system_server: AssetManager2(0x70c9536f1d38) locale list changing from [] to [en-US]
07-30 12:05:05.167   761   828 I PackageManager: Update package com.fceumm.wrapper code path from /data/app/~~vEcTqCBNzslTRu6GrHsI5A==/com.fceumm.wrapper-racBShXWTBMWZ3-a0MVdzA== to /data/app/vmdl709661570.tmp; Retain data and using new
07-30 12:05:05.336 10682 10682 I artd    : Starting artd
07-30 12:05:05.338 10682 10682 I AidlLazyServiceRegistrar: Registering service artd
07-30 12:05:05.342 10682 10682 I AidlLazyServiceRegistrar: Process has 1 (of 1 available) client(s) in use after notification artd has clients: 1
07-30 12:05:05.355   761   828 I AppsFilter: interaction: PackageSetting{fe08e62 com.android.microdroid.empty_payload/10200} -> PackageSetting{d338b0e com.fceumm.wrapper/10240} BLOCKED
07-30 12:05:05.355   761   828 I AppsFilter: interaction: PackageSetting{c3f080a com.mynesemulator/10216} -> PackageSetting{d338b0e com.fceumm.wrapper/10240} BLOCKED
07-30 12:05:05.356   761   828 I AppsFilter: interaction: PackageSetting{c132ccf com.t3iz3.slauncher/10222} -> PackageSetting{d338b0e com.fceumm.wrapper/10240} BLOCKED
07-30 12:05:05.357   761   828 I AppsFilter: interaction: PackageSetting{fe08e62 com.android.microdroid.empty_payload/10200} -> PackageSetting{dc1592e com.fceumm.wrapper/10240} BLOCKED
07-30 12:05:05.357   761   828 I AppsFilter: interaction: PackageSetting{c3f080a com.mynesemulator/10216} -> PackageSetting{dc1592e com.fceumm.wrapper/10240} BLOCKED
07-30 12:05:05.357   761   828 I AppsFilter: interaction: PackageSetting{c132ccf com.t3iz3.slauncher/10222} -> PackageSetting{dc1592e com.fceumm.wrapper/10240} BLOCKED
07-30 12:05:05.440   761   803 I ActivityManager: Force stopping com.fceumm.wrapper appid=10240 user=-1: installPackageLI
07-30 12:05:05.446   761   828 I PackageManager: installation completed for package:com.fceumm.wrapper. Final code path: /data/app/~~QzWG0rVKN_2w923X7M0zaQ==/com.fceumm.wrapper-S68po0RKNYQsVETnfZ_8WQ==
07-30 12:05:05.448   761   803 I ActivityManager: Killing 10570:com.fceumm.wrapper/u0a240 (adj 0): stop com.fceumm.wrapper due to installPackageLI
07-30 12:05:05.448   761   828 I AppsFilter: interaction: PackageSetting{9ccb014 com.android.microdroid.empty_payload/10200} -> PackageSetting{df06dca com.fceumm.wrapper/10240} BLOCKED
07-30 12:05:05.448   761   828 I AppsFilter: interaction: PackageSetting{f6456b2 com.mynesemulator/10216} -> PackageSetting{df06dca com.fceumm.wrapper/10240} BLOCKED
07-30 12:05:05.448   761   828 I AppsFilter: interaction: PackageSetting{fcf5603 com.t3iz3.slauncher/10222} -> PackageSetting{df06dca com.fceumm.wrapper/10240} BLOCKED
07-30 12:05:05.455   761   803 W ActivityTaskManager: Force removing ActivityRecord{143209546 u0 com.fceumm.wrapper/.MainMenuActivity t651 f}}: app died, no saved state
07-30 12:05:05.458  1030  1099 V WindowManagerShell: Transition requested (#76): android.os.BinderProxy@fc7c5d TransitionRequestInfo { type = CLOSE, triggerTask = TaskInfo{userId=0 taskId=651 effectiveUid=10240 displayId=0 isRunning=false baseIntent=Intent { act=android.intent.action.MAIN cat=[android.intent.category.LAUNCHER] flg=0x10200000 cmp=com.fceumm.wrapper/.MainMenuActivity } baseActivity=null topActivity=null origActivity=null realActivity=ComponentInfo{com.fceumm.wrapper/com.fceumm.wrapper.MainMenuActivity} numActivities=0 lastActiveTime=35852407 supportsMultiWindow=true resizeMode=1 isResizeable=true minWidth=-1 minHeight=-1 defaultMinSize=220 token=WCT{android.window.IWindowContainerToken$Stub$Proxy@65379d2} topActivityType=1 pictureInPictureParams=null shouldDockBigOverlays=false launchIntoPipHostTaskId=-1 lastParentTaskIdBeforePip=-1 displayCutoutSafeInsets=Rect(0, 0 - 0, 0) topActivityInfo=null launchCookies=[android.os.BinderProxy@938416] positionInParent=Point(0, 0) parentTaskId=-1 isFocused=true isVisible=true isVisibleRequested=true isTopActivityNoDisplay=false isSleeping=false locusId=null displayAreaFeatureId=1 isTopActivityTransparent=false isActivityStackTransparent=true lastNonFullscreenBounds=Rect(284, 660 - 796, 1740) capturedLink=null capturedLinkTimestamp=0 requestedVisibleTypes=-9 topActivityRequestOpenInBrowserEducationTimestamp=0 appCompatTaskInfo=AppCompatTaskInfo { topActivityInSizeCompat=false eligibleForLetterboxEducation= false isLetterboxEducationEnabled= false isLetterboxDoubleTapEnabled= false eligibleForUserAspectRatioButton= false topActivityBoundsLetterboxed= false isFromLetterboxDoubleTap= false topActivityLetterboxVerticalPosition= -1 topActivityLetterboxHorizontalPosition= -1 topActivityLetterboxWidth=-1 topActivityLetterboxHeight=-1 topActivityAppBounds=Rect(0, 0 - 0, 0) isUserFullscreenOverrideEnabled=false isSystemFullscreenOverrideEnabled=false hasMinAspectRatioOverride=false topActivityLetterboxBounds=null cameraCompatTaskInfo=CameraCompatTaskInfo { freeformCameraCompatMode=undefined}} topActivityMainWindowFrame=null}, pipChange = null, remoteTransition = null, displayChange = null, flags = 0, debugId = 76 }
07-30 12:05:05.464   761   986 D BackgroundInstallControlService: Package event received: 0
07-30 12:05:05.473   761   886 W InputDispatcher: channel 'ba529f7 com.fceumm.wrapper/com.fceumm.wrapper.MainMenuActivity' ~ Consumer closed input channel or an error occurred.  events=0x9
07-30 12:05:05.473   761   886 E InputDispatcher: channel 'ba529f7 com.fceumm.wrapper/com.fceumm.wrapper.MainMenuActivity' ~ Channel is unrecoverably broken and will be disposed!
07-30 12:05:05.475   603   603 I adbd    : Remote process closed the socket (on MSG_PEEK)
07-30 12:05:05.477   520   520 I Zygote  : Process 10570 exited due to signal 9 (Killed)
07-30 12:05:05.478   761  2051 I ImeTracker: com.fceumm.wrapper:f8cdc7bb: onRequestHide at ORIGIN_SERVER reason HIDE_REMOVE_CLIENT fromUser false
07-30 12:05:05.478   761   805 I libprocessgroup: Removed cgroup /sys/fs/cgroup/apps/uid_10240/pid_10570
07-30 12:05:05.479   761  2051 I ImeTracker: com.fceumm.wrapper:f8cdc7bb: onCancelled at PHASE_SERVER_SHOULD_HIDE
07-30 12:05:05.480   761   886 I WindowManager: WINDOW DIED Window{ba529f7 u0 com.fceumm.wrapper/com.fceumm.wrapper.MainMenuActivity}
07-30 12:05:05.480  1194  1194 D ViewRootImpl: Skipping stats log for color mode
07-30 12:05:05.485   761  1805 I WindowManager: WIN DEATH: Window{ba529f7 u0 com.fceumm.wrapper/com.fceumm.wrapper.MainMenuActivity EXITING}
07-30 12:05:05.485   761   803 W IPCThreadState: Sending oneway calls to frozen process.
07-30 12:05:05.485   761   803 W IPCThreadState: Sending oneway calls to frozen process.
07-30 12:05:05.485   761   803 W IPCThreadState: Sending oneway calls to frozen process.
07-30 12:05:05.485   761   803 W IPCThreadState: Sending oneway calls to frozen process.
07-30 12:05:05.486  1194  1194 D StatsLog: LAUNCHER_ONRESUME
07-30 12:05:05.486   761   803 W IPCThreadState: Sending oneway calls to frozen process.
07-30 12:05:05.488   761   803 W IPCThreadState: Sending oneway calls to frozen process.
07-30 12:05:05.488   761   803 W IPCThreadState: Sending oneway calls to frozen process.
07-30 12:05:05.489   761   803 W IPCThreadState: Sending oneway calls to frozen process.
07-30 12:05:05.491   761   803 W IPCThreadState: Sending oneway calls to frozen process.
07-30 12:05:05.492   761   803 W IPCThreadState: Sending oneway calls to frozen process.
07-30 12:05:05.492   761   803 W IPCThreadState: Sending oneway calls to frozen process.
07-30 12:05:05.492   761   986 D BackgroundInstallControlService: Package event received: 0
07-30 12:05:05.492   761   803 W IPCThreadState: Sending oneway calls to frozen process.
07-30 12:05:05.492   761   986 D BackgroundInstallControlService: Package event received: 0
07-30 12:05:05.493   761   803 W IPCThreadState: Sending oneway calls to frozen process.
07-30 12:05:05.493   761   803 W IPCThreadState: Sending oneway calls to frozen process.
07-30 12:05:05.493   595   595 I BpBinder: onLastStrongRef automatically unlinking death recipients: 
07-30 12:05:05.493   761   803 W IPCThreadState: Sending oneway calls to frozen process.
07-30 12:05:05.493   761   803 W IPCThreadState: Sending oneway calls to frozen process.
07-30 12:05:05.493   761   803 W IPCThreadState: Sending oneway calls to frozen process.
07-30 12:05:05.493   761   803 W IPCThreadState: Sending oneway calls to frozen process.
07-30 12:05:05.493   761   803 W IPCThreadState: Sending oneway calls to frozen process.
07-30 12:05:05.493   761   803 W IPCThreadState: Sending oneway calls to frozen process.
07-30 12:05:05.493   761   803 W IPCThreadState: Sending oneway calls to frozen process.
07-30 12:05:05.494   761   803 W IPCThreadState: Sending oneway calls to frozen process.
07-30 12:05:05.494   761   803 W IPCThreadState: Sending oneway calls to frozen process.
07-30 12:05:05.494   761   803 W IPCThreadState: Sending oneway calls to frozen process.
07-30 12:05:05.494   761   803 W IPCThreadState: Sending oneway calls to frozen process.
07-30 12:05:05.494   761   803 W IPCThreadState: Sending oneway calls to frozen process.
07-30 12:05:05.494   761   803 W IPCThreadState: Sending oneway calls to frozen process.
07-30 12:05:05.494   761   803 W IPCThreadState: Sending oneway calls to frozen process.
07-30 12:05:05.494  1194  1194 D NexusLauncherModelDelegate: notifySmartspaceEvent: SmartspaceTargetEvent{mSmartspaceTarget=null, mSmartspaceActionId='null', mEventType=6}
07-30 12:05:05.494   761   803 W IPCThreadState: Sending oneway calls to frozen process.
07-30 12:05:05.494   761   803 W IPCThreadState: Sending oneway calls to frozen process.
07-30 12:05:05.495   761   803 W IPCThreadState: Sending oneway calls to frozen process.
07-30 12:05:05.495   761   803 W IPCThreadState: Sending oneway calls to frozen process.
07-30 12:05:05.495   761   803 W IPCThreadState: Sending oneway calls to frozen process.
07-30 12:05:05.495   761   803 W IPCThreadState: Sending oneway calls to frozen process.
07-30 12:05:05.495   761   803 W IPCThreadState: Sending oneway calls to frozen process.
07-30 12:05:05.496   761   803 W IPCThreadState: Sending oneway calls to frozen process.
07-30 12:05:05.497  1194  1249 D QuickstepModelDelegate: notifyAppTargetEvent action=1 launchLocation=workspace/0/[-1,-1]/[1,1]
07-30 12:05:05.505  1605  1934 I AiAiEcho: Predicting[0]:  [CONTEXT sampling_count=5 ]
07-30 12:05:05.505  1605  1934 I AiAiEcho: EchoTargets: 
07-30 12:05:05.505  1605  1934 I AiAiEcho: Filtered by AiAi flag check: 
07-30 12:05:05.505  1605  1934 I AiAiEcho: [CONTEXT ratelimit_period="10 SECONDS" ]
07-30 12:05:05.506  1605  1934 I AiAiEcho: #remoteViewsTwiddler: feature disabled.
07-30 12:05:05.506  1030  1099 D WindowManagerShell: setLauncherKeepClearAreaHeight: visible=true, height=527
07-30 12:05:05.507  1605  1934 I AiAiEcho: #postPredictionTargets: Sending updates to UISurface home with targets# 0 (types=[])
07-30 12:05:05.513   761   828 I ActivityManager: Force stopping com.fceumm.wrapper appid=10240 user=0: pkg removed
07-30 12:05:05.517   761   828 I WindowManager:   Force removing ActivityRecord{143209546 u0 com.fceumm.wrapper/.MainMenuActivity t651 f} isExiting}
07-30 12:05:05.517   761   828 W WindowManager: removeAppToken: Attempted to remove non-existing token: Token{86b0cd8 ActivityRecord{143209546 u0 com.fceumm.wrapper/.MainMenuActivity t651 f} isExiting}}
07-30 12:05:05.519  1194  1194 D BaseDepthController: setSurface:
07-30 12:05:05.519  1194  1194 D BaseDepthController: 	mWaitingOnSurfaceValidity: false
07-30 12:05:05.519  1194  1194 D BaseDepthController: 	mBaseSurface: Surface(name=com.google.android.apps.nexuslauncher/com.google.android.apps.nexuslauncher.NexusLauncherActivity)/@0x4bb6e0f
07-30 12:05:05.553   761   828 W IPCThreadState: Sending oneway calls to frozen process.
07-30 12:05:05.553   761   828 W IPCThreadState: Sending oneway calls to frozen process.
07-30 12:05:05.553   761   828 W IPCThreadState: Sending oneway calls to frozen process.
07-30 12:05:05.553   761   828 W IPCThreadState: Sending oneway calls to frozen process.
07-30 12:05:05.553   761   828 W IPCThreadState: Sending oneway calls to frozen process.
07-30 12:05:05.553   761   828 W IPCThreadState: Sending oneway calls to frozen process.
07-30 12:05:05.553   761   828 W IPCThreadState: Sending oneway calls to frozen process.
07-30 12:05:05.554   761   828 W IPCThreadState: Sending oneway calls to frozen process.
07-30 12:05:05.554   761   828 W IPCThreadState: Sending oneway calls to frozen process.
07-30 12:05:05.555   761   828 W IPCThreadState: Sending oneway calls to frozen process.
07-30 12:05:05.555   761   828 W IPCThreadState: Sending oneway calls to frozen process.
07-30 12:05:05.555   761   828 W IPCThreadState: Sending oneway calls to frozen process.
07-30 12:05:05.556   761   828 W IPCThreadState: Sending oneway calls to frozen process.
07-30 12:05:05.557   761   828 W IPCThreadState: Sending oneway calls to frozen process.
07-30 12:05:05.558   761   828 W IPCThreadState: Sending oneway calls to frozen process.
07-30 12:05:05.558   761   828 W IPCThreadState: Sending oneway calls to frozen process.
07-30 12:05:05.558   761   828 W IPCThreadState: Sending oneway calls to frozen process.
07-30 12:05:05.558   761   828 W IPCThreadState: Sending oneway calls to frozen process.
07-30 12:05:05.558   761   828 W IPCThreadState: Sending oneway calls to frozen process.
07-30 12:05:05.558   761   828 W IPCThreadState: Sending oneway calls to frozen process.
07-30 12:05:05.558   761   828 W IPCThreadState: Sending oneway calls to frozen process.
07-30 12:05:05.558   761   828 W IPCThreadState: Sending oneway calls to frozen process.
07-30 12:05:05.568   761   828 W IPCThreadState: Sending oneway calls to frozen process.
07-30 12:05:05.568   761   828 W IPCThreadState: Sending oneway calls to frozen process.
07-30 12:05:05.568   761   828 W IPCThreadState: Sending oneway calls to frozen process.
07-30 12:05:05.568   761   828 W IPCThreadState: Sending oneway calls to frozen process.
07-30 12:05:05.568   761   828 W IPCThreadState: Sending oneway calls to frozen process.
07-30 12:05:05.568   761   828 W IPCThreadState: Sending oneway calls to frozen process.
07-30 12:05:05.568   761   828 W IPCThreadState: Sending oneway calls to frozen process.
07-30 12:05:05.568   761   828 W IPCThreadState: Sending oneway calls to frozen process.
07-30 12:05:05.568   761   828 W IPCThreadState: Sending oneway calls to frozen process.
07-30 12:05:05.568   761   828 W IPCThreadState: Sending oneway calls to frozen process.
07-30 12:05:05.568   761   828 W IPCThreadState: Sending oneway calls to frozen process.
07-30 12:05:05.568   761   828 W IPCThreadState: Sending oneway calls to frozen process.
07-30 12:05:05.568   761   828 W IPCThreadState: Sending oneway calls to frozen process.
07-30 12:05:05.569   761   828 W IPCThreadState: Sending oneway calls to frozen process.
07-30 12:05:05.610   761  1100 V ActivityManager: Got obituary of 10570:com.fceumm.wrapper
07-30 12:05:05.632  1194  1194 D SsBaseTemplateCard: No text view can be set up
07-30 12:05:05.633  1194  1194 D SsBaseTemplateCard: Passed-in item info is null
07-30 12:05:05.633  1194  1194 D SsBaseTemplateCard: Passed-in item info is null
07-30 12:05:05.633  1194  1194 D SsBaseTemplateCard: Passed-in item info is null
07-30 12:05:05.633  1194  1194 I SsBaseTemplateCard: Secondary card pane is null
07-30 12:05:05.648  1030  1493 V WindowManagerShell: onTransitionReady(transaction=3268470115841)
07-30 12:05:05.663   761   797 W ActivityManager: setHasOverlayUi called on unknown pid: 10570
07-30 12:05:05.666   761   904 W PackageConfigPersister: App-specific configuration not found for packageName: com.fceumm.wrapper and userId: 0
07-30 12:05:05.668  1030  1099 V WindowManagerShell: onTransitionReady (#76) android.os.BinderProxy@fc7c5d: {id=76 t=CLOSE f=0x0 trk=0 r=[0@Point(0, 0)] c=[
07-30 12:05:05.668  1030  1099 V WindowManagerShell:         {m=TO_FRONT f=SHOW_WALLPAPER|MOVE_TO_TOP leash=Surface(name=Task=1)/@0xb150aa3 sb=Rect(0, 0 - 1080, 2400) eb=Rect(0, 0 - 1080, 2400) epz=Point(1080, 2400) d=0 taskParent=-1},
07-30 12:05:05.668  1030  1099 V WindowManagerShell:         {m=CLOSE f=NONE leash=Surface(name=Task=651)/@0xe4561a0 sb=Rect(0, 0 - 1080, 2400) eb=Rect(0, 0 - 1080, 2400) epz=Point(1080, 2400) d=0 taskParent=-1},
07-30 12:05:05.668  1030  1099 V WindowManagerShell:         {m=TO_FRONT f=IS_WALLPAPER leash=Surface(name=WallpaperWindowToken{d296507 showWhenLocked=false})/@0x9098159 sb=Rect(0, 0 - 1080, 2400) eb=Rect(0, 0 - 1080, 2400) epz=Point(1080, 2400) d=0}
07-30 12:05:05.668  1030  1099 V WindowManagerShell:     ]}
07-30 12:05:05.669  1030  1099 V WindowManagerShell: Playing animation for (#76) android.os.BinderProxy@fc7c5d@0
07-30 12:05:05.670  1030  1099 V ShellRecents: RecentsTransitionHandler.startAnimation: no controller found
07-30 12:05:05.670  1030  1099 V WindowManagerShell: Transition doesn't have explicit remote, search filters for match for {id=76 t=CLOSE f=0x0 trk=0 r=[0@Point(0, 0)] c=[{m=TO_FRONT f=SHOW_WALLPAPER|MOVE_TO_TOP leash=Surface(name=Task=1)/@0xb150aa3 sb=Rect(0, 0 - 1080, 2400) eb=Rect(0, 0 - 1080, 2400) epz=Point(1080, 2400) d=0 taskParent=-1},{m=CLOSE f=NONE leash=Surface(name=Task=651)/@0xe4561a0 sb=Rect(0, 0 - 1080, 2400) eb=Rect(0, 0 - 1080, 2400) epz=Point(1080, 2400) d=0 taskParent=-1},{m=TO_FRONT f=IS_WALLPAPER leash=Surface(name=WallpaperWindowToken{d296507 showWhenLocked=false})/@0x9098159 sb=Rect(0, 0 - 1080, 2400) eb=Rect(0, 0 - 1080, 2400) epz=Point(1080, 2400) d=0}]}
07-30 12:05:05.670  1030  1099 V WindowManagerShell:  Checking filter Pair{{types=[] flags=0x0] notFlags=0x0 checks=[{atype=undefined independent=true modes=[CLOSE,TO_BACK] flags=IN_TASK_WITH_EMBEDDED_ACTIVITY mustBeTask=false order=ANY topActivity=null launchCookie=null taskFragmentToken=android.os.BinderProxy@44522b9 windowingMode=undefined}]} RemoteTransition { remoteTransition = android.window.IRemoteTransition$Stub$Proxy@61a56fe, appThread = android.app.IApplicationThread$Stub$Proxy@62c9e5f, debugName = overlayBackTransition }}
07-30 12:05:05.672  1030  1099 V WindowManagerShell:  Checking filter Pair{{types=[] flags=0x0] notFlags=0x0 checks=[{atype=dream independent=true modes=[OPEN,TO_FRONT] flags=NONE mustBeTask=false order=ANY topActivity=null launchCookie=null windowingMode=undefined},{atype=home independent=true modes=[CLOSE,TO_BACK] flags=NONE mustBeTask=false order=ANY topActivity=null launchCookie=null windowingMode=undefined}]} RemoteTransition { remoteTransition = android.window.IRemoteTransition$Stub$Proxy@5ba90ac, appThread = android.app.IApplicationThread$Stub$Proxy@98c3175, debugName = LauncherToDream }}
07-30 12:05:05.672  1030  1099 V WindowManagerShell:  Checking filter Pair{{types=[] flags=0x0] notFlags=0x100 checks=[{atype=home independent=true modes=[OPEN,TO_FRONT] flags=NONE mustBeTask=false order=TOP topActivity=ComponentInfo{com.google.android.apps.nexuslauncher/com.google.android.apps.nexuslauncher.NexusLauncherActivity} launchCookie=null windowingMode=undefined},{atype=standard independent=true modes=[CLOSE,TO_BACK] flags=NONE mustBeTask=false order=ANY topActivity=null launchCookie=null windowingMode=undefined},{NOT atype=undefined independent=true modes=[] flags=NONE mustBeTask=true order=ANY topActivity=null launchCookie=null customAnim=true windowingMode=undefined}]} RemoteTransition { remoteTransition = android.window.IRemoteTransition$Stub$Proxy@d40e50a, appThread = android.app.IApplicationThread$Stub$Proxy@a26c17b, debugName = QuickstepLaunchHome }}
07-30 12:05:05.672  1030  1099 D RemoteTransitionHandler: Found filterPair{{types=[] flags=0x0] notFlags=0x100 checks=[{atype=home independent=true modes=[OPEN,TO_FRONT] flags=NONE mustBeTask=false order=TOP topActivity=ComponentInfo{com.google.android.apps.nexuslauncher/com.google.android.apps.nexuslauncher.NexusLauncherActivity} launchCookie=null windowingMode=undefined},{atype=standard independent=true modes=[CLOSE,TO_BACK] flags=NONE mustBeTask=false order=ANY topActivity=null launchCookie=null windowingMode=undefined},{NOT atype=undefined independent=true modes=[] flags=NONE mustBeTask=true order=ANY topActivity=null launchCookie=null customAnim=true windowingMode=undefined}]} RemoteTransition { remoteTransition = android.window.IRemoteTransition$Stub$Proxy@d40e50a, appThread = android.app.IApplicationThread$Stub$Proxy@a26c17b, debugName = QuickstepLaunchHome }}
07-30 12:05:05.672  1030  1099 V WindowManagerShell:  Delegate animation for (#76) to RemoteTransition { remoteTransition = android.window.IRemoteTransition$Stub$Proxy@d40e50a, appThread = android.app.IApplicationThread$Stub$Proxy@a26c17b, debugName = QuickstepLaunchHome }
07-30 12:05:05.684  1194  1249 D PackageUpdatedTask: Package updated: mOp=UPDATE packages=[com.fceumm.wrapper], user=UserHandle{0}
07-30 12:05:05.691  1605 10690 I AiAiEcho: AppIndexer Package:[com.fceumm.wrapper] UserProfile:[0] Enabled:[true].
07-30 12:05:05.692  1605 10690 I AiAiEcho: AppFetcherImplV2 updateApps package:[com.fceumm.wrapper], userId:[0], reason:[package is updated.].
07-30 12:05:05.696  1194  1194 D StateManager: createAtomicAnimation - fromState: Background, toState: Normal, partial trace:
07-30 12:05:05.696  1194  1194 D StateManager: 	at com.android.quickstep.util.ScalingWorkspaceRevealAnim.<init>(go/retraceme ee19ec8c009da7af1d458e7d1683a6f5bf3b93b44f6674aa108e1a3e78584fe0:39)
07-30 12:05:05.696  1194  1194 D StateManager: 	at com.android.launcher3.QuickstepTransitionManager.createWallpaperOpenAnimations(go/retraceme ee19ec8c009da7af1d458e7d1683a6f5bf3b93b44f6674aa108e1a3e78584fe0:168)
07-30 12:05:05.696  1194  1194 D StateManager: 	at com.android.launcher3.QuickstepTransitionManager$WallpaperOpenLauncherAnimationRunner.onAnimationStart(go/retraceme ee19ec8c009da7af1d458e7d1683a6f5bf3b93b44f6674aa108e1a3e78584fe0:17)
07-30 12:05:05.702  1194  1194 D b/311077782: LauncherAnimationRunner.setAnimation
07-30 12:05:05.711   761   794 V WindowManager: Sent Transition (#76) createdAt=07-30 12:05:05.455 via request=TransitionRequestInfo { type = CLOSE, triggerTask = TaskInfo{userId=0 taskId=651 effectiveUid=10240 displayId=0 isRunning=false baseIntent=Intent { act=android.intent.action.MAIN cat=[android.intent.category.LAUNCHER] flg=0x10200000 cmp=com.fceumm.wrapper/.MainMenuActivity } baseActivity=null topActivity=null origActivity=null realActivity=ComponentInfo{com.fceumm.wrapper/com.fceumm.wrapper.MainMenuActivity} numActivities=0 lastActiveTime=35852407 supportsMultiWindow=true resizeMode=1 isResizeable=true minWidth=-1 minHeight=-1 defaultMinSize=220 token=WCT{RemoteToken{ea75c08 Task{b95ffbb #651 type=standard A=10240:com.fceumm.wrapper}}} topActivityType=1 pictureInPictureParams=null shouldDockBigOverlays=false launchIntoPipHostTaskId=-1 lastParentTaskIdBeforePip=-1 displayCutoutSafeInsets=Rect(0, 0 - 0, 0) topActivityInfo=null launchCookies=[android.os.BinderProxy@eda5c6] positionInParent=Point(0, 0) parentTaskId=-1 isFocused=true isVisible=true isVisibleRequested=true isTopActivityNoDisplay=false isSleeping=false locusId=null displayAreaFeatureId=1 isTopActivityTransparent=false isActivityStackTransparent=true lastNonFullscreenBounds=Rect(284, 660 - 796, 1740) capturedLink=null capturedLinkTimestamp=0 requestedVisibleTypes=-9 topActivityRequestOpenInBrowserEducationTimestamp=0 appCompatTaskInfo=AppCompatTaskInfo { topActivityInSizeCompat=false eligibleForLetterboxEducation= false isLetterboxEducationEnabled= false isLetterboxDoubleTapEnabled= false eligibleForUserAspectRatioButton= false topActivityBoundsLetterboxed= false isFromLetterboxDoubleTap= false topActivityLetterboxVerticalPosition= -1 topActivityLetterboxHorizontalPosition= -1 topActivityLetterboxWidth=-1 topActivityLetterboxHeight=-1 topActivityAppBounds=Rect(0, 0 - 0, 0) isUserFullscreenOverrideEnabled=false isSystemFullscreenOverrideEnabled=false hasMinAspectRatioOverride=false topActivityLetterboxBounds=null cameraCompatTaskInfo=CameraCompatTaskInfo { freeformCameraCompatMode=undefined}} topActivityMainWindowFrame=null}, pipChange = null, remoteTransition = null, displayChange = null, flags = 0, debugId = 76 }
07-30 12:05:05.711   761   794 V WindowManager:     startWCT=WindowContainerTransaction { changes= {} hops= [] errorCallbackToken=null taskFragmentOrganizer=null }
07-30 12:05:05.712   761   794 V WindowManager:     info={id=76 t=CLOSE f=0x0 trk=0 r=[0@Point(0, 0)] c=[
07-30 12:05:05.712   761   794 V WindowManager:         {WCT{RemoteToken{6374733 Task{e51d461 #1 type=home}}} m=TO_FRONT f=SHOW_WALLPAPER|MOVE_TO_TOP leash=Surface(name=Task=1)/@0xef92ec3 sb=Rect(0, 0 - 1080, 2400) eb=Rect(0, 0 - 1080, 2400) epz=Point(1080, 2400) d=0 taskParent=-1},
07-30 12:05:05.712   761   794 V WindowManager:         {WCT{RemoteToken{ea75c08 Task{b95ffbb #651 type=standard A=10240:com.fceumm.wrapper}}} m=CLOSE f=NONE leash=Surface(name=Task=651)/@0x3ff43fa sb=Rect(0, 0 - 1080, 2400) eb=Rect(0, 0 - 1080, 2400) epz=Point(1080, 2400) d=0 taskParent=-1},
07-30 12:05:05.712   761   794 V WindowManager:         {m=TO_FRONT f=IS_WALLPAPER leash=Surface(name=WallpaperWindowToken{d296507 showWhenLocked=false})/@0xf585d5b sb=Rect(0, 0 - 1080, 2400) eb=Rect(0, 0 - 1080, 2400) epz=Point(1080, 2400) d=0}
07-30 12:05:05.712   761   794 V WindowManager:     ]}
07-30 12:05:05.715  1605 10690 I ogle.android.as: AssetManager2(0x70c95366f298) locale list changing from [] to [en-US]
07-30 12:05:05.721   761   899 I system_server: AssetManager2(0x70c9536f1d38) locale list changing from [] to [en-US]
07-30 12:05:05.730   761   797 V WindowManager: Unknown focus tokens, dropping reportFocusChanged
07-30 12:05:05.736  1030  1099 V WindowManagerShell:  animated by com.android.wm.shell.transition.RemoteTransitionHandler@2605571
07-30 12:05:05.741   761   895 I ImeTracker: com.google.android.apps.nexuslauncher:29955a13: onRequestHide at ORIGIN_SERVER reason HIDE_UNSPECIFIED_WINDOW fromUser false
07-30 12:05:05.763  1194  1194 D InsetsController: hide(ime(), fromIme=false)
07-30 12:05:05.764  1194  1194 I ImeTracker: com.google.android.apps.nexuslauncher:29955a13: onCancelled at PHASE_CLIENT_ALREADY_HIDDEN
07-30 12:05:05.768   761   828 W IPCThreadState: Sending oneway calls to frozen process.
07-30 12:05:05.768   761   828 W IPCThreadState: Sending oneway calls to frozen process.
07-30 12:05:05.768   761   828 W IPCThreadState: Sending oneway calls to frozen process.
07-30 12:05:05.768   761   828 W IPCThreadState: Sending oneway calls to frozen process.
07-30 12:05:05.768   761   828 W IPCThreadState: Sending oneway calls to frozen process.
07-30 12:05:05.768  1330  1330 D ActivityThread: Package [com.fceumm.wrapper] reported as REPLACED, but missing application info. Assuming REMOVED.
07-30 12:05:05.768   761   828 W IPCThreadState: Sending oneway calls to frozen process.
07-30 12:05:05.768   761   828 W IPCThreadState: Sending oneway calls to frozen process.
07-30 12:05:05.769   761   828 W IPCThreadState: Sending oneway calls to frozen process.
07-30 12:05:05.769   761   828 W IPCThreadState: Sending oneway calls to frozen process.
07-30 12:05:05.769   761   828 W IPCThreadState: Sending oneway calls to frozen process.
07-30 12:05:05.769   761   828 W IPCThreadState: Sending oneway calls to frozen process.
07-30 12:05:05.769   761   828 W IPCThreadState: Sending oneway calls to frozen process.
07-30 12:05:05.769  1633  1633 D ActivityThread: Package [com.fceumm.wrapper] reported as REPLACED, but missing application info. Assuming REMOVED.
07-30 12:05:05.769   761   828 W IPCThreadState: Sending oneway calls to frozen process.
07-30 12:05:05.769   761   828 W IPCThreadState: Sending oneway calls to frozen process.
07-30 12:05:05.769   761   828 W IPCThreadState: Sending oneway calls to frozen process.
07-30 12:05:05.769   761   828 W IPCThreadState: Sending oneway calls to frozen process.
07-30 12:05:05.769   761   828 W IPCThreadState: Sending oneway calls to frozen process.
07-30 12:05:05.769   761   828 W IPCThreadState: Sending oneway calls to frozen process.
07-30 12:05:05.770   761   828 W IPCThreadState: Sending oneway calls to frozen process.
07-30 12:05:05.770  1467  1467 I GoogleInputMethodService: GoogleInputMethodService.onFinishInput():2045 
07-30 12:05:05.770   761   828 W IPCThreadState: Sending oneway calls to frozen process.
07-30 12:05:05.770   761   828 W IPCThreadState: Sending oneway calls to frozen process.
07-30 12:05:05.770  1215  1215 D ActivityThread: Package [com.fceumm.wrapper] reported as REPLACED, but missing application info. Assuming REMOVED.
07-30 12:05:05.770   761   828 W IPCThreadState: Sending oneway calls to frozen process.
07-30 12:05:05.770   761   828 W IPCThreadState: Sending oneway calls to frozen process.
07-30 12:05:05.771   761   828 W IPCThreadState: Sending oneway calls to frozen process.
07-30 12:05:05.771   761   828 W IPCThreadState: Sending oneway calls to frozen process.
07-30 12:05:05.771   761   828 W IPCThreadState: Sending oneway calls to frozen process.
07-30 12:05:05.771   761   828 W IPCThreadState: Sending oneway calls to frozen process.
07-30 12:05:05.771   761   828 W IPCThreadState: Sending oneway calls to frozen process.
07-30 12:05:05.771  1605  1605 D ActivityThread: Package [com.fceumm.wrapper] reported as REPLACED, but missing application info. Assuming REMOVED.
07-30 12:05:05.771   761   828 W IPCThreadState: Sending oneway calls to frozen process.
07-30 12:05:05.771  1617  1617 D ActivityThread: Package [com.fceumm.wrapper] reported as REPLACED, but missing application info. Assuming REMOVED.
07-30 12:05:05.773  1467  1467 I Module  : DeviceLockedStatusModuleProvider$Module.updateDeviceLockedStatus():100 repeatCheckTimes = 0, locked = false
07-30 12:05:05.775  1194  1194 D ActivityThread: Package [com.fceumm.wrapper] reported as REPLACED, but missing application info. Assuming REMOVED.
07-30 12:05:05.775   595   595 I BpBinder: onLastStrongRef automatically unlinking death recipients: 
07-30 12:05:05.777   546   577 I RanchuHwc: logCompositionFallbackIfChanged: layer 235 CompositionType fallback from 2 to 1
07-30 12:05:05.777   546   577 I RanchuHwc: logCompositionFallbackIfChanged: layer 236 CompositionType fallback from 2 to 1
07-30 12:05:05.784  1594  1594 D ActivityThread: Package [com.fceumm.wrapper] reported as REPLACED, but missing application info. Assuming REMOVED.
