07-30 12:05:17.842 10751 10842 F .fceumm.wrapper: runtime.cc:709] "SurfaceSyncGroupTimer" prio=5 tid=23 Native
07-30 12:05:17.842 10751 10842 F .fceumm.wrapper: runtime.cc:709]   | group="" sCount=1 ucsCount=0 flags=1 obj=0x2104de8 self=0x70c8c365e5e0
07-30 12:05:17.842 10751 10842 F .fceumm.wrapper: runtime.cc:709]   | sysTid=10786 nice=0 cgrp=top-app sched=0/0 handle=0x70c6c0854690
07-30 12:05:17.842 10751 10842 F .fceumm.wrapper: runtime.cc:709]   | state=S schedstat=( 1321606 3215727 4 ) utm=0 stm=0 core=5 HZ=100
07-30 12:05:17.842 10751 10842 F .fceumm.wrapper: runtime.cc:709]   | stack=0x70c6c0751000-0x70c6c0753000 stackSize=1037KB
07-30 12:05:17.842 10751 10842 F .fceumm.wrapper: runtime.cc:709]   | held mutexes=
07-30 12:05:17.842 10751 10842 F .fceumm.wrapper: runtime.cc:709]   native: #00 pc 000ddbea  /apex/com.android.runtime/lib64/bionic/libc.so (__epoll_pwait+10) (BuildId: fcb82240218d1473de1e3d2137c0be35)
07-30 12:05:17.842 10751 10842 F .fceumm.wrapper: runtime.cc:709]   native: #01 pc 0001707d  /system/lib64/libutils.so (android::Looper::pollOnce+413) (BuildId: 5cc628b071d29c54b7d93955e6a5c990)
07-30 12:05:17.842 10751 10842 F .fceumm.wrapper: runtime.cc:709]   native: #02 pc 001b92a6  /system/lib64/libandroid_runtime.so (android::android_os_MessageQueue_nativePollOnce+38) (BuildId: e8991645c13e477d60780ebef0ea0a89)
07-30 12:05:17.842 10751 10842 F .fceumm.wrapper: runtime.cc:709]   native: #03 pc 0022c8cb  /apex/com.android.art/lib64/libart.so (art_quick_generic_jni_trampoline+219) (BuildId: e14bfa0cec1c4f196bc6c94a34282478)
07-30 12:05:17.842 10751 10842 F .fceumm.wrapper: runtime.cc:709]   native: #04 pc 00067a1e  [anon_shmem:dalvik-jit-code-cache] (offset 2000000) (android.os.MessageQueue.nextLegacy+398)
07-30 12:05:17.842 10751 10842 F .fceumm.wrapper: runtime.cc:709]   native: #05 pc 0006772b  [anon_shmem:dalvik-jit-code-cache] (offset 2000000) (android.os.MessageQueue.next+155)
07-30 12:05:17.842 10751 10842 F .fceumm.wrapper: runtime.cc:709]   native: #06 pc 00066b74  [anon_shmem:dalvik-jit-code-cache] (offset 2000000) (android.os.Looper.loopOnce+196)
07-30 12:05:17.842 10751 10842 F .fceumm.wrapper: runtime.cc:709]   native: #07 pc 000659ae  [anon_shmem:dalvik-jit-code-cache] (offset 2000000) (android.os.Looper.loop+254)
07-30 12:05:17.842 10751 10842 F .fceumm.wrapper: runtime.cc:709]   native: #08 pc 002121f6  /apex/com.android.art/lib64/libart.so (art_quick_invoke_static_stub+806) (BuildId: e14bfa0cec1c4f196bc6c94a34282478)
07-30 12:05:17.842 10751 10842 F .fceumm.wrapper: runtime.cc:709]   native: #09 pc 0046220c  /apex/com.android.art/lib64/libart.so (art::ArtMethod::Invoke+252) (BuildId: e14bfa0cec1c4f196bc6c94a34282478)
07-30 12:05:17.842 10751 10842 F .fceumm.wrapper: runtime.cc:709]   native: #10 pc 005fa142  /apex/com.android.art/lib64/libart.so (bool art::interpreter::DoCall<false>+2402) (BuildId: e14bfa0cec1c4f196bc6c94a34282478)
07-30 12:05:17.842 10751 10842 F .fceumm.wrapper: runtime.cc:709]   native: #11 pc 00234b05  /apex/com.android.art/lib64/libart.so (void art::interpreter::ExecuteSwitchImplCpp<false>+15989) (BuildId: e14bfa0cec1c4f196bc6c94a34282478)
07-30 12:05:17.842 10751 10842 F .fceumm.wrapper: runtime.cc:709]   native: #12 pc 00210915  /apex/com.android.art/lib64/libart.so (ExecuteSwitchImplAsm+5) (BuildId: e14bfa0cec1c4f196bc6c94a34282478)
07-30 12:05:17.842 10751 10842 F .fceumm.wrapper: runtime.cc:709]   native: #13 pc 00254a64  /system/framework/framework.jar (offset 1286000) (android.os.HandlerThread.run)
07-30 12:05:17.842 10751 10842 F .fceumm.wrapper: runtime.cc:709]   native: #14 pc 005f2082  /apex/com.android.art/lib64/libart.so (art::interpreter::Execute +466) (BuildId: e14bfa0cec1c4f196bc6c94a34282478)
07-30 12:05:17.842 10751 10842 F .fceumm.wrapper: runtime.cc:709]   native: #15 pc 009a861b  /apex/com.android.art/lib64/libart.so (artQuickToInterpreterBridge+907) (BuildId: e14bfa0cec1c4f196bc6c94a34282478)
07-30 12:05:17.842 10751 10842 F .fceumm.wrapper: runtime.cc:709]   native: #16 pc 0022ca5c  /apex/com.android.art/lib64/libart.so (art_quick_to_interpreter_bridge+140) (BuildId: e14bfa0cec1c4f196bc6c94a34282478)
07-30 12:05:17.842 10751 10842 F .fceumm.wrapper: runtime.cc:709]   native: #17 pc 00211e94  /apex/com.android.art/lib64/libart.so (art_quick_invoke_stub+756) (BuildId: e14bfa0cec1c4f196bc6c94a34282478)
07-30 12:05:17.842 10751 10842 F .fceumm.wrapper: runtime.cc:709]   native: #18 pc 004621c5  /apex/com.android.art/lib64/libart.so (art::ArtMethod::Invoke+181) (BuildId: e14bfa0cec1c4f196bc6c94a34282478)
07-30 12:05:17.842 10751 10842 F .fceumm.wrapper: runtime.cc:709]   native: #19 pc 008f42ec  /apex/com.android.art/lib64/libart.so (art::Thread::CreateCallback+1388) (BuildId: e14bfa0cec1c4f196bc6c94a34282478)
07-30 12:05:17.842 10751 10842 F .fceumm.wrapper: runtime.cc:709]   native: #20 pc 008f3d78  /apex/com.android.art/lib64/libart.so (art::Thread::CreateCallbackWithUffdGc+8) (BuildId: e14bfa0cec1c4f196bc6c94a34282478)
07-30 12:05:17.842 10751 10842 F .fceumm.wrapper: runtime.cc:709]   native: #21 pc 0007ac5f  /apex/com.android.runtime/lib64/bionic/libc.so (__pthread_start+63) (BuildId: fcb82240218d1473de1e3d2137c0be35)
07-30 12:05:17.842 10751 10842 F .fceumm.wrapper: runtime.cc:709]   native: #22 pc 0006d94d  /apex/com.android.runtime/lib64/bionic/libc.so (__start_thread+61) (BuildId: fcb82240218d1473de1e3d2137c0be35)
07-30 12:05:17.842 10751 10842 F .fceumm.wrapper: runtime.cc:709]   at android.os.MessageQueue.nativePollOnce(Native method)
07-30 12:05:17.842 10751 10842 F .fceumm.wrapper: runtime.cc:709]   at android.os.MessageQueue.nextLegacy(MessageQueue.java:913)
07-30 12:05:17.842 10751 10842 F .fceumm.wrapper: runtime.cc:709]   at android.os.MessageQueue.next(MessageQueue.java:1025)
07-30 12:05:17.842 10751 10842 F .fceumm.wrapper: runtime.cc:709]   at android.os.Looper.loopOnce(Looper.java:196)
07-30 12:05:17.842 10751 10842 F .fceumm.wrapper: runtime.cc:709]   at android.os.Looper.loop(Looper.java:338)
07-30 12:05:17.842 10751 10842 F .fceumm.wrapper: runtime.cc:709]   at android.os.HandlerThread.run(HandlerThread.java:85)
07-30 12:05:17.842 10751 10842 F .fceumm.wrapper: runtime.cc:709] 
07-30 12:05:17.842 10751 10842 F .fceumm.wrapper: runtime.cc:709] "binder:10751_4" prio=5 tid=24 Native
07-30 12:05:17.842 10751 10842 F .fceumm.wrapper: runtime.cc:709]   | group="" sCount=1 ucsCount=0 flags=1 obj=0x21099e8 self=0x70c8c367da80
07-30 12:05:17.842 10751 10842 F .fceumm.wrapper: runtime.cc:709]   | sysTid=10788 nice=0 cgrp=top-app sched=0/0 handle=0x70c6c0640690
07-30 12:05:17.842 10751 10842 F .fceumm.wrapper: runtime.cc:709]   | state=S schedstat=( 41386489 178512776 222 ) utm=0 stm=4 core=4 HZ=100
07-30 12:05:17.842 10751 10842 F .fceumm.wrapper: runtime.cc:709]   | stack=0x70c6c0549000-0x70c6c054b000 stackSize=989KB
07-30 12:05:17.842 10751 10842 F .fceumm.wrapper: runtime.cc:709]   | held mutexes=
07-30 12:05:17.842 10751 10842 F .fceumm.wrapper: runtime.cc:709]   native: #00 pc 000dcbc7  /apex/com.android.runtime/lib64/bionic/libc.so (__ioctl+7) (BuildId: fcb82240218d1473de1e3d2137c0be35)
07-30 12:05:17.842 10751 10842 F .fceumm.wrapper: runtime.cc:709]   native: #01 pc 00075e65  /apex/com.android.runtime/lib64/bionic/libc.so (ioctl+181) (BuildId: fcb82240218d1473de1e3d2137c0be35)
07-30 12:05:17.842 10751 10842 F .fceumm.wrapper: runtime.cc:709]   native: #02 pc 0004a280  /system/lib64/libbinder.so (android::IPCThreadState::talkWithDriver+304) (BuildId: c09febca3bf6ce00394dbc9ec4a63b7e)
07-30 12:05:17.842 10751 10842 F .fceumm.wrapper: runtime.cc:709]   native: #03 pc 0004eb10  /system/lib64/libbinder.so (android::IPCThreadState::joinThreadPool+160) (BuildId: c09febca3bf6ce00394dbc9ec4a63b7e)
07-30 12:05:17.842 10751 10842 F .fceumm.wrapper: runtime.cc:709]   native: #04 pc 0007ddec  /system/lib64/libbinder.so (android::PoolThread::threadLoop+28) (BuildId: c09febca3bf6ce00394dbc9ec4a63b7e)
07-30 12:05:17.842 10751 10842 F .fceumm.wrapper: runtime.cc:709]   native: #05 pc 000196f1  /system/lib64/libutils.so (android::Thread::_threadLoop+161) (BuildId: 5cc628b071d29c54b7d93955e6a5c990)
07-30 12:05:17.842 10751 10842 F .fceumm.wrapper: runtime.cc:709]   native: #06 pc 0011b82e  /system/lib64/libandroid_runtime.so (android::AndroidRuntime::javaThreadShell+142) (BuildId: e8991645c13e477d60780ebef0ea0a89)
07-30 12:05:17.842 10751 10842 F .fceumm.wrapper: runtime.cc:709]   native: #07 pc 0001b9af  /system/lib64/libutils.so (libutil_thread_trampoline +15) (BuildId: 5cc628b071d29c54b7d93955e6a5c990)
07-30 12:05:17.842 10751 10842 F .fceumm.wrapper: runtime.cc:709]   native: #08 pc 0007ac5f  /apex/com.android.runtime/lib64/bionic/libc.so (__pthread_start+63) (BuildId: fcb82240218d1473de1e3d2137c0be35)
07-30 12:05:17.842 10751 10842 F .fceumm.wrapper: runtime.cc:709]   native: #09 pc 0006d94d  /apex/com.android.runtime/lib64/bionic/libc.so (__start_thread+61) (BuildId: fcb82240218d1473de1e3d2137c0be35)
07-30 12:05:17.842 10751 10842 F .fceumm.wrapper: runtime.cc:709]   (no managed stack frames)
07-30 12:05:17.842 10751 10842 F .fceumm.wrapper: runtime.cc:709] 
07-30 12:05:17.843 10751 10842 F .fceumm.wrapper: runtime.cc:709] "InsetsAnimations" prio=5 tid=25 Native
07-30 12:05:17.843 10751 10842 F .fceumm.wrapper: runtime.cc:709]   | group="" sCount=1 ucsCount=0 flags=1 obj=0x2106a10 self=0x70c8c367f650
07-30 12:05:17.843 10751 10842 F .fceumm.wrapper: runtime.cc:709]   | sysTid=10789 nice=0 cgrp=top-app sched=0/0 handle=0x70c6c053c690
07-30 12:05:17.843 10751 10842 F .fceumm.wrapper: runtime.cc:709]   | state=S schedstat=( 69350579 146649734 86 ) utm=0 stm=6 core=5 HZ=100
07-30 12:05:17.843 10751 10842 F .fceumm.wrapper: runtime.cc:709]   | stack=0x70c6c0439000-0x70c6c043b000 stackSize=1037KB
07-30 12:05:17.843 10751 10842 F .fceumm.wrapper: runtime.cc:709]   | held mutexes=
07-30 12:05:17.843 10751 10842 F .fceumm.wrapper: runtime.cc:709]   native: #00 pc 000ddbea  /apex/com.android.runtime/lib64/bionic/libc.so (__epoll_pwait+10) (BuildId: fcb82240218d1473de1e3d2137c0be35)
07-30 12:05:17.843 10751 10842 F .fceumm.wrapper: runtime.cc:709]   native: #01 pc 0001707d  /system/lib64/libutils.so (android::Looper::pollOnce+413) (BuildId: 5cc628b071d29c54b7d93955e6a5c990)
07-30 12:05:17.843 10751 10842 F .fceumm.wrapper: runtime.cc:709]   native: #02 pc 001b92a6  /system/lib64/libandroid_runtime.so (android::android_os_MessageQueue_nativePollOnce+38) (BuildId: e8991645c13e477d60780ebef0ea0a89)
07-30 12:05:17.843 10751 10842 F .fceumm.wrapper: runtime.cc:709]   native: #03 pc 0022c8cb  /apex/com.android.art/lib64/libart.so (art_quick_generic_jni_trampoline+219) (BuildId: e14bfa0cec1c4f196bc6c94a34282478)
07-30 12:05:17.843 10751 10842 F .fceumm.wrapper: runtime.cc:709]   native: #04 pc 00067a1e  [anon_shmem:dalvik-jit-code-cache] (offset 2000000) (android.os.MessageQueue.nextLegacy+398)
07-30 12:05:17.843 10751 10842 F .fceumm.wrapper: runtime.cc:709]   native: #05 pc 0006772b  [anon_shmem:dalvik-jit-code-cache] (offset 2000000) (android.os.MessageQueue.next+155)
07-30 12:05:17.843 10751 10842 F .fceumm.wrapper: runtime.cc:709]   native: #06 pc 00066b74  [anon_shmem:dalvik-jit-code-cache] (offset 2000000) (android.os.Looper.loopOnce+196)
07-30 12:05:17.843 10751 10842 F .fceumm.wrapper: runtime.cc:709]   native: #07 pc 000659ae  [anon_shmem:dalvik-jit-code-cache] (offset 2000000) (android.os.Looper.loop+254)
07-30 12:05:17.843 10751 10842 F .fceumm.wrapper: runtime.cc:709]   native: #08 pc 002121f6  /apex/com.android.art/lib64/libart.so (art_quick_invoke_static_stub+806) (BuildId: e14bfa0cec1c4f196bc6c94a34282478)
07-30 12:05:17.843 10751 10842 F .fceumm.wrapper: runtime.cc:709]   native: #09 pc 0046220c  /apex/com.android.art/lib64/libart.so (art::ArtMethod::Invoke+252) (BuildId: e14bfa0cec1c4f196bc6c94a34282478)
07-30 12:05:17.843 10751 10842 F .fceumm.wrapper: runtime.cc:709]   native: #10 pc 005fa142  /apex/com.android.art/lib64/libart.so (bool art::interpreter::DoCall<false>+2402) (BuildId: e14bfa0cec1c4f196bc6c94a34282478)
07-30 12:05:17.843 10751 10842 F .fceumm.wrapper: runtime.cc:709]   native: #11 pc 00234b05  /apex/com.android.art/lib64/libart.so (void art::interpreter::ExecuteSwitchImplCpp<false>+15989) (BuildId: e14bfa0cec1c4f196bc6c94a34282478)
07-30 12:05:17.843 10751 10842 F .fceumm.wrapper: runtime.cc:709]   native: #12 pc 00210915  /apex/com.android.art/lib64/libart.so (ExecuteSwitchImplAsm+5) (BuildId: e14bfa0cec1c4f196bc6c94a34282478)
07-30 12:05:17.843 10751 10842 F .fceumm.wrapper: runtime.cc:709]   native: #13 pc 00254a64  /system/framework/framework.jar (offset 1286000) (android.os.HandlerThread.run)
07-30 12:05:17.843 10751 10842 F .fceumm.wrapper: runtime.cc:709]   native: #14 pc 005f2082  /apex/com.android.art/lib64/libart.so (art::interpreter::Execute +466) (BuildId: e14bfa0cec1c4f196bc6c94a34282478)
07-30 12:05:17.843 10751 10842 F .fceumm.wrapper: runtime.cc:709]   native: #15 pc 009a861b  /apex/com.android.art/lib64/libart.so (artQuickToInterpreterBridge+907) (BuildId: e14bfa0cec1c4f196bc6c94a34282478)
07-30 12:05:17.843 10751 10842 F .fceumm.wrapper: runtime.cc:709]   native: #16 pc 0022ca5c  /apex/com.android.art/lib64/libart.so (art_quick_to_interpreter_bridge+140) (BuildId: e14bfa0cec1c4f196bc6c94a34282478)
07-30 12:05:17.843 10751 10842 F .fceumm.wrapper: runtime.cc:709]   native: #17 pc 00211e94  /apex/com.android.art/lib64/libart.so (art_quick_invoke_stub+756) (BuildId: e14bfa0cec1c4f196bc6c94a34282478)
07-30 12:05:17.843 10751 10842 F .fceumm.wrapper: runtime.cc:709]   native: #18 pc 004621c5  /apex/com.android.art/lib64/libart.so (art::ArtMethod::Invoke+181) (BuildId: e14bfa0cec1c4f196bc6c94a34282478)
07-30 12:05:17.843 10751 10842 F .fceumm.wrapper: runtime.cc:709]   native: #19 pc 008f42ec  /apex/com.android.art/lib64/libart.so (art::Thread::CreateCallback+1388) (BuildId: e14bfa0cec1c4f196bc6c94a34282478)
07-30 12:05:17.843 10751 10842 F .fceumm.wrapper: runtime.cc:709]   native: #20 pc 008f3d78  /apex/com.android.art/lib64/libart.so (art::Thread::CreateCallbackWithUffdGc+8) (BuildId: e14bfa0cec1c4f196bc6c94a34282478)
07-30 12:05:17.843 10751 10842 F .fceumm.wrapper: runtime.cc:709]   native: #21 pc 0007ac5f  /apex/com.android.runtime/lib64/bionic/libc.so (__pthread_start+63) (BuildId: fcb82240218d1473de1e3d2137c0be35)
07-30 12:05:17.843 10751 10842 F .fceumm.wrapper: runtime.cc:709]   native: #22 pc 0006d94d  /apex/com.android.runtime/lib64/bionic/libc.so (__start_thread+61) (BuildId: fcb82240218d1473de1e3d2137c0be35)
07-30 12:05:17.843 10751 10842 F .fceumm.wrapper: runtime.cc:709]   at android.os.MessageQueue.nativePollOnce(Native method)
07-30 12:05:17.843 10751 10842 F .fceumm.wrapper: runtime.cc:709]   at android.os.MessageQueue.nextLegacy(MessageQueue.java:913)
07-30 12:05:17.843 10751 10842 F .fceumm.wrapper: runtime.cc:709]   at android.os.MessageQueue.next(MessageQueue.java:1025)
07-30 12:05:17.843 10751 10842 F .fceumm.wrapper: runtime.cc:709]   at android.os.Looper.loopOnce(Looper.java:196)
07-30 12:05:17.843 10751 10842 F .fceumm.wrapper: runtime.cc:709]   at android.os.Looper.loop(Looper.java:338)
07-30 12:05:17.843 10751 10842 F .fceumm.wrapper: runtime.cc:709]   at android.os.HandlerThread.run(HandlerThread.java:85)
07-30 12:05:17.843 10751 10842 F .fceumm.wrapper: runtime.cc:709] 
07-30 12:05:17.843 10751 10842 F .fceumm.wrapper: runtime.cc:709] "Thread-6" prio=10 tid=26 Runnable
07-30 12:05:17.843 10751 10842 F .fceumm.wrapper: runtime.cc:709]   | group="" sCount=0 ucsCount=0 flags=0 obj=0x21b3000 self=0x70c8c368b900
07-30 12:05:17.843 10751 10842 F .fceumm.wrapper: runtime.cc:709]   | sysTid=10842 nice=-10 cgrp=top-app sched=0/0 handle=0x70c74a5fe690
07-30 12:05:17.843 10751 10842 F .fceumm.wrapper: runtime.cc:709]   | state=R schedstat=( 142873236 24231497 419 ) utm=1 stm=12 core=4 HZ=100
07-30 12:05:17.843 10751 10842 F .fceumm.wrapper: runtime.cc:709]   | stack=0x70c74a507000-0x70c74a509000 stackSize=989KB
07-30 12:05:17.843 10751 10842 F .fceumm.wrapper: runtime.cc:709]   | held mutexes= "abort lock" "mutator lock"(shared held)
07-30 12:05:17.843 10751 10842 F .fceumm.wrapper: runtime.cc:709]   native: #00 pc 007edde4  /apex/com.android.art/lib64/libart.so (art::DumpNativeStack+196) (BuildId: e14bfa0cec1c4f196bc6c94a34282478)
07-30 12:05:17.843 10751 10842 F .fceumm.wrapper: runtime.cc:709]   native: #01 pc 008fc9af  /apex/com.android.art/lib64/libart.so (art::Thread::DumpStack const+383) (BuildId: e14bfa0cec1c4f196bc6c94a34282478)
07-30 12:05:17.843 10751 10842 F .fceumm.wrapper: runtime.cc:709]   native: #02 pc 0091f0b8  /apex/com.android.art/lib64/libart.so (art::DumpCheckpoint::Run+584) (BuildId: e14bfa0cec1c4f196bc6c94a34282478)
07-30 12:05:17.843 10751 10842 F .fceumm.wrapper: runtime.cc:709]   native: #03 pc 0091832e  /apex/com.android.art/lib64/libart.so (art::ThreadList::RunCheckpoint+2654) (BuildId: e14bfa0cec1c4f196bc6c94a34282478)
07-30 12:05:17.843 10751 10842 F .fceumm.wrapper: runtime.cc:709]   native: #04 pc 00916ea4  /apex/com.android.art/lib64/libart.so (art::ThreadList::Dump+1044) (BuildId: e14bfa0cec1c4f196bc6c94a34282478)
07-30 12:05:17.843 10751 10842 F .fceumm.wrapper: runtime.cc:709]   native: #05 pc 008c1a1f  /apex/com.android.art/lib64/libart.so (art::AbortState::Dump const+207) (BuildId: e14bfa0cec1c4f196bc6c94a34282478)
07-30 12:05:17.843 10751 10842 F .fceumm.wrapper: runtime.cc:709]   native: #06 pc 008a611d  /apex/com.android.art/lib64/libart.so (art::Runtime::Abort+1693) (BuildId: e14bfa0cec1c4f196bc6c94a34282478)
07-30 12:05:17.843 10751 10842 F .fceumm.wrapper: runtime.cc:709]   native: #07 pc 0001644e  /apex/com.android.art/lib64/libbase.so (android::base::SetAborter::$_0::__invoke+62) (BuildId: 8d430ee9c793bd5eaf690858479674e1)
07-30 12:05:17.843 10751 10842 F .fceumm.wrapper: runtime.cc:709]   native: #08 pc 0001592e  /apex/com.android.art/lib64/libbase.so (android::base::LogMessage::~LogMessage+526) (BuildId: 8d430ee9c793bd5eaf690858479674e1)
07-30 12:05:17.843 10751 10842 F .fceumm.wrapper: runtime.cc:709]   native: #09 pc 0067df26  /apex/com.android.art/lib64/libart.so (art::JavaVMExt::JniAbort+2854) (BuildId: e14bfa0cec1c4f196bc6c94a34282478)
07-30 12:05:17.843 10751 10842 F .fceumm.wrapper: runtime.cc:709]   native: #10 pc 0066da12  /apex/com.android.art/lib64/libart.so (art::::CheckAttachedThread +178) (BuildId: e14bfa0cec1c4f196bc6c94a34282478)
07-30 12:05:17.843 10751 10842 F .fceumm.wrapper: runtime.cc:709]   native: #11 pc 00669852  /apex/com.android.art/lib64/libart.so (art::::CheckJNI::GetJavaVM +50) (BuildId: e14bfa0cec1c4f196bc6c94a34282478)
07-30 12:05:17.843 10751 10842 F .fceumm.wrapper: runtime.cc:709]   native: #12 pc 0006929f  /data/app/~~QzWG0rVKN_2w923X7M0zaQ==/com.fceumm.wrapper-S68po0RKNYQsVETnfZ_8WQ==/lib/x86_64/libfceummwrapper.so (???) (BuildId: f1cfd928ad2b9ada59d609e1e8186c699de416c3)
07-30 12:05:17.843 10751 10842 F .fceumm.wrapper: runtime.cc:709]   native: #13 pc 0007ac5f  /apex/com.android.runtime/lib64/bionic/libc.so (__pthread_start+63) (BuildId: fcb82240218d1473de1e3d2137c0be35)
07-30 12:05:17.843 10751 10842 F .fceumm.wrapper: runtime.cc:709]   native: #14 pc 0006d94d  /apex/com.android.runtime/lib64/bionic/libc.so (__start_thread+61) (BuildId: fcb82240218d1473de1e3d2137c0be35)
07-30 12:05:17.843 10751 10842 F .fceumm.wrapper: runtime.cc:709]   (no managed stack frames)
07-30 12:05:17.843 10751 10842 F .fceumm.wrapper: runtime.cc:709] 
07-30 12:05:17.843 10751 10842 F .fceumm.wrapper: runtime.cc:709] "binder:10751_5" prio=5 tid=27 Native
07-30 12:05:17.843 10751 10842 F .fceumm.wrapper: runtime.cc:709]   | group="" sCount=1 ucsCount=0 flags=1 obj=0x2113738 self=0x70c8c3682df0
07-30 12:05:17.843 10751 10842 F .fceumm.wrapper: runtime.cc:709]   | sysTid=10791 nice=0 cgrp=top-app sched=0/0 handle=0x70c6c031c690
07-30 12:05:17.843 10751 10842 F .fceumm.wrapper: runtime.cc:709]   | state=S schedstat=( 16190954 81408409 71 ) utm=0 stm=1 core=5 HZ=100
07-30 12:05:17.843 10751 10842 F .fceumm.wrapper: runtime.cc:709]   | stack=0x70c6c0225000-0x70c6c0227000 stackSize=989KB
07-30 12:05:17.843 10751 10842 F .fceumm.wrapper: runtime.cc:709]   | held mutexes=
07-30 12:05:17.843 10751 10842 F .fceumm.wrapper: runtime.cc:709]   native: #00 pc 000dcbc7  /apex/com.android.runtime/lib64/bionic/libc.so (__ioctl+7) (BuildId: fcb82240218d1473de1e3d2137c0be35)
07-30 12:05:17.843 10751 10842 F .fceumm.wrapper: runtime.cc:709]   native: #01 pc 00075e65  /apex/com.android.runtime/lib64/bionic/libc.so (ioctl+181) (BuildId: fcb82240218d1473de1e3d2137c0be35)
07-30 12:05:17.843 10751 10842 F .fceumm.wrapper: runtime.cc:709]   native: #02 pc 0004a280  /system/lib64/libbinder.so (android::IPCThreadState::talkWithDriver+304) (BuildId: c09febca3bf6ce00394dbc9ec4a63b7e)
07-30 12:05:17.843 10751 10842 F .fceumm.wrapper: runtime.cc:709]   native: #03 pc 0004eb10  /system/lib64/libbinder.so (android::IPCThreadState::joinThreadPool+160) (BuildId: c09febca3bf6ce00394dbc9ec4a63b7e)
07-30 12:05:17.843 10751 10842 F .fceumm.wrapper: runtime.cc:709]   native: #04 pc 0007ddec  /system/lib64/libbinder.so (android::PoolThread::threadLoop+28) (BuildId: c09febca3bf6ce00394dbc9ec4a63b7e)
07-30 12:05:17.843 10751 10842 F .fceumm.wrapper: runtime.cc:709]   native: #05 pc 000196f1  /system/lib64/libutils.so (android::Thread::_threadLoop+161) (BuildId: 5cc628b071d29c54b7d93955e6a5c990)
07-30 12:05:17.843 10751 10842 F .fceumm.wrapper: runtime.cc:709]   native: #06 pc 0011b82e  /system/lib64/libandroid_runtime.so (android::AndroidRuntime::javaThreadShell+142) (BuildId: e8991645c13e477d60780ebef0ea0a89)
07-30 12:05:17.843 10751 10842 F .fceumm.wrapper: runtime.cc:709]   native: #07 pc 0001b9af  /system/lib64/libutils.so (libutil_thread_trampoline +15) (BuildId: 5cc628b071d29c54b7d93955e6a5c990)
07-30 12:05:17.843 10751 10842 F .fceumm.wrapper: runtime.cc:709]   native: #08 pc 0007ac5f  /apex/com.android.runtime/lib64/bionic/libc.so (__pthread_start+63) (BuildId: fcb82240218d1473de1e3d2137c0be35)
07-30 12:05:17.843 10751 10842 F .fceumm.wrapper: runtime.cc:709]   native: #09 pc 0006d94d  /apex/com.android.runtime/lib64/bionic/libc.so (__start_thread+61) (BuildId: fcb82240218d1473de1e3d2137c0be35)
07-30 12:05:17.843 10751 10842 F .fceumm.wrapper: runtime.cc:709]   (no managed stack frames)
07-30 12:05:17.843 10751 10842 F .fceumm.wrapper: runtime.cc:709] 
07-30 12:05:17.843 10751 10842 F .fceumm.wrapper: runtime.cc:709] "binder:10751_6" prio=5 tid=28 Native
07-30 12:05:17.843 10751 10842 F .fceumm.wrapper: runtime.cc:709]   | group="" sCount=1 ucsCount=0 flags=1 obj=0x21137e8 self=0x70c8c36849c0
07-30 12:05:17.843 10751 10842 F .fceumm.wrapper: runtime.cc:709]   | sysTid=10792 nice=0 cgrp=top-app sched=0/0 handle=0x70c6c0218690
07-30 12:05:17.843 10751 10842 F .fceumm.wrapper: runtime.cc:709]   | state=S schedstat=( 411409 7914514 9 ) utm=0 stm=0 core=5 HZ=100
07-30 12:05:17.843 10751 10842 F .fceumm.wrapper: runtime.cc:709]   | stack=0x70c6c0121000-0x70c6c0123000 stackSize=989KB
07-30 12:05:17.843 10751 10842 F .fceumm.wrapper: runtime.cc:709]   | held mutexes=
07-30 12:05:17.843 10751 10842 F .fceumm.wrapper: runtime.cc:709]   native: #00 pc 000dcbc7  /apex/com.android.runtime/lib64/bionic/libc.so (__ioctl+7) (BuildId: fcb82240218d1473de1e3d2137c0be35)
07-30 12:05:17.843 10751 10842 F .fceumm.wrapper: runtime.cc:709]   native: #01 pc 00075e65  /apex/com.android.runtime/lib64/bionic/libc.so (ioctl+181) (BuildId: fcb82240218d1473de1e3d2137c0be35)
07-30 12:05:17.843 10751 10842 F .fceumm.wrapper: runtime.cc:709]   native: #02 pc 0004a280  /system/lib64/libbinder.so (android::IPCThreadState::talkWithDriver+304) (BuildId: c09febca3bf6ce00394dbc9ec4a63b7e)
07-30 12:05:17.843 10751 10842 F .fceumm.wrapper: runtime.cc:709]   native: #03 pc 0004eb10  /system/lib64/libbinder.so (android::IPCThreadState::joinThreadPool+160) (BuildId: c09febca3bf6ce00394dbc9ec4a63b7e)
07-30 12:05:17.843 10751 10842 F .fceumm.wrapper: runtime.cc:709]   native: #04 pc 0007ddec  /system/lib64/libbinder.so (android::PoolThread::threadLoop+28) (BuildId: c09febca3bf6ce00394dbc9ec4a63b7e)
07-30 12:05:17.843 10751 10842 F .fceumm.wrapper: runtime.cc:709]   native: #05 pc 000196f1  /system/lib64/libutils.so (android::Thread::_threadLoop+161) (BuildId: 5cc628b071d29c54b7d93955e6a5c990)
07-30 12:05:17.843 10751 10842 F .fceumm.wrapper: runtime.cc:709]   native: #06 pc 0011b82e  /system/lib64/libandroid_runtime.so (android::AndroidRuntime::javaThreadShell+142) (BuildId: e8991645c13e477d60780ebef0ea0a89)
07-30 12:05:17.843 10751 10842 F .fceumm.wrapper: runtime.cc:709]   native: #07 pc 0001b9af  /system/lib64/libutils.so (libutil_thread_trampoline +15) (BuildId: 5cc628b071d29c54b7d93955e6a5c990)
07-30 12:05:17.843 10751 10842 F .fceumm.wrapper: runtime.cc:709]   native: #08 pc 0007ac5f  /apex/com.android.runtime/lib64/bionic/libc.so (__pthread_start+63) (BuildId: fcb82240218d1473de1e3d2137c0be35)
07-30 12:05:17.843 10751 10842 F .fceumm.wrapper: runtime.cc:709]   native: #09 pc 0006d94d  /apex/com.android.runtime/lib64/bionic/libc.so (__start_thread+61) (BuildId: fcb82240218d1473de1e3d2137c0be35)
07-30 12:05:17.843 10751 10842 F .fceumm.wrapper: runtime.cc:709]   (no managed stack frames)
07-30 12:05:17.843 10751 10842 F .fceumm.wrapper: runtime.cc:709] 
07-30 12:05:17.843 10751 10842 F .fceumm.wrapper: runtime.cc:709] "InteractionJankMonitor-Worker" prio=5 tid=29 Native
07-30 12:05:17.843 10751 10842 F .fceumm.wrapper: runtime.cc:709]   | group="" sCount=1 ucsCount=0 flags=1 obj=0x210bb98 self=0x70c8c3686590
07-30 12:05:17.843 10751 10842 F .fceumm.wrapper: runtime.cc:709]   | sysTid=10794 nice=0 cgrp=top-app sched=0/0 handle=0x70c6c0114690
07-30 12:05:17.843 10751 10842 F .fceumm.wrapper: runtime.cc:709]   | state=S schedstat=( 665767 3122512 2 ) utm=0 stm=0 core=2 HZ=100
07-30 12:05:17.843 10751 10842 F .fceumm.wrapper: runtime.cc:709]   | stack=0x70c6c0011000-0x70c6c0013000 stackSize=1037KB
07-30 12:05:17.843 10751 10842 F .fceumm.wrapper: runtime.cc:709]   | held mutexes=
07-30 12:05:17.843 10751 10842 F .fceumm.wrapper: runtime.cc:709]   native: #00 pc 000ddbea  /apex/com.android.runtime/lib64/bionic/libc.so (__epoll_pwait+10) (BuildId: fcb82240218d1473de1e3d2137c0be35)
07-30 12:05:17.843 10751 10842 F .fceumm.wrapper: runtime.cc:709]   native: #01 pc 0001707d  /system/lib64/libutils.so (android::Looper::pollOnce+413) (BuildId: 5cc628b071d29c54b7d93955e6a5c990)
07-30 12:05:17.843 10751 10842 F .fceumm.wrapper: runtime.cc:709]   native: #02 pc 001b92a6  /system/lib64/libandroid_runtime.so (android::android_os_MessageQueue_nativePollOnce+38) (BuildId: e8991645c13e477d60780ebef0ea0a89)
07-30 12:05:17.843 10751 10842 F .fceumm.wrapper: runtime.cc:709]   native: #03 pc 0022c8cb  /apex/com.android.art/lib64/libart.so (art_quick_generic_jni_trampoline+219) (BuildId: e14bfa0cec1c4f196bc6c94a34282478)
07-30 12:05:17.843 10751 10842 F .fceumm.wrapper: runtime.cc:709]   native: #04 pc 00067a1e  [anon_shmem:dalvik-jit-code-cache] (offset 2000000) (android.os.MessageQueue.nextLegacy+398)
07-30 12:05:17.843 10751 10842 F .fceumm.wrapper: runtime.cc:709]   native: #05 pc 0006772b  [anon_shmem:dalvik-jit-code-cache] (offset 2000000) (android.os.MessageQueue.next+155)
07-30 12:05:17.843 10751 10842 F .fceumm.wrapper: runtime.cc:709]   native: #06 pc 00066b74  [anon_shmem:dalvik-jit-code-cache] (offset 2000000) (android.os.Looper.loopOnce+196)
07-30 12:05:17.843 10751 10842 F .fceumm.wrapper: runtime.cc:709]   native: #07 pc 000659ae  [anon_shmem:dalvik-jit-code-cache] (offset 2000000) (android.os.Looper.loop+254)
07-30 12:05:17.843 10751 10842 F .fceumm.wrapper: runtime.cc:709]   native: #08 pc 002121f6  /apex/com.android.art/lib64/libart.so (art_quick_invoke_static_stub+806) (BuildId: e14bfa0cec1c4f196bc6c94a34282478)
07-30 12:05:17.843 10751 10842 F .fceumm.wrapper: runtime.cc:709]   native: #09 pc 0046220c  /apex/com.android.art/lib64/libart.so (art::ArtMethod::Invoke+252) (BuildId: e14bfa0cec1c4f196bc6c94a34282478)
07-30 12:05:17.843 10751 10842 F .fceumm.wrapper: runtime.cc:709]   native: #10 pc 005fa142  /apex/com.android.art/lib64/libart.so (bool art::interpreter::DoCall<false>+2402) (BuildId: e14bfa0cec1c4f196bc6c94a34282478)
07-30 12:05:17.843 10751 10842 F .fceumm.wrapper: runtime.cc:709]   native: #11 pc 00234b05  /apex/com.android.art/lib64/libart.so (void art::interpreter::ExecuteSwitchImplCpp<false>+15989) (BuildId: e14bfa0cec1c4f196bc6c94a34282478)
07-30 12:05:17.843 10751 10842 F .fceumm.wrapper: runtime.cc:709]   native: #12 pc 00210915  /apex/com.android.art/lib64/libart.so (ExecuteSwitchImplAsm+5) (BuildId: e14bfa0cec1c4f196bc6c94a34282478)
07-30 12:05:17.843 10751 10842 F .fceumm.wrapper: runtime.cc:709]   native: #13 pc 00254a64  /system/framework/framework.jar (offset 1286000) (android.os.HandlerThread.run)
07-30 12:05:17.843 10751 10842 F .fceumm.wrapper: runtime.cc:709]   native: #14 pc 005f2082  /apex/com.android.art/lib64/libart.so (art::interpreter::Execute +466) (BuildId: e14bfa0cec1c4f196bc6c94a34282478)
07-30 12:05:17.843 10751 10842 F .fceumm.wrapper: runtime.cc:709]   native: #15 pc 009a861b  /apex/com.android.art/lib64/libart.so (artQuickToInterpreterBridge+907) (BuildId: e14bfa0cec1c4f196bc6c94a34282478)
07-30 12:05:17.843 10751 10842 F .fceumm.wrapper: runtime.cc:709]   native: #16 pc 0022ca5c  /apex/com.android.art/lib64/libart.so (art_quick_to_interpreter_bridge+140) (BuildId: e14bfa0cec1c4f196bc6c94a34282478)
07-30 12:05:17.843 10751 10842 F .fceumm.wrapper: runtime.cc:709]   native: #17 pc 00211e94  /apex/com.android.art/lib64/libart.so (art_quick_invoke_stub+756) (BuildId: e14bfa0cec1c4f196bc6c94a34282478)
07-30 12:05:17.843 10751 10842 F .fceumm.wrapper: runtime.cc:709]   native: #18 pc 004621c5  /apex/com.android.art/lib64/libart.so (art::ArtMethod::Invoke+181) (BuildId: e14bfa0cec1c4f196bc6c94a34282478)
07-30 12:05:17.843 10751 10842 F .fceumm.wrapper: runtime.cc:709]   native: #19 pc 008f42ec  /apex/com.android.art/lib64/libart.so (art::Thread::CreateCallback+1388) (BuildId: e14bfa0cec1c4f196bc6c94a34282478)
07-30 12:05:17.843 10751 10842 F .fceumm.wrapper: runtime.cc:709]   native: #20 pc 008f3d78  /apex/com.android.art/lib64/libart.so (art::Thread::CreateCallbackWithUffdGc+8) (BuildId: e14bfa0cec1c4f196bc6c94a34282478)
07-30 12:05:17.843 10751 10842 F .fceumm.wrapper: runtime.cc:709]   native: #21 pc 0007ac5f  /apex/com.android.runtime/lib64/bionic/libc.so (__pthread_start+63) (BuildId: fcb82240218d1473de1e3d2137c0be35)
07-30 12:05:17.843 10751 10842 F .fceumm.wrapper: runtime.cc:709]   native: #22 pc 0006d94d  /apex/com.android.runtime/lib64/bionic/libc.so (__start_thread+61) (BuildId: fcb82240218d1473de1e3d2137c0be35)
07-30 12:05:17.843 10751 10842 F .fceumm.wrapper: runtime.cc:709]   at android.os.MessageQueue.nativePollOnce(Native method)
07-30 12:05:17.843 10751 10842 F .fceumm.wrapper: runtime.cc:709]   at android.os.MessageQueue.nextLegacy(MessageQueue.java:913)
07-30 12:05:17.843 10751 10842 F .fceumm.wrapper: runtime.cc:709]   at android.os.MessageQueue.next(MessageQueue.java:1025)
07-30 12:05:17.843 10751 10842 F .fceumm.wrapper: runtime.cc:709]   at android.os.Looper.loopOnce(Looper.java:196)
07-30 12:05:17.843 10751 10842 F .fceumm.wrapper: runtime.cc:709]   at android.os.Looper.loop(Looper.java:338)
07-30 12:05:17.843 10751 10842 F .fceumm.wrapper: runtime.cc:709]   at android.os.HandlerThread.run(HandlerThread.java:85)
07-30 12:05:17.843 10751 10842 F .fceumm.wrapper: runtime.cc:709] 
07-30 12:05:17.843 10751 10842 F .fceumm.wrapper: runtime.cc:709] Aborting thread:
07-30 12:05:17.843 10751 10842 F .fceumm.wrapper: runtime.cc:709] "Thread-6" prio=10 tid=26 Native
07-30 12:05:17.843 10751 10842 F .fceumm.wrapper: runtime.cc:709]   | group="" sCount=0 ucsCount=0 flags=0 obj=0x21b3000 self=0x70c8c368b900
07-30 12:05:17.843 10751 10842 F .fceumm.wrapper: runtime.cc:709]   | sysTid=10842 nice=-10 cgrp=top-app sched=0/0 handle=0x70c74a5fe690
07-30 12:05:17.843 10751 10842 F .fceumm.wrapper: runtime.cc:709]   | state=R schedstat=( 146905166 24589908 427 ) utm=2 stm=12 core=4 HZ=100
07-30 12:05:17.843 10751 10842 F .fceumm.wrapper: runtime.cc:709]   | stack=0x70c74a507000-0x70c74a509000 stackSize=989KB
07-30 12:05:17.843 10751 10842 F .fceumm.wrapper: runtime.cc:709]   | held mutexes= "abort lock" "mutator lock"(shared held)
07-30 12:05:17.843 10751 10842 F .fceumm.wrapper: runtime.cc:709]   native: #00 pc 007edde4  /apex/com.android.art/lib64/libart.so (art::DumpNativeStack+196) (BuildId: e14bfa0cec1c4f196bc6c94a34282478)
07-30 12:05:17.843 10751 10842 F .fceumm.wrapper: runtime.cc:709]   native: #01 pc 008fc9af  /apex/com.android.art/lib64/libart.so (art::Thread::DumpStack const+383) (BuildId: e14bfa0cec1c4f196bc6c94a34282478)
07-30 12:05:17.843 10751 10842 F .fceumm.wrapper: runtime.cc:709]   native: #02 pc 008f712b  /apex/com.android.art/lib64/libart.so (art::Thread::Dump const+219) (BuildId: e14bfa0cec1c4f196bc6c94a34282478)
07-30 12:05:17.843 10751 10842 F .fceumm.wrapper: runtime.cc:709]   native: #03 pc 008c1f31  /apex/com.android.art/lib64/libart.so (art::AbortState::DumpThread const+49) (BuildId: e14bfa0cec1c4f196bc6c94a34282478)
07-30 12:05:17.843 10751 10842 F .fceumm.wrapper: runtime.cc:709]   native: #04 pc 008c1b3d  /apex/com.android.art/lib64/libart.so (art::AbortState::Dump const+493) (BuildId: e14bfa0cec1c4f196bc6c94a34282478)
07-30 12:05:17.843 10751 10842 F .fceumm.wrapper: runtime.cc:709]   native: #05 pc 008a611d  /apex/com.android.art/lib64/libart.so (art::Runtime::Abort+1693) (BuildId: e14bfa0cec1c4f196bc6c94a34282478)
07-30 12:05:17.843 10751 10842 F .fceumm.wrapper: runtime.cc:709]   native: #06 pc 0001644e  /apex/com.android.art/lib64/libbase.so (android::base::SetAborter::$_0::__invoke+62) (BuildId: 8d430ee9c793bd5eaf690858479674e1)
07-30 12:05:17.843 10751 10842 F .fceumm.wrapper: runtime.cc:709]   native: #07 pc 0001592e  /apex/com.android.art/lib64/libbase.so (android::base::LogMessage::~LogMessage+526) (BuildId: 8d430ee9c793bd5eaf690858479674e1)
07-30 12:05:17.843 10751 10842 F .fceumm.wrapper: runtime.cc:709]   native: #08 pc 0067df26  /apex/com.android.art/lib64/libart.so (art::JavaVMExt::JniAbort+2854) (BuildId: e14bfa0cec1c4f196bc6c94a34282478)
07-30 12:05:17.843 10751 10842 F .fceumm.wrapper: runtime.cc:709]   native: #09 pc 0066da12  /apex/com.android.art/lib64/libart.so (art::::CheckAttachedThread +178) (BuildId: e14bfa0cec1c4f196bc6c94a34282478)
07-30 12:05:17.843 10751 10842 F .fceumm.wrapper: runtime.cc:709]   native: #10 pc 00669852  /apex/com.android.art/lib64/libart.so (art::::CheckJNI::GetJavaVM +50) (BuildId: e14bfa0cec1c4f196bc6c94a34282478)
07-30 12:05:17.843 10751 10842 F .fceumm.wrapper: runtime.cc:709]   native: #11 pc 0006929f  /data/app/~~QzWG0rVKN_2w923X7M0zaQ==/com.fceumm.wrapper-S68po0RKNYQsVETnfZ_8WQ==/lib/x86_64/libfceummwrapper.so (???) (BuildId: f1cfd928ad2b9ada59d609e1e8186c699de416c3)
07-30 12:05:17.843 10751 10842 F .fceumm.wrapper: runtime.cc:709]   native: #12 pc 0007ac5f  /apex/com.android.runtime/lib64/bionic/libc.so (__pthread_start+63) (BuildId: fcb82240218d1473de1e3d2137c0be35)
07-30 12:05:17.843 10751 10842 F .fceumm.wrapper: runtime.cc:709]   native: #13 pc 0006d94d  /apex/com.android.runtime/lib64/bionic/libc.so (__start_thread+61) (BuildId: fcb82240218d1473de1e3d2137c0be35)
07-30 12:05:17.843 10751 10842 F .fceumm.wrapper: runtime.cc:709]   (no managed stack frames)
07-30 12:05:17.843 10751 10842 F .fceumm.wrapper: runtime.cc:709] 
07-30 12:05:17.843 10751 10842 F .fceumm.wrapper: runtime.cc:717] JNI DETECTED ERROR IN APPLICATION: a thread (tid 10842 is making JNI calls without being attached
07-30 12:05:17.843 10751 10842 F .fceumm.wrapper: runtime.cc:717]     in call to GetJavaVM
--------- beginning of crash
07-30 12:05:17.848 10751 10842 F libc    : Fatal signal 6 (SIGABRT), code -1 (SI_QUEUE) in tid 10842 (Thread-6), pid 10751 (.fceumm.wrapper)
07-30 12:05:17.922 10850 10850 I crash_dump64: obtaining output fd from tombstoned, type: kDebuggerdTombstoneProto
07-30 12:05:17.923   336   336 I tombstoned: received crash request for pid 10842
07-30 12:05:17.932 10850 10850 I crash_dump64: performing dump of process 10751 (target tid = 10842)
07-30 12:05:17.940   761   877 D ActivityManager: freezing 4878 com.android.vending:background
07-30 12:05:18.096   761   877 D ActivityManager: freezing 5489 com.android.vending
07-30 12:05:18.104   761   934 D InetDiagMessage: Destroyed 0 sockets, proto=IPPROTO_TCP, family=AF_INET, states=14
07-30 12:05:18.110   761   934 D InetDiagMessage: Destroyed 2 sockets, proto=IPPROTO_TCP, family=AF_INET6, states=14
07-30 12:05:18.110   761   934 D InetDiagMessage: Destroyed live tcp sockets for uids={10146} in 6ms
07-30 12:05:19.159 10850 10850 F DEBUG   : *** *** *** *** *** *** *** *** *** *** *** *** *** *** *** ***
07-30 12:05:19.159 10850 10850 F DEBUG   : Build fingerprint: 'google/sdk_gphone64_x86_64/emu64xa:16/BP22.250325.006/13344233:user/release-keys'
07-30 12:05:19.159 10850 10850 F DEBUG   : Revision: '0'
07-30 12:05:19.159 10850 10850 F DEBUG   : ABI: 'x86_64'
07-30 12:05:19.159 10850 10850 F DEBUG   : Timestamp: 2025-07-30 12:05:17.938699300-0400
07-30 12:05:19.159 10850 10850 F DEBUG   : Process uptime: 10s
07-30 12:05:19.159 10850 10850 F DEBUG   : Cmdline: com.fceumm.wrapper
07-30 12:05:19.159 10850 10850 F DEBUG   : pid: 10751, tid: 10842, name: Thread-6  >>> com.fceumm.wrapper <<<
07-30 12:05:19.159 10850 10850 F DEBUG   : uid: 10240
07-30 12:05:19.159 10850 10850 F DEBUG   : signal 6 (SIGABRT), code -1 (SI_QUEUE), fault addr --------
07-30 12:05:19.159 10850 10850 F DEBUG   : Abort message: 'JNI DETECTED ERROR IN APPLICATION: a thread (tid 10842 is making JNI calls without being attached
07-30 12:05:19.159 10850 10850 F DEBUG   :     in call to GetJavaVM'
07-30 12:05:19.159 10850 10850 F DEBUG   :     rax 0000000000000000  rbx 00000000000029ff  rcx 000070c9ffaae424  rdx 0000000000000006
07-30 12:05:19.159 10850 10850 F DEBUG   :     r8  000070c74a5fe170  r9  000070c74a5fe170  r10 000070c74a5fe130  r11 0000000000000217
07-30 12:05:19.159 10850 10850 F DEBUG   :     r12 000070c753668b90  r13 0000000000000000  r14 0000000000002a5a  r15 000070c74a5fe200
07-30 12:05:19.159 10850 10850 F DEBUG   :     rdi 00000000000029ff  rsi 0000000000002a5a
07-30 12:05:19.159 10850 10850 F DEBUG   :     rbp 000070c74a5fe1d0  rsp 000070c74a5fe130  rip 000070c9ffaae424
07-30 12:05:19.159 10850 10850 F DEBUG   : 10 total frames
07-30 12:05:19.159 10850 10850 F DEBUG   : backtrace:
07-30 12:05:19.159 10850 10850 F DEBUG   :       #00 pc 000000000006a424  /apex/com.android.runtime/lib64/bionic/libc.so (abort+196) (BuildId: fcb82240218d1473de1e3d2137c0be35)
07-30 12:05:19.159 10850 10850 F DEBUG   :       #01 pc 00000000008a60c9  /apex/com.android.art/lib64/libart.so (art::Runtime::Abort(char const*)+1609) (BuildId: e14bfa0cec1c4f196bc6c94a34282478)
07-30 12:05:19.159 10850 10850 F DEBUG   :       #02 pc 000000000001644e  /apex/com.android.art/lib64/libbase.so (android::base::SetAborter(std::__1::function<void (char const*)>&&)::$_0::__invoke(char const*)+62) (BuildId: 8d430ee9c793bd5eaf690858479674e1)
07-30 12:05:19.159 10850 10850 F DEBUG   :       #03 pc 000000000001592e  /apex/com.android.art/lib64/libbase.so (android::base::LogMessage::~LogMessage()+526) (BuildId: 8d430ee9c793bd5eaf690858479674e1)
07-30 12:05:19.159 10850 10850 F DEBUG   :       #04 pc 000000000067df26  /apex/com.android.art/lib64/libart.so (art::JavaVMExt::JniAbort(char const*, char const*)+2854) (BuildId: e14bfa0cec1c4f196bc6c94a34282478)
07-30 12:05:19.159 10850 10850 F DEBUG   :       #05 pc 000000000066da12  /apex/com.android.art/lib64/libart.so (art::(anonymous namespace)::CheckAttachedThread(char const*) (.__uniq.99033978352804627313491551960229047428)+178) (BuildId: e14bfa0cec1c4f196bc6c94a34282478)
07-30 12:05:19.159 10850 10850 F DEBUG   :       #06 pc 0000000000669852  /apex/com.android.art/lib64/libart.so (art::(anonymous namespace)::CheckJNI::GetJavaVM(_JNIEnv*, _JavaVM**) (.__uniq.99033978352804627313491551960229047428.llvm.1591284863141209318)+50) (BuildId: e14bfa0cec1c4f196bc6c94a34282478)
07-30 12:05:19.160 10850 10850 F DEBUG   :       #07 pc 000000000006929f  /data/app/~~QzWG0rVKN_2w923X7M0zaQ==/com.fceumm.wrapper-S68po0RKNYQsVETnfZ_8WQ==/lib/x86_64/libfceummwrapper.so (BuildId: f1cfd928ad2b9ada59d609e1e8186c699de416c3)
07-30 12:05:19.160 10850 10850 F DEBUG   :       #08 pc 000000000007ac5f  /apex/com.android.runtime/lib64/bionic/libc.so (__pthread_start(void*)+63) (BuildId: fcb82240218d1473de1e3d2137c0be35)
07-30 12:05:19.160 10850 10850 F DEBUG   :       #09 pc 000000000006d94d  /apex/com.android.runtime/lib64/bionic/libc.so (__start_thread+61) (BuildId: fcb82240218d1473de1e3d2137c0be35)
07-30 12:05:19.182   336   336 E tombstoned: Tombstone written to: tombstone_00
07-30 12:05:19.198   761 10855 I DropBoxManagerService: add tag=data_app_native_crash isTagEnabled=true flags=0x2
07-30 12:05:19.214   761   886 W InputDispatcher: channel 'a05b211 com.fceumm.wrapper/com.fceumm.wrapper.MainActivity' ~ Consumer closed input channel or an error occurred.  events=0x9
07-30 12:05:19.214   761   886 E InputDispatcher: channel 'a05b211 com.fceumm.wrapper/com.fceumm.wrapper.MainActivity' ~ Channel is unrecoverably broken and will be disposed!
07-30 12:05:19.215   761   886 I WindowManager: WINDOW DIED Window{a05b211 u0 com.fceumm.wrapper/com.fceumm.wrapper.MainActivity}
07-30 12:05:19.218   761   868 I DropBoxManagerService: add tag=SYSTEM_TOMBSTONE_PROTO_WITH_HEADERS isTagEnabled=true flags=0x4
07-30 12:05:19.224   761   849 I ImeTracker: com.fceumm.wrapper:af0e1048: onRequestHide at ORIGIN_SERVER reason HIDE_REMOVE_CLIENT fromUser false
07-30 12:05:19.225   761   886 I ImeTracker: system_server:7a2d15cb: onRequestHide at ORIGIN_SERVER reason IME_REQUESTED_CHANGED_LISTENER fromUser false
07-30 12:05:19.225   603   603 I adbd    : Remote process closed the socket (on MSG_PEEK)
07-30 12:05:19.229   761   849 I ImeTracker: com.fceumm.wrapper:af0e1048: onCancelled at PHASE_SERVER_SHOULD_HIDE
07-30 12:05:19.230   520   520 I Zygote  : Process 10751 exited due to signal 6 (Aborted)
07-30 12:05:19.231   761  2059 I ActivityManager: Process com.fceumm.wrapper (pid 10751) has died: fg  TOP 
07-30 12:05:19.237   761   797 I ImeTracker: system_server:7a2d15cb: onCancelled at PHASE_SERVER_SHOULD_HIDE
07-30 12:05:19.242   761   805 I libprocessgroup: Removed cgroup /sys/fs/cgroup/apps/uid_10240/pid_10751
07-30 12:05:19.257   761  2059 W ActivityTaskManager: Force removing ActivityRecord{159716180 u0 com.fceumm.wrapper/.MainActivity t652}: app died, no saved state
07-30 12:05:19.264  1030  1099 V WindowManagerShell: Transition requested (#78): android.os.BinderProxy@eb2eadb TransitionRequestInfo { type = CLOSE, triggerTask = TaskInfo{userId=0 taskId=652 effectiveUid=10240 displayId=0 isRunning=true baseIntent=Intent { flg=0x10000000 cmp=com.fceumm.wrapper/.MainActivity } baseActivity=ComponentInfo{com.fceumm.wrapper/com.fceumm.wrapper.MainActivity} topActivity=ComponentInfo{com.fceumm.wrapper/com.fceumm.wrapper.MainActivity} origActivity=null realActivity=ComponentInfo{com.fceumm.wrapper/com.fceumm.wrapper.MainActivity} numActivities=1 lastActiveTime=36242668 supportsMultiWindow=true resizeMode=1 isResizeable=true minWidth=-1 minHeight=-1 defaultMinSize=220 token=WCT{android.window.IWindowContainerToken$Stub$Proxy@61ee978} topActivityType=1 pictureInPictureParams=null shouldDockBigOverlays=false launchIntoPipHostTaskId=-1 lastParentTaskIdBeforePip=-1 displayCutoutSafeInsets=Rect(0, 0 - 0, 0) topActivityInfo=ActivityInfo{11c2851 com.fceumm.wrapper.MainActivity} launchCookies=[] positionInParent=Point(0, 0) parentTaskId=-1 isFocused=true isVisible=true isVisibleRequested=true isTopActivityNoDisplay=false isSleeping=false locusId=null displayAreaFeatureId=1 isTopActivityTransparent=false isActivityStackTransparent=false lastNonFullscreenBounds=Rect(284, 660 - 796, 1740) capturedLink=null capturedLinkTimestamp=0 requestedVisibleTypes=-9 topActivityRequestOpenInBrowserEducationTimestamp=0 appCompatTaskInfo=AppCompatTaskInfo { topActivityInSizeCompat=false eligibleForLetterboxEducation= false isLetterboxEducationEnabled= true isLetterboxDoubleTapEnabled= false eligibleForUserAspectRatioButton= false topActivityBoundsLetterboxed= false isFromLetterboxDoubleTap= false topActivityLetterboxVerticalPosition= -1 topActivityLetterboxHorizontalPosition= -1 topActivityLetterboxWidth=-1 topActivityLetterboxHeight=-1 topActivityAppBounds=Rect(0, 0 - 1080, 2337) isUserFullscreenOverrideEnabled=false isSystemFullscreenOverrideEnabled=false hasMinAspectRatioOverride=false topActivityLetterboxBounds=null cameraCompatTaskInfo=CameraCompatTaskInfo { freeformCameraCompatMode=inactive}} topActivityMainWindowFrame=null}, pipChange = null, remoteTransition = null, displayChange = null, flags = 0, debugId = 78 }
07-30 12:05:19.265   761   934 D InetDiagMessage: Destroyed 0 sockets, proto=IPPROTO_TCP, family=AF_INET, states=14
07-30 12:05:19.268   761   934 D InetDiagMessage: Destroyed 0 sockets, proto=IPPROTO_TCP, family=AF_INET6, states=14
07-30 12:05:19.268   761   934 D InetDiagMessage: Destroyed live tcp sockets for uids={10240} in 4ms
07-30 12:05:19.270   761   934 D InetDiagMessage: Destroyed 0 sockets, proto=IPPROTO_TCP, family=AF_INET, states=14
07-30 12:05:19.271   761   934 D InetDiagMessage: Destroyed 0 sockets, proto=IPPROTO_TCP, family=AF_INET6, states=14
07-30 12:05:19.272   761   934 D InetDiagMessage: Destroyed live tcp sockets for uids={20240} in 4ms
07-30 12:05:19.274  1194  1194 D ViewRootImpl: Skipping stats log for color mode
07-30 12:05:19.276   595   595 E BpTransactionCompletedListener: Failed to transact (-32)
07-30 12:05:19.277   595   595 E BpTransactionCompletedListener: Failed to transact (-32)
07-30 12:05:19.282  1194  1194 D StatsLog: LAUNCHER_ONRESUME
07-30 12:05:19.288   761   797 W ActivityManager: setHasOverlayUi called on unknown pid: 10751
07-30 12:05:19.290   761   797 V WindowManager: Unknown focus tokens, dropping reportFocusChanged
07-30 12:05:19.294   761   868 I BootReceiver: Copying /data/tombstones/tombstone_00 to DropBox (SYSTEM_TOMBSTONE)
07-30 12:05:19.297   761   868 I DropBoxManagerService: add tag=SYSTEM_TOMBSTONE isTagEnabled=true flags=0x6
07-30 12:05:19.298  1030  1099 D WindowManagerShell: setLauncherKeepClearAreaHeight: visible=true, height=527
07-30 12:05:19.299  1194  1194 D NexusLauncherModelDelegate: notifySmartspaceEvent: SmartspaceTargetEvent{mSmartspaceTarget=null, mSmartspaceActionId='null', mEventType=6}
07-30 12:05:19.303   761   986 D BackgroundInstallControlService: Package event received: 0
07-30 12:05:19.306   761   986 D BackgroundInstallControlService: Package event received: 0
07-30 12:05:19.307   761   986 D BackgroundInstallControlService: Package event received: 0
07-30 12:05:19.327  1194  1194 D BaseDepthController: setSurface:
07-30 12:05:19.327  1194  1194 D BaseDepthController: 	mWaitingOnSurfaceValidity: false
07-30 12:05:19.327  1194  1194 D BaseDepthController: 	mBaseSurface: Surface(name=com.google.android.apps.nexuslauncher/com.google.android.apps.nexuslauncher.NexusLauncherActivity)/@0x4bb6e0f
07-30 12:05:19.342  1194  1249 D QuickstepModelDelegate: notifyAppTargetEvent action=1 launchLocation=workspace/0/[-1,-1]/[1,1]
07-30 12:05:19.357   595   595 I BpBinder: onLastStrongRef automatically unlinking death recipients: 
07-30 12:05:19.463  1194  1194 D RecentsView: onTaskRemoved: 652, not handling task stack changes
07-30 12:05:19.463  1194  1194 D RecentsView: onTaskRemoved: 652, not handling task stack changes
07-30 12:05:19.490  1030  1040 V WindowManagerShell: onTransitionReady(transaction=3268470115923)
07-30 12:05:19.494  1030  1099 V WindowManagerShell: onTransitionReady (#78) android.os.BinderProxy@eb2eadb: {id=78 t=CLOSE f=0x0 trk=0 r=[0@Point(0, 0)] c=[
07-30 12:05:19.494  1030  1099 V WindowManagerShell:         {m=TO_FRONT f=SHOW_WALLPAPER|MOVE_TO_TOP leash=Surface(name=Task=1)/@0xcec08b6 sb=Rect(0, 0 - 1080, 2400) eb=Rect(0, 0 - 1080, 2400) epz=Point(1080, 2400) d=0 taskParent=-1},
07-30 12:05:19.494  1030  1099 V WindowManagerShell:         {m=TO_FRONT f=IS_WALLPAPER leash=Surface(name=WallpaperWindowToken{d296507 showWhenLocked=false})/@0xdeb59b7 sb=Rect(0, 0 - 1080, 2400) eb=Rect(0, 0 - 1080, 2400) epz=Point(1080, 2400) d=0}
07-30 12:05:19.494  1030  1099 V WindowManagerShell:     ]}
07-30 12:05:19.494  1030  1099 V WindowManagerShell: Playing animation for (#78) android.os.BinderProxy@eb2eadb@0
07-30 12:05:19.495  1030  1099 V ShellRecents: RecentsTransitionHandler.startAnimation: no controller found
07-30 12:05:19.495  1030  1099 V WindowManagerShell: Transition doesn't have explicit remote, search filters for match for {id=78 t=CLOSE f=0x0 trk=0 r=[0@Point(0, 0)] c=[{m=TO_FRONT f=SHOW_WALLPAPER|MOVE_TO_TOP leash=Surface(name=Task=1)/@0xcec08b6 sb=Rect(0, 0 - 1080, 2400) eb=Rect(0, 0 - 1080, 2400) epz=Point(1080, 2400) d=0 taskParent=-1},{m=TO_FRONT f=IS_WALLPAPER leash=Surface(name=WallpaperWindowToken{d296507 showWhenLocked=false})/@0xdeb59b7 sb=Rect(0, 0 - 1080, 2400) eb=Rect(0, 0 - 1080, 2400) epz=Point(1080, 2400) d=0}]}
07-30 12:05:19.495  1030  1099 V WindowManagerShell:  Checking filter Pair{{types=[] flags=0x0] notFlags=0x0 checks=[{atype=undefined independent=true modes=[CLOSE,TO_BACK] flags=IN_TASK_WITH_EMBEDDED_ACTIVITY mustBeTask=false order=ANY topActivity=null launchCookie=null taskFragmentToken=android.os.BinderProxy@44522b9 windowingMode=undefined}]} RemoteTransition { remoteTransition = android.window.IRemoteTransition$Stub$Proxy@61a56fe, appThread = android.app.IApplicationThread$Stub$Proxy@62c9e5f, debugName = overlayBackTransition }}
