07-30 12:05:05.792  1467  1467 I GoogleInputMethodService: GoogleInputMethodService.onStartInput():1311 onStartInput(EditorInfo{EditorInfo{packageName=com.google.android.apps.nexuslauncher, inputType=0, inputTypeString=NULL, enableLearning=false, autoCorrection=false, autoComplete=false, imeOptions=0, privateImeOptions=null, actionName=UNSPECIFIED, actionLabel=null, initialSelStart=-1, initialSelEnd=-1, initialCapsMode=0, label=null, fieldId=0, fieldName=null, extras=null, hintText=null, hintLocales=[]}}, false)
07-30 12:05:05.798  1467  1467 I Module  : DeviceLockedStatusModuleProvider$Module.updateDeviceLockedStatus():100 repeatCheckTimes = 1, locked = false
07-30 12:05:05.798   761   828 W IPCThreadState: Sending oneway calls to frozen process.
07-30 12:05:05.800   761  2066 I ImeTracker: system_server:5090a612: onRequestHide at ORIGIN_SERVER reason IME_REQUESTED_CHANGED_LISTENER fromUser false
07-30 12:05:05.805   761  2070 W PackageConfigPersister: App-specific configuration not found for packageName: com.google.android.apps.nexuslauncher and userId: 0
07-30 12:05:05.811   761   828 W IPCThreadState: Sending oneway calls to frozen process.
07-30 12:05:05.812   761   828 W IPCThreadState: Sending oneway calls to frozen process.
07-30 12:05:05.812   761   828 W IPCThreadState: Sending oneway calls to frozen process.
07-30 12:05:05.812   761   828 W IPCThreadState: Sending oneway calls to frozen process.
07-30 12:05:05.812   761   828 W IPCThreadState: Sending oneway calls to frozen process.
07-30 12:05:05.812   761   828 W IPCThreadState: Sending oneway calls to frozen process.
07-30 12:05:05.818  1467  1467 D ActivityThread: Package [com.fceumm.wrapper] reported as REPLACED, but missing application info. Assuming REMOVED.
07-30 12:05:05.820  1662  1662 D ActivityThread: Package [com.fceumm.wrapper] reported as REPLACED, but missing application info. Assuming REMOVED.
07-30 12:05:05.836  1187  1187 D ActivityThread: Package [com.fceumm.wrapper] reported as REPLACED, but missing application info. Assuming REMOVED.
07-30 12:05:05.840   761   761 D ActivityThread: Package [com.fceumm.wrapper] reported as REPLACED, but missing application info. Assuming REMOVED.
07-30 12:05:05.840  1142  1142 D ActivityThread: Package [com.fceumm.wrapper] reported as REPLACED, but missing application info. Assuming REMOVED.
07-30 12:05:05.841  1030  1030 D ActivityThread: Package [com.fceumm.wrapper] reported as REPLACED, but missing application info. Assuming REMOVED.
07-30 12:05:05.841  1172  1172 D ActivityThread: Package [com.fceumm.wrapper] reported as REPLACED, but missing application info. Assuming REMOVED.
07-30 12:05:05.864  1194  1249 I s.nexuslauncher: AssetManager2(0x70c953690f38) locale list changing from [] to [en-US]
07-30 12:05:05.874   761   828 W IPCThreadState: Sending oneway calls to frozen process.
07-30 12:05:05.874   761   828 W IPCThreadState: Sending oneway calls to frozen process.
07-30 12:05:05.874   761   828 W IPCThreadState: Sending oneway calls to frozen process.
07-30 12:05:05.874   761   828 W IPCThreadState: Sending oneway calls to frozen process.
07-30 12:05:05.874   761   828 W IPCThreadState: Sending oneway calls to frozen process.
07-30 12:05:05.874  1215  1215 D ActivityThread: Package [com.fceumm.wrapper] reported as REPLACED, but missing application info. Assuming REMOVED.
07-30 12:05:05.874   761   828 W IPCThreadState: Sending oneway calls to frozen process.
07-30 12:05:05.874   761   828 W IPCThreadState: Sending oneway calls to frozen process.
07-30 12:05:05.879  1330  1330 D ActivityThread: Package [com.fceumm.wrapper] reported as REPLACED, but missing application info. Assuming REMOVED.
07-30 12:05:05.894  1194  1249 W HWUI    : Image decoding logging dropped!
07-30 12:05:05.894   761   899 I system_server: AssetManager2(0x70c9536f74b8) locale list changing from [] to [en-US]
07-30 12:05:05.895  1633  1633 D ActivityThread: Package [com.fceumm.wrapper] reported as REPLACED, but missing application info. Assuming REMOVED.
07-30 12:05:05.896   761   828 W IPCThreadState: Sending oneway calls to frozen process.
07-30 12:05:05.897   761   828 W IPCThreadState: Sending oneway calls to frozen process.
07-30 12:05:05.897   761   828 W IPCThreadState: Sending oneway calls to frozen process.
07-30 12:05:05.897  1594  1594 D ActivityThread: Package [com.fceumm.wrapper] reported as REPLACED, but missing application info. Assuming REMOVED.
07-30 12:05:05.897   761   828 W IPCThreadState: Sending oneway calls to frozen process.
07-30 12:05:05.898   761   828 W IPCThreadState: Sending oneway calls to frozen process.
07-30 12:05:05.898   761   828 W IPCThreadState: Sending oneway calls to frozen process.
07-30 12:05:05.898   761   828 W IPCThreadState: Sending oneway calls to frozen process.
07-30 12:05:05.899   761   828 W IPCThreadState: Sending oneway calls to frozen process.
07-30 12:05:05.899   761   828 W IPCThreadState: Sending oneway calls to frozen process.
07-30 12:05:05.900  1194  1249 W LauncherActivityCachingLogic: loadIcon: Default app icon returned from PackageManager. component=ComponentInfo{com.fceumm.wrapper/com.fceumm.wrapper.MainActivity}, user=UserHandle{0}
07-30 12:05:05.900  1194  1249 W LauncherActivityCachingLogic: java.lang.Exception
07-30 12:05:05.900  1194  1249 W LauncherActivityCachingLogic: 	at com.android.launcher3.icons.cache.LauncherActivityCachingLogic.loadIcon(go/retraceme ee19ec8c009da7af1d458e7d1683a6f5bf3b93b44f6674aa108e1a3e78584fe0:11)
07-30 12:05:05.900  1194  1249 W LauncherActivityCachingLogic: 	at com.android.launcher3.icons.cache.LauncherActivityCachingLogic.loadIcon(go/retraceme ee19ec8c009da7af1d458e7d1683a6f5bf3b93b44f6674aa108e1a3e78584fe0:1)
07-30 12:05:05.900  1194  1249 W LauncherActivityCachingLogic: 	at com.android.launcher3.icons.cache.BaseIconCache.addIconToDBAndMemCache(go/retraceme ee19ec8c009da7af1d458e7d1683a6f5bf3b93b44f6674aa108e1a3e78584fe0:23)
07-30 12:05:05.900  1194  1249 W LauncherActivityCachingLogic: 	at com.android.launcher3.icons.IconCache.updateIconsForPkg(go/retraceme ee19ec8c009da7af1d458e7d1683a6f5bf3b93b44f6674aa108e1a3e78584fe0:35)
07-30 12:05:05.900  1194  1249 W LauncherActivityCachingLogic: 	at com.android.launcher3.model.PackageUpdatedTask.execute(go/retraceme ee19ec8c009da7af1d458e7d1683a6f5bf3b93b44f6674aa108e1a3e78584fe0:302)
07-30 12:05:05.900  1194  1249 W LauncherActivityCachingLogic: 	at com.android.launcher3.LauncherModel$enqueueModelUpdateTask$1.run(go/retraceme ee19ec8c009da7af1d458e7d1683a6f5bf3b93b44f6674aa108e1a3e78584fe0:39)
07-30 12:05:05.900  1194  1249 W LauncherActivityCachingLogic: 	at com.android.launcher3.util.LooperExecutor.execute(go/retraceme ee19ec8c009da7af1d458e7d1683a6f5bf3b93b44f6674aa108e1a3e78584fe0:20)
07-30 12:05:05.900  1194  1249 W LauncherActivityCachingLogic: 	at com.android.launcher3.LauncherModel.enqueueModelUpdateTask(go/retraceme ee19ec8c009da7af1d458e7d1683a6f5bf3b93b44f6674aa108e1a3e78584fe0:16)
07-30 12:05:05.900  1194  1249 W LauncherActivityCachingLogic: 	at com.android.launcher3.LauncherModel$newModelCallbacks$1.accept(go/retraceme ee19ec8c009da7af1d458e7d1683a6f5bf3b93b44f6674aa108e1a3e78584fe0:1)
07-30 12:05:05.900  1194  1249 W LauncherActivityCachingLogic: 	at com.android.launcher3.LauncherModel$newModelCallbacks$1.accept(go/retraceme ee19ec8c009da7af1d458e7d1683a6f5bf3b93b44f6674aa108e1a3e78584fe0:2)
07-30 12:05:05.900  1194  1249 W LauncherActivityCachingLogic: 	at com.android.launcher3.model.ModelLauncherCallbacks.onPackageChanged(go/retraceme ee19ec8c009da7af1d458e7d1683a6f5bf3b93b44f6674aa108e1a3e78584fe0:19)
07-30 12:05:05.900  1194  1249 W LauncherActivityCachingLogic: 	at android.content.pm.LauncherApps$CallbackMessageHandler.handleMessage(LauncherApps.java:2265)
07-30 12:05:05.900  1194  1249 W LauncherActivityCachingLogic: 	at android.os.Handler.dispatchMessage(Handler.java:110)
07-30 12:05:05.900  1194  1249 W LauncherActivityCachingLogic: 	at android.os.Looper.loopOnce(Looper.java:248)
07-30 12:05:05.900  1194  1249 W LauncherActivityCachingLogic: 	at android.os.Looper.loop(Looper.java:338)
07-30 12:05:05.900  1194  1249 W LauncherActivityCachingLogic: 	at android.os.HandlerThread.run(HandlerThread.java:85)
07-30 12:05:05.906   761   828 W IPCThreadState: Sending oneway calls to frozen process.
07-30 12:05:05.906   761   828 W IPCThreadState: Sending oneway calls to frozen process.
07-30 12:05:05.907   761   828 W IPCThreadState: Sending oneway calls to frozen process.
07-30 12:05:05.907  1467  1467 D ActivityThread: Package [com.fceumm.wrapper] reported as REPLACED, but missing application info. Assuming REMOVED.
07-30 12:05:05.907   761   828 W IPCThreadState: Sending oneway calls to frozen process.
07-30 12:05:05.907   761   896 I system_server: AssetManager2(0x70c9536d9ff8) locale list changing from [] to [en-US]
07-30 12:05:05.907   761   828 W IPCThreadState: Sending oneway calls to frozen process.
07-30 12:05:05.908  1617  1617 D ActivityThread: Package [com.fceumm.wrapper] reported as REPLACED, but missing application info. Assuming REMOVED.
07-30 12:05:05.909   761   828 W IPCThreadState: Sending oneway calls to frozen process.
07-30 12:05:05.913   761   828 W IPCThreadState: Sending oneway calls to frozen process.
07-30 12:05:05.913   761   828 W IPCThreadState: Sending oneway calls to frozen process.
07-30 12:05:05.913   761   828 W IPCThreadState: Sending oneway calls to frozen process.
07-30 12:05:05.914   761   828 W IPCThreadState: Sending oneway calls to frozen process.
07-30 12:05:05.914   761   828 W IPCThreadState: Sending oneway calls to frozen process.
07-30 12:05:05.914   761   828 W IPCThreadState: Sending oneway calls to frozen process.
07-30 12:05:05.914   761   828 W IPCThreadState: Sending oneway calls to frozen process.
07-30 12:05:05.914   761   828 W IPCThreadState: Sending oneway calls to frozen process.
07-30 12:05:05.914   761   828 W IPCThreadState: Sending oneway calls to frozen process.
07-30 12:05:05.914   761   828 W IPCThreadState: Sending oneway calls to frozen process.
07-30 12:05:05.915   761   828 W IPCThreadState: Sending oneway calls to frozen process.
07-30 12:05:05.917   761   828 W IPCThreadState: Sending oneway calls to frozen process.
07-30 12:05:05.917  1194  1249 W AllAppsList: Changing shortcut target due to app component name change. component=ComponentInfo{com.fceumm.wrapper/com.fceumm.wrapper.MainMenuActivity}, user=UserHandle{0}
07-30 12:05:05.917  1194  1249 D PackageUpdatedTask: OP_UPDATE - AllAppsList.trackRemoves callback: removed component=ComponentInfo{com.fceumm.wrapper/com.fceumm.wrapper.MainMenuActivity} id=-1 Look for earlier AllAppsList logs to find more information.
07-30 12:05:05.917   761   828 W IPCThreadState: Sending oneway calls to frozen process.
07-30 12:05:05.917  1605  1605 D ActivityThread: Package [com.fceumm.wrapper] reported as REPLACED, but missing application info. Assuming REMOVED.
07-30 12:05:05.917   761   828 W IPCThreadState: Sending oneway calls to frozen process.
07-30 12:05:05.919  1172  1172 D ActivityThread: Package [com.fceumm.wrapper] reported as REPLACED, but missing application info. Assuming REMOVED.
07-30 12:05:05.920  1194  1194 D ActivityThread: Package [com.fceumm.wrapper] reported as REPLACED, but missing application info. Assuming REMOVED.
07-30 12:05:05.920  1187  1187 D ActivityThread: Package [com.fceumm.wrapper] reported as REPLACED, but missing application info. Assuming REMOVED.
07-30 12:05:05.921  1030  1030 D ActivityThread: Package [com.fceumm.wrapper] reported as REPLACED, but missing application info. Assuming REMOVED.
07-30 12:05:05.921  1662  1662 D ActivityThread: Package [com.fceumm.wrapper] reported as REPLACED, but missing application info. Assuming REMOVED.
07-30 12:05:05.924  1142  1142 D ActivityThread: Package [com.fceumm.wrapper] reported as REPLACED, but missing application info. Assuming REMOVED.
07-30 12:05:05.927  1194  1249 W HWUI    : Image decoding logging dropped!
07-30 12:05:05.928   761   761 D ActivityThread: Package [com.fceumm.wrapper] reported as REPLACED, but missing application info. Assuming REMOVED.
07-30 12:05:05.928  1194  1249 W LauncherActivityCachingLogic: loadIcon: Default app icon returned from PackageManager. component=ComponentInfo{com.fceumm.wrapper/com.fceumm.wrapper.MainActivity}, user=UserHandle{0}
07-30 12:05:05.928  1194  1249 W LauncherActivityCachingLogic: java.lang.Exception
07-30 12:05:05.928  1194  1249 W LauncherActivityCachingLogic: 	at com.android.launcher3.icons.cache.LauncherActivityCachingLogic.loadIcon(go/retraceme ee19ec8c009da7af1d458e7d1683a6f5bf3b93b44f6674aa108e1a3e78584fe0:11)
07-30 12:05:05.928  1194  1249 W LauncherActivityCachingLogic: 	at com.android.launcher3.icons.cache.LauncherActivityCachingLogic.loadIcon(go/retraceme ee19ec8c009da7af1d458e7d1683a6f5bf3b93b44f6674aa108e1a3e78584fe0:1)
07-30 12:05:05.928  1194  1249 W LauncherActivityCachingLogic: 	at com.android.launcher3.icons.cache.BaseIconCache.loadFallbackIcon(go/retraceme ee19ec8c009da7af1d458e7d1683a6f5bf3b93b44f6674aa108e1a3e78584fe0:17)
07-30 12:05:05.928  1194  1249 W LauncherActivityCachingLogic: 	at com.android.launcher3.icons.cache.BaseIconCache.cacheLocked(go/retraceme ee19ec8c009da7af1d458e7d1683a6f5bf3b93b44f6674aa108e1a3e78584fe0:14)
07-30 12:05:05.928  1194  1249 W LauncherActivityCachingLogic: 	at com.android.launcher3.icons.cache.BaseIconCache.cacheLocked$default(go/retraceme ee19ec8c009da7af1d458e7d1683a6f5bf3b93b44f6674aa108e1a3e78584fe0:15)
07-30 12:05:05.928  1194  1249 W LauncherActivityCachingLogic: 	at com.android.launcher3.icons.cache.BaseIconCache.cacheLocked(go/retraceme ee19ec8c009da7af1d458e7d1683a6f5bf3b93b44f6674aa108e1a3e78584fe0:1)
07-30 12:05:05.928  1194  1249 W LauncherActivityCachingLogic: 	at com.android.launcher3.icons.IconCache.getTitleAndIcon(go/retraceme ee19ec8c009da7af1d458e7d1683a6f5bf3b93b44f6674aa108e1a3e78584fe0:13)
07-30 12:05:05.928  1194  1249 W LauncherActivityCachingLogic: 	at com.android.launcher3.icons.IconCache.getTitleAndIcon(go/retraceme ee19ec8c009da7af1d458e7d1683a6f5bf3b93b44f6674aa108e1a3e78584fe0:2)
07-30 12:05:05.928  1194  1249 W LauncherActivityCachingLogic: 	at com.android.launcher3.model.AllAppsList.add(go/retraceme ee19ec8c009da7af1d458e7d1683a6f5bf3b93b44f6674aa108e1a3e78584fe0:4)
07-30 12:05:05.928  1194  1249 W LauncherActivityCachingLogic: 	at com.android.launcher3.model.AllAppsList.add(go/retraceme ee19ec8c009da7af1d458e7d1683a6f5bf3b93b44f6674aa108e1a3e78584fe0:1)
07-30 12:05:05.928  1194  1249 W LauncherActivityCachingLogic: 	at com.android.launcher3.model.AllAppsList.updatePackage(go/retraceme ee19ec8c009da7af1d458e7d1683a6f5bf3b93b44f6674aa108e1a3e78584fe0:151)
07-30 12:05:05.928  1194  1249 W LauncherActivityCachingLogic: 	at com.android.launcher3.model.PackageUpdatedTask.execute(go/retraceme ee19ec8c009da7af1d458e7d1683a6f5bf3b93b44f6674aa108e1a3e78584fe0:309)
07-30 12:05:05.928  1194  1249 W LauncherActivityCachingLogic: 	at com.android.launcher3.LauncherModel$enqueueModelUpdateTask$1.run(go/retraceme ee19ec8c009da7af1d458e7d1683a6f5bf3b93b44f6674aa108e1a3e78584fe0:39)
07-30 12:05:05.928  1194  1249 W LauncherActivityCachingLogic: 	at com.android.launcher3.util.LooperExecutor.execute(go/retraceme ee19ec8c009da7af1d458e7d1683a6f5bf3b93b44f6674aa108e1a3e78584fe0:20)
07-30 12:05:05.928  1194  1249 W LauncherActivityCachingLogic: 	at com.android.launcher3.LauncherModel.enqueueModelUpdateTask(go/retraceme ee19ec8c009da7af1d458e7d1683a6f5bf3b93b44f6674aa108e1a3e78584fe0:16)
07-30 12:05:05.928  1194  1249 W LauncherActivityCachingLogic: 	at com.android.launcher3.LauncherModel$newModelCallbacks$1.accept(go/retraceme ee19ec8c009da7af1d458e7d1683a6f5bf3b93b44f6674aa108e1a3e78584fe0:1)
07-30 12:05:05.928  1194  1249 W LauncherActivityCachingLogic: 	at com.android.launcher3.LauncherModel$newModelCallbacks$1.accept(go/retraceme ee19ec8c009da7af1d458e7d1683a6f5bf3b93b44f6674aa108e1a3e78584fe0:2)
07-30 12:05:05.928  1194  1249 W LauncherActivityCachingLogic: 	at com.android.launcher3.model.ModelLauncherCallbacks.onPackageChanged(go/retraceme ee19ec8c009da7af1d458e7d1683a6f5bf3b93b44f6674aa108e1a3e78584fe0:19)
07-30 12:05:05.928  1194  1249 W LauncherActivityCachingLogic: 	at android.content.pm.LauncherApps$CallbackMessageHandler.handleMessage(LauncherApps.java:2265)
07-30 12:05:05.928  1194  1249 W LauncherActivityCachingLogic: 	at android.os.Handler.dispatchMessage(Handler.java:110)
07-30 12:05:05.928  1194  1249 W LauncherActivityCachingLogic: 	at android.os.Looper.loopOnce(Looper.java:248)
07-30 12:05:05.928  1194  1249 W LauncherActivityCachingLogic: 	at android.os.Looper.loop(Looper.java:338)
07-30 12:05:05.928  1194  1249 W LauncherActivityCachingLogic: 	at android.os.HandlerThread.run(HandlerThread.java:85)
07-30 12:05:05.930  1194  1249 D AlphabeticIndexCompat: computeSectionName: cs: FCEUmm Wrapper sectionName: F
07-30 12:05:05.942   761   899 V AccessibilityManagerService: onUserStateChangedLocked for userId: 0, forceUpdate: false
07-30 12:05:05.946   761   899 W MagnificationConnectionManager: requestConnection duplicated request: connect=false, mConnectionState=DISCONNECTED
07-30 12:05:05.947  1194  1249 D ModelWriter: removing items from db . Reason: [removed because the corresponding package or component is removed. mOp=2 removedPackages=[] removedComponents=[{com.fceumm.wrapper/com.fceumm.wrapper.MainMenuActivity}]]
07-30 12:05:05.948   761   899 I system_server: AssetManager2(0x70c9536dde78) locale list changing from [] to [en-US]
07-30 12:05:05.965   761   761 W IPCThreadState: Sending oneway calls to frozen process.
07-30 12:05:05.965   761   761 W IPCThreadState: Sending oneway calls to frozen process.
07-30 12:05:05.965  1030  1038 W System  : A resource failed to call release. 
07-30 12:05:05.965  1030  1038 W System  : A resource failed to call release. 
07-30 12:05:05.965  1030  1038 W System  : A resource failed to call release. 
07-30 12:05:05.965  1030  1038 W System  : A resource failed to call release. 
07-30 12:05:05.966  1030  1038 W System  : A resource failed to call release. 
07-30 12:05:05.966  1030  1038 W System  : A resource failed to call release. 
07-30 12:05:05.966  1030  1038 W System  : A resource failed to call release. 
07-30 12:05:05.966  1030  1038 W System  : A resource failed to call release. 
07-30 12:05:05.966  1030  1038 W System  : A resource failed to call release. 
07-30 12:05:05.966  1030  1038 W System  : A resource failed to call release. 
07-30 12:05:05.966  1030  1038 W System  : A resource failed to call release. 
07-30 12:05:05.966  1030  1038 W System  : A resource failed to call release. 
07-30 12:05:05.966  1030  1038 W System  : A resource failed to call release. 
07-30 12:05:05.967   761   899 V AccessibilityManagerService: onUserStateChangedLocked for userId: 0, forceUpdate: false
07-30 12:05:05.967   761   761 W IPCThreadState: Sending oneway calls to frozen process.
07-30 12:05:05.968  1194  1194 D AllAppsStore: setApps: apps.length=22
07-30 12:05:05.968  1194  1194 D AllAppsStore: notifyUpdate: notifying listeners
07-30 12:05:05.968  1194  1194 D ActivityAllAppsContainerView: onAppsUpdated; number of apps: 22
07-30 12:05:05.968   761   761 W IPCThreadState: Sending oneway calls to frozen process.
07-30 12:05:05.968  1194  1194 D ActivityAllAppsContainerView: rebindAdapters: force: false
07-30 12:05:05.968  1194  1194 D ActivityAllAppsContainerView: rebindAdapters: Not needed.
07-30 12:05:05.968   761   899 W MagnificationConnectionManager: requestConnection duplicated request: connect=false, mConnectionState=DISCONNECTED
07-30 12:05:05.968  1194  1194 D StatsLog: LAUNCHER_ALLAPPS_COUNT
07-30 12:05:05.968  1194  1194 D AlphabeticalAppsList: Clearing FastScrollerSections.
07-30 12:05:05.968   761   761 W IPCThreadState: Sending oneway calls to frozen process.
07-30 12:05:05.968  1194  1194 D AlphabeticalAppsList: Adding apps with sections. HasPrivateApps: false
07-30 12:05:05.968  1194  1194 D AlphabeticalAppsList: addAppsWithSections: adding sectionName: C with appInfoTitle: Calendar
07-30 12:05:05.968  1194  1194 D AlphabeticalAppsList: addAppsWithSections: adding sectionName: D with appInfoTitle: Drive
07-30 12:05:05.968  1194  1194 D AlphabeticalAppsList: addAppsWithSections: adding sectionName: F with appInfoTitle: FCEUmm Wrapper
07-30 12:05:05.968  1194  1194 D AlphabeticalAppsList: addAppsWithSections: adding sectionName: G with appInfoTitle: Ghost Commander
07-30 12:05:05.968  1194  1194 D AlphabeticalAppsList: addAppsWithSections: adding sectionName: M with appInfoTitle: Maps
07-30 12:05:05.968  1194  1194 D AlphabeticalAppsList: addAppsWithSections: adding sectionName: P with appInfoTitle: Phone
07-30 12:05:05.968  1194  1194 D AlphabeticalAppsList: addAppsWithSections: adding sectionName: R with appInfoTitle: RetroArch
07-30 12:05:05.968  1194  1194 D AlphabeticalAppsList: addAppsWithSections: adding sectionName: S with appInfoTitle: Safety
07-30 12:05:05.968  1194  1194 D AlphabeticalAppsList: addAppsWithSections: adding sectionName: T with appInfoTitle: TMoble
07-30 12:05:05.968  1194  1194 D AlphabeticalAppsList: addAppsWithSections: adding sectionName: Y with appInfoTitle: YT Music
07-30 12:05:05.968  1194  1194 D AlphabeticalAppsList: Adding FastScrollSection duplicate to scroll to the bottom.
07-30 12:05:05.969  1194  1194 D AlphabeticalAppsList: Clearing FastScrollerSections.
07-30 12:05:05.969  1194  1194 D AlphabeticalAppsList: Adding apps with sections. HasPrivateApps: false
07-30 12:05:05.969  1194  1194 D AlphabeticalAppsList: addAppsWithSections: adding sectionName: C with appInfoTitle: Calendar
07-30 12:05:05.969   761   761 W IPCThreadState: Sending oneway calls to frozen process.
07-30 12:05:05.969  1194  1194 D AlphabeticalAppsList: addAppsWithSections: adding sectionName: D with appInfoTitle: Drive
07-30 12:05:05.969  1194  1194 D AlphabeticalAppsList: addAppsWithSections: adding sectionName: F with appInfoTitle: FCEUmm Wrapper
07-30 12:05:05.969   761   761 W IPCThreadState: Sending oneway calls to frozen process.
07-30 12:05:05.969  1194  1194 D AlphabeticalAppsList: addAppsWithSections: adding sectionName: G with appInfoTitle: Ghost Commander
07-30 12:05:05.969   761   761 W IPCThreadState: Sending oneway calls to frozen process.
07-30 12:05:05.969  1194  1194 D AlphabeticalAppsList: addAppsWithSections: adding sectionName: M with appInfoTitle: Maps
07-30 12:05:05.969  1194  1194 D AlphabeticalAppsList: addAppsWithSections: adding sectionName: P with appInfoTitle: Phone
07-30 12:05:05.969  1194  1194 D AlphabeticalAppsList: addAppsWithSections: adding sectionName: R with appInfoTitle: RetroArch
07-30 12:05:05.969  1194  1194 D AlphabeticalAppsList: addAppsWithSections: adding sectionName: S with appInfoTitle: Safety
07-30 12:05:05.969  1194  1194 D AlphabeticalAppsList: addAppsWithSections: adding sectionName: T with appInfoTitle: TMoble
07-30 12:05:05.969  1194  1194 D AlphabeticalAppsList: addAppsWithSections: adding sectionName: Y with appInfoTitle: YT Music
07-30 12:05:05.969  1194  1194 D AlphabeticalAppsList: Adding FastScrollSection duplicate to scroll to the bottom.
07-30 12:05:05.969   761   761 W IPCThreadState: Sending oneway calls to frozen process.
07-30 12:05:05.976  1194  1194 D b/387844520: getOutlineOffsetX: measured width = 173, mNormalizedIconSize = 159, last updated width = 173
07-30 12:05:05.977   761   761 W IPCThreadState: Sending oneway calls to frozen process.
07-30 12:05:05.987  1194  1249 W HWUI    : Image decoding logging dropped!
07-30 12:05:05.994   761   865 D ActivityManager: sync unfroze 2266 com.google.android.apps.wellbeing for 6
07-30 12:05:06.040   761   985 D ShortcutService: received package broadcast intent: Intent { act=android.intent.action.PACKAGE_REMOVED dat=package: flg=0x4000010 (has extras) }
07-30 12:05:06.040   761   896 I system_server: AssetManager2(0x70c9536b6738) locale list changing from [] to [en-US]
07-30 12:05:06.041   761   940 E AppOps  : attributionTag VCN not declared in manifest of android
07-30 12:05:06.061   761   985 D ShortcutService: received package broadcast intent: Intent { act=android.intent.action.PACKAGE_ADDED dat=package: flg=0x4000010 (has extras) }
07-30 12:05:06.061   761   985 D ShortcutService: replacing package: com.fceumm.wrapper userId=0
07-30 12:05:06.062  1187  1429 I SatelliteAppTracker: onPackageUpdateFinished : com.fceumm.wrapper
07-30 12:05:06.062  1187  1429 I SatelliteAppTracker: onPackageModified : com.fceumm.wrapper
07-30 12:05:06.094  1030  1030 D ControlsListingControllerImpl: ServiceConfig reloaded, count: 0
07-30 12:05:06.097   761   991 I SdkSandboxManager: No SDKs used. Skipping SDK data reconcilation for CallingInfo{mUid=10240, mPackageName='com.fceumm.wrapper, mAppProcessToken='null'}
07-30 12:05:06.110  1030  1030 D ControlsListingControllerImpl: ServiceConfig reloaded, count: 0
07-30 12:05:06.112   761   803 D ActivityManager: sync unfroze 5489 com.android.vending for 3
07-30 12:05:06.131   761   803 D ActivityManager: sync unfroze 4878 com.android.vending:background for 3
07-30 12:05:06.139  1187  1187 E SmsApplication: com.google.android.apps.messaging lost android:read_cell_broadcasts:  (fixing)
07-30 12:05:06.145  1030  1030 D ControlsListingControllerImpl: ServiceConfig reloaded, count: 0
07-30 12:05:06.146   761  2059 W AppOpService: Ignored setUidMode call for runtime permission app op: uid = 10145, code = READ_CELL_BROADCASTS, mode = allow, callingUid = 1001, oldMode = allow
07-30 12:05:06.148  4878  4950 I Finsky:background: [42] Stats for Executor: LightweightExecutor tkc@33df0e0[Running, pool size = 4, active threads = 0, queued tasks = 0, completed tasks = 122]
07-30 12:05:06.148  4878  4950 I Finsky:background: [42] Stats for Executor: bgExecutor tkc@e03ff99[Running, pool size = 4, active threads = 0, queued tasks = 0, completed tasks = 211]
07-30 12:05:06.148  4878  4950 I Finsky:background: [42] Stats for Executor: BlockingExecutor tkc@8eaa25e[Running, pool size = 0, active threads = 0, queued tasks = 0, completed tasks = 180]
07-30 12:05:06.153   761   991 I SdkSandboxManager: No SDKs used. Skipping SDK data reconcilation for CallingInfo{mUid=10240, mPackageName='com.fceumm.wrapper, mAppProcessToken='null'}
07-30 12:05:06.153  4878  4878 I Finsky:background: [2] Memory trim requested to level 40
07-30 12:05:06.160  5489  5502 I Finsky  : [41] Stats for Executor: BlockingExecutor tkc@cae3dee[Running, pool size = 0, active threads = 0, queued tasks = 0, completed tasks = 138]
07-30 12:05:06.160  5489  5502 I Finsky  : [41] Stats for Executor: LightweightExecutor tkc@123128f[Running, pool size = 4, active threads = 0, queued tasks = 0, completed tasks = 534]
07-30 12:05:06.160  5489  5489 I Finsky  : [2] Memory trim requested to level 40
07-30 12:05:06.165  5489  5502 I Finsky  : [41] Stats for Executor: bgExecutor tkc@530a91c[Running, pool size = 4, active threads = 0, queued tasks = 0, completed tasks = 4501]
07-30 12:05:06.165   761   761 W Looper  : Slow dispatch took 141ms main app=system_server main=true group=FOREGROUND h=android.app.ActivityThread$H c=android.app.LoadedApk$ReceiverDispatcher$Args$$ExternalSyntheticLambda0@d1de275 m=0
07-30 12:05:06.172  5489  5489 I Finsky  : [2] Flushing in-memory image cache
07-30 12:05:06.178   761   803 D ActivityManager: sync unfroze 2437 com.google.android.permissioncontroller for 3
07-30 12:05:06.182  4878  4878 I Finsky:background: [2] Memory trim requested to level 40
07-30 12:05:06.182  4878  4878 I Finsky:background: [2] Memory trim requested to level 40
07-30 12:05:06.183  4878  4878 I Finsky:background: [2] Memory trim requested to level 40
07-30 12:05:06.188   761   782 I system_server: Background concurrent mark compact GC freed 14MB AllocSpace bytes, 13(796KB) LOS objects, 39% free, 37MB/61MB, paused 12.880ms,11.611ms total 612.053ms
07-30 12:05:06.189  4878  4878 I Finsky:background: [2] Memory trim requested to level 40
07-30 12:05:06.189  4878  4878 I Finsky:background: [2] Memory trim requested to level 40
07-30 12:05:06.189  4878  4878 I Finsky:background: [2] Memory trim requested to level 40
07-30 12:05:06.189  4878  4878 I Finsky:background: [2] Memory trim requested to level 40
07-30 12:05:06.189  4878  4878 I Finsky:background: [2] Memory trim requested to level 40
07-30 12:05:06.189  4878  4878 I Finsky:background: [2] Memory trim requested to level 40
07-30 12:05:06.189  4878  4878 D ActivityThread: Package [com.fceumm.wrapper] reported as REPLACED, but missing application info. Assuming REMOVED.
07-30 12:05:06.197  4878  4878 D ActivityThread: Package [com.fceumm.wrapper] reported as REPLACED, but missing application info. Assuming REMOVED.
07-30 12:05:06.204  1605  1605 I AiAiTextClassifier: onDestroyTextClassificationSession = TextClassificationSessionId {5f91078b-4946-4e36-9b53-3a69b7c45119}
07-30 12:05:06.206  4878  4878 I Finsky:background: [2] Memory trim requested to level 40
07-30 12:05:06.208  4878  4878 I Finsky:background: [2] Memory trim requested to level 40
07-30 12:05:06.212  5489  5489 I Finsky  : [2] Memory trim requested to level 40
07-30 12:05:06.212  5489  5489 I Finsky  : [2] Flushing in-memory image cache
07-30 12:05:06.212  5489  5489 I Finsky  : [2] Memory trim requested to level 40
07-30 12:05:06.212  5489  5489 I Finsky  : [2] Flushing in-memory image cache
07-30 12:05:06.212  5489  5489 I Finsky  : [2] Memory trim requested to level 40
07-30 12:05:06.212  5489  5489 I Finsky  : [2] Flushing in-memory image cache
07-30 12:05:06.212  5489  5489 I Finsky  : [2] Memory trim requested to level 40
07-30 12:05:06.212  5489  5489 I Finsky  : [2] Flushing in-memory image cache
07-30 12:05:06.212  5489  5489 I Finsky  : [2] Memory trim requested to level 40
07-30 12:05:06.212  5489  5489 I Finsky  : [2] Flushing in-memory image cache
07-30 12:05:06.212  5489  5489 I Finsky  : [2] Memory trim requested to level 40
07-30 12:05:06.212  5489  5489 I Finsky  : [2] Flushing in-memory image cache
07-30 12:05:06.212  5489  5489 I Finsky  : [2] Memory trim requested to level 40
07-30 12:05:06.212  5489  5489 I Finsky  : [2] Flushing in-memory image cache
07-30 12:05:06.212  5489  5489 I Finsky  : [2] Memory trim requested to level 40
07-30 12:05:06.212  5489  5489 I Finsky  : [2] Flushing in-memory image cache
07-30 12:05:06.212  5489  5489 D ActivityThread: Package [com.fceumm.wrapper] reported as REPLACED, but missing application info. Assuming REMOVED.
07-30 12:05:06.216   761   797 W ProcessStats: Tracking association SourceState{7b22357 system/1000 ImpBg #7589} whose proc state 6 is better than process ProcessState{3af75de com.google.android.apps.wellbeing/10148 pkg=com.google.android.apps.wellbeing} proc state 15 (34 skipped)
07-30 12:05:06.218   761   797 I ImeTracker: system_server:5090a612: onCancelled at PHASE_SERVER_SHOULD_HIDE
07-30 12:05:06.233  1594  1594 W MediaProvider: WorkProfileOwnerApps cache is empty
07-30 12:05:06.234  5489  5489 D ActivityThread: Package [com.fceumm.wrapper] reported as REPLACED, but missing application info. Assuming REMOVED.
07-30 12:05:06.236   761   828 D PackageInstallerSession: Marking session 709661570 as applied
07-30 12:05:06.236   761   797 I system_server: AssetManager2(0x70c9536da958) locale list changing from [] to [en-US]
07-30 12:05:06.238   761  2067 W AppOpService: Ignored setUidMode call for runtime permission app op: uid = 1001, code = READ_SMS, mode = allow, callingUid = 1001, oldMode = allow
07-30 12:05:06.245   761   842 D InstallDependencyHelper: Session complete for 709661570
07-30 12:05:06.247  1594  1594 D PickerSyncLockManager: Trying to acquire lock com.android.providers.media.photopicker.sync.CloseableReentrantLock@8cfdbe9[Unlocked]. Lock Name = CLOUD_PROVIDER_LOCK. Threads that may be waiting to acquire this lock = []
07-30 12:05:06.248  1594  1594 D CloseableReentrantLock: Successfully acquired lock com.android.providers.media.photopicker.sync.CloseableReentrantLock@8cfdbe9[Locked by thread main]. Lock Name = CLOUD_PROVIDER_LOCK. Threads that may be waiting to acquire this lock = []
07-30 12:05:06.248  1594  1594 D CloseableReentrantLock: Successfully released lock com.android.providers.media.photopicker.sync.CloseableReentrantLock@8cfdbe9[Unlocked]. Lock Name = CLOUD_PROVIDER_LOCK. Threads that may be waiting to acquire this lock = []
07-30 12:05:06.258   761  1802 W AppOpService: Ignored setUidMode call for runtime permission app op: uid = 1001, code = RECEIVE_SMS, mode = allow, callingUid = 1001, oldMode = allow
07-30 12:05:06.259  5489  5489 I Finsky  : [2] Memory trim requested to level 40
07-30 12:05:06.259  5489  5489 I Finsky  : [2] Flushing in-memory image cache
07-30 12:05:06.260  5489  5489 I Finsky  : [2] Memory trim requested to level 40
07-30 12:05:06.260  5489  5489 I Finsky  : [2] Flushing in-memory image cache
07-30 12:05:06.260   761  1802 W AppOpService: Ignored setUidMode call for runtime permission app op: uid = 1001, code = RECEIVE_WAP_PUSH, mode = allow, callingUid = 1001, oldMode = allow
07-30 12:05:06.260   761  2070 W AppOpService: Ignored setUidMode call for runtime permission app op: uid = 1001, code = SEND_SMS, mode = allow, callingUid = 1001, oldMode = allow
07-30 12:05:06.264   761   761 D ActivityManager: sync unfroze 7413 com.android.settings for 10
07-30 12:05:06.264   761  2070 W AppOpService: Ignored setUidMode call for runtime permission app op: uid = 1001, code = READ_CELL_BROADCASTS, mode = allow, callingUid = 1001, oldMode = allow
07-30 12:05:06.277  2437  2437 D ActivityThread: Package [com.fceumm.wrapper] reported as REPLACED, but missing application info. Assuming REMOVED.
07-30 12:05:06.279   761   761 D ActivityManager: sync unfroze 5774 com.android.keychain for 10
07-30 12:05:06.280  5774  5774 D ActivityThread: Package [com.fceumm.wrapper] reported as REPLACED, but missing application info. Assuming REMOVED.
07-30 12:05:06.274   761   761 W binder:761_B: type=1400 audit(0.0:1970): avc:  denied  { getopt } for  scontext=u:r:system_server:s0 tcontext=u:r:shell:s0 tclass=unix_stream_socket permissive=0
07-30 12:05:06.292  5774  5774 D ActivityThread: Package [com.fceumm.wrapper] reported as REPLACED, but missing application info. Assuming REMOVED.
07-30 12:05:06.278   761   761 W binder:761_B: type=1400 audit(0.0:1971): avc:  denied  { getopt } for  scontext=u:r:system_server:s0 tcontext=u:r:shell:s0 tclass=unix_stream_socket permissive=0
07-30 12:05:06.294  2437  2437 D ActivityThread: Package [com.fceumm.wrapper] reported as REPLACED, but missing application info. Assuming REMOVED.
07-30 12:05:06.278   761   761 W binder:761_B: type=1400 audit(0.0:1972): avc:  denied  { getopt } for  scontext=u:r:system_server:s0 tcontext=u:r:shell:s0 tclass=unix_stream_socket permissive=0
07-30 12:05:06.323  5489  5489 I Finsky  : [2] aeno - Received: android.intent.action.PACKAGE_REMOVED, [H_EPTsUOLTKr3P86Q5LZLb1_doxGApN6BawIspsyJAc]
07-30 12:05:06.323   761   986 D BackgroundInstallControlService: Package event received: 0
07-30 12:05:06.337  7413  7413 D ActivityThread: Package [com.fceumm.wrapper] reported as REPLACED, but missing application info. Assuming REMOVED.
07-30 12:05:06.344   761  2066 W ContentProviderHelper: Slow operation: 53ms so far, now at getContentProviderImpl: after updateOomAdj
07-30 12:05:06.344  4878  4878 I Finsky:background: [2] aene - Received: android.intent.action.PACKAGE_REMOVED, [H_EPTsUOLTKr3P86Q5LZLb1_doxGApN6BawIspsyJAc]
07-30 12:05:06.344   761  2066 W ContentProviderHelper: Slow operation: 54ms so far, now at getContentProviderImpl: done!
07-30 12:05:06.348  1617  1617 I fjac    : (REDACTED) O received %s
07-30 12:05:06.349  2437  2437 I SafetyLabelChangedBroadcastReceiver: received broadcast packageName: com.fceumm.wrapper, current user: UserHandle{0}, packageChangeEvent: UPDATE, intent user: UserHandle{0}
07-30 12:05:06.349  1187  1187 D CarrierSvcBindHelper: onPackageUpdateFinished: com.fceumm.wrapper
07-30 12:05:06.352  7413  7413 D ActivityThread: Package [com.fceumm.wrapper] reported as REPLACED, but missing application info. Assuming REMOVED.
07-30 12:05:06.348  2266  2266 D ActivityThread: Package [com.fceumm.wrapper] reported as REPLACED, but missing application info. Assuming REMOVED.
07-30 12:05:06.370  2266  2266 D ActivityThread: Package [com.fceumm.wrapper] reported as REPLACED, but missing application info. Assuming REMOVED.
07-30 12:05:06.380   761   784 W System  : A resource failed to call close. 
07-30 12:05:06.390  1187  1196 W m.android.phone: Suspending all threads took: 17.769ms
07-30 12:05:06.444   761  2059 D ActivityManager: sync unfroze 5651 com.google.android.gms for 6
07-30 12:05:06.452  1187  1187 D CarrierSvcBindHelper: No carrier app for: 0
07-30 12:05:06.453  1187  1187 D CarrierSvcBindHelper: onPackageModified: com.fceumm.wrapper
07-30 12:05:06.453  1187  1187 D CarrierSvcBindHelper: No carrier app for: 0
07-30 12:05:06.464   761   986 D BackgroundInstallControlService: Package event received: 0
07-30 12:05:06.484  5651  5651 D ActivityThread: Package [com.fceumm.wrapper] reported as REPLACED, but missing application info. Assuming REMOVED.
07-30 12:05:06.500  5651  5651 D ActivityThread: Package [com.fceumm.wrapper] reported as REPLACED, but missing application info. Assuming REMOVED.
07-30 12:05:06.513   761   802 I system_server: AssetManager2(0x70c9536f1d38) locale list changing from [] to [en-US]
07-30 12:05:06.514   761   761 W Looper  : Slow dispatch took 348ms main app=system_server main=true group=FOREGROUND h=android.app.ActivityThread$H c=android.app.LoadedApk$ReceiverDispatcher$Args$$ExternalSyntheticLambda0@a777a9c m=0
07-30 12:05:06.515   761   761 W Looper  : Slow delivery took 496ms main app=system_server main=true group=FOREGROUND h=android.app.ActivityThread$H c=android.app.LoadedApk$ReceiverDispatcher$Args$$ExternalSyntheticLambda0@d57387a m=0
07-30 12:05:06.552   761   986 D BackgroundInstallControlService: Package event received: 0
07-30 12:05:06.562  1187  1187 E SmsApplication: com.google.android.apps.messaging lost android:read_cell_broadcasts:  (fixing)
07-30 12:05:06.564   761  2067 W AppOpService: Ignored setUidMode call for runtime permission app op: uid = 10145, code = READ_CELL_BROADCASTS, mode = allow, callingUid = 1001, oldMode = allow
07-30 12:05:06.565   761   761 I Telecom : CarModeTracker: Package com.fceumm.wrapper is not tracked.: SSH.oR@AOw
07-30 12:05:06.566   761   761 I Telecom : InCallController: updateCarModeForConnections: car mode apps: : SSH.oR@AOw
07-30 12:05:06.568   761   761 I Telecom : InCallController: update carmode current:UserHandle{0} parent:null: SSH.oR@AOw
07-30 12:05:06.594   761   879 I RoleService: Granting default roles...
07-30 12:05:06.607   761  1710 W AppOpService: Ignored setUidMode call for runtime permission app op: uid = 1001, code = READ_SMS, mode = allow, callingUid = 1001, oldMode = allow
07-30 12:05:06.627   761  1802 W AppOpService: Ignored setUidMode call for runtime permission app op: uid = 1001, code = RECEIVE_SMS, mode = allow, callingUid = 1001, oldMode = allow
07-30 12:05:06.629   761  1710 W AppOpService: Ignored setUidMode call for runtime permission app op: uid = 1001, code = RECEIVE_WAP_PUSH, mode = allow, callingUid = 1001, oldMode = allow
07-30 12:05:06.633   761  1802 W AppOpService: Ignored setUidMode call for runtime permission app op: uid = 1001, code = SEND_SMS, mode = allow, callingUid = 1001, oldMode = allow
07-30 12:05:06.638   761  1802 W AppOpService: Ignored setUidMode call for runtime permission app op: uid = 1001, code = READ_CELL_BROADCASTS, mode = allow, callingUid = 1001, oldMode = allow
07-30 12:05:06.669  1617  1617 I fjac    : (REDACTED) O received %s
07-30 12:05:06.686   761  3618 W SignedPackage: Package doesn't have required signing certificate: com.google.android.retaildemo
07-30 12:05:06.686   761  3618 E RoleControllerServiceImpl: Default/fallback role holder package doesn't qualify for the role, package: com.google.android.gms.supervision, role: android.app.role.SYSTEM_SUPERVISION
07-30 12:05:06.688  1617  1617 I fjac    : (REDACTED) O received %s
07-30 12:05:06.693   761  3618 W SignedPackage: Package doesn't have required signing certificate: com.google.android.apps.work.clouddpc
07-30 12:05:06.706   761   761 D AppSearchAppsIndexerManagerS: userid in package receiver: 10240
07-30 12:05:06.719   761   986 D BackgroundInstallControlService: Package event received: 0
07-30 12:05:06.723   761   986 D BackgroundInstallControlService: Package event received: 0
07-30 12:05:06.723  1194  1194 D ScalingWorkspaceRevealAnim: alpha of workspace at the end of animation: 1.0
07-30 12:05:06.726   761   761 D BackupManagerConstants: getFullBackupIntervalMilliseconds(...) returns 86400000
07-30 12:05:06.727   761   761 D BackupManagerConstants: getFullBackupRequiredNetworkType(...) returns 2
07-30 12:05:06.727   761   761 D BackupManagerConstants: getFullBackupRequireCharging(...) returns true
07-30 12:05:06.736  1030  1099 V WindowManagerShell: Transition animation finished (aborted=false), notifying core (#76) android.os.BinderProxy@fc7c5d@0
07-30 12:05:06.748   761   794 V WindowManager: Finish Transition (#76): created at 07-30 12:05:05.455 collect-started=0.245ms request-sent=0.551ms started=24.783ms ready=180.473ms sent=188.937ms commit=46.992ms finished=1284.673ms
07-30 12:05:06.757   761  1710 E IPCThreadState: Binder transaction failure. id: 21011076, BR_*: 29189, error: -22 (Invalid argument)
07-30 12:05:06.757   761  1710 W ActivityManager: pid 761 system sent binder code 7 with flags 1 to frozen apps and got error -32
07-30 12:05:06.761   761  1710 W WindowManager: Exception thrown during dispatchAppVisibility Window{ba529f7 u0 com.fceumm.wrapper/com.fceumm.wrapper.MainMenuActivity EXITING}
07-30 12:05:06.761   761  1710 W WindowManager: android.os.DeadObjectException
07-30 12:05:06.761   761  1710 W WindowManager: 	at android.os.BinderProxy.transactNative(Native Method)
07-30 12:05:06.761   761  1710 W WindowManager: 	at android.os.BinderProxy.transact(BinderProxy.java:592)
07-30 12:05:06.761   761  1710 W WindowManager: 	at android.view.IWindow$Stub$Proxy.dispatchAppVisibility(IWindow.java:557)
07-30 12:05:06.761   761  1710 W WindowManager: 	at com.android.server.wm.WindowState.sendAppVisibilityToClients(WindowState.java:3151)
07-30 12:05:06.761   761  1710 W WindowManager: 	at com.android.server.wm.WindowContainer.sendAppVisibilityToClients(WindowContainer.java:1311)
07-30 12:05:06.761   761  1710 W WindowManager: 	at com.android.server.wm.WindowToken.setClientVisible(WindowToken.java:389)
07-30 12:05:06.761   761  1710 W WindowManager: 	at com.android.server.wm.ActivityRecord.setClientVisible(ActivityRecord.java:6650)
07-30 12:05:06.761   761  1710 W WindowManager: 	at com.android.server.wm.ActivityRecord.commitVisibility(ActivityRecord.java:5561)
07-30 12:05:06.761   761  1710 W WindowManager: 	at com.android.server.wm.Transition.finishTransition(Transition.java:1391)
07-30 12:05:06.761   761  1710 W WindowManager: 	at com.android.server.wm.TransitionController.finishTransition(TransitionController.java:1029)
07-30 12:05:06.761   761  1710 W WindowManager: 	at com.android.server.wm.WindowOrganizerController.finishTransition(WindowOrganizerController.java:496)
07-30 12:05:06.761   761  1710 W WindowManager: 	at android.window.IWindowOrganizerController$Stub.onTransact(IWindowOrganizerController.java:261)
07-30 12:05:06.761   761  1710 W WindowManager: 	at com.android.server.wm.WindowOrganizerController.onTransact(WindowOrganizerController.java:223)
07-30 12:05:06.761   761  1710 W WindowManager: 	at android.os.Binder.execTransactInternal(Binder.java:1426)
07-30 12:05:06.761   761  1710 W WindowManager: 	at android.os.Binder.execTransact(Binder.java:1365)
07-30 12:05:06.761   761  1710 W Process : Unable to open /proc/10570/status
07-30 12:05:06.782  1030  1099 V WindowManagerShell: Track 0 became idle
07-30 12:05:06.782  1030  1099 V WindowManagerShell: All active transition animations finished
07-30 12:05:06.793  1187  1187 E SmsApplication: com.google.android.apps.messaging lost android:read_cell_broadcasts:  (fixing)
07-30 12:05:06.810  4878  4878 I Finsky:background: [2] IQ: onPackageRemoved com.fceumm.wrapper, replacing=true, uninstallingFromPlay=false
07-30 12:05:06.821   761  3618 E AppOpService: Blocked setUidMode call for runtime permission app op: uid = 10140, code = CAMERA, mode = foreground, callingUid = 1000, oldMode = allow
07-30 12:05:06.821   761  3618 E AppOpService: java.lang.RuntimeException
07-30 12:05:06.821   761  3618 E AppOpService: 	at com.android.server.permission.access.appop.AppOpService.setUidMode(AppOpService.kt:272)
07-30 12:05:06.821   761  3618 E AppOpService: 	at com.android.server.appop.AppOpsCheckingServiceTracingDecorator.setUidMode(AppOpsCheckingServiceTracingDecorator.java:120)
07-30 12:05:06.821   761  3618 E AppOpService: 	at com.android.server.appop.AppOpsService.setUidMode(AppOpsService.java:2182)
07-30 12:05:06.821   761  3618 E AppOpService: 	at com.android.server.appop.AppOpsService.setUidMode(AppOpsService.java:2126)
07-30 12:05:06.821   761  3618 E AppOpService: 	at android.app.AppOpsManager.setUidMode(AppOpsManager.java:8596)
07-30 12:05:06.821   761  3618 E AppOpService: 	at com.android.role.controller.model.Permissions.setAppOpModeAsUser(Permissions.java:908)
07-30 12:05:06.821   761  3618 E AppOpService: 	at com.android.role.controller.model.Permissions.setAppOpUidModeAsUser(Permissions.java:885)
07-30 12:05:06.821   761  3618 E AppOpService: 	at com.android.role.controller.model.Permissions.grantPermissionAndAppOpAsUser(Permissions.java:373)
07-30 12:05:06.821   761  3618 E AppOpService: 	at com.android.role.controller.model.Permissions.grantSingleAsUser(Permissions.java:247)
07-30 12:05:06.821   761  3618 E AppOpService: 	at com.android.role.controller.model.Permissions.grantAsUser(Permissions.java:205)
07-30 12:05:06.821   761  3618 E AppOpService: 	at com.android.role.controller.model.Role.grantAsUser(Role.java:867)
07-30 12:05:06.821   761  3618 E AppOpService: 	at com.android.role.controller.service.RoleControllerServiceImpl.addRoleHolderInternal(RoleControllerServiceImpl.java:376)
07-30 12:05:06.821   761  3618 E AppOpService: 	at com.android.role.controller.service.RoleControllerServiceImpl.onGrantDefaultRoles(RoleControllerServiceImpl.java:163)
07-30 12:05:06.821   761  3618 E AppOpService: 	at com.android.role.LocalRoleController.lambda$grantDefaultRoles$1(LocalRoleController.java:56)
07-30 12:05:06.821   761  3618 E AppOpService: 	at com.android.role.LocalRoleController.$r8$lambda$ye-flP7Mf14AbTzwSmiTgndT6Cg(LocalRoleController.java:0)
07-30 12:05:06.821   761  3618 E AppOpService: 	at com.android.role.LocalRoleController$$ExternalSyntheticLambda1.run(R8$$SyntheticClass:0)
07-30 12:05:06.821   761  3618 E AppOpService: 	at android.os.Handler.handleCallback(Handler.java:995)
07-30 12:05:06.821   761  3618 E AppOpService: 	at android.os.Handler.dispatchMessage(Handler.java:103)
07-30 12:05:06.821   761  3618 E AppOpService: 	at android.os.Looper.loopOnce(Looper.java:248)
07-30 12:05:06.821   761  3618 E AppOpService: 	at android.os.Looper.loop(Looper.java:338)
07-30 12:05:06.821   761  3618 E AppOpService: 	at android.os.HandlerThread.run(HandlerThread.java:85)
07-30 12:05:06.821   761  2060 W AppOpService: Ignored setUidMode call for runtime permission app op: uid = 10145, code = READ_CELL_BROADCASTS, mode = allow, callingUid = 1001, oldMode = allow
07-30 12:05:06.827   595   595 E BpTransactionCompletedListener: Failed to transact (-32)
07-30 12:05:06.834  4878  4878 I Finsky:background: [2] aene - Received: android.intent.action.PACKAGE_ADDED, [H_EPTsUOLTKr3P86Q5LZLb1_doxGApN6BawIspsyJAc]
07-30 12:05:06.842  1194  1194 D RecentsView: onTaskRemoved: 651, not handling task stack changes
07-30 12:05:06.842  1194  1194 D RecentsView: onTaskRemoved: 651, not handling task stack changes
07-30 12:05:06.890   761  2060 W AppOpService: Ignored setUidMode call for runtime permission app op: uid = 1001, code = READ_SMS, mode = allow, callingUid = 1001, oldMode = allow
07-30 12:05:06.898  4878 10717 I Finsky:background: [206] IQ: handled package removed
07-30 12:05:06.912  4878  4878 I Finsky:background: [2] aene - Received: android.intent.action.PACKAGE_ADDED, [H_EPTsUOLTKr3P86Q5LZLb1_doxGApN6BawIspsyJAc]
07-30 12:05:06.942   761   761 W Looper  : Slow dispatch took 233ms main app=system_server main=true group=FOREGROUND h=android.app.ActivityThread$H c=android.app.LoadedApk$ReceiverDispatcher$Args$$ExternalSyntheticLambda0@a516478 m=0
07-30 12:05:06.967   761   761 D AppSearchAppsIndexerManagerS: userid in package receiver: 10240
07-30 12:05:06.968  4878  4878 I Finsky:background: [2] aene - Deduping intent android.intent.action.PACKAGE_ADDED
07-30 12:05:06.973   761  1100 W AppOpService: Ignored setUidMode call for runtime permission app op: uid = 1001, code = RECEIVE_SMS, mode = allow, callingUid = 1001, oldMode = allow
07-30 12:05:06.973   761  1100 W AppOpService: Ignored setUidMode call for runtime permission app op: uid = 1001, code = RECEIVE_WAP_PUSH, mode = allow, callingUid = 1001, oldMode = allow
07-30 12:05:06.974   761  1100 W AppOpService: Ignored setUidMode call for runtime permission app op: uid = 1001, code = SEND_SMS, mode = allow, callingUid = 1001, oldMode = allow
07-30 12:05:06.974   761  1100 W AppOpService: Ignored setUidMode call for runtime permission app op: uid = 1001, code = READ_CELL_BROADCASTS, mode = allow, callingUid = 1001, oldMode = allow
07-30 12:05:06.977   761  3602 I EGL_emulation: Opening libGLESv1_CM_emulation.so
07-30 12:05:06.978   761  3602 I EGL_emulation: Opening libGLESv2_emulation.so
07-30 12:05:07.023  5489 10715 I Finsky  : [311] SCH: Received scheduling request: Id: 12-1, Constraints: [{ L: 15000, D: 86400000, C: CHARGING_NONE, I: IDLE_NONE, N: NET_ANY, B: BATTERY_ANY }]
