07-30 12:05:16.601   761  2059 E AppOps  : attributionTag  not declared in manifest of com.fceumm.wrapper
07-30 12:05:16.604 10751 10777 D .fceumm.wrapper: PlayerBase::stop() from IPlayer
07-30 12:05:16.604 10751 10777 D AudioTrack: stop(31): called with 799 frames delivered
07-30 12:05:16.608   761  1802 E AppOps  : attributionTag  not declared in manifest of com.fceumm.wrapper
07-30 12:05:16.610   761  1802 E AppOps  : attributionTag  not declared in manifest of com.fceumm.wrapper
07-30 12:05:16.623   761  1802 E AppOps  : attributionTag  not declared in manifest of com.fceumm.wrapper
07-30 12:05:16.624   761  2059 E AppOps  : attributionTag  not declared in manifest of com.fceumm.wrapper
07-30 12:05:16.626 10751 10777 D .fceumm.wrapper: PlayerBase::stop() from IPlayer
07-30 12:05:16.627 10751 10777 D AudioTrack: stop(31): called with 798 frames delivered
07-30 12:05:16.629   761  2059 E AppOps  : attributionTag  not declared in manifest of com.fceumm.wrapper
07-30 12:05:16.629   591   701 D AF::Track: interceptBuffer: took 517us to intercept 0 tracks
07-30 12:05:16.633   761  2059 E AppOps  : attributionTag  not declared in manifest of com.fceumm.wrapper
07-30 12:05:16.647   761  2057 E AppOps  : attributionTag  not declared in manifest of com.fceumm.wrapper
07-30 12:05:16.649   761  1802 E AppOps  : attributionTag  not declared in manifest of com.fceumm.wrapper
07-30 12:05:16.654 10751 10777 D .fceumm.wrapper: PlayerBase::stop() from IPlayer
07-30 12:05:16.654 10751 10777 D AudioTrack: stop(31): called with 799 frames delivered
07-30 12:05:16.656   591   701 D AF::Track: interceptBuffer: took 1111us to intercept 0 tracks
07-30 12:05:16.656   761  2057 E AppOps  : attributionTag  not declared in manifest of com.fceumm.wrapper
07-30 12:05:16.660   761  2057 E AppOps  : attributionTag  not declared in manifest of com.fceumm.wrapper
07-30 12:05:16.676   761  2057 E AppOps  : attributionTag  not declared in manifest of com.fceumm.wrapper
07-30 12:05:16.679   761  1802 E AppOps  : attributionTag  not declared in manifest of com.fceumm.wrapper
07-30 12:05:16.684 10751 10777 D .fceumm.wrapper: PlayerBase::stop() from IPlayer
07-30 12:05:16.684 10751 10777 D AudioTrack: stop(31): called with 799 frames delivered
07-30 12:05:16.687   591   701 D AF::Track: interceptBuffer: took 739us to intercept 0 tracks
07-30 12:05:16.688   761  1802 E AppOps  : attributionTag  not declared in manifest of com.fceumm.wrapper
07-30 12:05:16.690   761  2057 E AppOps  : attributionTag  not declared in manifest of com.fceumm.wrapper
07-30 12:05:16.701   761  1802 E AppOps  : attributionTag  not declared in manifest of com.fceumm.wrapper
07-30 12:05:16.704   761  1802 E AppOps  : attributionTag  not declared in manifest of com.fceumm.wrapper
07-30 12:05:16.707 10751 10777 D .fceumm.wrapper: PlayerBase::stop() from IPlayer
07-30 12:05:16.707 10751 10777 D AudioTrack: stop(31): called with 798 frames delivered
07-30 12:05:16.709   761  1802 E AppOps  : attributionTag  not declared in manifest of com.fceumm.wrapper
07-30 12:05:16.712   761  1802 E AppOps  : attributionTag  not declared in manifest of com.fceumm.wrapper
07-30 12:05:16.729   761  1802 E AppOps  : attributionTag  not declared in manifest of com.fceumm.wrapper
07-30 12:05:16.731   761  1802 E AppOps  : attributionTag  not declared in manifest of com.fceumm.wrapper
07-30 12:05:16.735 10751 10777 D .fceumm.wrapper: PlayerBase::stop() from IPlayer
07-30 12:05:16.735 10751 10777 D AudioTrack: stop(31): called with 799 frames delivered
07-30 12:05:16.738   761  1802 E AppOps  : attributionTag  not declared in manifest of com.fceumm.wrapper
07-30 12:05:16.741   761  1802 E AppOps  : attributionTag  not declared in manifest of com.fceumm.wrapper
07-30 12:05:16.753   761  2057 E AppOps  : attributionTag  not declared in manifest of com.fceumm.wrapper
07-30 12:05:16.754   761  2057 E AppOps  : attributionTag  not declared in manifest of com.fceumm.wrapper
07-30 12:05:16.758 10751 10777 D .fceumm.wrapper: PlayerBase::stop() from IPlayer
07-30 12:05:16.758 10751 10777 D AudioTrack: stop(31): called with 798 frames delivered
07-30 12:05:16.759   761  2057 E AppOps  : attributionTag  not declared in manifest of com.fceumm.wrapper
07-30 12:05:16.761   761  1802 E AppOps  : attributionTag  not declared in manifest of com.fceumm.wrapper
07-30 12:05:16.777   761  1802 E AppOps  : attributionTag  not declared in manifest of com.fceumm.wrapper
07-30 12:05:16.778   761  1802 E AppOps  : attributionTag  not declared in manifest of com.fceumm.wrapper
07-30 12:05:16.781 10751 10777 D .fceumm.wrapper: PlayerBase::stop() from IPlayer
07-30 12:05:16.781 10751 10777 D AudioTrack: stop(31): called with 799 frames delivered
07-30 12:05:16.783   761  2057 E AppOps  : attributionTag  not declared in manifest of com.fceumm.wrapper
07-30 12:05:16.791   761  2057 E AppOps  : attributionTag  not declared in manifest of com.fceumm.wrapper
07-30 12:05:16.797 10796 10833 I beoc    : (REDACTED) #run %s [SD]
07-30 12:05:16.797 10796 10833 I beoc    : #run done [SD]
07-30 12:05:16.800   761  1802 E AppOps  : attributionTag  not declared in manifest of com.fceumm.wrapper
07-30 12:05:16.801   761  1802 E AppOps  : attributionTag  not declared in manifest of com.fceumm.wrapper
07-30 12:05:16.804 10751 10777 D .fceumm.wrapper: PlayerBase::stop() from IPlayer
07-30 12:05:16.804 10751 10777 D AudioTrack: stop(31): called with 799 frames delivered
07-30 12:05:16.807   761  2057 E AppOps  : attributionTag  not declared in manifest of com.fceumm.wrapper
07-30 12:05:16.807   761  1802 E AppOps  : attributionTag  not declared in manifest of com.fceumm.wrapper
07-30 12:05:16.814 10796 10828 I ewgs    : (REDACTED) AppFlow %s is about to be transmitted
07-30 12:05:16.825   761  2057 E AppOps  : attributionTag  not declared in manifest of com.fceumm.wrapper
07-30 12:05:16.827   761  2057 E AppOps  : attributionTag  not declared in manifest of com.fceumm.wrapper
07-30 12:05:16.828 10751 10777 D .fceumm.wrapper: PlayerBase::stop() from IPlayer
07-30 12:05:16.828 10751 10777 D AudioTrack: stop(31): called with 798 frames delivered
07-30 12:05:16.828   761  2057 E AppOps  : attributionTag  not declared in manifest of com.fceumm.wrapper
07-30 12:05:16.829   761  1802 E AppOps  : attributionTag  not declared in manifest of com.fceumm.wrapper
07-30 12:05:16.844 10796 10834 I bqya    : OptInSetting is UNKNOWN or UNRECOGNIZED [CONTEXT ratelimit_period="10 SECONDS" ]
07-30 12:05:16.849   761  1802 E AppOps  : attributionTag  not declared in manifest of com.fceumm.wrapper
07-30 12:05:16.851   761  2057 E AppOps  : attributionTag  not declared in manifest of com.fceumm.wrapper
07-30 12:05:16.852 10796 10834 I bmsy    : Manufacturer not matched [CONTEXT ratelimit_period="10 SECONDS" ]
07-30 12:05:16.853 10796 10834 I bmsy    : Device not matched [CONTEXT ratelimit_period="10 SECONDS" ]
07-30 12:05:16.854 10751 10777 D .fceumm.wrapper: PlayerBase::stop() from IPlayer
07-30 12:05:16.854 10751 10777 D AudioTrack: stop(31): called with 799 frames delivered
07-30 12:05:16.856   761  2057 E AppOps  : attributionTag  not declared in manifest of com.fceumm.wrapper
07-30 12:05:16.859 10796 10834 I flcw    : Scheduling next wakeup
07-30 12:05:16.860   761  2057 E AppOps  : attributionTag  not declared in manifest of com.fceumm.wrapper
07-30 12:05:16.861 10796 10834 I fldu    : Scheduling next periodic WorkManager workers
07-30 12:05:16.874   761  1802 E AppOps  : attributionTag  not declared in manifest of com.fceumm.wrapper
07-30 12:05:16.876   761  1802 E AppOps  : attributionTag  not declared in manifest of com.fceumm.wrapper
07-30 12:05:16.876 10796 10831 I bpbh    : Returning COHORT_NOT_DETERMINED for signed out user.
07-30 12:05:16.880 10796 10831 I bpbh    : Returning COHORT_NOT_DETERMINED for signed out user.
07-30 12:05:16.880 10751 10777 D .fceumm.wrapper: PlayerBase::stop() from IPlayer
07-30 12:05:16.880 10751 10777 D AudioTrack: stop(31): called with 798 frames delivered
07-30 12:05:16.887   761  2057 E AppOps  : attributionTag  not declared in manifest of com.fceumm.wrapper
07-30 12:05:16.888   761  2057 E AppOps  : attributionTag  not declared in manifest of com.fceumm.wrapper
07-30 12:05:16.895 10796 10831 I bnfa    : Fast track disabled
07-30 12:05:16.896 10796 10831 I bovq    : Samsung fast track experience disabled (not Samsung device).
07-30 12:05:16.896 10796 10831 I bnfa    : Samsung fast track enrollment disabled, not enrolling
07-30 12:05:16.898 10796 10831 I bovl    : Gemini Default Device banner disabled (cache is empty).
07-30 12:05:16.898 10796 10831 I bnfa    : Gemini default device banner disabled, not enrolling
07-30 12:05:16.901 10796 10831 I bnfn    : (REDACTED) Writing %s cross-process flag values: %s
07-30 12:05:16.901   761  1802 E AppOps  : attributionTag  not declared in manifest of com.fceumm.wrapper
07-30 12:05:16.904   761  1802 E AppOps  : attributionTag  not declared in manifest of com.fceumm.wrapper
07-30 12:05:16.907 10751 10777 D .fceumm.wrapper: PlayerBase::stop() from IPlayer
07-30 12:05:16.907 10751 10777 D AudioTrack: stop(31): called with 799 frames delivered
07-30 12:05:16.908   761  1802 E AppOps  : attributionTag  not declared in manifest of com.fceumm.wrapper
07-30 12:05:16.908   761  1802 E AppOps  : attributionTag  not declared in manifest of com.fceumm.wrapper
07-30 12:05:16.909 10796 10834 I cdaw    : (REDACTED) getInitialSimplifiedOobeViaDeeplinkUser: %b
07-30 12:05:16.909 10796 10834 I bqya    : (REDACTED) isDeeplinkEnabled %s, isInitialSimplifiedOobeViaDeeplinkUser %s
07-30 12:05:16.909 10796 10834 I bqya    : #getOobeStatus: BeforeOobe [CONTEXT ratelimit_period="10 SECONDS" ]
07-30 12:05:16.917 10796 10834 I cdaw    : (REDACTED) getInitialSimplifiedOobeViaDeeplinkUser: %b
07-30 12:05:16.918 10796 10834 I bqya    : (REDACTED) isDeeplinkEnabled %s, isInitialSimplifiedOobeViaDeeplinkUser %s
07-30 12:05:16.918 10796 10834 I bjtg    : User not OptedIn. Skipping Eligibility Checks.
07-30 12:05:16.924 10796 10828 D WM-GreedyScheduler: Cancelling work ID 2df461a9-9cdc-480b-bbc8-d3597fbb0fa2
07-30 12:05:16.929   761  1802 E AppOps  : attributionTag  not declared in manifest of com.fceumm.wrapper
07-30 12:05:16.932   761  1802 E AppOps  : attributionTag  not declared in manifest of com.fceumm.wrapper
07-30 12:05:16.934 10751 10777 D .fceumm.wrapper: PlayerBase::stop() from IPlayer
07-30 12:05:16.934 10751 10777 D AudioTrack: stop(31): called with 799 frames delivered
07-30 12:05:16.938   761  2059 E AppOps  : attributionTag  not declared in manifest of com.fceumm.wrapper
07-30 12:05:16.940   761  2059 E AppOps  : attributionTag  not declared in manifest of com.fceumm.wrapper
07-30 12:05:16.953   761  2067 E AppOps  : attributionTag  not declared in manifest of com.fceumm.wrapper
07-30 12:05:16.957   761  2067 E AppOps  : attributionTag  not declared in manifest of com.fceumm.wrapper
07-30 12:05:16.961 10751 10777 D .fceumm.wrapper: PlayerBase::stop() from IPlayer
07-30 12:05:16.961 10751 10777 D AudioTrack: stop(31): called with 798 frames delivered
07-30 12:05:16.961   761  2067 E AppOps  : attributionTag  not declared in manifest of com.fceumm.wrapper
07-30 12:05:16.965   761  2059 E AppOps  : attributionTag  not declared in manifest of com.fceumm.wrapper
07-30 12:05:16.972 10796 10828 D WM-SystemJobScheduler: Scheduling work ID 2df461a9-9cdc-480b-bbc8-d3597fbb0fa2Job ID 3106
07-30 12:05:16.981   761  2059 E AppOps  : attributionTag  not declared in manifest of com.fceumm.wrapper
07-30 12:05:16.981 10796 10828 D WM-GreedyScheduler: Ignoring {WorkSpec: c057171e-5ed9-4e72-b27b-457d5f6d8fff}. Requires device idle.
07-30 12:05:16.982   761  2067 E AppOps  : attributionTag  not declared in manifest of com.fceumm.wrapper
07-30 12:05:16.986 10751 10777 D .fceumm.wrapper: PlayerBase::stop() from IPlayer
07-30 12:05:16.986 10751 10777 D AudioTrack: stop(31): called with 799 frames delivered
07-30 12:05:16.986 10796 10828 D WM-GreedyScheduler: Starting tracking for 76009428-0910-4187-bc40-3c7ddf016449,8a0afc80-16c4-4744-81a5-45d7514c6bea,68048f0b-4394-4025-8bc6-71446c886a48,4ebbb21f-e9b8-46c0-a0b3-4e59b09cb55c,b8cf5f38-df7b-4211-a1de-4feab7ecfb29,5f8012be-e399-4ab8-b7f8-222544a56ec0,db45ba9e-a10c-470f-9f28-fc750e2ed0e7,cf21e353-48ed-4501-a99c-0f9fc86633c0,17cca2e9-bd93-4604-aeee-198076cfb13d,79386df7-ebdb-4cde-9feb-0251d564a58f,289b142b-0e22-4697-b819-ba6fb9711cfe,eb5aa40b-72fd-46bf-836d-813d3f6e620f,4daf6758-49fc-4d57-84a5-267ced6c4fb3
07-30 12:05:16.987   761  2067 E AppOps  : attributionTag  not declared in manifest of com.fceumm.wrapper
07-30 12:05:16.990   761  2067 E AppOps  : attributionTag  not declared in manifest of com.fceumm.wrapper
07-30 12:05:16.998 10796 10828 D WM-GreedyScheduler: Cancelling work ID 8a0afc80-16c4-4744-81a5-45d7514c6bea
07-30 12:05:17.006   761  2067 E AppOps  : attributionTag  not declared in manifest of com.fceumm.wrapper
07-30 12:05:17.009   761  2067 E AppOps  : attributionTag  not declared in manifest of com.fceumm.wrapper
07-30 12:05:17.014 10751 10777 D .fceumm.wrapper: PlayerBase::stop() from IPlayer
07-30 12:05:17.015 10751 10777 D AudioTrack: stop(31): called with 799 frames delivered
07-30 12:05:17.022   761  2067 E AppOps  : attributionTag  not declared in manifest of com.fceumm.wrapper
07-30 12:05:17.029   761  2059 E AppOps  : attributionTag  not declared in manifest of com.fceumm.wrapper
07-30 12:05:17.036   761  2067 E AppOps  : attributionTag  not declared in manifest of com.fceumm.wrapper
07-30 12:05:17.039   761  2067 E AppOps  : attributionTag  not declared in manifest of com.fceumm.wrapper
07-30 12:05:17.044 10751 10777 D .fceumm.wrapper: PlayerBase::stop() from IPlayer
07-30 12:05:17.045 10751 10777 D AudioTrack: stop(31): called with 798 frames delivered
07-30 12:05:17.045 10796 10828 D WM-SystemJobScheduler: Scheduling work ID 8a0afc80-16c4-4744-81a5-45d7514c6beaJob ID 3107
07-30 12:05:17.048   761  2059 E AppOps  : attributionTag  not declared in manifest of com.fceumm.wrapper
07-30 12:05:17.052   761  2067 E AppOps  : attributionTag  not declared in manifest of com.fceumm.wrapper
07-30 12:05:17.060 10796 10828 D WM-GreedyScheduler: Ignoring {WorkSpec: c057171e-5ed9-4e72-b27b-457d5f6d8fff}. Requires device idle.
07-30 12:05:17.062 10796 10828 D WM-GreedyScheduler: Starting tracking for 76009428-0910-4187-bc40-3c7ddf016449,68048f0b-4394-4025-8bc6-71446c886a48,cf21e353-48ed-4501-a99c-0f9fc86633c0,17cca2e9-bd93-4604-aeee-198076cfb13d,79386df7-ebdb-4cde-9feb-0251d564a58f,4ebbb21f-e9b8-46c0-a0b3-4e59b09cb55c,289b142b-0e22-4697-b819-ba6fb9711cfe,eb5aa40b-72fd-46bf-836d-813d3f6e620f,b8cf5f38-df7b-4211-a1de-4feab7ecfb29,5f8012be-e399-4ab8-b7f8-222544a56ec0,4daf6758-49fc-4d57-84a5-267ced6c4fb3,db45ba9e-a10c-470f-9f28-fc750e2ed0e7
07-30 12:05:17.066   761  2067 E AppOps  : attributionTag  not declared in manifest of com.fceumm.wrapper
07-30 12:05:17.067   761  1802 E AppOps  : attributionTag  not declared in manifest of com.fceumm.wrapper
07-30 12:05:17.073 10751 10777 D .fceumm.wrapper: PlayerBase::stop() from IPlayer
07-30 12:05:17.074 10751 10777 D AudioTrack: stop(31): called with 799 frames delivered
07-30 12:05:17.074 10796 10828 D WM-GreedyScheduler: Cancelling work ID 68048f0b-4394-4025-8bc6-71446c886a48
07-30 12:05:17.074   761  1802 E AppOps  : attributionTag  not declared in manifest of com.fceumm.wrapper
07-30 12:05:17.075   761  2067 E AppOps  : attributionTag  not declared in manifest of com.fceumm.wrapper
07-30 12:05:17.093   761  1802 E AppOps  : attributionTag  not declared in manifest of com.fceumm.wrapper
07-30 12:05:17.093 10796 10828 D WM-SystemJobScheduler: Scheduling work ID 68048f0b-4394-4025-8bc6-71446c886a48Job ID 3108
07-30 12:05:17.102   761  2059 E AppOps  : attributionTag  not declared in manifest of com.fceumm.wrapper
07-30 12:05:17.110 10751 10777 D .fceumm.wrapper: PlayerBase::stop() from IPlayer
07-30 12:05:17.110 10751 10777 D AudioTrack: stop(31): called with 799 frames delivered
07-30 12:05:17.114   761  2059 E AppOps  : attributionTag  not declared in manifest of com.fceumm.wrapper
07-30 12:05:17.115 10796 10828 D WM-GreedyScheduler: Ignoring {WorkSpec: c057171e-5ed9-4e72-b27b-457d5f6d8fff}. Requires device idle.
07-30 12:05:17.118   761  2067 E AppOps  : attributionTag  not declared in manifest of com.fceumm.wrapper
07-30 12:05:17.130 10796 10828 D WM-GreedyScheduler: Starting tracking for 76009428-0910-4187-bc40-3c7ddf016449,cf21e353-48ed-4501-a99c-0f9fc86633c0,17cca2e9-bd93-4604-aeee-198076cfb13d,79386df7-ebdb-4cde-9feb-0251d564a58f,4ebbb21f-e9b8-46c0-a0b3-4e59b09cb55c,289b142b-0e22-4697-b819-ba6fb9711cfe,eb5aa40b-72fd-46bf-836d-813d3f6e620f,b8cf5f38-df7b-4211-a1de-4feab7ecfb29,5f8012be-e399-4ab8-b7f8-222544a56ec0,4daf6758-49fc-4d57-84a5-267ced6c4fb3,db45ba9e-a10c-470f-9f28-fc750e2ed0e7
07-30 12:05:17.137   761  2059 E AppOps  : attributionTag  not declared in manifest of com.fceumm.wrapper
07-30 12:05:17.140   761  2057 E AppOps  : attributionTag  not declared in manifest of com.fceumm.wrapper
07-30 12:05:17.142 10751 10777 D .fceumm.wrapper: PlayerBase::stop() from IPlayer
07-30 12:05:17.143 10751 10835 D ProfileInstaller: Installing profile for com.fceumm.wrapper
07-30 12:05:17.143 10751 10777 D AudioTrack: stop(31): called with 798 frames delivered
07-30 12:05:17.143   761  2067 E AppOps  : attributionTag  not declared in manifest of com.fceumm.wrapper
07-30 12:05:17.144   761  2067 E AppOps  : attributionTag  not declared in manifest of com.fceumm.wrapper
07-30 12:05:17.161   761  2049 E AppOps  : attributionTag  not declared in manifest of com.fceumm.wrapper
07-30 12:05:17.166 10796 10828 D WM-GreedyScheduler: Cancelling work ID 8a0afc80-16c4-4744-81a5-45d7514c6bea
07-30 12:05:17.169  1330  1504 I .gms.persistent: AssetManager2(0x70c953633c98) locale list changing from [] to [en-US]
07-30 12:05:17.170   761  2057 E AppOps  : attributionTag  not declared in manifest of com.fceumm.wrapper
07-30 12:05:17.183 10751 10777 D .fceumm.wrapper: PlayerBase::stop() from IPlayer
07-30 12:05:17.184 10751 10777 D AudioTrack: stop(31): called with 799 frames delivered
07-30 12:05:17.187   761  2049 E AppOps  : attributionTag  not declared in manifest of com.fceumm.wrapper
07-30 12:05:17.192   761  1802 E AppOps  : attributionTag  not declared in manifest of com.fceumm.wrapper
07-30 12:05:17.204   761  2049 E AppOps  : attributionTag  not declared in manifest of com.fceumm.wrapper
07-30 12:05:17.214   761  2049 E AppOps  : attributionTag  not declared in manifest of com.fceumm.wrapper
07-30 12:05:17.229 10751 10777 D .fceumm.wrapper: PlayerBase::stop() from IPlayer
07-30 12:05:17.231 10751 10777 D AudioTrack: stop(31): called with 798 frames delivered
07-30 12:05:17.239   761  1802 E AppOps  : attributionTag  not declared in manifest of com.fceumm.wrapper
07-30 12:05:17.242   761  1802 E AppOps  : attributionTag  not declared in manifest of com.fceumm.wrapper
07-30 12:05:17.256   761  2049 E AppOps  : attributionTag  not declared in manifest of com.fceumm.wrapper
07-30 12:05:17.259 10796 10828 D WM-SystemJobScheduler: Scheduling work ID 8a0afc80-16c4-4744-81a5-45d7514c6beaJob ID 3109
07-30 12:05:17.278   761  2049 E AppOps  : attributionTag  not declared in manifest of com.fceumm.wrapper
07-30 12:05:17.288 10751 10777 D .fceumm.wrapper: PlayerBase::stop() from IPlayer
07-30 12:05:17.289 10751 10777 D AudioTrack: stop(31): called with 799 frames delivered
07-30 12:05:17.298   761  2049 E AppOps  : attributionTag  not declared in manifest of com.fceumm.wrapper
07-30 12:05:17.301   761  1802 E AppOps  : attributionTag  not declared in manifest of com.fceumm.wrapper
07-30 12:05:17.309   761  1802 E AppOps  : attributionTag  not declared in manifest of com.fceumm.wrapper
07-30 12:05:17.313   761  2059 E AppOps  : attributionTag  not declared in manifest of com.fceumm.wrapper
07-30 12:05:17.323 10796 10828 D WM-GreedyScheduler: Ignoring {WorkSpec: c057171e-5ed9-4e72-b27b-457d5f6d8fff}. Requires device idle.
07-30 12:05:17.323 10751 10777 D .fceumm.wrapper: PlayerBase::stop() from IPlayer
07-30 12:05:17.323 10751 10777 D AudioTrack: stop(31): called with 799 frames delivered
07-30 12:05:17.324   761  2059 E AppOps  : attributionTag  not declared in manifest of com.fceumm.wrapper
07-30 12:05:17.325   761  2059 E AppOps  : attributionTag  not declared in manifest of com.fceumm.wrapper
07-30 12:05:17.326 10796 10828 D WM-GreedyScheduler: Starting tracking for 76009428-0910-4187-bc40-3c7ddf016449,cf21e353-48ed-4501-a99c-0f9fc86633c0,17cca2e9-bd93-4604-aeee-198076cfb13d,79386df7-ebdb-4cde-9feb-0251d564a58f,4ebbb21f-e9b8-46c0-a0b3-4e59b09cb55c,289b142b-0e22-4697-b819-ba6fb9711cfe,eb5aa40b-72fd-46bf-836d-813d3f6e620f,b8cf5f38-df7b-4211-a1de-4feab7ecfb29,5f8012be-e399-4ab8-b7f8-222544a56ec0,4daf6758-49fc-4d57-84a5-267ced6c4fb3,db45ba9e-a10c-470f-9f28-fc750e2ed0e7
07-30 12:05:17.356 10796 10833 I fldu    : Successfully scheduled next periodic workers
07-30 12:05:17.368   761  2057 E AppOps  : attributionTag  not declared in manifest of com.fceumm.wrapper
07-30 12:05:17.369   761  2057 E AppOps  : attributionTag  not declared in manifest of com.fceumm.wrapper
07-30 12:05:17.374 10751 10777 D .fceumm.wrapper: PlayerBase::stop() from IPlayer
07-30 12:05:17.374 10751 10777 D AudioTrack: stop(31): called with 798 frames delivered
07-30 12:05:17.374 10796 10828 I flcw    : #sync() complete
07-30 12:05:17.376 10796 10823 D WM-ConstraintTracker: mgv: initial state = false
07-30 12:05:17.377 10796 10823 D WM-BrdcstRcvrCnstrntTrc: mgv: registering receiver
07-30 12:05:17.383   761  2057 E AppOps  : attributionTag  not declared in manifest of com.fceumm.wrapper
07-30 12:05:17.388   761  2057 E AppOps  : attributionTag  not declared in manifest of com.fceumm.wrapper
07-30 12:05:17.396 10751 10751 D TopButtonsManager: Clic sur bouton SAUVEGARDE principal
07-30 12:05:17.397 10751 10751 I LibretroWrapper: Srialisation de l'tat du jeu
07-30 12:05:17.398 10751 10751 I LibretroWrapper: tat srialis avec succs (5544 octets)
07-30 12:05:17.406   761  2049 E AppOps  : attributionTag  not declared in manifest of com.fceumm.wrapper
07-30 12:05:17.413   761  2057 E AppOps  : attributionTag  not declared in manifest of com.fceumm.wrapper
07-30 12:05:17.414 10751 10751 I LibretroWrapper: Capture d'cran demande
07-30 12:05:17.420 10751 10777 D .fceumm.wrapper: PlayerBase::stop() from IPlayer
07-30 12:05:17.420 10751 10777 D AudioTrack: stop(31): called with 799 frames delivered
07-30 12:05:17.427   761  2057 E AppOps  : attributionTag  not declared in manifest of com.fceumm.wrapper
07-30 12:05:17.429   761  2059 W AS.PlaybackActivityMon: No piid assigned for invalid/internal port id 15
07-30 12:05:17.431   761  2057 E AppOps  : attributionTag  not declared in manifest of com.fceumm.wrapper
07-30 12:05:17.440 10796 10823 D WM-ConstraintTracker: mhg: initial state = NetworkState(isConnected=true, isValidated=true, isMetered=false, isNotRoaming=true)
07-30 12:05:17.440 10796 10823 D WM-NetworkStateTracker: Registering network callback
07-30 12:05:17.446   761  2057 E AppOps  : attributionTag  not declared in manifest of com.fceumm.wrapper
07-30 12:05:17.449   761  2057 E AppOps  : attributionTag  not declared in manifest of com.fceumm.wrapper
07-30 12:05:17.451 10751 10777 D .fceumm.wrapper: PlayerBase::stop() from IPlayer
07-30 12:05:17.451 10751 10777 D AudioTrack: stop(31): called with 799 frames delivered
07-30 12:05:17.457   761  2049 E AppOps  : attributionTag  not declared in manifest of com.fceumm.wrapper
07-30 12:05:17.459   761  2049 E AppOps  : attributionTag  not declared in manifest of com.fceumm.wrapper
07-30 12:05:17.462   761  2059 D ConnectivityService: requestNetwork for uid/pid:10149/10796 activeRequest: null callbackRequest: 249 [NetworkRequest [ REQUEST id=250, [ Capabilities: INTERNET&NOT_RESTRICTED&TRUSTED&NOT_VCN_MANAGED&NOT_BANDWIDTH_CONSTRAINED Uid: 10149 RequestorUid: 10149 RequestorPkg: com.google.android.googlequicksearchbox UnderlyingNetworks: Null] ]] callback flags: 0 order: 2147483647 isUidTracked: false declaredMethods: AVAIL|LOST|NC
07-30 12:05:17.472   591   701 D AF::Track: interceptBuffer: took 1888us to intercept 0 tracks
07-30 12:05:17.474   761   934 D ConnectivityService: NetReassign [250 : null  100] [c 0] [a 1] [i 7]
07-30 12:05:17.476 10796 10844 D WM-NetworkStateTracker: Network capabilities changed: [ Transports: WIFI Capabilities: NOT_METERED&INTERNET&NOT_RESTRICTED&TRUSTED&NOT_VPN&VALIDATED&NOT_ROAMING&FOREGROUND&NOT_CONGESTED&NOT_SUSPENDED&NOT_VCN_MANAGED&NOT_BANDWIDTH_CONSTRAINED LinkUpBandwidth>=12000Kbps LinkDnBandwidth>=30000Kbps TransportInfo: <SSID: <unknown ssid>, BSSID: 02:00:00:00:00:00, MAC: 02:00:00:00:00:00, IP: /10.0.2.16, Security type: 0, Supplicant state: COMPLETED, Wi-Fi standard: legacy, RSSI: -50, Link speed: 2Mbps, Tx Link speed: 2Mbps, Max Supported Tx Link speed: 11Mbps, Rx Link speed: 2Mbps, Max Supported Rx Link speed: 11Mbps, Frequency: 2447MHz, Net ID: -1, Metered hint: false, score: 60, isUsable: true, CarrierMerged: false, SubscriptionId: -1, IsPrimary: -1, Trusted: true, Restricted: false, Ephemeral: false, OEM paid: false, OEM private: false, OSU AP: false, FQDN: <none>, Provider friendly name: <none>, Requesting package name: <none><none>MLO Information: , Is TID-To-Link negotiation supported by the AP: false, AP MLD Address: <none>, AP MLO Link Id: <none>, AP MLO Affiliated links: <none>, Vendor Data: <none>> SignalStrength: -50 UnderlyingNetworks: Null]
07-30 12:05:17.478   761   928 D WifiNetworkFactory: got request NetworkRequest [ REQUEST id=250, [ Capabilities: INTERNET&NOT_RESTRICTED&TRUSTED&NOT_VCN_MANAGED&NOT_BANDWIDTH_CONSTRAINED Uid: 10149 RequestorUid: 10149 RequestorPkg: com.google.android.googlequicksearchbox UnderlyingNetworks: Null] ]
07-30 12:05:17.480 10796 10828 D WM-GreedyScheduler: Constraints not met: Cancelling work ID WorkGenerationalId(workSpecId=4daf6758-49fc-4d57-84a5-267ced6c4fb3, generation=0)
07-30 12:05:17.480   761   928 D UntrustedWifiNetworkFactory: got request NetworkRequest [ REQUEST id=250, [ Capabilities: INTERNET&NOT_RESTRICTED&TRUSTED&NOT_VCN_MANAGED&NOT_BANDWIDTH_CONSTRAINED Uid: 10149 RequestorUid: 10149 RequestorPkg: com.google.android.googlequicksearchbox UnderlyingNetworks: Null] ]
07-30 12:05:17.481 10796 10815 D WM-GreedyScheduler: Constraints not met: Cancelling work ID WorkGenerationalId(workSpecId=17cca2e9-bd93-4604-aeee-198076cfb13d, generation=0)
07-30 12:05:17.482 10796 10815 D WM-GreedyScheduler: Constraints not met: Cancelling work ID WorkGenerationalId(workSpecId=8a0afc80-16c4-4744-81a5-45d7514c6bea, generation=680)
07-30 12:05:17.482 10796 10815 D WM-GreedyScheduler: Constraints not met: Cancelling work ID WorkGenerationalId(workSpecId=cf21e353-48ed-4501-a99c-0f9fc86633c0, generation=0)
07-30 12:05:17.482 10796 10815 D WM-GreedyScheduler: Constraints not met: Cancelling work ID WorkGenerationalId(workSpecId=68048f0b-4394-4025-8bc6-71446c886a48, generation=339)
07-30 12:05:17.482 10796 10815 D WM-GreedyScheduler: Constraints not met: Cancelling work ID WorkGenerationalId(workSpecId=5f8012be-e399-4ab8-b7f8-222544a56ec0, generation=1)
07-30 12:05:17.482 10796 10815 D WM-GreedyScheduler: Constraints not met: Cancelling work ID WorkGenerationalId(workSpecId=289b142b-0e22-4697-b819-ba6fb9711cfe, generation=1)
07-30 12:05:17.483 10796 10815 D WM-GreedyScheduler: Constraints not met: Cancelling work ID WorkGenerationalId(workSpecId=79386df7-ebdb-4cde-9feb-0251d564a58f, generation=1)
07-30 12:05:17.483 10796 10815 D WM-GreedyScheduler: Constraints not met: Cancelling work ID WorkGenerationalId(workSpecId=4ebbb21f-e9b8-46c0-a0b3-4e59b09cb55c, generation=1)
07-30 12:05:17.483 10796 10815 D WM-GreedyScheduler: Constraints not met: Cancelling work ID WorkGenerationalId(workSpecId=eb5aa40b-72fd-46bf-836d-813d3f6e620f, generation=0)
07-30 12:05:17.483 10796 10815 D WM-GreedyScheduler: Constraints not met: Cancelling work ID WorkGenerationalId(workSpecId=db45ba9e-a10c-470f-9f28-fc750e2ed0e7, generation=0)
07-30 12:05:17.483 10796 10815 D WM-GreedyScheduler: Constraints not met: Cancelling work ID WorkGenerationalId(workSpecId=b8cf5f38-df7b-4211-a1de-4feab7ecfb29, generation=127)
07-30 12:05:17.483 10796 10815 D WM-GreedyScheduler: Constraints not met: Cancelling work ID WorkGenerationalId(workSpecId=76009428-0910-4187-bc40-3c7ddf016449, generation=127)
07-30 12:05:17.484   761   928 D OemPaidWifiNetworkFactory: got request NetworkRequest [ REQUEST id=250, [ Capabilities: INTERNET&NOT_RESTRICTED&TRUSTED&NOT_VCN_MANAGED&NOT_BANDWIDTH_CONSTRAINED Uid: 10149 RequestorUid: 10149 RequestorPkg: com.google.android.googlequicksearchbox UnderlyingNetworks: Null] ]
07-30 12:05:17.484   761   928 D MultiInternetWifiNetworkFactory: got request NetworkRequest [ REQUEST id=250, [ Capabilities: INTERNET&NOT_RESTRICTED&TRUSTED&NOT_VCN_MANAGED&NOT_BANDWIDTH_CONSTRAINED Uid: 10149 RequestorUid: 10149 RequestorPkg: com.google.android.googlequicksearchbox UnderlyingNetworks: Null] ]
07-30 12:05:17.489 10796 10827 D RemoteListenableDelegatingWorker: Cleaning up
07-30 12:05:17.495 10751 10842 F .fceumm.wrapper: java_vm_ext.cc:616] JNI DETECTED ERROR IN APPLICATION: a thread (tid 10842 is making JNI calls without being attached
07-30 12:05:17.495 10751 10842 F .fceumm.wrapper: java_vm_ext.cc:616]     in call to GetJavaVM
07-30 12:05:17.497 10796 10827 I WM-WorkerWrapper: Worker result SUCCESS for Work [ id=f49f7ded-8f3e-434b-ae5c-4bfbd41e2e96, tags={ com.google.apps.tiktok.contrib.work.TikTokListenableWorker,com.google.apps.tiktok.sync.impl.workmanager.SyncPeriodicWorker_proc<search>,TikTokWorker#com.google.apps.tiktok.sync.impl.workmanager.SyncPeriodicWorker } ]
07-30 12:05:17.508 10796 10796 D WM-Processor: mcm f49f7ded-8f3e-434b-ae5c-4bfbd41e2e96 executed; reschedule = false
07-30 12:05:17.509 10796 10796 D WM-SystemJobService: f49f7ded-8f3e-434b-ae5c-4bfbd41e2e96 executed on JobScheduler
07-30 12:05:17.513 10796 10828 D WM-GreedyScheduler: Cancelling work ID f49f7ded-8f3e-434b-ae5c-4bfbd41e2e96
07-30 12:05:17.526 10796 10828 D WM-SystemJobScheduler: Scheduling work ID f49f7ded-8f3e-434b-ae5c-4bfbd41e2e96Job ID 3110
07-30 12:05:17.536 10796 10828 D WM-GreedyScheduler: Ignoring {WorkSpec: c057171e-5ed9-4e72-b27b-457d5f6d8fff}. Requires device idle.
07-30 12:05:17.545 10796 10828 D WM-GreedyScheduler: Starting tracking for 76009428-0910-4187-bc40-3c7ddf016449,cf21e353-48ed-4501-a99c-0f9fc86633c0,17cca2e9-bd93-4604-aeee-198076cfb13d,79386df7-ebdb-4cde-9feb-0251d564a58f,4ebbb21f-e9b8-46c0-a0b3-4e59b09cb55c,289b142b-0e22-4697-b819-ba6fb9711cfe,eb5aa40b-72fd-46bf-836d-813d3f6e620f,b8cf5f38-df7b-4211-a1de-4feab7ecfb29,5f8012be-e399-4ab8-b7f8-222544a56ec0,4daf6758-49fc-4d57-84a5-267ced6c4fb3,db45ba9e-a10c-470f-9f28-fc750e2ed0e7
07-30 12:05:17.592 10796 10815 I alvy    : NGA disabled due to not being eligible.
07-30 12:05:17.592 10796 10815 I alvy    : (REDACTED) Nga state changed to %s
07-30 12:05:17.593 10796 10815 I alvy    : (REDACTED) isTngActive=%s
07-30 12:05:17.615 10796 10834 I bact    : (REDACTED) Set Assistant Enabled to %s
07-30 12:05:17.640 10796 10829 I bacn    : Set Assistant eligibility status
07-30 12:05:17.742 10751 10757 I .fceumm.wrapper: Background concurrent mark compact GC freed 2188KB AllocSpace bytes, 202(42MB) LOS objects, 49% free, 4336KB/8673KB, paused 3.597ms,226.097ms total 434.561ms
07-30 12:05:17.842 10751 10842 F .fceumm.wrapper: runtime.cc:709] Runtime aborting...
07-30 12:05:17.842 10751 10842 F .fceumm.wrapper: runtime.cc:709] Dumping all threads without mutator lock held
07-30 12:05:17.842 10751 10842 F .fceumm.wrapper: runtime.cc:709] All threads:
07-30 12:05:17.842 10751 10842 F .fceumm.wrapper: runtime.cc:709] DALVIK THREADS (29):
07-30 12:05:17.842 10751 10842 F .fceumm.wrapper: runtime.cc:709] "main" prio=10 tid=1 Native
07-30 12:05:17.842 10751 10842 F .fceumm.wrapper: runtime.cc:709]   | group="" sCount=1 ucsCount=0 flags=1 obj=0x723f8f78 self=0x70c8c3625010
07-30 12:05:17.842 10751 10842 F .fceumm.wrapper: runtime.cc:709]   | sysTid=10751 nice=-10 cgrp=top-app sched=0/0 handle=0x70ca2d2d5088
07-30 12:05:17.842 10751 10842 F .fceumm.wrapper: runtime.cc:709]   | state=S schedstat=( 1673194179 705487974 1389 ) utm=37 stm=130 core=3 HZ=100
07-30 12:05:17.842 10751 10842 F .fceumm.wrapper: runtime.cc:709]   | stack=0x7ffcf9800000-0x7ffcf9802000 stackSize=8188KB
07-30 12:05:17.842 10751 10842 F .fceumm.wrapper: runtime.cc:709]   | held mutexes=
07-30 12:05:17.842 10751 10842 F .fceumm.wrapper: runtime.cc:709]   native: #00 pc 0008f806  /apex/com.android.runtime/lib64/bionic/libc.so (syscall+22) (BuildId: fcb82240218d1473de1e3d2137c0be35)
07-30 12:05:17.842 10751 10842 F .fceumm.wrapper: runtime.cc:709]   native: #01 pc 0046d6af  /apex/com.android.art/lib64/libart.so (art::ConditionVariable::WaitHoldingLocks+111) (BuildId: e14bfa0cec1c4f196bc6c94a34282478)
07-30 12:05:17.842 10751 10842 F .fceumm.wrapper: runtime.cc:709]   native: #02 pc 0067299f  /apex/com.android.art/lib64/libart.so (art::::CheckJNI::CallMethodV +511) (BuildId: e14bfa0cec1c4f196bc6c94a34282478)
07-30 12:05:17.842 10751 10842 F .fceumm.wrapper: runtime.cc:709]   native: #03 pc 00661911  /apex/com.android.art/lib64/libart.so (art::::CheckJNI::CallObjectMethodV +33) (BuildId: e14bfa0cec1c4f196bc6c94a34282478)
07-30 12:05:17.842 10751 10842 F .fceumm.wrapper: runtime.cc:709]   native: #04 pc 000e99cb  /system/lib64/libandroid_runtime.so (_JNIEnv::CallObjectMethod+139) (BuildId: e8991645c13e477d60780ebef0ea0a89)
07-30 12:05:17.842 10751 10842 F .fceumm.wrapper: runtime.cc:709]   native: #05 pc 00183c83  /system/lib64/libandroid_runtime.so (android::NativeDisplayEventReceiver::dispatchVsync+51) (BuildId: e8991645c13e477d60780ebef0ea0a89)
07-30 12:05:17.842 10751 10842 F .fceumm.wrapper: runtime.cc:709]   native: #06 pc 000d1ac8  /system/lib64/libgui.so (android::DisplayEventDispatcher::handleEvent+600) (BuildId: a9f7943be0954d93e8cc7de1ebddb6f6)
07-30 12:05:17.842 10751 10842 F .fceumm.wrapper: runtime.cc:709]   native: #07 pc 000175db  /system/lib64/libutils.so (android::Looper::pollOnce+1787) (BuildId: 5cc628b071d29c54b7d93955e6a5c990)
07-30 12:05:17.842 10751 10842 F .fceumm.wrapper: runtime.cc:709]   native: #08 pc 001b92a6  /system/lib64/libandroid_runtime.so (android::android_os_MessageQueue_nativePollOnce+38) (BuildId: e8991645c13e477d60780ebef0ea0a89)
07-30 12:05:17.842 10751 10842 F .fceumm.wrapper: runtime.cc:709]   native: #09 pc 004a8bfe  [anon_shmem:dalvik-jit-code-cache] (offset 2000000) (art_jni_trampoline+158)
07-30 12:05:17.842 10751 10842 F .fceumm.wrapper: runtime.cc:709]   native: #10 pc 00067a1e  [anon_shmem:dalvik-jit-code-cache] (offset 2000000) (android.os.MessageQueue.nextLegacy+398)
07-30 12:05:17.842 10751 10842 F .fceumm.wrapper: runtime.cc:709]   native: #11 pc 0006772b  [anon_shmem:dalvik-jit-code-cache] (offset 2000000) (android.os.MessageQueue.next+155)
07-30 12:05:17.842 10751 10842 F .fceumm.wrapper: runtime.cc:709]   native: #12 pc 00066b74  [anon_shmem:dalvik-jit-code-cache] (offset 2000000) (android.os.Looper.loopOnce+196)
07-30 12:05:17.842 10751 10842 F .fceumm.wrapper: runtime.cc:709]   native: #13 pc 002121f6  /apex/com.android.art/lib64/libart.so (art_quick_invoke_static_stub+806) (BuildId: e14bfa0cec1c4f196bc6c94a34282478)
07-30 12:05:17.842 10751 10842 F .fceumm.wrapper: runtime.cc:709]   native: #14 pc 0046220c  /apex/com.android.art/lib64/libart.so (art::ArtMethod::Invoke+252) (BuildId: e14bfa0cec1c4f196bc6c94a34282478)
07-30 12:05:17.842 10751 10842 F .fceumm.wrapper: runtime.cc:709]   native: #15 pc 005fa142  /apex/com.android.art/lib64/libart.so (bool art::interpreter::DoCall<false>+2402) (BuildId: e14bfa0cec1c4f196bc6c94a34282478)
07-30 12:05:17.842 10751 10842 F .fceumm.wrapper: runtime.cc:709]   native: #16 pc 00234b05  /apex/com.android.art/lib64/libart.so (void art::interpreter::ExecuteSwitchImplCpp<false>+15989) (BuildId: e14bfa0cec1c4f196bc6c94a34282478)
07-30 12:05:17.842 10751 10842 F .fceumm.wrapper: runtime.cc:709]   native: #17 pc 00210915  /apex/com.android.art/lib64/libart.so (ExecuteSwitchImplAsm+5) (BuildId: e14bfa0cec1c4f196bc6c94a34282478)
07-30 12:05:17.842 10751 10842 F .fceumm.wrapper: runtime.cc:709]   native: #18 pc 0027d268  /system/framework/framework.jar (offset 1286000) (android.os.Looper.loop)
07-30 12:05:17.842 10751 10842 F .fceumm.wrapper: runtime.cc:709]   native: #19 pc 005f2082  /apex/com.android.art/lib64/libart.so (art::interpreter::Execute +466) (BuildId: e14bfa0cec1c4f196bc6c94a34282478)
07-30 12:05:17.842 10751 10842 F .fceumm.wrapper: runtime.cc:709]   native: #20 pc 005f9396  /apex/com.android.art/lib64/libart.so (art::interpreter::ArtInterpreterToInterpreterBridge+102) (BuildId: e14bfa0cec1c4f196bc6c94a34282478)
07-30 12:05:17.842 10751 10842 F .fceumm.wrapper: runtime.cc:709]   native: #21 pc 005fa128  /apex/com.android.art/lib64/libart.so (bool art::interpreter::DoCall<false>+2376) (BuildId: e14bfa0cec1c4f196bc6c94a34282478)
07-30 12:05:17.842 10751 10842 F .fceumm.wrapper: runtime.cc:709]   native: #22 pc 00234b05  /apex/com.android.art/lib64/libart.so (void art::interpreter::ExecuteSwitchImplCpp<false>+15989) (BuildId: e14bfa0cec1c4f196bc6c94a34282478)
07-30 12:05:17.842 10751 10842 F .fceumm.wrapper: runtime.cc:709]   native: #23 pc 00210915  /apex/com.android.art/lib64/libart.so (ExecuteSwitchImplAsm+5) (BuildId: e14bfa0cec1c4f196bc6c94a34282478)
07-30 12:05:17.842 10751 10842 F .fceumm.wrapper: runtime.cc:709]   native: #24 pc 001f2a4c  /system/framework/framework.jar (offset 7000) (android.app.ActivityThread.main)
07-30 12:05:17.842 10751 10842 F .fceumm.wrapper: runtime.cc:709]   native: #25 pc 005f2082  /apex/com.android.art/lib64/libart.so (art::interpreter::Execute +466) (BuildId: e14bfa0cec1c4f196bc6c94a34282478)
07-30 12:05:17.842 10751 10842 F .fceumm.wrapper: runtime.cc:709]   native: #26 pc 009a861b  /apex/com.android.art/lib64/libart.so (artQuickToInterpreterBridge+907) (BuildId: e14bfa0cec1c4f196bc6c94a34282478)
07-30 12:05:17.842 10751 10842 F .fceumm.wrapper: runtime.cc:709]   native: #27 pc 0022ca5c  /apex/com.android.art/lib64/libart.so (art_quick_to_interpreter_bridge+140) (BuildId: e14bfa0cec1c4f196bc6c94a34282478)
07-30 12:05:17.842 10751 10842 F .fceumm.wrapper: runtime.cc:709]   native: #28 pc 002121f6  /apex/com.android.art/lib64/libart.so (art_quick_invoke_static_stub+806) (BuildId: e14bfa0cec1c4f196bc6c94a34282478)
07-30 12:05:17.842 10751 10842 F .fceumm.wrapper: runtime.cc:709]   native: #29 pc 0046220c  /apex/com.android.art/lib64/libart.so (art::ArtMethod::Invoke+252) (BuildId: e14bfa0cec1c4f196bc6c94a34282478)
07-30 12:05:17.842 10751 10842 F .fceumm.wrapper: runtime.cc:709]   native: #30 pc 0089ba20  /apex/com.android.art/lib64/libart.so (_jobject* art::InvokeMethod<8>+2240) (BuildId: e14bfa0cec1c4f196bc6c94a34282478)
07-30 12:05:17.842 10751 10842 F .fceumm.wrapper: runtime.cc:709]   native: #31 pc 007e3a5a  /apex/com.android.art/lib64/libart.so (art::Method_invoke +42) (BuildId: e14bfa0cec1c4f196bc6c94a34282478)
07-30 12:05:17.842 10751 10842 F .fceumm.wrapper: runtime.cc:709]   native: #32 pc 0022c8cb  /apex/com.android.art/lib64/libart.so (art_quick_generic_jni_trampoline+219) (BuildId: e14bfa0cec1c4f196bc6c94a34282478)
07-30 12:05:17.842 10751 10842 F .fceumm.wrapper: runtime.cc:709]   native: #33 pc 00211e94  /apex/com.android.art/lib64/libart.so (art_quick_invoke_stub+756) (BuildId: e14bfa0cec1c4f196bc6c94a34282478)
07-30 12:05:17.842 10751 10842 F .fceumm.wrapper: runtime.cc:709]   native: #34 pc 004621c5  /apex/com.android.art/lib64/libart.so (art::ArtMethod::Invoke+181) (BuildId: e14bfa0cec1c4f196bc6c94a34282478)
07-30 12:05:17.842 10751 10842 F .fceumm.wrapper: runtime.cc:709]   native: #35 pc 005fa142  /apex/com.android.art/lib64/libart.so (bool art::interpreter::DoCall<false>+2402) (BuildId: e14bfa0cec1c4f196bc6c94a34282478)
07-30 12:05:17.842 10751 10842 F .fceumm.wrapper: runtime.cc:709]   native: #36 pc 00233611  /apex/com.android.art/lib64/libart.so (void art::interpreter::ExecuteSwitchImplCpp<false>+10625) (BuildId: e14bfa0cec1c4f196bc6c94a34282478)
07-30 12:05:17.842 10751 10842 F .fceumm.wrapper: runtime.cc:709]   native: #37 pc 00210915  /apex/com.android.art/lib64/libart.so (ExecuteSwitchImplAsm+5) (BuildId: e14bfa0cec1c4f196bc6c94a34282478)
07-30 12:05:17.842 10751 10842 F .fceumm.wrapper: runtime.cc:709]   native: #38 pc 0028800c  /system/framework/framework.jar (offset 2454000) (com.android.internal.os.RuntimeInit$MethodAndArgsCaller.run)
07-30 12:05:17.842 10751 10842 F .fceumm.wrapper: runtime.cc:709]   native: #39 pc 005f2082  /apex/com.android.art/lib64/libart.so (art::interpreter::Execute +466) (BuildId: e14bfa0cec1c4f196bc6c94a34282478)
07-30 12:05:17.842 10751 10842 F .fceumm.wrapper: runtime.cc:709]   native: #40 pc 009a861b  /apex/com.android.art/lib64/libart.so (artQuickToInterpreterBridge+907) (BuildId: e14bfa0cec1c4f196bc6c94a34282478)
07-30 12:05:17.842 10751 10842 F .fceumm.wrapper: runtime.cc:709]   native: #41 pc 0022ca5c  /apex/com.android.art/lib64/libart.so (art_quick_to_interpreter_bridge+140) (BuildId: e14bfa0cec1c4f196bc6c94a34282478)
07-30 12:05:17.842 10751 10842 F .fceumm.wrapper: runtime.cc:709]   at android.os.MessageQueue.nativePollOnce(Native method)
07-30 12:05:17.842 10751 10842 F .fceumm.wrapper: runtime.cc:709]   at android.os.MessageQueue.nextLegacy(MessageQueue.java:913)
07-30 12:05:17.842 10751 10842 F .fceumm.wrapper: runtime.cc:709]   at android.os.MessageQueue.next(MessageQueue.java:1025)
07-30 12:05:17.842 10751 10842 F .fceumm.wrapper: runtime.cc:709]   at android.os.Looper.loopOnce(Looper.java:196)
07-30 12:05:17.842 10751 10842 F .fceumm.wrapper: runtime.cc:709]   at android.os.Looper.loop(Looper.java:338)
07-30 12:05:17.842 10751 10842 F .fceumm.wrapper: runtime.cc:709]   at android.app.ActivityThread.main(ActivityThread.java:9067)
07-30 12:05:17.842 10751 10842 F .fceumm.wrapper: runtime.cc:709]   at java.lang.reflect.Method.invoke(Native method)
07-30 12:05:17.842 10751 10842 F .fceumm.wrapper: runtime.cc:709]   at com.android.internal.os.RuntimeInit$MethodAndArgsCaller.run(RuntimeInit.java:593)
07-30 12:05:17.842 10751 10842 F .fceumm.wrapper: runtime.cc:709]   at com.android.internal.os.ZygoteInit.main(ZygoteInit.java:932)
07-30 12:05:17.842 10751 10842 F .fceumm.wrapper: runtime.cc:709] 
07-30 12:05:17.842 10751 10842 F .fceumm.wrapper: runtime.cc:709] "ReferenceQueueDaemon" prio=5 tid=4 Waiting
07-30 12:05:17.842 10751 10842 F .fceumm.wrapper: runtime.cc:709]   | group="" sCount=1 ucsCount=0 flags=1 obj=0x2000858 self=0x70c8c362f6f0
07-30 12:05:17.842 10751 10842 F .fceumm.wrapper: runtime.cc:709]   | sysTid=10758 nice=4 cgrp=top-app sched=0/0 handle=0x70c6cb2df690
07-30 12:05:17.842 10751 10842 F .fceumm.wrapper: runtime.cc:709]   | state=S schedstat=( 921682 308788 1 ) utm=0 stm=0 core=1 HZ=100
07-30 12:05:17.842 10751 10842 F .fceumm.wrapper: runtime.cc:709]   | stack=0x70c6cb1dc000-0x70c6cb1de000 stackSize=1037KB
07-30 12:05:17.842 10751 10842 F .fceumm.wrapper: runtime.cc:709]   | held mutexes=
07-30 12:05:17.842 10751 10842 F .fceumm.wrapper: runtime.cc:709]   native: #00 pc 0008f808  /apex/com.android.runtime/lib64/bionic/libc.so (syscall+24) (BuildId: fcb82240218d1473de1e3d2137c0be35)
07-30 12:05:17.842 10751 10842 F .fceumm.wrapper: runtime.cc:709]   native: #01 pc 0046d6af  /apex/com.android.art/lib64/libart.so (art::ConditionVariable::WaitHoldingLocks+111) (BuildId: e14bfa0cec1c4f196bc6c94a34282478)
07-30 12:05:17.842 10751 10842 F .fceumm.wrapper: runtime.cc:709]   native: #02 pc 007a29d6  /apex/com.android.art/lib64/libart.so (art::Monitor::Wait+1654) (BuildId: e14bfa0cec1c4f196bc6c94a34282478)
07-30 12:05:17.842 10751 10842 F .fceumm.wrapper: runtime.cc:709]   native: #03 pc 0022c8cb  /apex/com.android.art/lib64/libart.so (art_quick_generic_jni_trampoline+219) (BuildId: e14bfa0cec1c4f196bc6c94a34282478)
07-30 12:05:17.842 10751 10842 F .fceumm.wrapper: runtime.cc:709]   native: #04 pc 00211e94  /apex/com.android.art/lib64/libart.so (art_quick_invoke_stub+756) (BuildId: e14bfa0cec1c4f196bc6c94a34282478)
07-30 12:05:17.842 10751 10842 F .fceumm.wrapper: runtime.cc:709]   native: #05 pc 004621c5  /apex/com.android.art/lib64/libart.so (art::ArtMethod::Invoke+181) (BuildId: e14bfa0cec1c4f196bc6c94a34282478)
07-30 12:05:17.842 10751 10842 F .fceumm.wrapper: runtime.cc:709]   native: #06 pc 005fa142  /apex/com.android.art/lib64/libart.so (bool art::interpreter::DoCall<false>+2402) (BuildId: e14bfa0cec1c4f196bc6c94a34282478)
07-30 12:05:17.842 10751 10842 F .fceumm.wrapper: runtime.cc:709]   native: #07 pc 00233611  /apex/com.android.art/lib64/libart.so (void art::interpreter::ExecuteSwitchImplCpp<false>+10625) (BuildId: e14bfa0cec1c4f196bc6c94a34282478)
07-30 12:05:17.842 10751 10842 F .fceumm.wrapper: runtime.cc:709]   native: #08 pc 00210915  /apex/com.android.art/lib64/libart.so (ExecuteSwitchImplAsm+5) (BuildId: e14bfa0cec1c4f196bc6c94a34282478)
07-30 12:05:17.842 10751 10842 F .fceumm.wrapper: runtime.cc:709]   native: #09 pc 00108b88  /apex/com.android.art/javalib/core-oj.jar (java.lang.Object.wait)
07-30 12:05:17.842 10751 10842 F .fceumm.wrapper: runtime.cc:709]   native: #10 pc 005f2082  /apex/com.android.art/lib64/libart.so (art::interpreter::Execute +466) (BuildId: e14bfa0cec1c4f196bc6c94a34282478)
07-30 12:05:17.842 10751 10842 F .fceumm.wrapper: runtime.cc:709]   native: #11 pc 005f9396  /apex/com.android.art/lib64/libart.so (art::interpreter::ArtInterpreterToInterpreterBridge+102) (BuildId: e14bfa0cec1c4f196bc6c94a34282478)
07-30 12:05:17.842 10751 10842 F .fceumm.wrapper: runtime.cc:709]   native: #12 pc 005fa128  /apex/com.android.art/lib64/libart.so (bool art::interpreter::DoCall<false>+2376) (BuildId: e14bfa0cec1c4f196bc6c94a34282478)
07-30 12:05:17.842 10751 10842 F .fceumm.wrapper: runtime.cc:709]   native: #13 pc 00233611  /apex/com.android.art/lib64/libart.so (void art::interpreter::ExecuteSwitchImplCpp<false>+10625) (BuildId: e14bfa0cec1c4f196bc6c94a34282478)
07-30 12:05:17.842 10751 10842 F .fceumm.wrapper: runtime.cc:709]   native: #14 pc 00210915  /apex/com.android.art/lib64/libart.so (ExecuteSwitchImplAsm+5) (BuildId: e14bfa0cec1c4f196bc6c94a34282478)
07-30 12:05:17.842 10751 10842 F .fceumm.wrapper: runtime.cc:709]   native: #15 pc 00108b6c  /apex/com.android.art/javalib/core-oj.jar (java.lang.Object.wait)
07-30 12:05:17.842 10751 10842 F .fceumm.wrapper: runtime.cc:709]   native: #16 pc 005f2082  /apex/com.android.art/lib64/libart.so (art::interpreter::Execute +466) (BuildId: e14bfa0cec1c4f196bc6c94a34282478)
07-30 12:05:17.842 10751 10842 F .fceumm.wrapper: runtime.cc:709]   native: #17 pc 005f9396  /apex/com.android.art/lib64/libart.so (art::interpreter::ArtInterpreterToInterpreterBridge+102) (BuildId: e14bfa0cec1c4f196bc6c94a34282478)
07-30 12:05:17.842 10751 10842 F .fceumm.wrapper: runtime.cc:709]   native: #18 pc 005fa128  /apex/com.android.art/lib64/libart.so (bool art::interpreter::DoCall<false>+2376) (BuildId: e14bfa0cec1c4f196bc6c94a34282478)
07-30 12:05:17.842 10751 10842 F .fceumm.wrapper: runtime.cc:709]   native: #19 pc 00233611  /apex/com.android.art/lib64/libart.so (void art::interpreter::ExecuteSwitchImplCpp<false>+10625) (BuildId: e14bfa0cec1c4f196bc6c94a34282478)
07-30 12:05:17.842 10751 10842 F .fceumm.wrapper: runtime.cc:709]   native: #20 pc 00210915  /apex/com.android.art/lib64/libart.so (ExecuteSwitchImplAsm+5) (BuildId: e14bfa0cec1c4f196bc6c94a34282478)
07-30 12:05:17.842 10751 10842 F .fceumm.wrapper: runtime.cc:709]   native: #21 pc 00030c30  /apex/com.android.art/javalib/core-libart.jar (java.lang.Daemons$ReferenceQueueDaemon.runInternal)
07-30 12:05:17.842 10751 10842 F .fceumm.wrapper: runtime.cc:709]   native: #22 pc 005f2082  /apex/com.android.art/lib64/libart.so (art::interpreter::Execute +466) (BuildId: e14bfa0cec1c4f196bc6c94a34282478)
07-30 12:05:17.842 10751 10842 F .fceumm.wrapper: runtime.cc:709]   native: #23 pc 005f9396  /apex/com.android.art/lib64/libart.so (art::interpreter::ArtInterpreterToInterpreterBridge+102) (BuildId: e14bfa0cec1c4f196bc6c94a34282478)
07-30 12:05:17.842 10751 10842 F .fceumm.wrapper: runtime.cc:709]   native: #24 pc 005fa128  /apex/com.android.art/lib64/libart.so (bool art::interpreter::DoCall<false>+2376) (BuildId: e14bfa0cec1c4f196bc6c94a34282478)
07-30 12:05:17.842 10751 10842 F .fceumm.wrapper: runtime.cc:709]   native: #25 pc 00233611  /apex/com.android.art/lib64/libart.so (void art::interpreter::ExecuteSwitchImplCpp<false>+10625) (BuildId: e14bfa0cec1c4f196bc6c94a34282478)
07-30 12:05:17.842 10751 10842 F .fceumm.wrapper: runtime.cc:709]   native: #26 pc 00210915  /apex/com.android.art/lib64/libart.so (ExecuteSwitchImplAsm+5) (BuildId: e14bfa0cec1c4f196bc6c94a34282478)
07-30 12:05:17.842 10751 10842 F .fceumm.wrapper: runtime.cc:709]   native: #27 pc 0002fd44  /apex/com.android.art/javalib/core-libart.jar (java.lang.Daemons$Daemon.run)
07-30 12:05:17.842 10751 10842 F .fceumm.wrapper: runtime.cc:709]   native: #28 pc 005f2082  /apex/com.android.art/lib64/libart.so (art::interpreter::Execute +466) (BuildId: e14bfa0cec1c4f196bc6c94a34282478)
07-30 12:05:17.842 10751 10842 F .fceumm.wrapper: runtime.cc:709]   native: #29 pc 005f9396  /apex/com.android.art/lib64/libart.so (art::interpreter::ArtInterpreterToInterpreterBridge+102) (BuildId: e14bfa0cec1c4f196bc6c94a34282478)
07-30 12:05:17.842 10751 10842 F .fceumm.wrapper: runtime.cc:709]   native: #30 pc 005fa128  /apex/com.android.art/lib64/libart.so (bool art::interpreter::DoCall<false>+2376) (BuildId: e14bfa0cec1c4f196bc6c94a34282478)
07-30 12:05:17.842 10751 10842 F .fceumm.wrapper: runtime.cc:709]   native: #31 pc 002346e5  /apex/com.android.art/lib64/libart.so (void art::interpreter::ExecuteSwitchImplCpp<false>+14933) (BuildId: e14bfa0cec1c4f196bc6c94a34282478)
