07-30 12:05:14.422   761  2059 E AppOps  : attributionTag  not declared in manifest of com.fceumm.wrapper
07-30 12:05:14.425  2266  2560 I .apps.wellbeing: AssetManager2(0x70c95362dbb8) locale list changing from [] to [en-US]
07-30 12:05:14.425 10751 10777 D .fceumm.wrapper: PlayerBase::stop() from IPlayer
07-30 12:05:14.425 10751 10777 D AudioTrack: stop(31): called with 799 frames delivered
07-30 12:05:14.426   761  2049 E AppOps  : attributionTag  not declared in manifest of com.fceumm.wrapper
07-30 12:05:14.426   761  2049 E AppOps  : attributionTag  not declared in manifest of com.fceumm.wrapper
07-30 12:05:14.433  2266  2560 I .apps.wellbeing: AssetManager2(0x70c953654fd8) locale list changing from [] to [en-US]
07-30 12:05:14.445   761  2049 E AppOps  : attributionTag  not declared in manifest of com.fceumm.wrapper
07-30 12:05:14.448   761  2059 E AppOps  : attributionTag  not declared in manifest of com.fceumm.wrapper
07-30 12:05:14.453 10751 10777 D .fceumm.wrapper: PlayerBase::stop() from IPlayer
07-30 12:05:14.453 10751 10777 D AudioTrack: stop(31): called with 798 frames delivered
07-30 12:05:14.459   761  2059 E AppOps  : attributionTag  not declared in manifest of com.fceumm.wrapper
07-30 12:05:14.465   761  2059 E AppOps  : attributionTag  not declared in manifest of com.fceumm.wrapper
07-30 12:05:14.467  2266  2560 I .apps.wellbeing: AssetManager2(0x70c953655f78) locale list changing from [] to [en-US]
07-30 12:05:14.479   761  1802 E AppOps  : attributionTag  not declared in manifest of com.fceumm.wrapper
07-30 12:05:14.484   761  2059 E AppOps  : attributionTag  not declared in manifest of com.fceumm.wrapper
07-30 12:05:14.487 10751 10777 D .fceumm.wrapper: PlayerBase::stop() from IPlayer
07-30 12:05:14.489  2266  2560 I .apps.wellbeing: AssetManager2(0x70c953633978) locale list changing from [] to [en-US]
07-30 12:05:14.492 10751 10777 D AudioTrack: stop(31): called with 799 frames delivered
07-30 12:05:14.493   761  2059 E AppOps  : attributionTag  not declared in manifest of com.fceumm.wrapper
07-30 12:05:14.498   761  2059 E AppOps  : attributionTag  not declared in manifest of com.fceumm.wrapper
07-30 12:05:14.510  2266  2560 I .apps.wellbeing: AssetManager2(0x70c95364a3f8) locale list changing from [] to [en-US]
07-30 12:05:14.510   761  1802 E AppOps  : attributionTag  not declared in manifest of com.fceumm.wrapper
07-30 12:05:14.514   761  2059 E AppOps  : attributionTag  not declared in manifest of com.fceumm.wrapper
07-30 12:05:14.523 10751 10777 D .fceumm.wrapper: PlayerBase::stop() from IPlayer
07-30 12:05:14.523 10751 10777 D AudioTrack: stop(31): called with 798 frames delivered
07-30 12:05:14.528   761  2059 E AppOps  : attributionTag  not declared in manifest of com.fceumm.wrapper
07-30 12:05:14.529   591   701 D AF::Track: interceptBuffer: took 506us to intercept 0 tracks
07-30 12:05:14.531   761  2059 E AppOps  : attributionTag  not declared in manifest of com.fceumm.wrapper
07-30 12:05:14.542   761  1802 E AppOps  : attributionTag  not declared in manifest of com.fceumm.wrapper
07-30 12:05:14.544   761  2059 E AppOps  : attributionTag  not declared in manifest of com.fceumm.wrapper
07-30 12:05:14.549 10751 10777 D .fceumm.wrapper: PlayerBase::stop() from IPlayer
07-30 12:05:14.550 10751 10777 D AudioTrack: stop(31): called with 799 frames delivered
07-30 12:05:14.553   761  1802 E AppOps  : attributionTag  not declared in manifest of com.fceumm.wrapper
07-30 12:05:14.559   761  1802 E AppOps  : attributionTag  not declared in manifest of com.fceumm.wrapper
07-30 12:05:14.570   761  1802 E AppOps  : attributionTag  not declared in manifest of com.fceumm.wrapper
07-30 12:05:14.574   761  2059 E AppOps  : attributionTag  not declared in manifest of com.fceumm.wrapper
07-30 12:05:14.579 10751 10777 D .fceumm.wrapper: PlayerBase::stop() from IPlayer
07-30 12:05:14.579 10796 10796 D ProcessLifecycleG3: androidx.startup is not available, initializing using ProcessLifecycleOwnerInitializer instead.
07-30 12:05:14.579 10751 10777 D AudioTrack: stop(31): called with 799 frames delivered
07-30 12:05:14.584   761  1802 E AppOps  : attributionTag  not declared in manifest of com.fceumm.wrapper
07-30 12:05:14.589   761  2059 E AppOps  : attributionTag  not declared in manifest of com.fceumm.wrapper
07-30 12:05:14.602   761  1802 E AppOps  : attributionTag  not declared in manifest of com.fceumm.wrapper
07-30 12:05:14.607   761  1802 E AppOps  : attributionTag  not declared in manifest of com.fceumm.wrapper
07-30 12:05:14.612 10751 10777 D .fceumm.wrapper: PlayerBase::stop() from IPlayer
07-30 12:05:14.613 10751 10777 D AudioTrack: stop(31): called with 798 frames delivered
07-30 12:05:14.620   761  1802 E AppOps  : attributionTag  not declared in manifest of com.fceumm.wrapper
07-30 12:05:14.626   761  1802 E AppOps  : attributionTag  not declared in manifest of com.fceumm.wrapper
07-30 12:05:14.643   761  2059 E AppOps  : attributionTag  not declared in manifest of com.fceumm.wrapper
07-30 12:05:14.645   761  1802 E AppOps  : attributionTag  not declared in manifest of com.fceumm.wrapper
07-30 12:05:14.651 10751 10777 D .fceumm.wrapper: PlayerBase::stop() from IPlayer
07-30 12:05:14.651 10751 10777 D AudioTrack: stop(31): called with 799 frames delivered
07-30 12:05:14.652   761  1802 E AppOps  : attributionTag  not declared in manifest of com.fceumm.wrapper
07-30 12:05:14.660  2266  2560 I .apps.wellbeing: AssetManager2(0x70c95364d2d8) locale list changing from [] to [en-US]
07-30 12:05:14.665   761  1802 E AppOps  : attributionTag  not declared in manifest of com.fceumm.wrapper
07-30 12:05:14.673   761  2059 E AppOps  : attributionTag  not declared in manifest of com.fceumm.wrapper
07-30 12:05:14.676   761  2059 E AppOps  : attributionTag  not declared in manifest of com.fceumm.wrapper
07-30 12:05:14.682 10751 10777 D .fceumm.wrapper: PlayerBase::stop() from IPlayer
07-30 12:05:14.682 10751 10777 D AudioTrack: stop(31): called with 799 frames delivered
07-30 12:05:14.685   591   701 D AF::Track: interceptBuffer: took 648us to intercept 0 tracks
07-30 12:05:14.686   761  2049 E AppOps  : attributionTag  not declared in manifest of com.fceumm.wrapper
07-30 12:05:14.691   761  1802 E AppOps  : attributionTag  not declared in manifest of com.fceumm.wrapper
07-30 12:05:14.704   761  2049 E AppOps  : attributionTag  not declared in manifest of com.fceumm.wrapper
07-30 12:05:14.709   761  2049 E AppOps  : attributionTag  not declared in manifest of com.fceumm.wrapper
07-30 12:05:14.715 10751 10777 D .fceumm.wrapper: PlayerBase::stop() from IPlayer
07-30 12:05:14.715 10751 10777 D AudioTrack: stop(31): called with 798 frames delivered
07-30 12:05:14.717   761  1802 E AppOps  : attributionTag  not declared in manifest of com.fceumm.wrapper
07-30 12:05:14.720   761  1802 E AppOps  : attributionTag  not declared in manifest of com.fceumm.wrapper
07-30 12:05:14.738   761  1802 E AppOps  : attributionTag  not declared in manifest of com.fceumm.wrapper
07-30 12:05:14.742   761  1802 E AppOps  : attributionTag  not declared in manifest of com.fceumm.wrapper
07-30 12:05:14.745 10751 10777 D .fceumm.wrapper: PlayerBase::stop() from IPlayer
07-30 12:05:14.745 10751 10777 D AudioTrack: stop(31): called with 799 frames delivered
07-30 12:05:14.748   761  1802 E AppOps  : attributionTag  not declared in manifest of com.fceumm.wrapper
07-30 12:05:14.751   761  1802 E AppOps  : attributionTag  not declared in manifest of com.fceumm.wrapper
07-30 12:05:14.769   761  1802 E AppOps  : attributionTag  not declared in manifest of com.fceumm.wrapper
07-30 12:05:14.772   761  2049 E AppOps  : attributionTag  not declared in manifest of com.fceumm.wrapper
07-30 12:05:14.775 10751 10777 D .fceumm.wrapper: PlayerBase::stop() from IPlayer
07-30 12:05:14.776 10751 10777 D AudioTrack: stop(31): called with 799 frames delivered
07-30 12:05:14.778   761  1802 E AppOps  : attributionTag  not declared in manifest of com.fceumm.wrapper
07-30 12:05:14.780   761  2049 E AppOps  : attributionTag  not declared in manifest of com.fceumm.wrapper
07-30 12:05:14.794  2266  2560 I .apps.wellbeing: AssetManager2(0x70c953636858) locale list changing from [] to [en-US]
07-30 12:05:14.803   761  2049 E AppOps  : attributionTag  not declared in manifest of com.fceumm.wrapper
07-30 12:05:14.804   761  2049 E AppOps  : attributionTag  not declared in manifest of com.fceumm.wrapper
07-30 12:05:14.810 10751 10777 D .fceumm.wrapper: PlayerBase::stop() from IPlayer
07-30 12:05:14.810 10751 10777 D AudioTrack: stop(31): called with 798 frames delivered
07-30 12:05:14.811   761  2049 E AppOps  : attributionTag  not declared in manifest of com.fceumm.wrapper
07-30 12:05:14.814   761  2049 E AppOps  : attributionTag  not declared in manifest of com.fceumm.wrapper
07-30 12:05:14.817  2266  2560 I .apps.wellbeing: AssetManager2(0x70c953641118) locale list changing from [] to [en-US]
07-30 12:05:14.836   761  2049 E AppOps  : attributionTag  not declared in manifest of com.fceumm.wrapper
07-30 12:05:14.838   761  2049 E AppOps  : attributionTag  not declared in manifest of com.fceumm.wrapper
07-30 12:05:14.841 10751 10777 D .fceumm.wrapper: PlayerBase::stop() from IPlayer
07-30 12:05:14.841 10751 10777 D AudioTrack: stop(31): called with 799 frames delivered
07-30 12:05:14.845   761  2059 E AppOps  : attributionTag  not declared in manifest of com.fceumm.wrapper
07-30 12:05:14.847   761  2059 E AppOps  : attributionTag  not declared in manifest of com.fceumm.wrapper
07-30 12:05:14.865   761  2049 E AppOps  : attributionTag  not declared in manifest of com.fceumm.wrapper
07-30 12:05:14.870   761  2049 E AppOps  : attributionTag  not declared in manifest of com.fceumm.wrapper
07-30 12:05:14.873  2266  2560 I .apps.wellbeing: AssetManager2(0x70c953631718) locale list changing from [] to [en-US]
07-30 12:05:14.876 10751 10777 D .fceumm.wrapper: PlayerBase::stop() from IPlayer
07-30 12:05:14.879 10751 10777 D AudioTrack: stop(31): called with 799 frames delivered
07-30 12:05:14.896   761  2059 E AppOps  : attributionTag  not declared in manifest of com.fceumm.wrapper
07-30 12:05:14.902   761  2059 E AppOps  : attributionTag  not declared in manifest of com.fceumm.wrapper
07-30 12:05:14.911   761  2059 E AppOps  : attributionTag  not declared in manifest of com.fceumm.wrapper
07-30 12:05:14.917   761  2049 E AppOps  : attributionTag  not declared in manifest of com.fceumm.wrapper
07-30 12:05:14.923 10751 10777 D .fceumm.wrapper: PlayerBase::stop() from IPlayer
07-30 12:05:14.924 10751 10777 D AudioTrack: stop(31): called with 798 frames delivered
07-30 12:05:14.926   761  2059 E AppOps  : attributionTag  not declared in manifest of com.fceumm.wrapper
07-30 12:05:14.928   761  1802 E AppOps  : attributionTag  not declared in manifest of com.fceumm.wrapper
07-30 12:05:14.945   761  1802 E AppOps  : attributionTag  not declared in manifest of com.fceumm.wrapper
07-30 12:05:14.948   761  2059 E AppOps  : attributionTag  not declared in manifest of com.fceumm.wrapper
07-30 12:05:14.954 10751 10777 D .fceumm.wrapper: PlayerBase::stop() from IPlayer
07-30 12:05:14.955 10751 10777 D AudioTrack: stop(31): called with 799 frames delivered
07-30 12:05:14.958   761  2059 E AppOps  : attributionTag  not declared in manifest of com.fceumm.wrapper
07-30 12:05:14.961   761  2059 E AppOps  : attributionTag  not declared in manifest of com.fceumm.wrapper
07-30 12:05:14.981   761  1802 E AppOps  : attributionTag  not declared in manifest of com.fceumm.wrapper
07-30 12:05:14.984   761  1802 E AppOps  : attributionTag  not declared in manifest of com.fceumm.wrapper
07-30 12:05:14.985 10751 10777 D .fceumm.wrapper: PlayerBase::stop() from IPlayer
07-30 12:05:14.986 10751 10777 D AudioTrack: stop(31): called with 798 frames delivered
07-30 12:05:14.989   761  1802 E AppOps  : attributionTag  not declared in manifest of com.fceumm.wrapper
07-30 12:05:14.993   761  1802 E AppOps  : attributionTag  not declared in manifest of com.fceumm.wrapper
07-30 12:05:15.008   761  1802 E AppOps  : attributionTag  not declared in manifest of com.fceumm.wrapper
07-30 12:05:15.009   761  1802 E AppOps  : attributionTag  not declared in manifest of com.fceumm.wrapper
07-30 12:05:15.015 10751 10777 D .fceumm.wrapper: PlayerBase::stop() from IPlayer
07-30 12:05:15.016 10751 10777 D AudioTrack: stop(31): called with 799 frames delivered
07-30 12:05:15.022   761  1802 E AppOps  : attributionTag  not declared in manifest of com.fceumm.wrapper
07-30 12:05:15.025   761  1802 E AppOps  : attributionTag  not declared in manifest of com.fceumm.wrapper
07-30 12:05:15.037   761  2049 E AppOps  : attributionTag  not declared in manifest of com.fceumm.wrapper
07-30 12:05:15.041   761  2049 E AppOps  : attributionTag  not declared in manifest of com.fceumm.wrapper
07-30 12:05:15.047 10751 10777 D .fceumm.wrapper: PlayerBase::stop() from IPlayer
07-30 12:05:15.047 10751 10777 D AudioTrack: stop(31): called with 799 frames delivered
07-30 12:05:15.059   761  2049 E AppOps  : attributionTag  not declared in manifest of com.fceumm.wrapper
07-30 12:05:15.062   761  1802 E AppOps  : attributionTag  not declared in manifest of com.fceumm.wrapper
07-30 12:05:15.068   761  2049 E AppOps  : attributionTag  not declared in manifest of com.fceumm.wrapper
07-30 12:05:15.072   761  1802 E AppOps  : attributionTag  not declared in manifest of com.fceumm.wrapper
07-30 12:05:15.082 10751 10777 D .fceumm.wrapper: PlayerBase::stop() from IPlayer
07-30 12:05:15.082 10751 10777 D AudioTrack: stop(31): called with 798 frames delivered
07-30 12:05:15.085   761  1802 E AppOps  : attributionTag  not declared in manifest of com.fceumm.wrapper
07-30 12:05:15.088   761  1802 E AppOps  : attributionTag  not declared in manifest of com.fceumm.wrapper
07-30 12:05:15.103   761  2049 E AppOps  : attributionTag  not declared in manifest of com.fceumm.wrapper
07-30 12:05:15.105   761  2049 E AppOps  : attributionTag  not declared in manifest of com.fceumm.wrapper
07-30 12:05:15.111 10751 10777 D .fceumm.wrapper: PlayerBase::stop() from IPlayer
07-30 12:05:15.111 10751 10777 D AudioTrack: stop(31): called with 799 frames delivered
07-30 12:05:15.112   761  2049 E AppOps  : attributionTag  not declared in manifest of com.fceumm.wrapper
07-30 12:05:15.114   761  2049 E AppOps  : attributionTag  not declared in manifest of com.fceumm.wrapper
07-30 12:05:15.130   761  1802 E AppOps  : attributionTag  not declared in manifest of com.fceumm.wrapper
07-30 12:05:15.134   761  2059 E AppOps  : attributionTag  not declared in manifest of com.fceumm.wrapper
07-30 12:05:15.136 10751 10777 D .fceumm.wrapper: PlayerBase::stop() from IPlayer
07-30 12:05:15.136 10751 10777 D AudioTrack: stop(31): called with 799 frames delivered
07-30 12:05:15.141   761  1802 E AppOps  : attributionTag  not declared in manifest of com.fceumm.wrapper
07-30 12:05:15.146   761  1802 E AppOps  : attributionTag  not declared in manifest of com.fceumm.wrapper
07-30 12:05:15.157  2266  2560 I .apps.wellbeing: AssetManager2(0x70c9536552f8) locale list changing from [] to [en-US]
07-30 12:05:15.157   761  2049 E AppOps  : attributionTag  not declared in manifest of com.fceumm.wrapper
07-30 12:05:15.163   761  2049 E AppOps  : attributionTag  not declared in manifest of com.fceumm.wrapper
07-30 12:05:15.165 10751 10777 D .fceumm.wrapper: PlayerBase::stop() from IPlayer
07-30 12:05:15.165 10751 10777 D AudioTrack: stop(31): called with 798 frames delivered
07-30 12:05:15.170   761  2059 E AppOps  : attributionTag  not declared in manifest of com.fceumm.wrapper
07-30 12:05:15.177   761  1802 E AppOps  : attributionTag  not declared in manifest of com.fceumm.wrapper
07-30 12:05:15.193   761  2067 E AppOps  : attributionTag  not declared in manifest of com.fceumm.wrapper
07-30 12:05:15.196   761  2059 E AppOps  : attributionTag  not declared in manifest of com.fceumm.wrapper
07-30 12:05:15.203 10751 10777 D .fceumm.wrapper: PlayerBase::stop() from IPlayer
07-30 12:05:15.204 10751 10777 D AudioTrack: stop(31): called with 799 frames delivered
07-30 12:05:15.209   761  2059 E AppOps  : attributionTag  not declared in manifest of com.fceumm.wrapper
07-30 12:05:15.212   761  2059 E AppOps  : attributionTag  not declared in manifest of com.fceumm.wrapper
07-30 12:05:15.226   761  2067 E AppOps  : attributionTag  not declared in manifest of com.fceumm.wrapper
07-30 12:05:15.229   761  2067 E AppOps  : attributionTag  not declared in manifest of com.fceumm.wrapper
07-30 12:05:15.232 10751 10777 D .fceumm.wrapper: PlayerBase::stop() from IPlayer
07-30 12:05:15.233 10751 10777 D AudioTrack: stop(31): called with 799 frames delivered
07-30 12:05:15.234   761  2067 E AppOps  : attributionTag  not declared in manifest of com.fceumm.wrapper
07-30 12:05:15.236   761  1802 E AppOps  : attributionTag  not declared in manifest of com.fceumm.wrapper
07-30 12:05:15.260  2266  2560 I .apps.wellbeing: AssetManager2(0x70c953653d18) locale list changing from [] to [en-US]
07-30 12:05:15.265   761  2059 E AppOps  : attributionTag  not declared in manifest of com.fceumm.wrapper
07-30 12:05:15.265 10796 10818 D nativeloader: Load /data/app/~~gWfT0J7Y5AGktRi4UE4w5g==/com.google.android.googlequicksearchbox-n65x98k76yDGVllGoxvzTQ==/base.apk!/lib/x86_64/libnative_crash_handler_jni.so using class loader ns clns-10 (caller=/data/app/~~gWfT0J7Y5AGktRi4UE4w5g==/com.google.android.googlequicksearchbox-n65x98k76yDGVllGoxvzTQ==/base.apk!classes2.dex): ok
07-30 12:05:15.269   761  1802 E AppOps  : attributionTag  not declared in manifest of com.fceumm.wrapper
07-30 12:05:15.275 10751 10777 D .fceumm.wrapper: PlayerBase::stop() from IPlayer
07-30 12:05:15.275 10751 10777 D AudioTrack: stop(31): called with 798 frames delivered
07-30 12:05:15.277   761  1802 E AppOps  : attributionTag  not declared in manifest of com.fceumm.wrapper
07-30 12:05:15.280   761  1802 E AppOps  : attributionTag  not declared in manifest of com.fceumm.wrapper
07-30 12:05:15.299   761  2067 E AppOps  : attributionTag  not declared in manifest of com.fceumm.wrapper
07-30 12:05:15.303   761  2059 E AppOps  : attributionTag  not declared in manifest of com.fceumm.wrapper
07-30 12:05:15.306 10751 10777 D .fceumm.wrapper: PlayerBase::stop() from IPlayer
07-30 12:05:15.308 10751 10777 D AudioTrack: stop(31): called with 799 frames delivered
07-30 12:05:15.309   761  2059 E AppOps  : attributionTag  not declared in manifest of com.fceumm.wrapper
07-30 12:05:15.310   761  2067 E AppOps  : attributionTag  not declared in manifest of com.fceumm.wrapper
07-30 12:05:15.325   761  2059 E AppOps  : attributionTag  not declared in manifest of com.fceumm.wrapper
07-30 12:05:15.329   761  2067 E AppOps  : attributionTag  not declared in manifest of com.fceumm.wrapper
07-30 12:05:15.331  2266  2560 I .apps.wellbeing: AssetManager2(0x70c95362ded8) locale list changing from [] to [en-US]
07-30 12:05:15.335 10751 10777 D .fceumm.wrapper: PlayerBase::stop() from IPlayer
07-30 12:05:15.335 10751 10777 D AudioTrack: stop(31): called with 798 frames delivered
07-30 12:05:15.338   761  2059 E AppOps  : attributionTag  not declared in manifest of com.fceumm.wrapper
07-30 12:05:15.344   761  2059 E AppOps  : attributionTag  not declared in manifest of com.fceumm.wrapper
07-30 12:05:15.355   761  2067 E AppOps  : attributionTag  not declared in manifest of com.fceumm.wrapper
07-30 12:05:15.361   761  2067 E AppOps  : attributionTag  not declared in manifest of com.fceumm.wrapper
07-30 12:05:15.363 10751 10777 D .fceumm.wrapper: PlayerBase::stop() from IPlayer
07-30 12:05:15.363 10751 10777 D AudioTrack: stop(31): called with 799 frames delivered
07-30 12:05:15.365   761  2067 E AppOps  : attributionTag  not declared in manifest of com.fceumm.wrapper
07-30 12:05:15.366   761  1802 E AppOps  : attributionTag  not declared in manifest of com.fceumm.wrapper
07-30 12:05:15.382   761  2067 E AppOps  : attributionTag  not declared in manifest of com.fceumm.wrapper
07-30 12:05:15.389   761  2067 E AppOps  : attributionTag  not declared in manifest of com.fceumm.wrapper
07-30 12:05:15.396  2266  2560 I .apps.wellbeing: AssetManager2(0x70c953655618) locale list changing from [] to [en-US]
07-30 12:05:15.398 10751 10777 D .fceumm.wrapper: PlayerBase::stop() from IPlayer
07-30 12:05:15.399 10751 10777 D AudioTrack: stop(31): called with 799 frames delivered
07-30 12:05:15.403   761  2067 E AppOps  : attributionTag  not declared in manifest of com.fceumm.wrapper
07-30 12:05:15.406   591   701 D AF::Track: interceptBuffer: took 624us to intercept 0 tracks
07-30 12:05:15.406   761  2059 E AppOps  : attributionTag  not declared in manifest of com.fceumm.wrapper
07-30 12:05:15.419   761  2059 E AppOps  : attributionTag  not declared in manifest of com.fceumm.wrapper
07-30 12:05:15.424   761  2059 E AppOps  : attributionTag  not declared in manifest of com.fceumm.wrapper
07-30 12:05:15.427 10751 10777 D .fceumm.wrapper: PlayerBase::stop() from IPlayer
07-30 12:05:15.427 10751 10777 D AudioTrack: stop(31): called with 798 frames delivered
07-30 12:05:15.429   761  2067 E AppOps  : attributionTag  not declared in manifest of com.fceumm.wrapper
07-30 12:05:15.430   761  2059 E AppOps  : attributionTag  not declared in manifest of com.fceumm.wrapper
07-30 12:05:15.430  2266  2560 I .apps.wellbeing: AssetManager2(0x70c953657238) locale list changing from [] to [en-US]
07-30 12:05:15.434   591   701 D AF::Track: interceptBuffer: took 1715us to intercept 0 tracks
07-30 12:05:15.456   761  1802 E AppOps  : attributionTag  not declared in manifest of com.fceumm.wrapper
07-30 12:05:15.461   761  1802 E AppOps  : attributionTag  not declared in manifest of com.fceumm.wrapper
07-30 12:05:15.464 10751 10777 D .fceumm.wrapper: PlayerBase::stop() from IPlayer
07-30 12:05:15.465 10751 10777 D AudioTrack: stop(31): called with 799 frames delivered
07-30 12:05:15.467   761  2059 E AppOps  : attributionTag  not declared in manifest of com.fceumm.wrapper
07-30 12:05:15.469   761  2059 E AppOps  : attributionTag  not declared in manifest of com.fceumm.wrapper
07-30 12:05:15.474  2266  2560 I .apps.wellbeing: AssetManager2(0x70c953652738) locale list changing from [] to [en-US]
07-30 12:05:15.486   761  1802 E AppOps  : attributionTag  not declared in manifest of com.fceumm.wrapper
07-30 12:05:15.487   761  1802 E AppOps  : attributionTag  not declared in manifest of com.fceumm.wrapper
07-30 12:05:15.492 10751 10777 D .fceumm.wrapper: PlayerBase::stop() from IPlayer
07-30 12:05:15.492 10751 10777 D AudioTrack: stop(31): called with 799 frames delivered
07-30 12:05:15.493   761  1802 E AppOps  : attributionTag  not declared in manifest of com.fceumm.wrapper
07-30 12:05:15.496   761  1802 E AppOps  : attributionTag  not declared in manifest of com.fceumm.wrapper
07-30 12:05:15.510   761  2059 E AppOps  : attributionTag  not declared in manifest of com.fceumm.wrapper
07-30 12:05:15.514   761  1802 E AppOps  : attributionTag  not declared in manifest of com.fceumm.wrapper
07-30 12:05:15.514 10796 10796 I dsfw    : Initializing GMS Compliance Client Library...
07-30 12:05:15.516 10751 10777 D .fceumm.wrapper: PlayerBase::stop() from IPlayer
07-30 12:05:15.516 10751 10777 D AudioTrack: stop(31): called with 798 frames delivered
07-30 12:05:15.516 10796 10796 I dsfw    : Checking for device compliance...
07-30 12:05:15.517 10796 10796 I dsfw    : Completed library init.
07-30 12:05:15.521   761  2067 E AppOps  : attributionTag  not declared in manifest of com.fceumm.wrapper
07-30 12:05:15.524   761  2059 E AppOps  : attributionTag  not declared in manifest of com.fceumm.wrapper
07-30 12:05:15.544   761  2049 E AppOps  : attributionTag  not declared in manifest of com.fceumm.wrapper
07-30 12:05:15.551   761  2049 E AppOps  : attributionTag  not declared in manifest of com.fceumm.wrapper
07-30 12:05:15.556 10751 10777 D .fceumm.wrapper: PlayerBase::stop() from IPlayer
07-30 12:05:15.556 10751 10777 D AudioTrack: stop(31): called with 799 frames delivered
07-30 12:05:15.560   761  2067 E AppOps  : attributionTag  not declared in manifest of com.fceumm.wrapper
07-30 12:05:15.561   761  2049 E AppOps  : attributionTag  not declared in manifest of com.fceumm.wrapper
07-30 12:05:15.575   761  2059 E AppOps  : attributionTag  not declared in manifest of com.fceumm.wrapper
07-30 12:05:15.577   761  2067 E AppOps  : attributionTag  not declared in manifest of com.fceumm.wrapper
07-30 12:05:15.581 10751 10777 D .fceumm.wrapper: PlayerBase::stop() from IPlayer
07-30 12:05:15.581 10751 10777 D AudioTrack: stop(31): called with 798 frames delivered
07-30 12:05:15.582   761  2067 E AppOps  : attributionTag  not declared in manifest of com.fceumm.wrapper
07-30 12:05:15.585   761  2059 E AppOps  : attributionTag  not declared in manifest of com.fceumm.wrapper
07-30 12:05:15.598 10796 10796 I fjzl    : Validating WorkManager process
07-30 12:05:15.599 10796 10815 I fjzl    : (REDACTED) Processes: %s, %s, %s, %s
07-30 12:05:15.600   761  2059 E AppOps  : attributionTag  not declared in manifest of com.fceumm.wrapper
07-30 12:05:15.605   761  2059 E AppOps  : attributionTag  not declared in manifest of com.fceumm.wrapper
07-30 12:05:15.609 10751 10777 D .fceumm.wrapper: PlayerBase::stop() from IPlayer
07-30 12:05:15.610 10751 10777 D AudioTrack: stop(31): called with 799 frames delivered
07-30 12:05:15.611   761  2059 E AppOps  : attributionTag  not declared in manifest of com.fceumm.wrapper
07-30 12:05:15.611   761  2049 E AppOps  : attributionTag  not declared in manifest of com.fceumm.wrapper
07-30 12:05:15.628   761  2059 E AppOps  : attributionTag  not declared in manifest of com.fceumm.wrapper
07-30 12:05:15.629   761  2059 E AppOps  : attributionTag  not declared in manifest of com.fceumm.wrapper
07-30 12:05:15.633 10751 10777 D .fceumm.wrapper: PlayerBase::stop() from IPlayer
07-30 12:05:15.634 10751 10777 D AudioTrack: stop(31): called with 799 frames delivered
07-30 12:05:15.634   761  2049 E AppOps  : attributionTag  not declared in manifest of com.fceumm.wrapper
07-30 12:05:15.640   761  2059 E AppOps  : attributionTag  not declared in manifest of com.fceumm.wrapper
07-30 12:05:15.658 10796 10796 D WM-PackageManagerHelper: Skipping component enablement for androidx.work.impl.background.systemjob.SystemJobService
07-30 12:05:15.658 10796 10796 D WM-Schedulers: Created SystemJobScheduler and enabled SystemJobService
07-30 12:05:15.660   761  2049 E AppOps  : attributionTag  not declared in manifest of com.fceumm.wrapper
07-30 12:05:15.674 10796 10796 D WM-SystemJobService: onStartJob for WorkGenerationalId(workSpecId=f49f7ded-8f3e-434b-ae5c-4bfbd41e2e96, generation=340)
07-30 12:05:15.678   761  1802 E AppOps  : attributionTag  not declared in manifest of com.fceumm.wrapper
07-30 12:05:15.680 10796 10815 D WM-ForceStopRunnable: Is default app process = true
07-30 12:05:15.683 10751 10777 D .fceumm.wrapper: PlayerBase::stop() from IPlayer
07-30 12:05:15.683 10751 10777 D AudioTrack: stop(31): called with 798 frames delivered
07-30 12:05:15.688   761  1802 E AppOps  : attributionTag  not declared in manifest of com.fceumm.wrapper
07-30 12:05:15.690   761  1802 E AppOps  : attributionTag  not declared in manifest of com.fceumm.wrapper
07-30 12:05:15.690 10796 10815 D WM-ForceStopRunnable: Performing cleanup operations.
07-30 12:05:15.705   761  1802 E AppOps  : attributionTag  not declared in manifest of com.fceumm.wrapper
07-30 12:05:15.708   761  2067 E AppOps  : attributionTag  not declared in manifest of com.fceumm.wrapper
07-30 12:05:15.710 10751 10777 D .fceumm.wrapper: PlayerBase::stop() from IPlayer
07-30 12:05:15.710 10751 10777 D AudioTrack: stop(31): called with 799 frames delivered
07-30 12:05:15.712   761  2067 E AppOps  : attributionTag  not declared in manifest of com.fceumm.wrapper
07-30 12:05:15.716   761  2067 E AppOps  : attributionTag  not declared in manifest of com.fceumm.wrapper
07-30 12:05:15.730   761  2059 E AppOps  : attributionTag  not declared in manifest of com.fceumm.wrapper
07-30 12:05:15.733   761  2059 E AppOps  : attributionTag  not declared in manifest of com.fceumm.wrapper
07-30 12:05:15.741 10796 10815 E ashmem  : Pinning is deprecated since Android Q. Please use trim or other methods.
07-30 12:05:15.742 10751 10777 D .fceumm.wrapper: PlayerBase::stop() from IPlayer
07-30 12:05:15.742 10751 10777 D AudioTrack: stop(31): called with 799 frames delivered
07-30 12:05:15.748   761  1802 E AppOps  : attributionTag  not declared in manifest of com.fceumm.wrapper
07-30 12:05:15.756   761  1802 E AppOps  : attributionTag  not declared in manifest of com.fceumm.wrapper
07-30 12:05:15.761   761  2059 E AppOps  : attributionTag  not declared in manifest of com.fceumm.wrapper
07-30 12:05:15.765   761  2059 E AppOps  : attributionTag  not declared in manifest of com.fceumm.wrapper
07-30 12:05:15.769 10751 10777 D .fceumm.wrapper: PlayerBase::stop() from IPlayer
07-30 12:05:15.769 10751 10777 D AudioTrack: stop(31): called with 798 frames delivered
07-30 12:05:15.774   761  2067 E AppOps  : attributionTag  not declared in manifest of com.fceumm.wrapper
07-30 12:05:15.797 10751 10780 E libOpenSLES: frameworks/wilhelm/src/itf/IBufferQueue.cpp:56: pthread_mutex_lock_timeout_np returned 110
07-30 12:05:15.800   761  2059 E AppOps  : attributionTag  not declared in manifest of com.fceumm.wrapper
07-30 12:05:15.814   761  2059 E AppOps  : attributionTag  not declared in manifest of com.fceumm.wrapper
07-30 12:05:15.817   761  2059 E AppOps  : attributionTag  not declared in manifest of com.fceumm.wrapper
07-30 12:05:15.820 10751 10777 D .fceumm.wrapper: PlayerBase::stop() from IPlayer
07-30 12:05:15.821 10751 10777 D AudioTrack: stop(31): called with 799 frames delivered
07-30 12:05:15.825   761  2059 E AppOps  : attributionTag  not declared in manifest of com.fceumm.wrapper
07-30 12:05:15.830   761  2059 E AppOps  : attributionTag  not declared in manifest of com.fceumm.wrapper
07-30 12:05:15.842   761  2067 E AppOps  : attributionTag  not declared in manifest of com.fceumm.wrapper
07-30 12:05:15.846   761  2059 E AppOps  : attributionTag  not declared in manifest of com.fceumm.wrapper
07-30 12:05:15.853 10751 10777 D .fceumm.wrapper: PlayerBase::stop() from IPlayer
07-30 12:05:15.853 10751 10777 D AudioTrack: stop(31): called with 798 frames delivered
07-30 12:05:15.857   761  2067 E AppOps  : attributionTag  not declared in manifest of com.fceumm.wrapper
07-30 12:05:15.861   761  2059 E AppOps  : attributionTag  not declared in manifest of com.fceumm.wrapper
07-30 12:05:15.869   761  2059 E AppOps  : attributionTag  not declared in manifest of com.fceumm.wrapper
07-30 12:05:15.872   761  2059 E AppOps  : attributionTag  not declared in manifest of com.fceumm.wrapper
07-30 12:05:15.878 10751 10777 D .fceumm.wrapper: PlayerBase::stop() from IPlayer
07-30 12:05:15.878 10751 10777 D AudioTrack: stop(31): called with 799 frames delivered
07-30 12:05:15.880   761  2059 E AppOps  : attributionTag  not declared in manifest of com.fceumm.wrapper
07-30 12:05:15.885   761  2059 E AppOps  : attributionTag  not declared in manifest of com.fceumm.wrapper
07-30 12:05:15.897   761  1802 E AppOps  : attributionTag  not declared in manifest of com.fceumm.wrapper
07-30 12:05:15.900   761  1802 E AppOps  : attributionTag  not declared in manifest of com.fceumm.wrapper
07-30 12:05:15.901 10796 10823 I dsfw    : (REDACTED) Device Compliance Fetch time taken = %sms
07-30 12:05:15.902 10796 10823 I dsfw    : Device is compliant!
07-30 12:05:15.903 10751 10777 D .fceumm.wrapper: PlayerBase::stop() from IPlayer
07-30 12:05:15.903 10751 10777 D AudioTrack: stop(31): called with 799 frames delivered
07-30 12:05:15.903 10796 10823 I dsfw    : Invoking "compliant" action...
07-30 12:05:15.907   761  1802 E AppOps  : attributionTag  not declared in manifest of com.fceumm.wrapper
07-30 12:05:15.909   761  2067 E AppOps  : attributionTag  not declared in manifest of com.fceumm.wrapper
07-30 12:05:15.923   761  2067 E AppOps  : attributionTag  not declared in manifest of com.fceumm.wrapper
07-30 12:05:15.925   761  2059 E AppOps  : attributionTag  not declared in manifest of com.fceumm.wrapper
07-30 12:05:15.930 10751 10777 D .fceumm.wrapper: PlayerBase::stop() from IPlayer
07-30 12:05:15.930 10751 10777 D AudioTrack: stop(31): called with 798 frames delivered
07-30 12:05:15.933 10796 10815 D WM-Processor: mcm: processing WorkGenerationalId(workSpecId=f49f7ded-8f3e-434b-ae5c-4bfbd41e2e96, generation=340)
07-30 12:05:15.933   761  2059 E AppOps  : attributionTag  not declared in manifest of com.fceumm.wrapper
07-30 12:05:15.937   761  2059 E AppOps  : attributionTag  not declared in manifest of com.fceumm.wrapper
07-30 12:05:15.949   761  2067 E AppOps  : attributionTag  not declared in manifest of com.fceumm.wrapper
07-30 12:05:15.951   761  2059 E AppOps  : attributionTag  not declared in manifest of com.fceumm.wrapper
07-30 12:05:15.953 10751 10777 D .fceumm.wrapper: PlayerBase::stop() from IPlayer
07-30 12:05:15.954 10751 10777 D AudioTrack: stop(31): called with 799 frames delivered
07-30 12:05:15.956   761  2059 E AppOps  : attributionTag  not declared in manifest of com.fceumm.wrapper
07-30 12:05:15.957   761  2059 E AppOps  : attributionTag  not declared in manifest of com.fceumm.wrapper
07-30 12:05:15.969 10796 10796 D WM-WorkerWrapper: Starting work for androidx.work.multiprocess.RemoteListenableDelegatingWorker
07-30 12:05:15.972 10796 10815 D WM-PackageManagerHelper: Skipping component enablement for androidx.work.impl.background.systemalarm.RescheduleReceiver
07-30 12:05:15.978   761  2059 E AppOps  : attributionTag  not declared in manifest of com.fceumm.wrapper
07-30 12:05:15.981 10796 10796 D WM-ListenableWorkerImpl: Binding to com.google.android.googlequicksearchbox, com.google.android.libraries.search.integrations.tiktok.RemoteWorkerService_search
07-30 12:05:15.981   761  2059 E AppOps  : attributionTag  not declared in manifest of com.fceumm.wrapper
07-30 12:05:15.983 10751 10777 D .fceumm.wrapper: PlayerBase::stop() from IPlayer
07-30 12:05:15.983 10751 10777 D AudioTrack: stop(31): called with 799 frames delivered
07-30 12:05:15.989   761  2067 E AppOps  : attributionTag  not declared in manifest of com.fceumm.wrapper
07-30 12:05:15.989   761  2067 E AppOps  : attributionTag  not declared in manifest of com.fceumm.wrapper
07-30 12:05:16.003   761  2067 E AppOps  : attributionTag  not declared in manifest of com.fceumm.wrapper
07-30 12:05:16.005   761  2067 E AppOps  : attributionTag  not declared in manifest of com.fceumm.wrapper
07-30 12:05:16.006 10796 10796 I WM-RemoteWorkerService: Binding to RemoteWorkerService
07-30 12:05:16.010 10751 10777 D .fceumm.wrapper: PlayerBase::stop() from IPlayer
07-30 12:05:16.011 10751 10777 D AudioTrack: stop(31): called with 798 frames delivered
07-30 12:05:16.013   761  2067 E AppOps  : attributionTag  not declared in manifest of com.fceumm.wrapper
07-30 12:05:16.015   761  2067 E AppOps  : attributionTag  not declared in manifest of com.fceumm.wrapper
07-30 12:05:16.017 10796 10796 D WM-ListenableWorkerImpl: Service connected
07-30 12:05:16.022 10796 10815 D WM-ListenableWorkerImpl: Executing work request (f49f7ded-8f3e-434b-ae5c-4bfbd41e2e96, com.google.apps.tiktok.contrib.work.TikTokListenableWorker)
07-30 12:05:16.029   761  2067 E AppOps  : attributionTag  not declared in manifest of com.fceumm.wrapper
07-30 12:05:16.032 10796 10815 I gcdq    : (REDACTED) Scoped context discovery schemas: %s.
07-30 12:05:16.032   761  2059 E AppOps  : attributionTag  not declared in manifest of com.fceumm.wrapper
07-30 12:05:16.035 10751 10777 D .fceumm.wrapper: PlayerBase::stop() from IPlayer
07-30 12:05:16.035 10751 10777 D AudioTrack: stop(31): called with 799 frames delivered
07-30 12:05:16.042   761  2059 E AppOps  : attributionTag  not declared in manifest of com.fceumm.wrapper
07-30 12:05:16.043   761  2059 E AppOps  : attributionTag  not declared in manifest of com.fceumm.wrapper
07-30 12:05:16.054   761  2067 E AppOps  : attributionTag  not declared in manifest of com.fceumm.wrapper
07-30 12:05:16.056   761  1802 E AppOps  : attributionTag  not declared in manifest of com.fceumm.wrapper
07-30 12:05:16.058 10751 10777 D .fceumm.wrapper: PlayerBase::stop() from IPlayer
07-30 12:05:16.060 10751 10777 D AudioTrack: stop(31): called with 798 frames delivered
07-30 12:05:16.062   761  2059 E AppOps  : attributionTag  not declared in manifest of com.fceumm.wrapper
07-30 12:05:16.068   761  2059 E AppOps  : attributionTag  not declared in manifest of com.fceumm.wrapper
07-30 12:05:16.077   761  1802 E AppOps  : attributionTag  not declared in manifest of com.fceumm.wrapper
07-30 12:05:16.078   761  1802 E AppOps  : attributionTag  not declared in manifest of com.fceumm.wrapper
07-30 12:05:16.079 10751 10777 D .fceumm.wrapper: PlayerBase::stop() from IPlayer
07-30 12:05:16.079 10751 10777 D AudioTrack: stop(31): called with 799 frames delivered
07-30 12:05:16.082   761  2059 E AppOps  : attributionTag  not declared in manifest of com.fceumm.wrapper
07-30 12:05:16.085   761  2059 E AppOps  : attributionTag  not declared in manifest of com.fceumm.wrapper
07-30 12:05:16.098   761  1802 E AppOps  : attributionTag  not declared in manifest of com.fceumm.wrapper
07-30 12:05:16.101   761  1802 E AppOps  : attributionTag  not declared in manifest of com.fceumm.wrapper
07-30 12:05:16.106 10751 10777 D .fceumm.wrapper: PlayerBase::stop() from IPlayer
07-30 12:05:16.106 10751 10777 D AudioTrack: stop(31): called with 799 frames delivered
07-30 12:05:16.112   761  2059 E AppOps  : attributionTag  not declared in manifest of com.fceumm.wrapper
07-30 12:05:16.114   761  2059 E AppOps  : attributionTag  not declared in manifest of com.fceumm.wrapper
07-30 12:05:16.127   761  1802 E AppOps  : attributionTag  not declared in manifest of com.fceumm.wrapper
07-30 12:05:16.131   761  1802 E AppOps  : attributionTag  not declared in manifest of com.fceumm.wrapper
07-30 12:05:16.138 10751 10777 D .fceumm.wrapper: PlayerBase::stop() from IPlayer
07-30 12:05:16.138 10751 10777 D AudioTrack: stop(31): called with 798 frames delivered
07-30 12:05:16.140   761  2059 E AppOps  : attributionTag  not declared in manifest of com.fceumm.wrapper
07-30 12:05:16.141   761  2059 E AppOps  : attributionTag  not declared in manifest of com.fceumm.wrapper
07-30 12:05:16.159   761  1802 E AppOps  : attributionTag  not declared in manifest of com.fceumm.wrapper
07-30 12:05:16.161   761  1802 E AppOps  : attributionTag  not declared in manifest of com.fceumm.wrapper
07-30 12:05:16.163 10751 10777 D .fceumm.wrapper: PlayerBase::stop() from IPlayer
07-30 12:05:16.163 10751 10777 D AudioTrack: stop(31): called with 799 frames delivered
07-30 12:05:16.163   761  2059 E AppOps  : attributionTag  not declared in manifest of com.fceumm.wrapper
07-30 12:05:16.169   761  1802 E AppOps  : attributionTag  not declared in manifest of com.fceumm.wrapper
07-30 12:05:16.187   761  1802 E AppOps  : attributionTag  not declared in manifest of com.fceumm.wrapper
07-30 12:05:16.190   761  1802 E AppOps  : attributionTag  not declared in manifest of com.fceumm.wrapper
07-30 12:05:16.193 10751 10777 D .fceumm.wrapper: PlayerBase::stop() from IPlayer
07-30 12:05:16.193 10751 10777 D AudioTrack: stop(31): called with 799 frames delivered
07-30 12:05:16.194   761  2059 E AppOps  : attributionTag  not declared in manifest of com.fceumm.wrapper
07-30 12:05:16.198   761  1802 W ActivityManager: stopServiceToken startId 13 is last, but have 1 remaining args
07-30 12:05:16.200   761  2059 E AppOps  : attributionTag  not declared in manifest of com.fceumm.wrapper
07-30 12:05:16.212   761  2049 E AppOps  : attributionTag  not declared in manifest of com.fceumm.wrapper
07-30 12:05:16.214   761  2049 E AppOps  : attributionTag  not declared in manifest of com.fceumm.wrapper
07-30 12:05:16.218 10751 10777 D .fceumm.wrapper: PlayerBase::stop() from IPlayer
07-30 12:05:16.219 10751 10777 D AudioTrack: stop(31): called with 798 frames delivered
07-30 12:05:16.220   761  1802 E AppOps  : attributionTag  not declared in manifest of com.fceumm.wrapper
07-30 12:05:16.220 10796 10796 I flcw    : #sync(). Running Synclets and scheduling next sync.
07-30 12:05:16.222   761  1802 E AppOps  : attributionTag  not declared in manifest of com.fceumm.wrapper
07-30 12:05:16.240   761  1802 E AppOps  : attributionTag  not declared in manifest of com.fceumm.wrapper
07-30 12:05:16.241   761  2049 E AppOps  : attributionTag  not declared in manifest of com.fceumm.wrapper
07-30 12:05:16.245 10796 10823 D nativeloader: Load /data/app/~~gWfT0J7Y5AGktRi4UE4w5g==/com.google.android.googlequicksearchbox-n65x98k76yDGVllGoxvzTQ==/base.apk!/lib/x86_64/libmappedcountercacheversionjni.so using class loader ns clns-10 (caller=/data/app/~~gWfT0J7Y5AGktRi4UE4w5g==/com.google.android.googlequicksearchbox-n65x98k76yDGVllGoxvzTQ==/base.apk!classes3.dex): ok
07-30 12:05:16.246 10751 10777 D .fceumm.wrapper: PlayerBase::stop() from IPlayer
07-30 12:05:16.246 10751 10777 D AudioTrack: stop(31): called with 799 frames delivered
07-30 12:05:16.247   761  2059 E AppOps  : attributionTag  not declared in manifest of com.fceumm.wrapper
07-30 12:05:16.251   761  2057 E AppOps  : attributionTag  not declared in manifest of com.fceumm.wrapper
07-30 12:05:16.264   761  2059 E AppOps  : attributionTag  not declared in manifest of com.fceumm.wrapper
07-30 12:05:16.266   761  2059 E AppOps  : attributionTag  not declared in manifest of com.fceumm.wrapper
07-30 12:05:16.274 10751 10777 D .fceumm.wrapper: PlayerBase::stop() from IPlayer
07-30 12:05:16.274 10751 10777 D AudioTrack: stop(31): called with 798 frames delivered
07-30 12:05:16.277   761  2059 E AppOps  : attributionTag  not declared in manifest of com.fceumm.wrapper
07-30 12:05:16.280   761  2059 E AppOps  : attributionTag  not declared in manifest of com.fceumm.wrapper
07-30 12:05:16.293   761  2059 E AppOps  : attributionTag  not declared in manifest of com.fceumm.wrapper
07-30 12:05:16.294   761  2059 E AppOps  : attributionTag  not declared in manifest of com.fceumm.wrapper
07-30 12:05:16.297 10751 10777 D .fceumm.wrapper: PlayerBase::stop() from IPlayer
07-30 12:05:16.297 10751 10777 D AudioTrack: stop(31): called with 799 frames delivered
07-30 12:05:16.300   761  2059 E AppOps  : attributionTag  not declared in manifest of com.fceumm.wrapper
07-30 12:05:16.304   761  2059 E AppOps  : attributionTag  not declared in manifest of com.fceumm.wrapper
07-30 12:05:16.317   761  2059 E AppOps  : attributionTag  not declared in manifest of com.fceumm.wrapper
07-30 12:05:16.318   761  2059 E AppOps  : attributionTag  not declared in manifest of com.fceumm.wrapper
07-30 12:05:16.324 10751 10777 D .fceumm.wrapper: PlayerBase::stop() from IPlayer
07-30 12:05:16.324 10751 10777 D AudioTrack: stop(31): called with 799 frames delivered
07-30 12:05:16.325   761  2059 E AppOps  : attributionTag  not declared in manifest of com.fceumm.wrapper
07-30 12:05:16.326   761  2057 E AppOps  : attributionTag  not declared in manifest of com.fceumm.wrapper
07-30 12:05:16.343   761  1802 E AppOps  : attributionTag  not declared in manifest of com.fceumm.wrapper
07-30 12:05:16.344   761  2059 E AppOps  : attributionTag  not declared in manifest of com.fceumm.wrapper
07-30 12:05:16.347 10751 10777 D .fceumm.wrapper: PlayerBase::stop() from IPlayer
07-30 12:05:16.347 10751 10777 D AudioTrack: stop(31): called with 798 frames delivered
07-30 12:05:16.350   761  2059 E AppOps  : attributionTag  not declared in manifest of com.fceumm.wrapper
07-30 12:05:16.351   761  1802 E AppOps  : attributionTag  not declared in manifest of com.fceumm.wrapper
07-30 12:05:16.366   761  2059 E AppOps  : attributionTag  not declared in manifest of com.fceumm.wrapper
07-30 12:05:16.369   761  2059 E AppOps  : attributionTag  not declared in manifest of com.fceumm.wrapper
07-30 12:05:16.371 10751 10777 D .fceumm.wrapper: PlayerBase::stop() from IPlayer
07-30 12:05:16.372 10751 10777 D AudioTrack: stop(31): called with 799 frames delivered
07-30 12:05:16.374   761  1802 E AppOps  : attributionTag  not declared in manifest of com.fceumm.wrapper
07-30 12:05:16.375   761  1802 E AppOps  : attributionTag  not declared in manifest of com.fceumm.wrapper
07-30 12:05:16.386 10796 10827 I ContentCaptureHelper: Setting logging level to OFF
07-30 12:05:16.388   761  1802 E AppOps  : attributionTag  not declared in manifest of com.fceumm.wrapper
07-30 12:05:16.392   761  1802 E AppOps  : attributionTag  not declared in manifest of com.fceumm.wrapper
07-30 12:05:16.394 10751 10777 D .fceumm.wrapper: PlayerBase::stop() from IPlayer
07-30 12:05:16.394 10751 10777 D AudioTrack: stop(31): called with 799 frames delivered
07-30 12:05:16.396   761  1802 E AppOps  : attributionTag  not declared in manifest of com.fceumm.wrapper
07-30 12:05:16.401   761  1802 E AppOps  : attributionTag  not declared in manifest of com.fceumm.wrapper
07-30 12:05:16.409   761  2057 W ParceledListSlice: Element #4 is 21220 bytes.
07-30 12:05:16.420   761  2059 E AppOps  : attributionTag  not declared in manifest of com.fceumm.wrapper
07-30 12:05:16.423   761  2059 E AppOps  : attributionTag  not declared in manifest of com.fceumm.wrapper
07-30 12:05:16.432 10751 10777 D .fceumm.wrapper: PlayerBase::stop() from IPlayer
07-30 12:05:16.432 10751 10777 D AudioTrack: stop(31): called with 798 frames delivered
07-30 12:05:16.434   761  2057 E AppOps  : attributionTag  not declared in manifest of com.fceumm.wrapper
07-30 12:05:16.438   761  2057 E AppOps  : attributionTag  not declared in manifest of com.fceumm.wrapper
07-30 12:05:16.450   761  2059 E AppOps  : attributionTag  not declared in manifest of com.fceumm.wrapper
07-30 12:05:16.453   761  2059 E AppOps  : attributionTag  not declared in manifest of com.fceumm.wrapper
07-30 12:05:16.456 10751 10777 D .fceumm.wrapper: PlayerBase::stop() from IPlayer
07-30 12:05:16.456 10751 10777 D AudioTrack: stop(31): called with 799 frames delivered
07-30 12:05:16.456   761  2057 E AppOps  : attributionTag  not declared in manifest of com.fceumm.wrapper
07-30 12:05:16.457   761  2057 E AppOps  : attributionTag  not declared in manifest of com.fceumm.wrapper
07-30 12:05:16.474   761  2059 E AppOps  : attributionTag  not declared in manifest of com.fceumm.wrapper
07-30 12:05:16.475   761  2059 E AppOps  : attributionTag  not declared in manifest of com.fceumm.wrapper
07-30 12:05:16.477 10751 10777 D .fceumm.wrapper: PlayerBase::stop() from IPlayer
07-30 12:05:16.478 10751 10777 D AudioTrack: stop(31): called with 799 frames delivered
07-30 12:05:16.478   761  2059 E AppOps  : attributionTag  not declared in manifest of com.fceumm.wrapper
07-30 12:05:16.481   761  2059 E AppOps  : attributionTag  not declared in manifest of com.fceumm.wrapper
07-30 12:05:16.495   761  2059 E AppOps  : attributionTag  not declared in manifest of com.fceumm.wrapper
07-30 12:05:16.496   761  2059 E AppOps  : attributionTag  not declared in manifest of com.fceumm.wrapper
07-30 12:05:16.498 10751 10777 D .fceumm.wrapper: PlayerBase::stop() from IPlayer
07-30 12:05:16.498 10751 10777 D AudioTrack: stop(31): called with 798 frames delivered
07-30 12:05:16.499 10796 10823 I flcw    : (REDACTED) Running synclets: %s
07-30 12:05:16.500   761  2059 E AppOps  : attributionTag  not declared in manifest of com.fceumm.wrapper
07-30 12:05:16.500   761  2059 E AppOps  : attributionTag  not declared in manifest of com.fceumm.wrapper
07-30 12:05:16.518   761  2059 E AppOps  : attributionTag  not declared in manifest of com.fceumm.wrapper
07-30 12:05:16.519 10796 10829 I flcw    : (REDACTED) Starting synclet: %s
07-30 12:05:16.519   761  2059 E AppOps  : attributionTag  not declared in manifest of com.fceumm.wrapper
07-30 12:05:16.528 10751 10777 D .fceumm.wrapper: PlayerBase::stop() from IPlayer
07-30 12:05:16.528 10751 10777 D AudioTrack: stop(31): called with 799 frames delivered
07-30 12:05:16.530   761  2059 E AppOps  : attributionTag  not declared in manifest of com.fceumm.wrapper
07-30 12:05:16.531   761  2059 E AppOps  : attributionTag  not declared in manifest of com.fceumm.wrapper
07-30 12:05:16.533 10796 10829 I beoc    : #sync called [SD]
07-30 12:05:16.538  5651  5651 D BoundBrokerSvc: onBind: Intent { act=com.google.android.mobstore.service.START xflg=0x4 pkg=com.google.android.gms }
07-30 12:05:16.538  5651  5651 D BoundBrokerSvc: Loading bound service for intent: Intent { act=com.google.android.mobstore.service.START xflg=0x4 pkg=com.google.android.gms }
07-30 12:05:16.548   761  1802 E AppOps  : attributionTag  not declared in manifest of com.fceumm.wrapper
07-30 12:05:16.549   761  1802 E AppOps  : attributionTag  not declared in manifest of com.fceumm.wrapper
07-30 12:05:16.553 10751 10777 D .fceumm.wrapper: PlayerBase::stop() from IPlayer
07-30 12:05:16.553 10751 10777 D AudioTrack: stop(31): called with 798 frames delivered
07-30 12:05:16.554   761  1802 E AppOps  : attributionTag  not declared in manifest of com.fceumm.wrapper
07-30 12:05:16.556   761  1802 E AppOps  : attributionTag  not declared in manifest of com.fceumm.wrapper
07-30 12:05:16.573   761  2059 E AppOps  : attributionTag  not declared in manifest of com.fceumm.wrapper
07-30 12:05:16.574 10796 10827 I adgg    : Getting accounts.
07-30 12:05:16.574   761  2059 E AppOps  : attributionTag  not declared in manifest of com.fceumm.wrapper
07-30 12:05:16.577 10751 10777 D .fceumm.wrapper: PlayerBase::stop() from IPlayer
07-30 12:05:16.578 10751 10777 D AudioTrack: stop(31): called with 799 frames delivered
07-30 12:05:16.580   761  2059 E AppOps  : attributionTag  not declared in manifest of com.fceumm.wrapper
07-30 12:05:16.585   761  1802 E AppOps  : attributionTag  not declared in manifest of com.fceumm.wrapper
07-30 12:05:16.597   761  2059 E AppOps  : attributionTag  not declared in manifest of com.fceumm.wrapper
