07-28 21:18:19.118  1525  2897 D TaskOrganizerController: applyStartingWindowAnimation, window=Window{d0f830a u0 com.fceumm.wrapper/com.fceumm.wrapper.SplashActivity}, caller=com.android.server.wm.TaskOrganizerController.removeStartingWindow:131 com.android.server.wm.StartingSurfaceController$StartingSurface.remove:23 com.android.server.wm.ActivityRecord.removeStartingWindowAnimation:181 
07-28 21:18:19.118  1525  2897 I WindowManager: Reparenting to leash, surface=Surface(name=d0f830a com.fceumm.wrapper/com.fceumm.wrapper.SplashActivity)/@0x7d54d47, syncState=0, syncCommitDepth=0, leashParent=Surface(name=ActivityRecord{a4d36e4 u0 com.fceumm.wrapper/.SplashActivity t2684})/@0x42f616f
07-28 21:18:19.118  1369  1422 I SurfaceFlinger: id=29582 createSurf, flag=24000, Surface(name=d0f830a com.fceumm.wrapper/com.fceumm.wrapper.SplashActivity)/@0x7d54d47 - animation-leash of starting_reveal#29582
07-28 21:18:19.119 30781 30781 I VRI[0 fl=}]@12f7680: Relayout returned: old=(0,0,1080,2340) new=(0,0,1080,2340) relayoutAsync=false req=(1080,2340)8 dur=2 res=0x2 s={false 0x0} ch=true seqId=0
07-28 21:18:19.119 30781 30781 D VRI[0 fl=}]@12f7680: Not drawing due to not visible. Reason=!mAppVisible && !mForceDecorViewVisibility
07-28 21:18:19.121  1525  1626 I ActivityManager: Changes in 10139 2 to 5, 127 to 56
07-28 21:18:19.122  1369  1369 D SurfaceFlinger: Display 4630947232161729154 HWC layers:
07-28 21:18:19.122  1369  1369 D SurfaceFlinger:        DEVICE |   0xb40000788b1d1910 | 0001 | RGBA_8888    |    0.0    0.0 1080.0 2340.0 |    0    0 1080 2340 | com.fceumm.wrapper/com.fceumm.wrapper.SplashActivity$_8530#29579 (4)
07-28 21:18:19.122  1369  1369 D SurfaceFlinger:        DEVICE |   0xb40000788b1b78d0 | 0001 | RGBA_8888    |    0.0    0.0 1080.0 2340.0 |    0    0 1080 2340 | Splash Screen com.fceumm.wrapper$_2762#29570 (1)
07-28 21:18:19.122  1369  1369 D SurfaceFlinger:        DEVICE |   0xb40000788b1a1940 | 0001 | RGBA_8888    |    0.0    0.0 1080.0   99.0 |    0    0 1080   99 | StatusBar$_2762#99 (66372)
07-28 21:18:19.122  1369  1369 D SurfaceFlinger:        DEVICE |   0xb40000788b1a5f90 | 0001 | RGBA_8888    |    0.0    0.0 1080.0  144.0 |    0 2196 1080 2340 | NavigationBar0$_2762#95 (178730)
07-28 21:18:19.122  1369  1369 D SurfaceFlinger:        DEVICE |   0xb40000788b1b73c0 | 0041 | RGBA_8888    |    0.0    0.0 1080.0  121.0 |    0    0 1080  121 | ScreenDecorOverlay$_2762#107 (3436)
07-28 21:18:19.122  1369  1369 D SurfaceFlinger:        DEVICE |   0xb40000788b194650 | 0041 | RGBA_8888    |    0.0    0.0 1080.0  121.0 |    0 2219 1080 2340 | ScreenDecorOverlayBottom$_2762#108 (1387)
07-28 21:18:19.122  1369  1369 D SurfaceFlinger: 
07-28 21:18:19.122  1525  2897 D WindowManager: makeSurface duration=4 leash=Surface(name=Surface(name=d0f830a com.fceumm.wrapper/com.fceumm.wrapper.SplashActivity)/@0x7d54d47 - animation-leash of starting_reveal)/@0xf47b974
07-28 21:18:19.123  1369  1369 I SurfaceFlinger: destroyed Transition Root: Task=2684#29571
07-28 21:18:19.123  1369  1369 I SurfaceFlinger: [Surface(name=d0f830a com.fceumm.wrapper/com.fceumm.wrapper.SplashActivity)/@0x7d54d47 - animation-leash of starting_reveal#29582] attach to parent LayerHierarchy{RequestedLayerState{ActivityRecord{a4d36e4 u0 com.fceumm.wrapper/.SplashActivity t2684}#29575 parentId=29567 z=1} 4 children}
07-28 21:18:19.123  2762  2815 D ShellTaskOrganizer: removeStartingWindow, removalInfo=StartingWindowRemovalInfo{taskId=2684 frame=Rect(0, 0 - 1080, 2340) playRevealAnimation=true roundedCornerRadius=0.0 deferRemoveMode=0 windowlessSurface=false removeImmediately=false}
07-28 21:18:19.123  1369  1369 W Layer   : gatherBufferInfo: Received unknown dataspace from gralloc
07-28 21:18:19.123  1525  5856 D InputDispatcher: Focus entered window (0): d0f830a com.fceumm.wrapper/com.fceumm.wrapper.SplashActivity
07-28 21:18:19.123  1369  1369 I Layer   : id=29571 Destroyed Transition Root: Task=2684#29571
07-28 21:18:19.124  8530  8530 D VRI[SplashActivity]@4331781: mThreadedRenderer.initializeIfNeeded()#2 mSurface={isValid=true 0xb400007293e8e740}
07-28 21:18:19.125  8530  8530 D InputMethodManagerUtils: startInputInner - Id : 0
07-28 21:18:19.125  8530  8530 I InputMethodManager: startInputInner - IInputMethodManagerGlobalInvoker.startInputOrWindowGainedFocus
07-28 21:18:19.125  1703  1703 I CameraService: onUidStateChanged: uid=10248, procState is changed. (3 -> 5)
07-28 21:18:19.127  1369  1369 I SurfaceFlinger: Layer [ActivityRecord{71ad6bf u0 com.fceumm.wrapper/.MainActivity t2684}#29568] hidden!! flag(1)
07-28 21:18:19.128  1525  7704 V WindowManager: Relayout Window{b5bd250 u0 com.sec.android.app.launcher/com.sec.android.app.launcher.activities.LauncherActivity}: viewVisibility=8 req=1080x2340 ty=1 d0
07-28 21:18:19.128  1369  1369 W Layer   : gatherBufferInfo: Received unknown dataspace from gralloc
07-28 21:18:19.128  1369  1422 I SurfaceFlinger: id=29576 Removed Transition Root: ActivityRecord{a4d36e4 u0 com.fceumm.wrapper/.SplashActivity t2684}#29576 (194)
07-28 21:18:19.128  1525  7704 V WindowManager: Relayout hash=b5bd250, pid=3284, syncId=-1: mAttrs={(0,0)(fillxfill) sim={adjust=nothing forwardNavigation} layoutInDisplayCutoutMode=always ty=BASE_APPLICATION fmt=TRANSPARENT wanim=0x1030301
07-28 21:18:19.128  1525  7704 V WindowManager:   fl=81910100
07-28 21:18:19.128  1525  7704 V WindowManager:   pfl=10008840
07-28 21:18:19.128  1525  7704 V WindowManager:   bhv=2
07-28 21:18:19.128  1525  7704 V WindowManager:   fitSides=0
07-28 21:18:19.128  1525  7704 V WindowManager:   frameRateBoostOnTouch=true
07-28 21:18:19.128  1525  7704 V WindowManager:   dvrrWindowFrameRateHint=true screenDimDuration=200000 naviIconColor=0}
07-28 21:18:19.129  2762  3389 I VRI[wrapper]@f6941bc: mWNT: t=0xb400007483f8fed0 mBlastBufferQueue=0xb400007343f018b0 fn= 2 HdrRenderState mRenderHdrSdrRatio=1.0 caller= android.view.SyncRtSurfaceTransactionApplier.applyTransaction:96 android.view.SyncRtSurfaceTransactionApplier.lambda$scheduleApply$0:69 android.view.SyncRtSurfaceTransactionApplier.$r8$lambda$afI4fXg3U3-nBZQEDQMiNy-B06s:0 
07-28 21:18:19.129  2762  3389 I VRI[wrapper]@f6941bc: mWNT: t=0xb400007483f8f450 mBlastBufferQueue=0xb400007343f018b0 fn= 2 HdrRenderState mRenderHdrSdrRatio=1.0 caller= android.view.SyncRtSurfaceTransactionApplier.applyTransaction:96 android.view.SyncRtSurfaceTransactionApplier.lambda$scheduleApply$0:69 android.view.SyncRtSurfaceTransactionApplier.$r8$lambda$afI4fXg3U3-nBZQEDQMiNy-B06s:0 
07-28 21:18:19.130  3284  3284 I VRI[LauncherActivity]@3f57eb9: Relayout returned: old=(0,0,1080,2340) new=(0,0,1080,2340) relayoutAsync=false req=(1080,2340)8 dur=12 res=0x2 s={false 0x0} ch=true seqId=0
07-28 21:18:19.130  3284  3284 I SearchHoneyPot: onViewCreated: onStop
07-28 21:18:19.130  1525  1627 I SurfaceControl: apply, lowDebugName=CreateStartingRevealAnim, caller=android.view.SurfaceControl$Transaction.apply:3122 android.view.SurfaceControl$Transaction.apply:3078 com.android.server.wm.WindowAnimator.animate:380 com.android.server.wm.WindowAnimator$$ExternalSyntheticLambda1.doFrame:14 android.view.Choreographer$CallbackRecord.run:1749 android.view.Choreographer$CallbackRecord.run:1760 
07-28 21:18:19.130  3284  3284 I HoneySpace.ContentsAnimator: end call
07-28 21:18:19.130  3284  5553 I HoneySpace.HoneyAppWidgetHost: stopListening, host: @d5252b7
07-28 21:18:19.130  3284  3284 I VRI[LauncherActivity]@3f57eb9: stopped(true) old = false
07-28 21:18:19.130  1525  7704 I AppWidgetServiceImpl: stopListening callbacks : null
07-28 21:18:19.131  1525  3852 D FreecessController: BG freezed, skip OLAF unfreeze for (com.google.android.gm, 10264)
07-28 21:18:19.131  3284  3284 I HoneySpace.Launcher: !@Boot_EBS_D: Launcher.onStop()
07-28 21:18:19.131  3284  5442 I HoneySpace.Memory-Monitor: scheduleTrim
07-28 21:18:19.131  3284  3284 I HoneySpace.OneUiSpace: onSaveInstanceState honeyScreen=s3.Z@1cb2a24
07-28 21:18:19.132  1525  2465 D InputMethodManagerService: setWindowStateInner, windowToken=android.os.BinderProxy@f1a8775, state=ImeTargetWindowState{ imeToken null imeFocusChanged true hasEditorFocused false requestedImeVisible false imeDisplayId 0 softInputModeState STATE_UNSPECIFIED|ADJUST_PAN|IS_FORWARD_NAVIGATION isStartInputByGainFocus true}
07-28 21:18:19.132  1525  2465 V InputMethodManagerService: Unspecified window will hide input
07-28 21:18:19.132  1525  2465 I ImeTracker: com.fceumm.wrapper:6fc314a5: onRequestHide at ORIGIN_SERVER reason HIDE_UNSPECIFIED_WINDOW fromUser false
07-28 21:18:19.132  1525  2465 V InputMethodManagerService: applyImeVisibility state=6
07-28 21:18:19.132  1525  2465 D InputMethodManagerService: setWindowStateInner, windowToken=android.os.BinderProxy@f1a8775, state=ImeTargetWindowState{ imeToken android.os.Binder@d389e3f imeFocusChanged true hasEditorFocused false requestedImeVisible false imeDisplayId 0 softInputModeState STATE_UNSPECIFIED|ADJUST_PAN|IS_FORWARD_NAVIGATION isStartInputByGainFocus true}
07-28 21:18:19.133  1525  2465 I ImeTracker: com.fceumm.wrapper:6fc314a5: onCancelled at PHASE_SERVER_SHOULD_HIDE
07-28 21:18:19.133  1525  2465 V InputMethodManagerService: hideCurrentInputLocked : canceled, shouldHideSoftInput=false, mInputShown=false, mImeWindowVis=0
07-28 21:18:19.133  1525  2465 D InputMethodManagerService: DESKTOP MODE! : 2
07-28 21:18:19.133  1525  2465 D InputMethodManagerService: NOT IN KNOX DESKTOP MODE!
07-28 21:18:19.133  1525  2465 V InputMethodManagerService: semComputeImeDisplayIdForTarget: displayId=0
07-28 21:18:19.134  1525  2465 V InputMethodManagerService: Creating new session for client ClientState{50cc30c mUid=10260 mPid=8530 mSelfReportedDisplayId=0}
07-28 21:18:19.134  1525  2465 D InputTransport: Input channel constructed: 'ClientS', fd=1193
07-28 21:18:19.134  1525  2465 D InputTransport: Input channel constructed: 'ClientS', fd=1195
07-28 21:18:19.136  1369  1369 I SurfaceFlinger: destroyed Transition Root: ActivityRecord{a4d36e4 u0 com.fceumm.wrapper/.SplashActivity t2684}#29576
07-28 21:18:19.136  1369  3421 I SurfaceFlinger: id=29574 Removed d82cc19 ActivityRecordInputSink com.fceumm.wrapper/.MainActivity#29574 (194)
07-28 21:18:19.136  1369  1369 I SurfaceFlinger: [LayerHierarchy{RequestedLayerState{d0f830a com.fceumm.wrapper/com.fceumm.wrapper.SplashActivity#29578 parentId=29582} 1 children}] reparent to LayerHierarchy{RequestedLayerState{Surface(name=d0f830a com.fceumm.wrapper/com.fceumm.wrapper.SplashActivity)/@0x7d54d47 - animation-leash of starting_reveal#29582 parentId=29575} 1 children}
07-28 21:18:19.136  1369  1369 W Layer   : gatherBufferInfo: Received unknown dataspace from gralloc
07-28 21:18:19.136  1369  1369 W Layer   : gatherBufferInfo: Received unknown dataspace from gralloc
07-28 21:18:19.136  1369  1369 I Layer   : id=29576 Destroyed Transition Root: ActivityRecord{a4d36e4 u0 com.fceumm.wrapper/.SplashActivity t2684}#29576
07-28 21:18:19.137  1525  1626 D SGM:FgCheckThread: getForegroundApp(), foregroundPkgName=com.fceumm.wrapper
07-28 21:18:19.137  2762  3390 I VRI[wrapper]@f6941bc: mWNT: t=0xb400007483e98150 mBlastBufferQueue=0xb400007343f018b0 fn= 3 HdrRenderState mRenderHdrSdrRatio=1.0 caller= android.view.SyncRtSurfaceTransactionApplier.applyTransaction:96 android.view.SyncRtSurfaceTransactionApplier.lambda$scheduleApply$0:69 android.view.SyncRtSurfaceTransactionApplier.$r8$lambda$afI4fXg3U3-nBZQEDQMiNy-B06s:0 
07-28 21:18:19.137  1525  7704 I ActivityManager: Changes in 99189 5 to 17, 56 to 0
07-28 21:18:19.137  1525  7704 I ActivityManager: Changes in 10287 5 to 8, 56 to 0
07-28 21:18:19.138  1525  2465 D InputTransport: Input channel destroyed: 'ClientS', fd=1195
07-28 21:18:19.138 20209 24903 D InputTransport: Input channel constructed: 'ClientS', fd=178
07-28 21:18:19.139 30781 30781 I bnhk    : onStop
07-28 21:18:19.139  1525  1626 D SGM:FgCheckThread: pkgName: com.fceumm.wrapper is in foreground
07-28 21:18:19.140  1525  5395 E WindowManager: win=Window{24fe429 u0 (1-1)-Window{483b2e4 alpha=1.0 fl=}} destroySurfaces: appStopped=true cleanupOnResume=false win.mWindowRemovalAllowed=false win.mRemoveOnExit=false win.mViewVisibility=8 caller=com.android.server.wm.ActivityRecord.destroySurfaces:25 com.android.server.wm.ActivityRecord.activityStopped:204 com.android.server.wm.ActivityClientController.activityStopped:95 android.app.IActivityClientController$Stub.onTransact:722 com.android.server.wm.ActivityClientController.onTransact:1 android.os.Binder.execTransactInternal:1541 android.os.Binder.execTransact:1480 
07-28 21:18:19.140  1525  5395 I WindowManager: Destroying surface Surface(name=(1-1)-Window{483b2e4 alpha=1.0 fl=}$_30781)/@0x124e455 called by com.android.server.wm.WindowStateAnimator.destroySurface:11 com.android.server.wm.WindowStateAnimator.destroySurfaceLocked:54 com.android.server.wm.WindowState.destroySurfaceUnchecked:5 com.android.server.wm.WindowState.destroySurface:126 com.android.server.wm.ActivityRecord.destroySurfaces:25 com.android.server.wm.ActivityRecord.activityStopped:204 com.android.server.wm.ActivityClientController.activityStopped:95 android.app.IActivityClientController$Stub.onTransact:722 
07-28 21:18:19.140  1525  5395 E WindowManager: win=Window{b5bd250 u0 com.sec.android.app.launcher/com.sec.android.app.launcher.activities.LauncherActivity} destroySurfaces: appStopped=true cleanupOnResume=false win.mWindowRemovalAllowed=false win.mRemoveOnExit=false win.mViewVisibility=8 caller=com.android.server.wm.ActivityRecord.destroySurfaces:25 com.android.server.wm.ActivityRecord.activityStopped:204 com.android.server.wm.ActivityClientController.activityStopped:95 android.app.IActivityClientController$Stub.onTransact:722 com.android.server.wm.ActivityClientController.onTransact:1 android.os.Binder.execTransactInternal:1541 android.os.Binder.execTransact:1480 
07-28 21:18:19.140  1525  5395 I WindowManager: Destroying surface Surface(name=com.sec.android.app.launcher/com.sec.android.app.launcher.activities.LauncherActivity$_3284)/@0x9054e6a called by com.android.server.wm.WindowStateAnimator.destroySurface:11 com.android.server.wm.WindowStateAnimator.destroySurfaceLocked:54 com.android.server.wm.WindowState.destroySurfaceUnchecked:5 com.android.server.wm.WindowState.destroySurface:126 com.android.server.wm.ActivityRecord.destroySurfaces:25 com.android.server.wm.ActivityRecord.activityStopped:204 com.android.server.wm.ActivityClientController.activityStopped:95 android.app.IActivityClientController$Stub.onTransact:722 
07-28 21:18:19.141  1525  3852 D FreecessController: com.google.android.youtube(state: Frozen -> Initial, Reason: uidIdle)
07-28 21:18:19.141  1525  1624 D PkgPredictorService-SecIpmManagerServiceImpl: bg information pid:3284 uid:10139 pkgName:com.sec.android.app.launcher
07-28 21:18:19.144  1525  3852 D FreecessController: com.google.android.apps.photos(state: Frozen -> Initial, Reason: uidIdle)
07-28 21:18:19.144  1525  5395 D InputMethodManagerService: isImeSwitcherDisabledPackage : false
07-28 21:18:19.144  1525  5395 D InputMethodManagerService: shouldShowImeSwitcherLocked : checking vis : 3
07-28 21:18:19.144  1525  5395 D InputMethodManagerService: checkDisplayOfStartInputAndUpdateKeyboard: displayId=0, mFocusedDisplayId=0
07-28 21:18:19.144  1525  5395 D InputTransport: Input channel constructed: 'ClientS', fd=1195
07-28 21:18:19.144  1369  1369 I SurfaceFlinger: [LayerHierarchy{RequestedLayerState{com.sec.android.app.launcher/com.sec.android.app.launcher.activities.LauncherActivity$_3284#29557} no children}] reparent to OffscreenRoot
07-28 21:18:19.144  1369  1369 I SurfaceFlinger: [LayerHierarchy{RequestedLayerState{com.sec.android.app.launcher/com.sec.android.app.launcher.activities.LauncherActivity$_3284#29557} no children}] RelativeParent to null
07-28 21:18:19.144  1369  1369 I SurfaceFlinger: [LayerHierarchy{RequestedLayerState{(1-1)-Window{483b2e4 alpha=1.0 fl=}$_30781#29560} no children}] reparent to OffscreenRoot
07-28 21:18:19.144  1369  1369 I SurfaceFlinger: [LayerHierarchy{RequestedLayerState{(1-1)-Window{483b2e4 alpha=1.0 fl=}$_30781#29560} no children}] RelativeParent to null
07-28 21:18:19.144  1369  1369 I SurfaceFlinger: [LayerHierarchy{RequestedLayerState{ActivityRecord{71ad6bf u0 com.fceumm.wrapper/.MainActivity t2684}#29568} 1 children}] reparent to OffscreenRoot
07-28 21:18:19.144  1369  1369 I SurfaceFlinger: [LayerHierarchy{RequestedLayerState{ActivityRecord{71ad6bf u0 com.fceumm.wrapper/.MainActivity t2684}#29568} 1 children}] RelativeParent to null
07-28 21:18:19.144  8530  8540 D InputTransport: Input channel constructed: 'ClientS', fd=160
07-28 21:18:19.145  1369  1369 W Layer   : gatherBufferInfo: Received unknown dataspace from gralloc
07-28 21:18:19.145  1369  1369 W Layer   : gatherBufferInfo: Received unknown dataspace from gralloc
07-28 21:18:19.145  1369  1369 W Layer   : gatherBufferInfo: Received unknown dataspace from gralloc
07-28 21:18:19.145  1369  1369 W Layer   : gatherBufferInfo: Received unknown dataspace from gralloc
07-28 21:18:19.145  1525  5395 D InputTransport: Input channel destroyed: 'ClientS', fd=1195
07-28 21:18:19.145  1369  1369 I SurfaceFlinger: id=29557 Removed com.sec.android.app.launcher/com.sec.android.app.launcher.activities.LauncherActivity$_3284#29557 (193)
07-28 21:18:19.145  1369  1369 I SurfaceFlinger: id=29560 Removed (1-1)-Window{483b2e4 alpha=1.0 fl=}$_30781#29560 (193)
07-28 21:18:19.145  1525  1626 D SGM:FgCheckThread: getForegroundApp(), foregroundPkgName=com.fceumm.wrapper
07-28 21:18:19.145  1525  1626 D SGM:FgCheckThread: pkgName: com.sec.android.app.launcher is not in foreground
07-28 21:18:19.145  1525  1626 D SGM:FgCheckThread: noteStopComponent(), received pkgName: com.sec.android.app.launcher, focusedPkgName: com.fceumm.wrapper, userId: 0
07-28 21:18:19.145  2762  3389 I VRI[wrapper]@f6941bc: mWNT: t=0xb400007483f864d0 mBlastBufferQueue=0xb400007343f018b0 fn= 4 HdrRenderState mRenderHdrSdrRatio=1.0 caller= android.view.SyncRtSurfaceTransactionApplier.applyTransaction:96 android.view.SyncRtSurfaceTransactionApplier.lambda$scheduleApply$0:69 android.view.SyncRtSurfaceTransactionApplier.$r8$lambda$afI4fXg3U3-nBZQEDQMiNy-B06s:0 
07-28 21:18:19.146  1525  3852 D FreecessController: restrictJobsByOlaf: restrict=false, uid=-1
07-28 21:18:19.147  1525  1525 I WALLPAPER_SVC:SemWallpaperManagerService: isHomeActivityVisible : false 
07-28 21:18:19.147  1525  1525 D WALLPAPER_SVC:WallpaperData: getWallpaperFile: file = /data/system/users/0/wallpaper_orig 
07-28 21:18:19.147  1525  1525 D WALLPAPER_SVC:WallpaperData: getWallpaperFile: file = /data/system/users/0/wallpaper_orig 
07-28 21:18:19.147  1525  1525 D WALLPAPER_SVC:WallpaperManagerService: dispatchHomeVisibilityChanged: visible = false, connection = com.android.server.wallpaper.WallpaperManagerService$WallpaperConnection@2dea007, systemWallpaper = WallpaperData@ea50ff1, id: 5, which: 5, file mod: 1749162819685, info: null, engine(s): Proxy@7eaea4d, type = 0, userId = 0, uri= null, allowBackup= true, wallpaperComponent = ComponentInfo{com.android.systemui/com.android.systemui.wallpapers.ImageWallpaper}, nextWallpaperComponent = ComponentInfo{com.android.systemui/com.android.systemui.wallpapers.ImageWallpaper} 
07-28 21:18:19.147  1525  5856 W UserManagerService: Requested status bar icon for non-badged user 0
07-28 21:18:19.148  1525  1525 D OlafRestriction:  olaf state update: state=false
07-28 21:18:19.148  1525  1525 D OlafRestriction:  trigger onRestrictionStateChanged.
07-28 21:18:19.148 20209 20209 I GoogleInputMethodService: GoogleInputMethodService.onFinishInput():2051 
07-28 21:18:19.148  1525  5395 D RestrictionPolicy: isScreenCaptureEnabled : ret=true userId=0
07-28 21:18:19.149  1525  5395 I WindowManager: Cancelling animation restarting=true, leash=Surface(name=Surface(name=8469c25 InputMethod)/@0xc2a63ab - animation-leash of insets_animation)/@0x27e546c
07-28 21:18:19.149  1525  5395 I WindowManager: Reparenting to original parent: Surface(name=WindowToken{c4acf1b type=2011 android.os.Binder@69c252a})/@0x9acba08, destroy=false, syncState=0, syncCommitDepth=0, surface=Surface(name=8469c25 InputMethod)/@0xc2a63ab
07-28 21:18:19.149  1525  5395 I WindowManager: Reparenting to leash, surface=Surface(name=8469c25 InputMethod)/@0xc2a63ab, syncState=0, syncCommitDepth=0, leashParent=Surface(name=WindowToken{c4acf1b type=2011 android.os.Binder@69c252a})/@0x9acba08
07-28 21:18:19.149  1369  3421 I SurfaceFlinger: id=29583 createSurf, flag=24004, Surface(name=8469c25 InputMethod)/@0xc2a63ab - animation-leash of insets_animation#29583
07-28 21:18:19.150  1525  5395 D WindowManager: makeSurface duration=1 leash=Surface(name=Surface(name=8469c25 InputMethod)/@0xc2a63ab - animation-leash of insets_animation)/@0x421e736
07-28 21:18:19.150  1525  5395 D InsetsSourceProvider: updateControlForTarget: control=InsetsSourceControl: {3 mType=ime mSurfacePosition=Point(0, 99) mInsetsHint=Insets{left=0, top=0, right=0, bottom=1075}}, target=Window{d0f830a u0 com.fceumm.wrapper/com.fceumm.wrapper.SplashActivity}, from=com.android.server.wm.ImeInsetsSourceProvider.updateControlForTarget:17 com.android.server.wm.InsetsStateController.onControlTargetChanged:81 com.android.server.wm.DisplayContent.updateImeControlTarget:21 com.android.server.wm.DisplayContent.updateImeInputAndControlTarget:81 com.android.server.wm.WindowManagerService$LocalService.updateInputMethodTargetWindow:21 
07-28 21:18:19.150 20209 20209 I Module  : DeviceLockedStatusModuleProvider$Module.updateDeviceLockedStatus():100 repeatCheckTimes = 0, locked = false
07-28 21:18:19.150 20209 20209 D InputMethodService: unregisterCompatOnBackInvokedCallback return because registered : false
07-28 21:18:19.150 20209 20209 D InputMethodService: updateClientDisplayId: displayId=0, mClientDisplayId=0
07-28 21:18:19.151 20209 20209 I GoogleInputMethodService: GoogleInputMethodService.onStartInput():1311 onStartInput(EditorInfo{EditorInfo{packageName=com.fceumm.wrapper, inputType=0, inputTypeString=NULL, enableLearning=false, autoCorrection=false, autoComplete=false, imeOptions=0, privateImeOptions=null, actionName=UNSPECIFIED, actionLabel=null, initialSelStart=-1, initialSelEnd=-1, initialCapsMode=0, label=null, fieldId=0, fieldName=null, extras=Bundle[{isTextEditor=false, displayId=0}], hintText=null, hintLocales=[]}}, false)
07-28 21:18:19.151 20209 20209 I Module  : DeviceLockedStatusModuleProvider$Module.updateDeviceLockedStatus():100 repeatCheckTimes = 1, locked = false
07-28 21:18:19.152  1525  7704 W PackageConfigPersister: App-specific configuration not found for packageName: com.fceumm.wrapper and userId: 0
07-28 21:18:19.153  2762  3390 I VRI[wrapper]@f6941bc: mWNT: t=0xb400007483f99e10 mBlastBufferQueue=0xb400007343f018b0 fn= 5 HdrRenderState mRenderHdrSdrRatio=1.0 caller= android.view.SyncRtSurfaceTransactionApplier.applyTransaction:96 android.view.SyncRtSurfaceTransactionApplier.lambda$scheduleApply$0:69 android.view.SyncRtSurfaceTransactionApplier.$r8$lambda$afI4fXg3U3-nBZQEDQMiNy-B06s:0 
07-28 21:18:19.154  1369  1369 I SurfaceFlinger: destroyed com.sec.android.app.launcher/com.sec.android.app.launcher.activities.LauncherActivity$_3284#29557
07-28 21:18:19.154  1369  1369 I SurfaceFlinger: destroyed (1-1)-Window{483b2e4 alpha=1.0 fl=}$_30781#29560
07-28 21:18:19.154  1369  1369 I SurfaceFlinger: [LayerHierarchy{RequestedLayerState{ImeContainer#16 parentId=29575 relativeParentId=29575 z=3} 1 children}] reparent to LayerHierarchy{RequestedLayerState{ActivityRecord{a4d36e4 u0 com.fceumm.wrapper/.SplashActivity t2684}#29575 parentId=29567} 4 children}
07-28 21:18:19.154  1369  1369 I SurfaceFlinger: [LayerHierarchy{RequestedLayerState{ImeContainer#16 parentId=29575 relativeParentId=29575 z=3} 1 children}] RelativeParent to null
07-28 21:18:19.154  1369  1369 I SurfaceFlinger: [LayerHierarchy{RequestedLayerState{8469c25 InputMethod#17037 parentId=29583} no children}] reparent to LayerHierarchy{RequestedLayerState{Surface(name=8469c25 InputMethod)/@0xc2a63ab - animation-leash of insets_animation#29583 parentId=17036} 1 children}
07-28 21:18:19.154  1369  1369 I SurfaceFlinger: [LayerHierarchy{RequestedLayerState{Surface(name=8469c25 InputMethod)/@0xc2a63ab - animation-leash of insets_animation#29564} no children}] reparent to OffscreenRoot
07-28 21:18:19.154  1369  1369 I SurfaceFlinger: [LayerHierarchy{RequestedLayerState{Surface(name=8469c25 InputMethod)/@0xc2a63ab - animation-leash of insets_animation#29564} no children}] RelativeParent to null
07-28 21:18:19.154  1369  1369 I SurfaceFlinger: [Surface(name=8469c25 InputMethod)/@0xc2a63ab - animation-leash of insets_animation#29583] attach to parent LayerHierarchy{RequestedLayerState{WindowToken{c4acf1b type=2011 android.os.Binder@69c252a}#17036 parentId=16} 1 children}
07-28 21:18:19.155  8530  8530 I InsetsSourceConsumer: applyRequestedVisibilityToControl: visible=false, type=ime, host=com.fceumm.wrapper/com.fceumm.wrapper.SplashActivity
07-28 21:18:19.155  1525  7704 D InputMethodManagerService: isImeSwitcherDisabledPackage : false
07-28 21:18:19.156  2762  2762 D NavigationBar: setImeWindowStatus displayId=0 vis=0 backDisposition=0 showImeSwitcher=false imeShown=false
07-28 21:18:19.156 20209 20209 I InputMethodService: scheduleImeSurfaceRemoval: removeImeSurface is posted.
07-28 21:18:19.156  1369  1369 W Layer   : gatherBufferInfo: Received unknown dataspace from gralloc
07-28 21:18:19.156  1369  1369 W Layer   : gatherBufferInfo: Received unknown dataspace from gralloc
07-28 21:18:19.157  1369  1369 I Layer   : id=29557 Destroyed com.sec.android.app.launcher/com.sec.android.app.launcher.activities.LauncherActivity$_3284#29557
07-28 21:18:19.158  1369  1369 I Layer   : id=29560 Destroyed (1-1)-Window{483b2e4 alpha=1.0 fl=}$_30781#29560
07-28 21:18:19.158  1369  1369 I SurfaceFlinger: id=29564 Removed Surface(name=8469c25 InputMethod)/@0xc2a63ab - animation-leash of insets_animation#29564 (192)
07-28 21:18:19.161  2762  3389 I VRI[wrapper]@f6941bc: mWNT: t=0xb400007483fab0d0 mBlastBufferQueue=0xb400007343f018b0 fn= 6 HdrRenderState mRenderHdrSdrRatio=1.0 caller= android.view.SyncRtSurfaceTransactionApplier.applyTransaction:96 android.view.SyncRtSurfaceTransactionApplier.lambda$scheduleApply$0:69 android.view.SyncRtSurfaceTransactionApplier.$r8$lambda$afI4fXg3U3-nBZQEDQMiNy-B06s:0 
07-28 21:18:19.164  1369  1369 E SurfaceFlinger: alpha changed 1.000 -> 0.000 - Surface(name=8469c25 InputMethod)/@0xc2a63ab - animation-leash of insets_animation#29583
07-28 21:18:19.164  1369  1369 I SurfaceFlinger: destroyed Surface(name=8469c25 InputMethod)/@0xc2a63ab - animation-leash of insets_animation#29564
07-28 21:18:19.166  1369  1369 W Layer   : gatherBufferInfo: Received unknown dataspace from gralloc
07-28 21:18:19.166  1369  1369 W Layer   : gatherBufferInfo: Received unknown dataspace from gralloc
07-28 21:18:19.166  1369  1369 I Layer   : id=29564 Destroyed Surface(name=8469c25 InputMethod)/@0xc2a63ab - animation-leash of insets_animation#29564
07-28 21:18:19.170  2762  3390 I VRI[wrapper]@f6941bc: mWNT: t=0xb400007483eb3c10 mBlastBufferQueue=0xb400007343f018b0 fn= 7 HdrRenderState mRenderHdrSdrRatio=1.0 caller= android.view.SyncRtSurfaceTransactionApplier.applyTransaction:96 android.view.SyncRtSurfaceTransactionApplier.lambda$scheduleApply$0:69 android.view.SyncRtSurfaceTransactionApplier.$r8$lambda$afI4fXg3U3-nBZQEDQMiNy-B06s:0 
07-28 21:18:19.172  1369  1369 W Layer   : gatherBufferInfo: Received unknown dataspace from gralloc
07-28 21:18:19.172  1369  1369 W Layer   : gatherBufferInfo: Received unknown dataspace from gralloc
07-28 21:18:19.179  1369  1369 W Layer   : gatherBufferInfo: Received unknown dataspace from gralloc
07-28 21:18:19.179  1369  1369 W Layer   : gatherBufferInfo: Received unknown dataspace from gralloc
07-28 21:18:19.180  1369  1369 W Layer   : gatherBufferInfo: Received unknown dataspace from gralloc
07-28 21:18:19.180  1369  1369 W ComposerExtn: DisplayExtnImpl::SetActiveConfig: HWC Display 0 is not registered!
07-28 21:18:19.180  1525  7704 V WindowManager: Relayout Window{5d2c624 u0 Splash Screen com.fceumm.wrapper}: viewVisibility=8 req=1080x2340 ty=3 d0
07-28 21:18:19.181  1703 19031 I CameraService: onUidStateChanged: uid=10046, procState is changed. (1 -> 0)
07-28 21:18:19.181  1525  7704 V WindowManager: Relayout hash=5d2c624, pid=2762, syncId=-1: mAttrs={(0,0)(fillxfill) sim={adjust=pan} layoutInDisplayCutoutMode=always ty=APPLICATION_STARTING fmt=TRANSLUCENT wanim=0x1030312
07-28 21:18:19.181  1525  7704 V WindowManager:   fl=81030118
07-28 21:18:19.181  1525  7704 V WindowManager:   pfl=10000810
07-28 21:18:19.181  1525  7704 V WindowManager:   apr=18
07-28 21:18:19.181  1525  7704 V WindowManager:   bhv=1
07-28 21:18:19.181  1525  7704 V WindowManager:   fitSides=0
07-28 21:18:19.181  1525  7704 V WindowManager:   frameRateBoostOnTouch=true
07-28 21:18:19.181  1525  7704 V WindowManager:   dvrrWindowFrameRateHint=true naviIconColor=0}
07-28 21:18:19.182  2762  2878 I InsetsController: onStateChanged: host=Splash Screen com.fceumm.wrapper, from=android.view.ViewRootImpl.relayoutWindow:11304, state=InsetsState: {mDisplayFrame=Rect(0, 0 - 1080, 2340), mDisplayCutout=DisplayCutout{insets=Rect(0, 99 - 0, 0) waterfall=Insets{left=0, top=0, right=0, bottom=0} boundingRect={Bounds=[Rect(0, 0 - 0, 0), Rect(505, 0 - 575, 99), Rect(0, 0 - 0, 0), Rect(0, 0 - 0, 0)]} cutoutPathParserInfo={CutoutPathParserInfo{displayWidth=1080 displayHeight=2340 physicalDisplayWidth=1080 physicalDisplayHeight=2340 density={3.0} cutoutSpec={M 0,0 M 0,29 a 35,35 0 1,0 0,70 a 35,35 0 1,0 0,-70 Z} rotation={0} scale={1.0} physicalPixelDisplaySizeRatio={1.0}}} sideOverrides={}}, mRoundedCorners=RoundedCorners{[RoundedCorner{position=TopLeft, radius=108, center=Point(108, 108)}, RoundedCorner{position=TopRight, radius=108, center=Point(972, 108)}, RoundedCorner{position=BottomRight, radius=108, center=Point(972, 2232)}, RoundedCorner{position=BottomLeft, radius=108, center=Point(108, 2232)}]}  mRoundedCornerFrame=Rect(0, 0 - 1080, 2340), mPrivacyIndicatorBounds=PrivacyIndicatorBounds {static bounds=Rect(948, 0 - 1080, 99) rotation=0}, mDisplayShape=DisplayShape{ spec=-311912193 displayWidth=1080 displayHeight=2340 physicalPixelDisplaySizeRatio=1.0 rotation=0 offsetX=0 offsetY=0 scale=1.0}, mSources= { InsetsSource: {b2f90001 mType=navigationBars mFrame=[0,2295][1080,2340] mVisible=true mFlags=SUPPRESS_SCRIM mSideHint=BOTTOM mBoundingRects=null}, InsetsSource: {b2f90004 mType=systemGestures mFrame=[0,0][90,2340] mVisible=true mFlags= mSideHint=LEFT mBoundingRects=null}, InsetsSource: {b2f90005 mType=mandatorySystemGestures mFrame=[0,2244][1080,2340] mVisible=true mFlags= mSideHint=BOTTOM mBoundingRects=null}, InsetsSource: {b2f90006 mType=tappableElement mFrame=[0,0][0,0] mVisible=true mFlags= mSideHint=NONE mBoundingRects=null}, InsetsSource: {b2f90024 mType=systemGestures mFrame=[990,0][1080,2340] mVisible=true mFlags= mSideHint=RIGHT mBoundingRects=null}, InsetsSource: {cf990000 mType=statusBars mFrame=[0,0][1080,99] mVisible=false mFlags= mSideHint=TOP mBoundingRects=null}, InsetsSource: {cf990005 mType=mandatorySystemGestures mFrame=[0,0][1080,135] mVisible=true mFlags= mSideHint=TOP mBoundingRects=null}, InsetsSource: {cf990006 mType=tappableElement mFrame=[0,0][1080,99] mVisible=true mFlags= mSideHint=TOP mBoundingRects=null}, InsetsSource: {3 mType=ime mFrame=[0,0][0,0] mVisible=false mFlags= mSideHint=NONE mBoundingRects=null}, InsetsSource: {27 mType=displayCutout mFrame=[0,0][1080,99] mVisible=true mFlags= mSideHint=TOP mBoundingRects=null} }
07-28 21:18:19.182  2762  2878 I VRI[wrapper]@f6941bc: Relayout returned: old=(0,0,1080,2340) new=(0,0,1080,2340) relayoutAsync=false req=(1080,2340)8 dur=2 res=0x2 s={false 0x0} ch=true seqId=0
07-28 21:18:19.182  2762  2878 D VRI[wrapper]@f6941bc: Not drawing due to not visible. Reason=View.GONE
07-28 21:18:19.182  2762  2878 W WindowOnBackDispatcher: sendCancelIfRunning: isInProgress=false callback=android.view.ViewRootImpl$$ExternalSyntheticLambda15@ae1acf2
07-28 21:18:19.182  2762  2878 I VRI[wrapper]@f6941bc: dispatchDetachedFromWindow
07-28 21:18:19.182  1525  7704 D CoreBackPreview: Window{5d2c624 u0 Splash Screen com.fceumm.wrapper}: Setting back callback null
07-28 21:18:19.183  1525  5395 D WindowManager: Starting window removed Window{5d2c624 u0 Splash Screen com.fceumm.wrapper}
07-28 21:18:19.183  1525  5395 I WindowManager: Cancelling animation restarting=false, leash=Surface(name=Surface(name=d0f830a com.fceumm.wrapper/com.fceumm.wrapper.SplashActivity)/@0x7d54d47 - animation-leash of starting_reveal)/@0xf47b974
07-28 21:18:19.183  1525  5395 I WindowManager: Reparenting to original parent: Surface(name=ActivityRecord{a4d36e4 u0 com.fceumm.wrapper/.SplashActivity t2684})/@0x42f616f, destroy=false, syncState=0, syncCommitDepth=0, surface=Surface(name=d0f830a com.fceumm.wrapper/com.fceumm.wrapper.SplashActivity)/@0x7d54d47
07-28 21:18:19.183  1525  5395 D InputTransport: Input channel destroyed: '5d2c624', fd=1092
07-28 21:18:19.183  1525  5395 W InputManager-JNI: Input channel object '5d2c624 Splash Screen com.fceumm.wrapper (client)' was disposed without first being removed with the input manager!
07-28 21:18:19.183  1525  5395 D InputTransport: Input channel destroyed: '5d2c624', fd=1093
07-28 21:18:19.183  1525  5395 V WindowManager: Remove Window{5d2c624 u0 Splash Screen com.fceumm.wrapper}: mSurfaceController=Surface(name=Splash Screen com.fceumm.wrapper$_2762)/@0x70667a4 mAnimatingExit=false mRemoveOnExit=false mHasSurface=true surfaceShowing=true animating=false app-animation=false mDisplayFrozen=false callers=com.android.server.wm.Session.remove:16 android.view.IWindowSession$Stub.onTransact:794 com.android.server.wm.Session.onTransact:1 android.os.Binder.execTransactInternal:1541 android.os.Binder.execTransact:1480 <bottom of call stack> 
07-28 21:18:19.183  1525  5395 I WindowManager: Destroying surface Surface(name=Splash Screen com.fceumm.wrapper$_2762)/@0x70667a4 called by com.android.server.wm.WindowStateAnimator.destroySurface:11 com.android.server.wm.WindowStateAnimator.destroySurfaceLocked:54 com.android.server.wm.WindowState.removeImmediately:43 com.android.server.wm.WindowState.removeIfPossible:638 com.android.server.wm.Session.remove:16 android.view.IWindowSession$Stub.onTransact:794 com.android.server.wm.Session.onTransact:1 android.os.Binder.execTransactInternal:1541 
07-28 21:18:19.184  1525  5395 D WindowManager: updateSystemBarAttributes: displayId=0, focusedCanBeNavColorWin=false, win=Window{d0f830a u0 com.fceumm.wrapper/com.fceumm.wrapper.SplashActivity}, navColorWin=Window{d0f830a u0 com.fceumm.wrapper/com.fceumm.wrapper.SplashActivity}, caller=com.android.server.wm.DisplayPolicy.finishPostLayoutPolicyLw:17 com.android.server.wm.RootWindowContainer.applySurfaceChangesTransaction$1:194 com.android.server.wm.RootWindowContainer.performSurfacePlacementNoTrace:61 
07-28 21:18:19.184  1525  5395 D WindowManager: updateSystemBarAttributes, bhv=2, apr=528, statusBarAprRegions=[AppearanceRegion{ bounds=[0,0][1080,2340]}], requestedVisibilities=-14
07-28 21:18:19.184  2762  2878 D InputTransport: Input channel destroyed: '5d2c624', fd=457
07-28 21:18:19.185  2762  2762 D SamsungLightBarControlHelper: updateStatusBar (WHITE icon) numStacks:1, StatusBarMode:MODE_TRANSPARENT, lightBarBounds:[], StatusBarState:SHADE, packageName:, isWhiteKeyguardStatusBar:false
07-28 21:18:19.185  2762  2762 D SamsungLightBarControlHelper: onStatusBarAppearanceChanged() -  sbModeChanged:false, statusBarMode:0, barState:MODE_TRANSPARENT, isKeyguardShowing:false, navbarColorManagedByIme:false, (AppearanceRegion{ bounds=[0,0][1080,2340]}, )
07-28 21:18:19.186  1369  1369 W Layer   : gatherBufferInfo: Received unknown dataspace from gralloc
07-28 21:18:19.186  1369  1369 W Layer   : gatherBufferInfo: Received unknown dataspace from gralloc
07-28 21:18:19.187  1525  1627 I SurfaceControl: apply, lowDebugName=RemoveStartingRevealAnim, caller=android.view.SurfaceControl$Transaction.apply:3122 android.view.SurfaceControl$Transaction.apply:3078 com.android.server.wm.WindowAnimator.animate:380 com.android.server.wm.WindowAnimator$$ExternalSyntheticLambda1.doFrame:14 android.view.Choreographer$CallbackRecord.run:1749 android.view.Choreographer$CallbackRecord.run:1760 
07-28 21:18:19.188  2762  2762 D SystemUIService: SYSUI_RAM_OPTIMIZATION onTrimMemory=20
07-28 21:18:19.188  2762  2762 D CentralSurfaces: SYSUI_RAM_OPTIMIZATION onTrimMemory=20
07-28 21:18:19.189  2762  2917 D HWUI    : CacheManager::trimMemory(20)
07-28 21:18:19.195  1369  1369 I SurfaceFlinger: [LayerHierarchy{RequestedLayerState{ImeContainer#16 parentId=29575 relativeParentId=29578 z=1} 1 children}] RelativeParent to LayerHierarchy{RequestedLayerState{d0f830a com.fceumm.wrapper/com.fceumm.wrapper.SplashActivity#29578 parentId=29575} 2 children}
07-28 21:18:19.195  1369  1369 I SurfaceFlinger: [LayerHierarchy{RequestedLayerState{d0f830a com.fceumm.wrapper/com.fceumm.wrapper.SplashActivity#29578 parentId=29575} 2 children}] reparent to LayerHierarchy{RequestedLayerState{ActivityRecord{a4d36e4 u0 com.fceumm.wrapper/.SplashActivity t2684}#29575 parentId=29567} 5 children}
07-28 21:18:19.195  1369  1369 I SurfaceFlinger: [LayerHierarchy{RequestedLayerState{5d2c624 Splash Screen com.fceumm.wrapper#29569 z=2147483647} 1 children}] reparent to OffscreenRoot
07-28 21:18:19.195  1369  1369 I SurfaceFlinger: [LayerHierarchy{RequestedLayerState{5d2c624 Splash Screen com.fceumm.wrapper#29569 z=2147483647} 1 children}] RelativeParent to null
07-28 21:18:19.195  1369  1369 I SurfaceFlinger: [LayerHierarchy{RequestedLayerState{Splash Screen com.fceumm.wrapper$_2762#29570} no children}] reparent to OffscreenRoot
07-28 21:18:19.195  1369  1369 I SurfaceFlinger: [LayerHierarchy{RequestedLayerState{Splash Screen com.fceumm.wrapper$_2762#29570} no children}] RelativeParent to null
07-28 21:18:19.195  1369  1369 I SurfaceFlinger: [LayerHierarchy{RequestedLayerState{Surface(name=d0f830a com.fceumm.wrapper/com.fceumm.wrapper.SplashActivity)/@0x7d54d47 - animation-leash of starting_reveal#29582} no children}] reparent to OffscreenRoot
07-28 21:18:19.195  1369  1369 I SurfaceFlinger: [LayerHierarchy{RequestedLayerState{Surface(name=d0f830a com.fceumm.wrapper/com.fceumm.wrapper.SplashActivity)/@0x7d54d47 - animation-leash of starting_reveal#29582} no children}] RelativeParent to null
07-28 21:18:19.197  1369  1369 W Layer   : gatherBufferInfo: Received unknown dataspace from gralloc
07-28 21:18:19.197  1369  1369 W Layer   : gatherBufferInfo: Received unknown dataspace from gralloc
07-28 21:18:19.197  1369  1369 W Layer   : gatherBufferInfo: Received unknown dataspace from gralloc
07-28 21:18:19.197  1369  1369 W Layer   : gatherBufferInfo: Received unknown dataspace from gralloc
07-28 21:18:19.198  1369  1369 I SurfaceFlinger: id=29570 Removed Splash Screen com.fceumm.wrapper$_2762#29570 (191)
07-28 21:18:19.198  1369  1369 I SurfaceFlinger: id=29569 Removed 5d2c624 Splash Screen com.fceumm.wrapper#29569 (191)
07-28 21:18:19.202  1369  1369 D SurfaceFlinger: Display 4630947232161729154 HWC layers:
07-28 21:18:19.202  1369  1369 D SurfaceFlinger:        DEVICE |   0xb40000788b1980d0 | 0001 | RGBA_8888    |    0.0    0.0 1080.0 2340.0 |    0    0 1080 2340 | com.fceumm.wrapper/com.fceumm.wrapper.SplashActivity$_8530#29579 (14)
07-28 21:18:19.202  1369  1369 D SurfaceFlinger:        DEVICE |   0xb40000788b1a7c40 | 0001 | RGBA_8888    |    0.0   18.0 1080.0   99.0 |    0    0 1080   81 | StatusBar$_2762#99 (66373)
07-28 21:18:19.202  1369  1369 D SurfaceFlinger:        DEVICE |   0xb40000788b1d39b0 | 0001 | RGBA_8888    |    0.0    0.0 1080.0  144.0 |    0 2196 1080 2340 | NavigationBar0$_2762#95 (178733)
07-28 21:18:19.202  1369  1369 D SurfaceFlinger:        DEVICE |   0xb40000788b1b73c0 | 0041 | RGBA_8888    |    0.0    0.0 1080.0  121.0 |    0    0 1080  121 | ScreenDecorOverlay$_2762#107 (3436)
07-28 21:18:19.202  1369  1369 D SurfaceFlinger:        DEVICE |   0xb40000788b194650 | 0041 | RGBA_8888    |    0.0    0.0 1080.0  121.0 |    0 2219 1080 2340 | ScreenDecorOverlayBottom$_2762#108 (1387)
07-28 21:18:19.202  1369  1369 D SurfaceFlinger: 
07-28 21:18:19.202  1369  1369 I SurfaceFlinger: destroyed 5d2c624 Splash Screen com.fceumm.wrapper#29569
07-28 21:18:19.202  1369  1369 I SurfaceFlinger: destroyed Splash Screen com.fceumm.wrapper$_2762#29570
07-28 21:18:19.203  1369  1369 W Layer   : gatherBufferInfo: Received unknown dataspace from gralloc
07-28 21:18:19.203  1369  1369 W Layer   : gatherBufferInfo: Received unknown dataspace from gralloc
07-28 21:18:19.203  1369  1369 W Layer   : gatherBufferInfo: Received unknown dataspace from gralloc
07-28 21:18:19.203  1369  1369 I Layer   : id=29570 Destroyed Splash Screen com.fceumm.wrapper$_2762#29570
07-28 21:18:19.203  1369  1369 I Layer   : id=29569 Destroyed 5d2c624 Splash Screen com.fceumm.wrapper#29569
07-28 21:18:19.213  1369  1369 W Layer   : gatherBufferInfo: Received unknown dataspace from gralloc
07-28 21:18:19.213  1369  1369 W Layer   : gatherBufferInfo: Received unknown dataspace from gralloc
07-28 21:18:19.213  1369  1369 W Layer   : gatherBufferInfo: Received unknown dataspace from gralloc
07-28 21:18:19.221  1369  1369 W Layer   : gatherBufferInfo: Received unknown dataspace from gralloc
07-28 21:18:19.221  1369  1369 W Layer   : gatherBufferInfo: Received unknown dataspace from gralloc
07-28 21:18:19.221  1369  1369 W Layer   : gatherBufferInfo: Received unknown dataspace from gralloc
07-28 21:18:19.229  1369  1369 W Layer   : gatherBufferInfo: Received unknown dataspace from gralloc
07-28 21:18:19.229  1369  1369 W Layer   : gatherBufferInfo: Received unknown dataspace from gralloc
07-28 21:18:19.229  1369  1369 W Layer   : gatherBufferInfo: Received unknown dataspace from gralloc
07-28 21:18:19.237  1369  1369 W Layer   : gatherBufferInfo: Received unknown dataspace from gralloc
07-28 21:18:19.238  1369  1369 W Layer   : gatherBufferInfo: Received unknown dataspace from gralloc
07-28 21:18:19.238  1369  1369 W Layer   : gatherBufferInfo: Received unknown dataspace from gralloc
07-28 21:18:19.246  1369  1369 W Layer   : gatherBufferInfo: Received unknown dataspace from gralloc
07-28 21:18:19.246  1369  1369 W Layer   : gatherBufferInfo: Received unknown dataspace from gralloc
07-28 21:18:19.246  1369  1369 W Layer   : gatherBufferInfo: Received unknown dataspace from gralloc
07-28 21:18:19.254  1369  1369 W Layer   : gatherBufferInfo: Received unknown dataspace from gralloc
07-28 21:18:19.254  1369  1369 W Layer   : gatherBufferInfo: Received unknown dataspace from gralloc
07-28 21:18:19.254  1369  1369 W Layer   : gatherBufferInfo: Received unknown dataspace from gralloc
07-28 21:18:19.262  1369  1369 W Layer   : gatherBufferInfo: Received unknown dataspace from gralloc
07-28 21:18:19.263  1369  1369 W Layer   : gatherBufferInfo: Received unknown dataspace from gralloc
07-28 21:18:19.263  1369  1369 W Layer   : gatherBufferInfo: Received unknown dataspace from gralloc
07-28 21:18:19.271  1369  1369 W Layer   : gatherBufferInfo: Received unknown dataspace from gralloc
07-28 21:18:19.271  1369  1369 W Layer   : gatherBufferInfo: Received unknown dataspace from gralloc
07-28 21:18:19.271  1369  1369 W Layer   : gatherBufferInfo: Received unknown dataspace from gralloc
07-28 21:18:19.274  1525  2543 D MdnieScenarioControlService:  packageName : com.fceumm.wrapper    className : com.fceumm.wrapper.SplashActivity
07-28 21:18:19.274  1525  2543 V MdnieScenarioControlService: setUIMode from UI function(3)
07-28 21:18:19.279  1369  1369 W Layer   : gatherBufferInfo: Received unknown dataspace from gralloc
07-28 21:18:19.279  1369  1369 W Layer   : gatherBufferInfo: Received unknown dataspace from gralloc
07-28 21:18:19.280  1369  1369 W Layer   : gatherBufferInfo: Received unknown dataspace from gralloc
07-28 21:18:19.288  1369  1369 W Layer   : gatherBufferInfo: Received unknown dataspace from gralloc
07-28 21:18:19.288  1369  1369 W Layer   : gatherBufferInfo: Received unknown dataspace from gralloc
07-28 21:18:19.288  1369  1369 W Layer   : gatherBufferInfo: Received unknown dataspace from gralloc
07-28 21:18:19.289  8530  8535 I .fceumm.wrapper: Compiler allocated 4287KB to compile void android.widget.TextView.<init>(android.content.Context, android.util.AttributeSet, int, int)
07-28 21:18:19.296  1369  1369 W Layer   : gatherBufferInfo: Received unknown dataspace from gralloc
07-28 21:18:19.296  1369  1369 W Layer   : gatherBufferInfo: Received unknown dataspace from gralloc
07-28 21:18:19.296  1369  1369 W Layer   : gatherBufferInfo: Received unknown dataspace from gralloc
07-28 21:18:19.304  1369  1369 W Layer   : gatherBufferInfo: Received unknown dataspace from gralloc
07-28 21:18:19.304  1369  1369 W Layer   : gatherBufferInfo: Received unknown dataspace from gralloc
07-28 21:18:19.305  1369  1369 W Layer   : gatherBufferInfo: Received unknown dataspace from gralloc
07-28 21:18:19.312  1369  1369 W Layer   : gatherBufferInfo: Received unknown dataspace from gralloc
07-28 21:18:19.313  1369  1369 W Layer   : gatherBufferInfo: Received unknown dataspace from gralloc
07-28 21:18:19.313  1369  1369 W Layer   : gatherBufferInfo: Received unknown dataspace from gralloc
07-28 21:18:19.321  1369  1369 W Layer   : gatherBufferInfo: Received unknown dataspace from gralloc
07-28 21:18:19.321  1369  1369 W Layer   : gatherBufferInfo: Received unknown dataspace from gralloc
07-28 21:18:19.321  1369  1369 W Layer   : gatherBufferInfo: Received unknown dataspace from gralloc
07-28 21:18:19.329  1369  1369 W Layer   : gatherBufferInfo: Received unknown dataspace from gralloc
07-28 21:18:19.329  1369  1369 W Layer   : gatherBufferInfo: Received unknown dataspace from gralloc
07-28 21:18:19.337  1369  1369 W Layer   : gatherBufferInfo: Received unknown dataspace from gralloc
07-28 21:18:19.337  1369  1369 W Layer   : gatherBufferInfo: Received unknown dataspace from gralloc
07-28 21:18:19.346  1369  1369 W Layer   : gatherBufferInfo: Received unknown dataspace from gralloc
07-28 21:18:19.346  1369  1369 W Layer   : gatherBufferInfo: Received unknown dataspace from gralloc
07-28 21:18:19.354  1369  1369 W Layer   : gatherBufferInfo: Received unknown dataspace from gralloc
07-28 21:18:19.355  1369  1369 W Layer   : gatherBufferInfo: Received unknown dataspace from gralloc
07-28 21:18:19.361  2762  2762 I InsetsController: setRequestedVisibleTypes: visible=false, mask=statusBars, host=NotificationShade, from=android.view.InsetsController.controlAnimationUnchecked:1498 android.view.InsetsController.applyAnimation:2228 android.view.InsetsController.applyAnimation:2159 android.view.InsetsController.hide:1452 android.view.InsetsController.hide:1368 com.android.systemui.shade.SamsungNotificationShadeWindowFullscreenHelper$handler$1.handleMessage:24 android.os.Handler.dispatchMessage:107 android.os.Looper.loopOnce:257 android.os.Looper.loop:342 android.app.ActivityThread.main:9634 
07-28 21:18:19.363  1369  1369 W Layer   : gatherBufferInfo: Received unknown dataspace from gralloc
07-28 21:18:19.363  1369  1369 W Layer   : gatherBufferInfo: Received unknown dataspace from gralloc
07-28 21:18:19.371  1369  1369 W Layer   : gatherBufferInfo: Received unknown dataspace from gralloc
07-28 21:18:19.375  1525  2543 V MdnieScenarioControlService: mAclOffEnabled : false
07-28 21:18:19.379  1369  1369 W Layer   : gatherBufferInfo: Received unknown dataspace from gralloc
07-28 21:18:19.379  1369  1369 W Layer   : gatherBufferInfo: Received unknown dataspace from gralloc
07-28 21:18:19.387  1369  1369 W Layer   : gatherBufferInfo: Received unknown dataspace from gralloc
07-28 21:18:19.387  1369  1369 W Layer   : gatherBufferInfo: Received unknown dataspace from gralloc
07-28 21:18:19.395  1369  1369 W Layer   : gatherBufferInfo: Received unknown dataspace from gralloc
07-28 21:18:19.396  1369  1369 W Layer   : gatherBufferInfo: Received unknown dataspace from gralloc
07-28 21:18:19.403  1196  8556 I HYPER-HAL: [ResourceManager.cpp]removeResource(): [CPUMinFreq] RemoveResource Request ID : 1197400
07-28 21:18:19.403  1196  8556 I HYPER-HAL: [RequestManager.cpp]releaseLocked(): Released ID : 1197400
07-28 21:18:19.404  1369  1369 W Layer   : gatherBufferInfo: Received unknown dataspace from gralloc
07-28 21:18:19.404  1369  1369 W Layer   : gatherBufferInfo: Received unknown dataspace from gralloc
07-28 21:18:19.411  1196  8524 I HYPER-HAL: [ResourceManager.cpp]removeResource(): [CPULittleMinFreq] RemoveResource Request ID : 1252210
07-28 21:18:19.412  1369  1369 W Layer   : gatherBufferInfo: Received unknown dataspace from gralloc
07-28 21:18:19.412  1369  1369 W Layer   : gatherBufferInfo: Received unknown dataspace from gralloc
07-28 21:18:19.414  1196  8524 I HYPER-HAL: [ResourceManager.cpp]removeResource(): [CPUMinFreq] RemoveResource Request ID : 1252210
07-28 21:18:19.415  1196  8524 I HYPER-HAL: [RequestManager.cpp]releaseLocked(): Released ID : 1252210
07-28 21:18:19.421  1369  1369 W Layer   : gatherBufferInfo: Received unknown dataspace from gralloc
07-28 21:18:19.421  1369  1369 W Layer   : gatherBufferInfo: Received unknown dataspace from gralloc
07-28 21:18:19.427  1369  1369 D SurfaceFlinger: Display 4630947232161729154 HWC layers:
07-28 21:18:19.427  1369  1369 D SurfaceFlinger:        DEVICE |   0xb40000788b1a2bd0 | 0001 | RGBA_8888    |    0.0    0.0 1080.0 2340.0 |    0    0 1080 2340 | com.fceumm.wrapper/com.fceumm.wrapper.SplashActivity$_8530#29579 (41)
07-28 21:18:19.427  1369  1369 D SurfaceFlinger:        DEVICE |   0xb40000788b1abcf0 | 0001 | RGBA_8888    |    0.0    0.0 1080.0  144.0 |    0 2196 1080 2340 | NavigationBar0$_2762#95 (178759)
