07-28 21:18:18.748  1525  1627 D InsetsSourceProvider: updateControlForTarget: control=InsetsSourceControl: {cf990000 mType=statusBars initiallyVisible mSurfacePosition=Point(0, 0) mInsetsHint=Insets{left=0, top=99, right=0, bottom=0}}, target=Window{5d2c624 u0 Splash Screen com.fceumm.wrapper}, from=com.android.server.wm.InsetsStateController.onControlTargetChanged:81 com.android.server.wm.InsetsPolicy.updateBarControlTarget:175 com.android.server.wm.DisplayPolicy.updateSystemBarAttributes:269 com.android.server.wm.DisplayPolicy.finishPostLayoutPolicyLw:17 com.android.server.wm.RootWindowContainer.applySurfaceChangesTransaction$1:194 
07-28 21:18:18.748  1525  1627 I WindowManager: Cancelling animation restarting=true, leash=Surface(name=Surface(name=c34a82d NavigationBar0)/@0xd3403d - animation-leash of insets_animation)/@0x8320bf3
07-28 21:18:18.748  1525  1627 I WindowManager: Reparenting to original parent: Surface(name=WindowToken{2244f44 type=2019 android.os.BinderProxy@fcb5dd6})/@0x3b32032, destroy=false, syncState=0, syncCommitDepth=0, surface=Surface(name=c34a82d NavigationBar0)/@0xd3403d
07-28 21:18:18.748  1525  1627 I WindowManager: Reparenting to leash, surface=Surface(name=c34a82d NavigationBar0)/@0xd3403d, syncState=0, syncCommitDepth=0, leashParent=Surface(name=WindowToken{2244f44 type=2019 android.os.BinderProxy@fcb5dd6})/@0x3b32032
07-28 21:18:18.748  2762  2815 V WindowManagerShell:  Checking filter Pair{{types=[] flags=0x0] notFlags=0x100 checks=[{atype=home independent=true modes=[OPEN,TO_FRONT] flags=NONE mustBeTask=false order=TOP topActivity=ComponentInfo{com.sec.android.app.launcher/com.sec.android.app.launcher.Launcher} launchCookie=null},{atype=recents independent=true modes=[CLOSE,TO_BACK] flags=NONE mustBeTask=false order=ANY topActivity=null launchCookie=null}]} RemoteTransition { remoteTransition = android.window.IRemoteTransition$Stub$Proxy@b4ee659, appThread = android.app.IApplicationThread$Stub$Proxy@c9d621e, debugName = QuickstepLaunchHomeFromRecentsflags =NONE }}
07-28 21:18:18.748  2762  2815 V WindowManagerShell:  Checking filter Pair{{types=[] flags=0x0] notFlags=0x100 checks=[{atype=home independent=true modes=[OPEN,TO_FRONT] flags=NONE mustBeTask=false order=TOP topActivity=ComponentInfo{com.sec.android.app.launcher/com.sec.android.app.launcher.Launcher} launchCookie=null},{atype=standard independent=true modes=[CLOSE,TO_BACK] flags=NONE mustBeTask=false order=ANY topActivity=null launchCookie=null}]} RemoteTransition { remoteTransition = android.window.IRemoteTransition$Stub$Proxy@41c1aff, appThread = android.app.IApplicationThread$Stub$Proxy@6b60cc, debugName = QuickstepLaunchHomeflags =NONE }}
07-28 21:18:18.748  2762  2815 V WindowManagerShell:  Delegate animation for (#1949) to null
07-28 21:18:18.748  2762  2815 V WindowManagerShell:  try handler com.android.wm.shell.transition.DefaultTransitionHandler@efe8f15
07-28 21:18:18.748  1369  1534 I SurfaceFlinger: id=29573 createSurf, flag=24000, Surface(name=c34a82d NavigationBar0)/@0xd3403d - animation-leash of insets_animation#29573
07-28 21:18:18.748  2762  2815 V WindowManagerShell: start default transition animation, info = {id=1949 t=OPEN f=0x0 trk=0 r=[0@Point(0, 0)] c=[{WCT{android.window.IWindowContainerToken$Stub$Proxy@846a3bb} m=OPEN f=NONE leash=Surface(name=Task=2684)/@0x846dc9f sb=Rect(0, 0 - 1080, 2340) eb=Rect(0, 0 - 1080, 2340) d=0 taskParent=-1 inset=Rect(0, 99 - 0, 45) dim=true},{WCT{android.window.IWindowContainerToken$Stub$Proxy@998e0d8} m=TO_BACK f=SHOW_WALLPAPER|EDGE_EXTENSION_RESTRICTION leash=Surface(name=Task=1)/@0xf5e91ec sb=Rect(0, 0 - 1080, 2340) eb=Rect(0, 0 - 1080, 2340) d=0 taskParent=-1 inset=Rect(0, 99 - 0, 45)},{null m=TO_BACK f=IS_WALLPAPER p=WCT{android.window.IWindowContainerToken$Stub$Proxy@9a9bc31} leash=Surface(name=WallpaperWindowToken{fee635 token=android.os.Binder@7b25c9b})/@0x44239b5 sb=Rect(0, 0 - 1080, 2340) eb=Rect(0, 0 - 1080, 2340) d=0 inset=Rect(0, 0 - 0, 0)}]}
07-28 21:18:18.748  2762  2815 V WindowManagerShell: loadAnimation: anim=android.view.animation.AnimationSet@eb1c097 animAttr=0x13 type=OPEN isEntrance=false
07-28 21:18:18.748  2762  2815 V WindowManagerShell:    wallpaperTransit=WALLPAPER_CLOSE translucent=false
07-28 21:18:18.748  1525  1627 D WindowManager: makeSurface duration=0 leash=Surface(name=Surface(name=c34a82d NavigationBar0)/@0xd3403d - animation-leash of insets_animation)/@0xfe8f5ab
07-28 21:18:18.748  2762  2815 V WindowManagerShell:    change={WCT{android.window.IWindowContainerToken$Stub$Proxy@998e0d8} m=TO_BACK f=SHOW_WALLPAPER|EDGE_EXTENSION_RESTRICTION leash=Surface(name=Task=1)/@0xf5e91ec sb=Rect(0, 0 - 1080, 2340) eb=Rect(0, 0 - 1080, 2340) d=0 taskParent=-1 inset=Rect(0, 99 - 0, 45)}
07-28 21:18:18.749  1525  1627 D InsetsSourceProvider: updateControlForTarget: control=InsetsSourceControl: {b2f90001 mType=navigationBars initiallyVisible mSurfacePosition=Point(0, 2196) mInsetsHint=Insets{left=0, top=0, right=0, bottom=45}}, target=Window{5d2c624 u0 Splash Screen com.fceumm.wrapper}, from=com.android.server.wm.InsetsStateController.onControlTargetChanged:81 com.android.server.wm.InsetsPolicy.updateBarControlTarget:188 com.android.server.wm.DisplayPolicy.updateSystemBarAttributes:269 com.android.server.wm.DisplayPolicy.finishPostLayoutPolicyLw:17 com.android.server.wm.RootWindowContainer.applySurfaceChangesTransaction$1:194 
07-28 21:18:18.749  1525  1627 D WindowManager: updateSystemBarAttributes: displayId=0, focusedCanBeNavColorWin=false, win=Window{5d2c624 u0 Splash Screen com.fceumm.wrapper}, navColorWin=Window{5d2c624 u0 Splash Screen com.fceumm.wrapper}, caller=com.android.server.wm.DisplayPolicy.finishPostLayoutPolicyLw:17 com.android.server.wm.RootWindowContainer.applySurfaceChangesTransaction$1:194 com.android.server.wm.RootWindowContainer.performSurfacePlacementNoTrace:61 
07-28 21:18:18.749  2762  2815 V WindowManagerShell: loadAnimation: anim=android.view.animation.AnimationSet@ddb36a2 animAttr=0x12 type=OPEN isEntrance=true
07-28 21:18:18.749  2762  2815 V WindowManagerShell:    wallpaperTransit=WALLPAPER_CLOSE translucent=false
07-28 21:18:18.749  2762  2815 V WindowManagerShell:    change={WCT{android.window.IWindowContainerToken$Stub$Proxy@846a3bb} m=OPEN f=NONE leash=Surface(name=Task=2684)/@0x846dc9f sb=Rect(0, 0 - 1080, 2340) eb=Rect(0, 0 - 1080, 2340) d=0 taskParent=-1 inset=Rect(0, 99 - 0, 45) dim=true}
07-28 21:18:18.749  1525  1627 D WindowManager: updateSystemBarAttributes, bhv=1, apr=24, statusBarAprRegions=[AppearanceRegion{LIGHT_STATUS_BARS bounds=[0,0][1080,2340]}], requestedVisibilities=-9
07-28 21:18:18.749  2762  2762 D SamsungLightBarControlHelper: updateStatusBar (BLACK icon) numStacks:1, StatusBarMode:MODE_TRANSPARENT, lightBarBounds:[Rect(0, 0 - 1080, 2340)], StatusBarState:SHADE, packageName:, isWhiteKeyguardStatusBar:false
07-28 21:18:18.750  2762  2762 D SamsungLightBarControlHelper: onStatusBarAppearanceChanged() -  sbModeChanged:false, statusBarMode:0, barState:MODE_TRANSPARENT, isKeyguardShowing:false, navbarColorManagedByIme:false, (AppearanceRegion{LIGHT_STATUS_BARS bounds=[0,0][1080,2340]}, )
07-28 21:18:18.750  2762  2762 D NavigationBar: onSystemBarAttributesChanged() -  displayId:0, appearance:24, packageName: com.fceumm.wrapper (APPEARANCE_LIGHT_STATUS_BARS APPEARANCE_LIGHT_NAVIGATION_BARS ), navbarColorManagedByIme:false
07-28 21:18:18.750  2762  2762 D SysUiState: SysUiState changed: old=0x10000000 new=0x10020000
07-28 21:18:18.750  2762  2815 I SurfaceControlRegistry: apply, t=StartTransaction_SyncId<1949>, caller=android.view.SurfaceControl$Transaction.apply:3135 android.view.SurfaceControl$Transaction.apply:3122 android.view.SurfaceControl$Transaction.apply:3078 com.android.wm.shell.transition.DefaultTransitionHandler.startAnimation:2823 com.android.wm.shell.transition.Transitions.dispatchTransition:93 com.android.wm.shell.transition.Transitions.playTransition:700 
07-28 21:18:18.750  2762  2815 V WindowManagerShell:  animated by com.android.wm.shell.transition.DefaultTransitionHandler@efe8f15
07-28 21:18:18.750  3284  8452 I HoneySpace.SystemUiRepository: systemUiFlags: allow_gesture|awake
07-28 21:18:18.751  3284  3442 I HoneySpace.TaskbarEventTracker: invokeEvent() called with: event = SystemUiStateChanged(stateFlags=268566528)
07-28 21:18:18.752  1369  1423 I SurfaceFlinger: id=29574 createSurf, flag=84000, d82cc19 ActivityRecordInputSink com.fceumm.wrapper/.MainActivity#29574
07-28 21:18:18.752  1369  1369 I SurfaceFlinger: Layer [Transition Root: Task=2684#29571] hidden!! flag(0)
07-28 21:18:18.752  1369  1369 I SurfaceFlinger: Layer [Splash Screen com.fceumm.wrapper$_2762#29570] hidden!! flag(0)
07-28 21:18:18.752  1369  1369 I SurfaceFlinger: Layer [ActivityRecord{71ad6bf u0 com.fceumm.wrapper/.MainActivity t2684}#29568] hidden!! flag(0)
07-28 21:18:18.752  1369  1369 I SurfaceFlinger: Layer [Task=2684#29567] hidden!! flag(0)
07-28 21:18:18.752  1369  1369 E SurfaceFlinger: alpha changed 1.000 -> 0.000 - Task=2684#29567
07-28 21:18:18.752  1369  1369 I SurfaceFlinger: Layer [5d2c624 Splash Screen com.fceumm.wrapper#29569] hidden!! flag(0)
07-28 21:18:18.752  1369  1369 E SurfaceFlinger: alpha changed 0.000 -> 0.000 - Task=2684#29567
07-28 21:18:18.753  1369  1369 I SurfaceFlinger: [LayerHierarchy{RequestedLayerState{Task=1#52 parentId=29571 z=3} 2 children}] reparent to LayerHierarchy{RequestedLayerState{Transition Root: Task=2684#29571 parentId=11 z=5} 1 children}
07-28 21:18:18.753  1369  1369 I SurfaceFlinger: [LayerHierarchy{RequestedLayerState{WallpaperWindowToken{fee635 token=android.os.Binder@7b25c9b}#68 parentId=29571 z=1} 1 children}] reparent to LayerHierarchy{RequestedLayerState{Transition Root: Task=2684#29571 parentId=11 z=5} 2 children}
07-28 21:18:18.753  1369  1369 I SurfaceFlinger: [LayerHierarchy{RequestedLayerState{Task=2684#29567 parentId=29571 z=7} 1 children}] reparent to LayerHierarchy{RequestedLayerState{Transition Root: Task=2684#29571 parentId=11 z=5} 3 children}
07-28 21:18:18.753  1369  1369 I SurfaceFlinger: [Transition Root: Task=2684#29571] attach to parent LayerHierarchy{RequestedLayerState{DefaultTaskDisplayArea_d0#11 parentId=10} 18 children}
07-28 21:18:18.753  1369  1369 I SurfaceFlinger: [Surface(name=569e615 StatusBar)/@0x68bafa6 - animation-leash of insets_animation#29572] attach to parent LayerHierarchy{RequestedLayerState{WindowToken{2bbd9ff type=2000 android.os.BinderProxy@1c45da0}#89 parentId=19} 2 children}
07-28 21:18:18.753  1369  1369 I SurfaceFlinger: [Surface(name=c34a82d NavigationBar0)/@0xd3403d - animation-leash of insets_animation#29573] attach to parent LayerHierarchy{RequestedLayerState{WindowToken{2244f44 type=2019 android.os.BinderProxy@fcb5dd6}#82 parentId=31} 2 children}
07-28 21:18:18.753  1369  1369 I SurfaceFlinger: [d82cc19 ActivityRecordInputSink com.fceumm.wrapper/.MainActivity#29574] attach to parent LayerHierarchy{RequestedLayerState{ActivityRecord{71ad6bf u0 com.fceumm.wrapper/.MainActivity t2684}#29568 parentId=29567} 2 children}
07-28 21:18:18.754  2762  2878 I InsetsSourceConsumer: applyRequestedVisibilityToControl: visible=true, type=statusBars, host=Splash Screen com.fceumm.wrapper
07-28 21:18:18.754  2762  2878 I InsetsSourceConsumer: applyRequestedVisibilityToControl: visible=true, type=navigationBars, host=Splash Screen com.fceumm.wrapper
07-28 21:18:18.755  8530  8530 I .fceumm.wrapper: Late-enabling -Xcheck:jni
07-28 21:18:18.761  1369  1369 I SurfaceFlinger: [LayerHierarchy{RequestedLayerState{c34a82d NavigationBar0#83 parentId=29573} 1 children}] reparent to LayerHierarchy{RequestedLayerState{Surface(name=c34a82d NavigationBar0)/@0xd3403d - animation-leash of insets_animation#29573 parentId=82} 1 children}
07-28 21:18:18.761  1369  1369 I SurfaceFlinger: [LayerHierarchy{RequestedLayerState{569e615 StatusBar#90 parentId=29572} 1 children}] reparent to LayerHierarchy{RequestedLayerState{Surface(name=569e615 StatusBar)/@0x68bafa6 - animation-leash of insets_animation#29572 parentId=89} 1 children}
07-28 21:18:18.761  1369  1369 I SurfaceFlinger: [LayerHierarchy{RequestedLayerState{Surface(name=569e615 StatusBar)/@0x68bafa6 - animation-leash of insets_animation#29558} no children}] reparent to OffscreenRoot
07-28 21:18:18.761  1369  1369 I SurfaceFlinger: [LayerHierarchy{RequestedLayerState{Surface(name=569e615 StatusBar)/@0x68bafa6 - animation-leash of insets_animation#29558} no children}] RelativeParent to null
07-28 21:18:18.761  1369  1369 I SurfaceFlinger: [LayerHierarchy{RequestedLayerState{Surface(name=c34a82d NavigationBar0)/@0xd3403d - animation-leash of insets_animation#29559} no children}] reparent to OffscreenRoot
07-28 21:18:18.761  1369  1369 I SurfaceFlinger: [LayerHierarchy{RequestedLayerState{Surface(name=c34a82d NavigationBar0)/@0xd3403d - animation-leash of insets_animation#29559} no children}] RelativeParent to null
07-28 21:18:18.763  1369  1369 W Layer   : gatherBufferInfo: Received unknown dataspace from gralloc
07-28 21:18:18.763  1369  1369 I SurfaceFlinger: id=29559 Removed Surface(name=c34a82d NavigationBar0)/@0xd3403d - animation-leash of insets_animation#29559 (191)
07-28 21:18:18.763  1369  1369 I SurfaceFlinger: id=29558 Removed Surface(name=569e615 StatusBar)/@0x68bafa6 - animation-leash of insets_animation#29558 (191)
07-28 21:18:18.763  1369  1369 I RefreshRateSelector: Can't find idle refresh rate by policy with the same mode group as the current mode {id=0, hwcId=0, resolution=1080x2340, vsyncRate=120.00 Hz, dpi=409.43x396.24, group=1080, vrrConfig=N/A} (idle : 60 fps)
07-28 21:18:18.764  1369  1369 W ComposerExtn: DisplayExtnImpl::SetActiveConfig: HWC Display 0 is not registered!
07-28 21:18:18.769  1369  1369 E SurfaceFlinger: alpha changed 0.000 -> 0.080 - Task=2684#29567
07-28 21:18:18.769  1369  1369 I SurfaceFlinger: destroyed Surface(name=569e615 StatusBar)/@0x68bafa6 - animation-leash of insets_animation#29558
07-28 21:18:18.769  1369  1369 I SurfaceFlinger: destroyed Surface(name=c34a82d NavigationBar0)/@0xd3403d - animation-leash of insets_animation#29559
07-28 21:18:18.771  1369  1369 W Layer   : gatherBufferInfo: Received unknown dataspace from gralloc
07-28 21:18:18.771  1369  1369 I Layer   : id=29559 Destroyed Surface(name=c34a82d NavigationBar0)/@0xd3403d - animation-leash of insets_animation#29559
07-28 21:18:18.771  1369  1369 I Layer   : id=29558 Destroyed Surface(name=569e615 StatusBar)/@0x68bafa6 - animation-leash of insets_animation#29558
07-28 21:18:18.774  8530  8530 I .fceumm.wrapper: Using CollectorTypeCC GC.
07-28 21:18:18.777  3959  3982 I adbd    : jdwp connection from 8530
07-28 21:18:18.778  1369  1369 D SurfaceFlinger: Display 4630947232161729154 HWC layers:
07-28 21:18:18.778  1369  1369 D SurfaceFlinger:        DEVICE |   0xb40000788b17a070 | 0000 | RGBA_8888    |    0.0    0.0 1080.0 2340.0 |    0    0 1080 2340 | Wallpaper BBQ wrapper 5_system#72 (19)
07-28 21:18:18.778  1369  1369 D SurfaceFlinger:        DEVICE |   0xb40000788b1aa9d0 | 0001 | RGBA_8888    |    0.0    0.0 1080.0 2340.0 |    0    0 1080 2340 | com.sec.android.app.launcher/com.sec[...]ivities.LauncherActivity$_3284#29557 (89)
07-28 21:18:18.778  1369  1369 D SurfaceFlinger:        CLIENT |   0xb40000788b1b78d0 | 0001 | RGBA_8888    |    0.0    0.0 1080.0 2340.0 |   79  170 1001 2170 | Splash Screen com.fceumm.wrapper$_2762#29570 (1)
07-28 21:18:18.778  1369  1369 D SurfaceFlinger:        DEVICE |   0xb40000788b1a7c40 | 0001 | RGBA_8888    |    0.0    0.0 1080.0   99.0 |    0    0 1080   99 | StatusBar$_2762#99 (66357)
07-28 21:18:18.778  1369  1369 D SurfaceFlinger:        DEVICE |   0xb40000788b1a5f90 | 0001 | RGBA_8888    |    0.0    0.0 1080.0  144.0 |    0 2196 1080 2340 | NavigationBar0$_2762#95 (178730)
07-28 21:18:18.778  1369  1369 D SurfaceFlinger:        DEVICE |   0xb40000788b1b73c0 | 0041 | RGBA_8888    |    0.0    0.0 1080.0  121.0 |    0    0 1080  121 | ScreenDecorOverlay$_2762#107 (3436)
07-28 21:18:18.778  1369  1369 D SurfaceFlinger:        DEVICE |   0xb40000788b194650 |
07-28 21:18:18.778  1369  1369 D SurfaceFlinger:  0041 | RGBA_8888    |    0.0    0.0 1080.0  121.0 |    0 2219 1080 2340 | ScreenDecorOverlayBottom$_2762#108 (1387)
07-28 21:18:18.778  1369  1369 D SurfaceFlinger: 
07-28 21:18:18.779  1369  3759 D NativeSemDvfsManager: acquire:: timeout = 2000 mIsAcquired = 1  mTagName : SurfaceFlinger 
07-28 21:18:18.780  1369  3759 E NativeCustomFrequencyManager: [NativeCFMS] BpCustomFrequencyManager::acquire()
07-28 21:18:18.780  1196  1358 I HYPER-HAL: [RequestManager.cpp]acquire(): Acquired ID : 2808265  [1369 / 1000]    HINT : SF_GPU_MINLOCK    list : [TIMEOUT / 2000] 
07-28 21:18:18.780  8530  8530 D nativeloader: Load libframework-connectivity-tiramisu-jni.so using APEX ns com_android_tethering for caller /apex/com.android.tethering/javalib/framework-connectivity-t.jar: ok
07-28 21:18:18.781  1369  1369 W Layer   : gatherBufferInfo: Received unknown dataspace from gralloc
07-28 21:18:18.782  1369  1369 D SurfaceFlinger: GPIS:: requestGPISForClientComposition
07-28 21:18:18.783  8530  8530 D ActivityThread: setConscryptValidator
07-28 21:18:18.783  8530  8530 D ActivityThread: setConscryptValidator - put
07-28 21:18:18.789  1369  1369 W Layer   : gatherBufferInfo: Received unknown dataspace from gralloc
07-28 21:18:18.789  1525  5856 I ActivityManager: Changes in 10260 19 to 2, 0 to 127
07-28 21:18:18.790  1525  1624 D PkgPredictorService-SecIpmManagerServiceImpl: onForegroundActivitiesChanged pid:8530 uid:10260
07-28 21:18:18.794  1525  2509 V NetworkPolicy: getFirewallRuleWifi UID:10260 policy:0
07-28 21:18:18.794  1525  1525 I WALLPAPER_SVC:SemWallpaperManagerService: isHomeActivityVisible : true 
07-28 21:18:18.794  1525  1525 D WALLPAPER_SVC:WallpaperData: getWallpaperFile: file = /data/system/users/0/wallpaper_orig 
07-28 21:18:18.794  1525  1525 D WALLPAPER_SVC:WallpaperData: getWallpaperFile: file = /data/system/users/0/wallpaper_orig 
07-28 21:18:18.795  1525  1525 D WALLPAPER_SVC:WallpaperManagerService: dispatchHomeVisibilityChanged: visible = true, connection = com.android.server.wallpaper.WallpaperManagerService$WallpaperConnection@2dea007, systemWallpaper = WallpaperData@ea50ff1, id: 5, which: 5, file mod: 1749162819685, info: null, engine(s): Proxy@7eaea4d, type = 0, userId = 0, uri= null, allowBackup= true, wallpaperComponent = ComponentInfo{com.android.systemui/com.android.systemui.wallpapers.ImageWallpaper}, nextWallpaperComponent = ComponentInfo{com.android.systemui/com.android.systemui.wallpapers.ImageWallpaper} 
07-28 21:18:18.795  1369  1369 W Layer   : gatherBufferInfo: Received unknown dataspace from gralloc
07-28 21:18:18.795  1369  1369 W ComposerExtn: DisplayExtnImpl::SetActiveConfig: HWC Display 0 is not registered!
07-28 21:18:18.798  1525  5856 W UserManagerService: Requested status bar icon for non-badged user 0
07-28 21:18:18.803  1369  1369 W Layer   : gatherBufferInfo: Received unknown dataspace from gralloc
07-28 21:18:18.812  1369  1369 W Layer   : gatherBufferInfo: Received unknown dataspace from gralloc
07-28 21:18:18.820  1369  1369 W Layer   : gatherBufferInfo: Received unknown dataspace from gralloc
07-28 21:18:18.822 30781 30781 I bnhk    : onPause
07-28 21:18:18.825  5103  5683 I SDHMS:l : onTaskStackChanged
07-28 21:18:18.826  5103  5596 I SDHMS:l : no app is Resumed!!! mResumedPackages.size = 0
07-28 21:18:18.826  3284  8452 I HoneySpace.RecentTasks: onRecentTasksChanged
07-28 21:18:18.829  1369  1369 W Layer   : gatherBufferInfo: Received unknown dataspace from gralloc
07-28 21:18:18.829  3284  8452 I HoneySpace.HistoryViewModel@104049178@OneUI: Illegal access. Unknown type. skip load history items
07-28 21:18:18.829 30781 31058 V ClearcutMetricXmitter: Transmission is done.
07-28 21:18:18.837  1369  1369 W Layer   : gatherBufferInfo: Received unknown dataspace from gralloc
07-28 21:18:18.846  1369  1369 W Layer   : gatherBufferInfo: Received unknown dataspace from gralloc
07-28 21:18:18.854  1369  1369 W Layer   : gatherBufferInfo: Received unknown dataspace from gralloc
07-28 21:18:18.862  1369  1369 W Layer   : gatherBufferInfo: Received unknown dataspace from gralloc
07-28 21:18:18.871  1369  1369 W Layer   : gatherBufferInfo: Received unknown dataspace from gralloc
07-28 21:18:18.879  1369  1369 W Layer   : gatherBufferInfo: Received unknown dataspace from gralloc
07-28 21:18:18.887  8530  8530 D nativeloader: Configuring clns-7 for other apk /data/app/~~MZpoyapmYy4KVHrH0T8Aig==/com.fceumm.wrapper-KLGE2hYE9ulkP2TDLRfgcw==/base.apk. target_sdk_version=36, uses_libraries=, library_path=/data/app/~~MZpoyapmYy4KVHrH0T8Aig==/com.fceumm.wrapper-KLGE2hYE9ulkP2TDLRfgcw==/lib/arm64:/data/app/~~MZpoyapmYy4KVHrH0T8Aig==/com.fceumm.wrapper-KLGE2hYE9ulkP2TDLRfgcw==/base.apk!/lib/arm64-v8a, permitted_path=/data:/mnt/expand:/data/user/0/com.fceumm.wrapper
07-28 21:18:18.887  1369  1369 W Layer   : gatherBufferInfo: Received unknown dataspace from gralloc
07-28 21:18:18.895  1369  1369 W Layer   : gatherBufferInfo: Received unknown dataspace from gralloc
07-28 21:18:18.898  8530  8530 V GraphicsEnvironment: Currently set values for:
07-28 21:18:18.898  8530  8530 V GraphicsEnvironment:   angle_gl_driver_selection_pkgs=[]
07-28 21:18:18.898  8530  8530 V GraphicsEnvironment:   angle_gl_driver_selection_values=[]
07-28 21:18:18.898  8530  8530 V GraphicsEnvironment: Global.Settings values are invalid: number of packages: 0, number of values: 0
07-28 21:18:18.899  8530  8530 V GraphicsEnvironment: App is not on the allowlist for updatable production driver.
07-28 21:18:18.922  1525  2543 D MdnieScenarioControlService:  packageName : com.fceumm.wrapper    className : com.fceumm.wrapper.MainActivity
07-28 21:18:18.922  1525  2543 V MdnieScenarioControlService: setUIMode from UI function(3)
07-28 21:18:18.937  1525  7704 V WindowManager: Computed rotation=ROTATION_0 (0) for display id=0 based on lastOrientation=SCREEN_ORIENTATION_UNSPECIFIED (-1) and oldRotation=ROTATION_0 (0), caller=com.android.server.wm.DisplayRotation.updateOrientation:25 com.android.server.wm.DisplayContent.updateOrientation:65 com.android.server.wm.DisplayContent.updateOrientation:11 com.android.server.wm.RootWindowContainer.ensureVisibilityAndConfig:7 com.android.server.wm.ActivityTaskSupervisor.realStartActivityLocked:213 com.android.server.wm.RootWindowContainer.attachApplication:90 
07-28 21:18:18.938  1525  7704 D SGM:FgCheckThread: notifyAppCreated(), packageName: com.fceumm.wrapper, userId: 0, sendRet: true
07-28 21:18:18.938  1525  2471 D SGM:FgCheckThread: onLooperPrepared(), msg: MSG_APP_CREATE, pkgName: com.fceumm.wrapper, userId: 0
07-28 21:18:18.938  1525  7704 D SGM:FgCheckThread: TaskStackListener.onTaskFocusChanged(), taskId=2169, focused=false
07-28 21:18:18.938  1525  7704 D SGM:FgCheckThread: TaskStackListener.onTaskFocusChanged(), taskId=2684, focused=true
07-28 21:18:18.938  1525  7704 D SGM:FgCheckThread:   sendRunningComponentFocus(), pkgName: com.fceumm.wrapper, userId: 0
07-28 21:18:18.938  1525  7704 D InputDispatcher: Focused application(0): ActivityRecord{71ad6bf u0 com.fceumm.wrapper/.MainActivity t2684}
07-28 21:18:18.938  1525  2471 D SGM:FgCheckThread: onLooperPrepared(), msg: MSG_TASK_FOCUSED, pkgName: com.fceumm.wrapper, userId: 0
07-28 21:18:18.939  1525  2471 D SGM:FgCheckThread: handleTaskFocused().
07-28 21:18:18.939  1525  2471 D SGM:FgCheckThread:   handleTaskFocused(), pkgName: com.fceumm.wrapper, userID:0
07-28 21:18:18.939  1525  2471 D SGM:FgCheckThread: handleResume().
07-28 21:18:18.939  1525  7704 D ActivityTaskManager: scheduleTopResumedActivityChanged, onTop=true, r=ActivityRecord{71ad6bf u0 com.fceumm.wrapper/.MainActivity t2684}, caller=com.android.server.wm.ActivityTaskSupervisor.updateTopResumedActivityIfNeeded:62 com.android.server.wm.TaskFragment.setResumedActivity:29 com.android.server.wm.ActivityRecord.setState:104 com.android.server.wm.ActivityTaskSupervisor.realStartActivityLocked:949 com.android.server.wm.RootWindowContainer.attachApplication:90 com.android.server.wm.ActivityTaskManagerService$LocalService.attachApplication:40 
07-28 21:18:18.939  1525  2471 D SGM:FgCheckThread: sendFocusOutConditionally() - mPrevNotiPkg: KILL_YOURSELF, userId: 0
07-28 21:18:18.939  1525  2471 D SGM:FgCheckThread:   handleResume(). pkgName: com.fceumm.wrapper, userId: 0, category: non-game
07-28 21:18:18.939  1525  2471 D SGM:FgCheckThread: notifyFocusInOut(). of pkg: com.fceumm.wrapper, type: 4, isSecGameFamily: false, userId: 0
07-28 21:18:18.939  1525  2471 D SGM:FgCheckThread:   notifyFocusInOut(). do nothing
07-28 21:18:18.939  1525  2471 D SGM:SystemHelper: callReleaseBlock needReleaseBlock:false
07-28 21:18:18.940  1525  2557 D AS.MultiSoundManager: mForegroundUid = 10260
07-28 21:18:18.941  1525  7704 D GraphicsStatsService: requestRenderEngineFor(com.fceumm.wrapper)
07-28 21:18:18.941  2762  2762 I {OngoingActivityDataHelper}: setBaseActivityComponentName:ComponentInfo{com.fceumm.wrapper/com.fceumm.wrapper.MainActivity}
07-28 21:18:18.941  8530  8530 D ActivityThread: com.fceumm.wrapper will use render engine as VK
07-28 21:18:18.941  3284  3443 I HoneySpace.TopTaskSource: onTaskFocusChanged(): taskId = 2684
07-28 21:18:18.941  3284  3443 I HoneySpace.TopTaskSource: onTaskMovedToFront : taskId = 2684, displayId = 0
07-28 21:18:18.942  8530  8530 D HWUI    : HWUI - treat SMPTE_170M as sRGB
07-28 21:18:18.944  8530  8547 D HWUI    : CacheManager constructor. deviceInfo=(1080, 1920)
07-28 21:18:18.944  8530  8547 I AdrenoGLES-0: QUALCOMM build                   : 9ad1b67875, Ib48d2dada6
07-28 21:18:18.944  8530  8547 I AdrenoGLES-0: Build Date                       : 05/11/25
07-28 21:18:18.944  8530  8547 I AdrenoGLES-0: OpenGL ES Shader Compiler Version: EV031.35.01.12
07-28 21:18:18.944  8530  8547 I AdrenoGLES-0: Local Branch                     : 
07-28 21:18:18.944  8530  8547 I AdrenoGLES-0: Remote Branch                    : refs/tags/AU_LINUX_ANDROID_LA.UM.9.14.11.00.00.571.148
07-28 21:18:18.944  8530  8547 I AdrenoGLES-0: Remote Branch                    : NONE
07-28 21:18:18.944  8530  8547 I AdrenoGLES-0: Reconstruct Branch               : NOTHING
07-28 21:18:18.944  8530  8547 I AdrenoGLES-0: Build Config                     : S P 10.0.7 AArch64
07-28 21:18:18.944  8530  8547 I AdrenoGLES-0: Driver Path                      : /vendor/lib64/egl/libGLESv2_adreno.so
07-28 21:18:18.947  8530  8547 I AdrenoGLES-0: PFP: 0x016dc094, ME: 0x00000000
07-28 21:18:18.954  1525  2587 I CocktailBarManagerServiceContainer: handleMessage: entry what = 5
07-28 21:18:18.954  1525  2587 I CocktailBarManagerServiceImpl: noteResumeComponent : no active host
07-28 21:18:18.954  1525  1626 D SGM:FgCheckThread: noteResumeComponent(), received pkgName: com.fceumm.wrapper, userId: 0
07-28 21:18:18.955  5103  5683 I SDHMS:l : handleResumeComponent : put = com.fceumm.wrapper, userid = 0 instanceid =234176746
07-28 21:18:18.955  8530  8530 I System.out: Rpertoire roms: /data/user/0/com.fceumm.wrapper/files/roms
07-28 21:18:18.955  8530  8530 I System.out: Copie de Mario Bros. (World).nes...
07-28 21:18:18.955  1525  2471 D SGM:FgCheckThread: onLooperPrepared(), msg: MSG_APP_RESUME, pkgName: com.fceumm.wrapper, userid: 0
07-28 21:18:18.955  1525  2471 D SGM:FgCheckThread: handleResume().
07-28 21:18:18.955  1525  2471 D SGM:FgCheckThread:   handleResume(). same package with Prev KILL_YOURSELF. ignore
07-28 21:18:18.955  1525  1626 D SGM:GameManager: identifyGamePackage. com.fceumm.wrapper, mCurrentUserId: 0, callerUserId: 0, callingMethodInfo: com.samsung.android.game.SemGameManager.isGamePackage(SemGameManager.java:105)
07-28 21:18:18.955  1525  1626 D SGM:SemGameManager: isGamePackage(), pkgName=com.fceumm.wrapper, ret=false
07-28 21:18:18.956  8530  8530 I System.out: ROM copie: Mario Bros. (World).nes (24592 bytes)
07-28 21:18:18.956  8530  8530 I System.out: Copie de sweethome.nes...
07-28 21:18:18.959  8530  8530 I System.out: ROM copie: sweethome.nes (262288 bytes)
07-28 21:18:18.959  8530  8530 I System.out: Copie de marioduckhunt.nes...
07-28 21:18:18.960  8530  8530 I System.out: ROM copie: marioduckhunt.nes (81936 bytes)
07-28 21:18:18.960  8530  8530 I System.out: Copie de Chiller.nes...
07-28 21:18:18.961  8530  8530 I System.out: ROM copie: Chiller.nes (81936 bytes)
07-28 21:18:18.961  8530  8530 I System.out: Fichiers dans le rpertoire roms:
07-28 21:18:18.961  8530  8530 I System.out:   - sweethome.nes (262288 bytes)
07-28 21:18:18.961  8530  8530 I System.out:   - marioduckhunt.nes (81936 bytes)
07-28 21:18:18.961  8530  8530 I System.out:   - Chiller.nes (81936 bytes)
07-28 21:18:18.962  8530  8530 I System.out:   - Mario Bros. (World).nes (24592 bytes)
07-28 21:18:18.962  1525  7704 D ActivityTaskManager: startActivityAsUser: callingPid=8530, callingUid=10260, caller=com.android.server.wm.ActivityTaskManagerService.startActivity:120 android.app.IActivityTaskManager$Stub.onTransact:1356 com.android.server.wm.ActivityTaskManagerService.onTransact:1 android.os.Binder.execTransactInternal:1536 android.os.Binder.execTransact:1480 <bottom of call stack> <bottom of call stack> 
07-28 21:18:18.962  1525  7704 D ActivityTaskManager: TaskLaunchParamsModifier:task=null activity=null display-area-from-source=DefaultTaskDisplayArea_d0@214964408 display-id=0 task-display-area-windowing-mode=1 suggested-display-area=DefaultTaskDisplayArea_d0@214964408
07-28 21:18:18.962  1525  7704 W OptProp : Cannot read opt property android.window.PROPERTY_COMPAT_ALLOW_ORIENTATION_OVERRIDE
07-28 21:18:18.963  1525  7704 V GrammaticalInflectionUtils: AttributionSource: AttributionSource { uid = 10260, packageName = null, attributionTag = null, token = android.os.Binder@e084b9f, deviceId = 0, next = null } does not have READ_SYSTEM_GRAMMATICAL_GENDER permission.
07-28 21:18:18.963  1525  7704 W OptProp : Cannot read opt property android.window.PROPERTY_COMPAT_ALLOW_RESIZEABLE_ACTIVITY_OVERRIDES
07-28 21:18:18.963  1525  7704 W OptProp : Cannot read opt property android.window.PROPERTY_COMPAT_ALLOW_MIN_ASPECT_RATIO_OVERRIDE
07-28 21:18:18.963  1525  7704 D WindowManager: Transition is created, t=TransitionRecord{1159a77 id=-1 type=OPEN flags=0x0}, caller=com.android.server.wm.Transition.<init>:170 com.android.server.wm.ActivityStarter.startActivityUnchecked:330 com.android.server.wm.ActivityStarter.executeRequest:3361 com.android.server.wm.ActivityStarter.execute:1122 com.android.server.wm.ActivityTaskManagerService.startActivityAsUser:88 
07-28 21:18:18.963  1525  7704 D BLASTSyncEngine: SyncGroup is created, id=1950, name=Transition-OPEN, caller=com.android.server.wm.BLASTSyncEngine$SyncGroup.<init>:51 com.android.server.wm.TransitionController.moveToCollecting:78 com.android.server.wm.ActivityStarter.startActivityUnchecked:333 com.android.server.wm.ActivityStarter.executeRequest:3361 com.android.server.wm.ActivityStarter.execute:1122 com.android.server.wm.ActivityTaskManagerService.startActivityAsUser:88 com.android.server.wm.ActivityTaskManagerService.startActivity:120 
07-28 21:18:18.963  1525  7704 W BLASTSyncEngine: setSyncMethod, id=1950, method=0, caller=com.android.server.wm.TransitionController.moveToCollecting:90 com.android.server.wm.ActivityStarter.startActivityUnchecked:333 com.android.server.wm.ActivityStarter.executeRequest:3361 
07-28 21:18:18.963  1525  7704 V WindowManager: Start collecting in Transition: TransitionRecord{1159a77 id=1950 type=OPEN flags=0x0}, caller=com.android.server.wm.ActivityStarter.startActivityUnchecked:333 com.android.server.wm.ActivityStarter.executeRequest:3361 com.android.server.wm.ActivityStarter.execute:1122 com.android.server.wm.ActivityTaskManagerService.startActivityAsUser:88 com.android.server.wm.ActivityTaskManagerService.startActivity:120 
07-28 21:18:18.963  1525  7704 V WindowManager: Collecting in transition 1950: ActivityRecord{a4d36e4 u0 com.fceumm.wrapper/.SplashActivity, caller=com.android.server.wm.TransitionController.collect:7 com.android.server.wm.ActivityStarter.startActivityUnchecked:626 com.android.server.wm.ActivityStarter.executeRequest:3361 com.android.server.wm.ActivityStarter.execute:1122 com.android.server.wm.ActivityTaskManagerService.startActivityAsUser:88 
07-28 21:18:18.963  1525  7704 D ActivityTaskManager: TaskLaunchParamsModifier:task=null activity=ActivityRecord{a4d36e4 u0 com.fceumm.wrapper/.SplashActivity t-1} display-area-from-source=DefaultTaskDisplayArea_d0@214964408 display-id=0 task-display-area-windowing-mode=1 suggested-display-area=DefaultTaskDisplayArea_d0@214964408
07-28 21:18:18.963  1525  7704 D ActivityTaskManager: TaskLaunchParamsModifier:task=Task{a95d18c #2684 type=standard A=10260:com.fceumm.wrapper} activity=ActivityRecord{a4d36e4 u0 com.fceumm.wrapper/.SplashActivity t-1} display-area-from-source=DefaultTaskDisplayArea_d0@214964408 display-id=0 task-display-area-windowing-mode=1 suggested-display-area=DefaultTaskDisplayArea_d0@214964408 inherit-from-source=fullscreen non-freeform-task-display-area display-area=DefaultTaskDisplayArea_d0@214964408 default-portrait freeform-size-mismatch=Rect(81, 612 - 999, 1782)
07-28 21:18:18.963  1525  7704 V WindowManager: Collecting in transition 1950: ActivityRecord{71ad6bf u0 com.fceumm.wrapper/.MainActivity t2684}, caller=com.android.server.wm.TransitionController.collect:7 com.android.server.wm.ActivityStarter.startActivityInner:235 com.android.server.wm.ActivityStarter.startActivityUnchecked:639 com.android.server.wm.ActivityStarter.executeRequest:3361 com.android.server.wm.ActivityStarter.execute:1122 
07-28 21:18:18.964  1525  7704 D WindowManager: prepareSync <SYNC_STATE_WAITING_FOR_DRAW>, mPrepareSyncSeqId=0, win=Window{5d2c624 u0 Splash Screen com.fceumm.wrapper}
07-28 21:18:18.964  1369  3477 I SurfaceFlinger: id=29575 createSurf, flag=84004, ActivityRecord{a4d36e4 u0 com.fceumm.wrapper/.SplashActivity t2684}#29575
07-28 21:18:18.965  1525  7704 V WindowManager: Checking theme of starting window: 0x7f10026d
07-28 21:18:18.965  1525  7704 V WindowManager: Translucent=false Floating=false ShowWallpaper=false Disable=false
07-28 21:18:18.965  1525  7704 D ActivityTaskManager: addStartingWindow: type=0 typeParameter=2c
07-28 21:18:18.965  1525  7704 V WindowManager: Moving existing starting Window{5d2c624 u0 Splash Screen com.fceumm.wrapper} from ActivityRecord{71ad6bf u0 com.fceumm.wrapper/.MainActivity t2684} to ActivityRecord{a4d36e4 u0 com.fceumm.wrapper/.SplashActivity t2684}
07-28 21:18:18.965  1525  7704 V WindowManager: Collecting in transition 1950: Window{5d2c624 u0 Splash Screen com.fceumm.wrapper}, caller=com.android.server.wm.TransitionController.collect:7 com.android.server.wm.ActivityRecord.transferStartingWindow:194 com.android.server.wm.ActivityRecord.addStartingWindow:710 com.android.server.wm.ActivityRecord.showStartingWindow:57 com.android.server.wm.Task.startActivityLocked:384 
07-28 21:18:18.966  1525  7704 D ActivityTaskManager: scheduleTopResumedActivityChanged, onTop=false, r=ActivityRecord{71ad6bf u0 com.fceumm.wrapper/.MainActivity t2684}, caller=com.android.server.wm.ActivityTaskSupervisor.scheduleTopResumedActivityStateLossIfNeeded:11 com.android.server.wm.ActivityTaskSupervisor.updateTopResumedActivityIfNeeded:19 com.android.server.wm.TaskFragment.setResumedActivity:29 com.android.server.wm.ActivityRecord.setState:95 com.android.server.wm.TaskFragment.startPausing$1:210 com.android.server.wm.TaskFragment.resumeTopActivity:698 
07-28 21:18:18.966  1525  7704 V WindowManager: Collecting in transition 1950: ActivityRecord{a4d36e4 u0 com.fceumm.wrapper/.SplashActivity t2684}, caller=com.android.server.wm.Transition.collectExistenceChange:42 com.android.server.wm.ActivityStarter.handleStartResult:523 com.android.server.wm.ActivityStarter.startActivityUnchecked:653 com.android.server.wm.ActivityStarter.executeRequest:3361 com.android.server.wm.ActivityStarter.execute:1122 
07-28 21:18:18.966  1525  7704 V WindowManager: Requesting StartTransition: TransitionRecord{1159a77 id=1950 type=OPEN flags=0x0}, caller=com.android.server.wm.ActivityStarter.handleStartResult:677 com.android.server.wm.ActivityStarter.startActivityUnchecked:653 com.android.server.wm.ActivityStarter.executeRequest:3361 com.android.server.wm.ActivityStarter.execute:1122 com.android.server.wm.ActivityTaskManagerService.startActivityAsUser:88 
07-28 21:18:18.967  2762  2815 V WindowManagerShell: Transition requested (#1950): android.os.BinderProxy@711921a TransitionRequestInfo { type = OPEN, triggerTask = TaskInfo{userId=0 taskId=2684 displayId=0 isRunning=true baseIntent=Intent { flg=0x10000000 cmp=com.fceumm.wrapper/.MainActivity } baseActivity=ComponentInfo{com.fceumm.wrapper/com.fceumm.wrapper.MainActivity} topActivity=ComponentInfo{com.fceumm.wrapper/com.fceumm.wrapper.SplashActivity} origActivity=null realActivity=ComponentInfo{com.fceumm.wrapper/com.fceumm.wrapper.MainActivity} numActivities=2 lastActiveTime=816057528 supportsMultiWindow=true resizeMode=1 isResizeable=true minWidth=-1 minHeight=-1 maxWidth=-1 maxHeight=-1 defaultMinSize=220 token=WCT{android.window.IWindowContainerToken$Stub$Proxy@71b514b} topActivityType=1 pictureInPictureParams=null shouldDockBigOverlays=false launchIntoPipHostTaskId=-1 lastParentTaskIdBeforePip=-1 displayCutoutSafeInsets=null topActivityInfo=ActivityInfo{468a728 com.fceumm.wrapper.SplashActivity} launchCookies=[] positionInParent=Point(0, 0) parentTaskId=-1 isFocused=true isVisible=true isVisibleRequested=true isSleeping=false topActivityInSizeCompat=false locusId=null displayAreaFeatureId=1 isTopActivityTransparent=false isTopActivityStyleFloating=false appCompatTaskInfo=AppCompatTaskInfo { topActivityInSizeCompat=false eligibleForLetterboxEducation= false isLetterboxEducationEnabled= false isLetterboxDoubleTapEnabled= false eligibleForUserAspectRatioButton= false topActivityBoundsLetterboxed= false isFromLetterboxDoubleTap= false topActivityLetterboxVerticalPosition= -1 topActivityLetterboxHorizontalPosition= -1 topActivityLetterboxWidth=1080 topActivityLetterboxHeight=2340 topActivityLetterboxAppWidth=1080 topActivityLetterboxAppHeight=2340 isUserFullscreenOverrideEnabled=false isSystemFullscreenOverrideEnabled=false hasMinAspectRatioOverride=false cameraCompatTaskInfo=CameraCompatTaskInfo { freeformCameraCompatMode=inactive} topActivityBounds=null topActivityInDisplayCompat=false} originallySupportedMultiWindow=true hasWallpaper=false rootAffinity=10260:com.fceumm.wrapper isTopTaskInStage=false topActivityUiMode=17 CoverLauncherWidgetTask=false isAllowedSeamlessRotation=false isTopTransparentActivity=false snappingGuideBounds=Rect(81, 612 - 999, 1782) isAliasManaged=false hasConfigChanged=false isAiKeyRemoveAppTask=false}, pipTask = null, remoteTransition = null, displayChange = null, flags = 0, debugId = 1950 }
07-28 21:18:18.967  1525  7704 I Pageboost: stop alp
07-28 21:18:18.967  1525  7704 I ActivityTaskManager: START u0 {cmp=com.fceumm.wrapper/.SplashActivity} with LAUNCH_MULTIPLE from uid 10260 (BAL_ALLOW_VISIBLE_WINDOW) result code=0
07-28 21:18:18.967  3875  3875 E pageboostd: Received HALT command code 2
07-28 21:18:18.968  1525  2897 V WindowManager: Starting Transition 1950, caller=com.android.server.wm.WindowOrganizerController.startTransition:37 com.android.server.wm.WindowOrganizerController.startTransition:1 android.window.IWindowOrganizerController$Stub.onTransact:271 
07-28 21:18:18.968  1525  7704 V WindowManager: Collecting in transition 1950: ActivityRecord{71ad6bf u0 com.fceumm.wrapper/.MainActivity t2684 f}}, caller=com.android.server.wm.Transition.collectExistenceChange:42 com.android.server.wm.Transition.collectClose:7 com.android.server.wm.ActivityRecord.finishIfPossible:46 com.android.server.wm.ActivityClientController.finishActivity:225 android.app.IActivityClientController$Stub.onTransact:822 
07-28 21:18:18.969  1369  1369 I SurfaceFlinger: [ActivityRecord{a4d36e4 u0 com.fceumm.wrapper/.SplashActivity t2684}#29575] attach to parent LayerHierarchy{RequestedLayerState{Task=2684#29567 parentId=29571 z=7} 2 children}
07-28 21:18:18.976  8530  8530 I DecorView: setWindowBackground: isPopOver=false color=ffffffff d=android.graphics.drawable.ColorDrawable@e995f3b
07-28 21:18:18.979  1525  1626 D SGM:FgCheckThread: notePauseComponent(), received pkgName: com.fceumm.wrapper, userId: 0
07-28 21:18:18.979  1525  1626 D SGM:FgCheckThread: notePauseComponent(), received pkgName: com.fceumm.wrapper, userId: 0
07-28 21:18:18.979  1525  1626 D SGM:FgCheckThread: notifyFocusInOut(). of pkg: com.fceumm.wrapper, type: 20, isSecGameFamily: false, userId: 0
07-28 21:18:18.979  1525  2587 I CocktailBarManagerServiceContainer: handleMessage: entry what = 6
07-28 21:18:18.979  1525  2587 I CocktailBarManagerServiceImpl: notePauseComponent : no active host
07-28 21:18:18.979  1525  7704 V WindowManager: Collecting in transition 1950: ActivityRecord{71ad6bf u0 com.fceumm.wrapper/.MainActivity t2684 f}}, caller=com.android.server.wm.TransitionController.collect:7 com.android.server.wm.ActivityRecord.setVisibility:189 com.android.server.wm.TaskFragment.resumeTopActivity:1617 com.android.server.wm.Task.resumeTopActivityInnerLocked:98 com.android.server.wm.Task.resumeTopActivityUncheckedLocked:23 
07-28 21:18:18.979  1525  1626 D SGM:GameManager: identifyGamePackage. com.fceumm.wrapper, mCurrentUserId: 0, callerUserId: 0, callingMethodInfo: com.samsung.android.game.SemGameManager.isGamePackage(SemGameManager.java:105)
07-28 21:18:18.979  1525  1626 D SGM:SemGameManager: isGamePackage(), pkgName=com.fceumm.wrapper, ret=false
07-28 21:18:18.979  1525  1626 D SGM:FgCheckThread:   notifyFocusInOut(). unexpected type. 20
07-28 21:18:18.979  1525  7704 V WindowManager: rotationForOrientation(orient=SCREEN_ORIENTATION_UNSPECIFIED (-1), last=ROTATION_0 (0)); user=ROTATION_0 (0) 
07-28 21:18:18.979  1525  7704 D WindowManager: rotationForOrientation, orientationSource=ActivityRecord{a4d36e4 u0 com.fceumm.wrapper/.SplashActivity t2684}
07-28 21:18:18.980  1525  7704 V WindowManager: Computed rotation=ROTATION_0 (0) for display id=0 based on lastOrientation=SCREEN_ORIENTATION_UNSPECIFIED (-1) and oldRotation=ROTATION_0 (0), caller=com.android.server.wm.DisplayRotation.updateOrientation:25 com.android.server.wm.DisplayContent.updateOrientation:65 com.android.server.wm.DisplayContent.updateOrientation:11 com.android.server.wm.RootWindowContainer.ensureVisibilityAndConfig:7 com.android.server.wm.ActivityTaskSupervisor.realStartActivityLocked:213 com.android.server.wm.ActivityTaskSupervisor.startSpecificActivity:27 
07-28 21:18:18.980  1525  7704 D SGM:FgCheckThread: notifyAppCreated(), packageName: com.fceumm.wrapper, userId: 0, sendRet: true
07-28 21:18:18.980  1525  2471 D SGM:FgCheckThread: onLooperPrepared(), msg: MSG_APP_CREATE, pkgName: com.fceumm.wrapper, userId: 0
07-28 21:18:18.980  1525  7704 D InputDispatcher: Focused application(0): ActivityRecord{a4d36e4 u0 com.fceumm.wrapper/.SplashActivity t2684}
07-28 21:18:18.981  1525  7704 D ActivityTaskManager: scheduleTopResumedActivityChanged, onTop=true, r=ActivityRecord{a4d36e4 u0 com.fceumm.wrapper/.SplashActivity t2684}, caller=com.android.server.wm.ActivityTaskSupervisor.updateTopResumedActivityIfNeeded:62 com.android.server.wm.TaskFragment.setResumedActivity:29 com.android.server.wm.ActivityRecord.setState:104 com.android.server.wm.ActivityTaskSupervisor.realStartActivityLocked:949 com.android.server.wm.ActivityTaskSupervisor.startSpecificActivity:27 com.android.server.wm.TaskFragment.resumeTopActivity:2204 
07-28 21:18:18.981  1525  7704 D WindowManagerServiceExt: updateTaskbarTargetIfNeeded: cn=ComponentInfo{com.fceumm.wrapper/com.fceumm.wrapper.SplashActivity} occludesParent=true isInSplitScreenMode=false styleFloating=false
07-28 21:18:18.981  1525  7704 V WindowManager: SyncGroup 1950: Finished!
07-28 21:18:18.981  1525  7704 D ChangeTransitionController: onTransactionReady: TransitionRecord{1159a77 id=1950 type=OPEN flags=0x0}
07-28 21:18:18.981  1525  7704 V WindowManager: Start calculating TransitionInfo based on participants: {Window{5d2c624 u0 Splash Screen com.fceumm.wrapper}, ActivityRecord{71ad6bf u0 com.fceumm.wrapper/.MainActivity t2684 f}}, ActivityRecord{a4d36e4 u0 com.fceumm.wrapper/.SplashActivity t2684}}
07-28 21:18:18.981  1525  7704 V WindowManager:   Final targets: [ActivityRecord{a4d36e4 u0 com.fceumm.wrapper/.SplashActivity t2684}, ActivityRecord{71ad6bf u0 com.fceumm.wrapper/.MainActivity t2684 f}}]
07-28 21:18:18.982  1369  3477 I SurfaceFlinger: id=29576 createSurf, flag=84004, Transition Root: ActivityRecord{a4d36e4 u0 com.fceumm.wrapper/.SplashActivity t2684}#29576
07-28 21:18:18.983  1525  7704 I SurfaceControlRegistry: show, t=StartTransaction_SyncId<1950> sc=ActivityRecord{a4d36e4 u0 com.fceumm.wrapper/.SplashActivity t2684}, caller=android.view.SurfaceControl$Transaction.show:3232 com.android.server.wm.Transition.onTransactionReady:2273 com.android.server.wm.BLASTSyncEngine$SyncGroup.finishNow:195 com.android.server.wm.BLASTSyncEngine.onSurfacePlacement:269 com.android.server.wm.RootWindowContainer.performSurfacePlacementNoTrace:471 com.android.server.wm.RootWindowContainer.performSurfacePlacement:9 
07-28 21:18:18.983  1525  7704 I SurfaceControlRegistry: show, t=StartTransaction_SyncId<1950> sc=Task=2684, caller=android.view.SurfaceControl$Transaction.show:3232 com.android.server.wm.Transition.onTransactionReady:2300 com.android.server.wm.BLASTSyncEngine$SyncGroup.finishNow:195 com.android.server.wm.BLASTSyncEngine.onSurfacePlacement:269 com.android.server.wm.RootWindowContainer.performSurfacePlacementNoTrace:471 com.android.server.wm.RootWindowContainer.performSurfacePlacement:9 
07-28 21:18:18.983  1525  7704 I SurfaceControlRegistry: show, t=StartTransaction_SyncId<1950> sc=DefaultTaskDisplayArea_d0, caller=android.view.SurfaceControl$Transaction.show:3232 com.android.server.wm.Transition.onTransactionReady:2300 com.android.server.wm.BLASTSyncEngine$SyncGroup.finishNow:195 com.android.server.wm.BLASTSyncEngine.onSurfacePlacement:269 com.android.server.wm.RootWindowContainer.performSurfacePlacementNoTrace:471 com.android.server.wm.RootWindowContainer.performSurfacePlacement:9 
07-28 21:18:18.983  1525  7704 I SurfaceControlRegistry: show, t=StartTransaction_SyncId<1950> sc=FullscreenMagnification:2:12, caller=android.view.SurfaceControl$Transaction.show:3232 com.android.server.wm.Transition.onTransactionReady:2300 com.android.server.wm.BLASTSyncEngine$SyncGroup.finishNow:195 com.android.server.wm.BLASTSyncEngine.onSurfacePlacement:269 com.android.server.wm.RootWindowContainer.performSurfacePlacementNoTrace:471 com.android.server.wm.RootWindowContainer.performSurfacePlacement:9 
07-28 21:18:18.983  1525  7704 I SurfaceControlRegistry: show, t=StartTransaction_SyncId<1950> sc=OneHanded:0:14, caller=android.view.SurfaceControl$Transaction.show:3232 com.android.server.wm.Transition.onTransactionReady:2300 com.android.server.wm.BLASTSyncEngine$SyncGroup.finishNow:195 com.android.server.wm.BLASTSyncEngine.onSurfacePlacement:269 com.android.server.wm.RootWindowContainer.performSurfacePlacementNoTrace:471 com.android.server.wm.RootWindowContainer.performSurfacePlacement:9 
07-28 21:18:18.983  1525  7704 I SurfaceControlRegistry: show, t=StartTransaction_SyncId<1950> sc=HideDisplayCutout:0:14, caller=android.view.SurfaceControl$Transaction.show:3232 com.android.server.wm.Transition.onTransactionReady:2300 com.android.server.wm.BLASTSyncEngine$SyncGroup.finishNow:195 com.android.server.wm.BLASTSyncEngine.onSurfacePlacement:269 com.android.server.wm.RootWindowContainer.performSurfacePlacementNoTrace:471 com.android.server.wm.RootWindowContainer.performSurfacePlacement:9 
07-28 21:18:18.983  1525  7704 I SurfaceControlRegistry: show, t=StartTransaction_SyncId<1950> sc=WindowedMagnification:0:31, caller=android.view.SurfaceControl$Transaction.show:3232 com.android.server.wm.Transition.onTransactionReady:2300 com.android.server.wm.BLASTSyncEngine$SyncGroup.finishNow:195 com.android.server.wm.BLASTSyncEngine.onSurfacePlacement:269 com.android.server.wm.RootWindowContainer.performSurfacePlacementNoTrace:471 com.android.server.wm.RootWindowContainer.performSurfacePlacement:9 
07-28 21:18:18.983  1525  7704 I SurfaceControlRegistry: show, t=StartTransaction_SyncId<1950> sc=Display 0 name="cran intgr", caller=android.view.SurfaceControl$Transaction.show:3232 com.android.server.wm.Transition.onTransactionReady:2300 com.android.server.wm.BLASTSyncEngine$SyncGroup.finishNow:195 com.android.server.wm.BLASTSyncEngine.onSurfacePlacement:269 com.android.server.wm.RootWindowContainer.performSurfacePlacementNoTrace:471 com.android.server.wm.RootWindowContainer.performSurfacePlacement:9 
07-28 21:18:18.983  1525  7704 V WindowManager: Calling onTransitionReady: {id=1950 t=OPEN f=0x0 trk=0 r=[0@Point(0, 0)] c=[
07-28 21:18:18.983  1525  7704 V WindowManager:         {null m=OPEN f=STARTING_WINDOW_TRANSFER|FILLS_TASK|IS_BEHIND_STARTING_WINDOW|IS_ACTIVITY leash=Surface(name=ActivityRecord{a4d36e4 u0 com.fceumm.wrapper/.SplashActivity t2684})/@0x42f616f sb=Rect(0, 0 - 0, 0) eb=Rect(0, 0 - 1080, 2340) d=-1->0 r=-1->0:-1 bc=ffffffff component=com.fceumm.wrapper/.SplashActivity inset=Rect(0, 0 - 0, 0) dim=true taskIdForActivity=2684},
07-28 21:18:18.983  1525  7704 V WindowManager:         {null m=CLOSE f=FILLS_TASK|IS_BEHIND_STARTING_WINDOW|IS_OCCLUDED|IS_ACTIVITY|EDGE_EXTENSION_RESTRICTION leash=Surface(name=ActivityRecord{71ad6bf u0 com.fceumm.wrapper/.MainActivity t2684})/@0xcd0fc4e sb=Rect(0, 0 - 1080, 2340) eb=Rect(0, 0 - 1080, 2340) d=0 bc=ffffffff component=com.fceumm.wrapper/.MainActivity inset=Rect(0, 0 - 0, 0) taskIdForActivity=2684}
07-28 21:18:18.983  1525  7704 V WindowManager:     ]}
07-28 21:18:18.984  2762 19008 V WindowManagerShell: onTransitionReady(transaction=6549825290966)
