07-28 21:18:16.828  3284  5434 I VRI[LauncherActivity]@3f57eb9: mWNT: t=0xb400007483edb750 mBlastBufferQueue=0xb400007343ef1230 fn= 2 HdrRenderState mRenderHdrSdrRatio=1.0 caller= com.android.systemui.shared.launcher.ViewRootImplCompat.mergeWithNextTransaction:4 com.honeyspace.transition.utils.SurfaceTransactionApplier.scheduleApply$lambda$1:26 com.honeyspace.transition.utils.SurfaceTransactionApplier.b:0 
07-28 21:18:16.828  1525  1623 V WindowManager: Sent Transition (#1948) createdAt=07-28 21:18:16.754 via request=TransitionRequestInfo { type = CLOSE, triggerTask = null, pipTask = null, remoteTransition = null, displayChange = null, flags = 0, debugId = 1948 }
07-28 21:18:16.828  1525  1623 V WindowManager:     startWCT=WindowContainerTransaction { changes = {} hops = [] errorCallbackToken=null taskFragmentOrganizer=null }
07-28 21:18:16.828  1525  1623 V WindowManager:     info={id=1948 t=CLOSE f=0x0 trk=0 r=[0@Point(0, 0)] c=[
07-28 21:18:16.828  1525  1623 V WindowManager:         {WCT{RemoteToken{5cb4ea3 Task{fd416e7 #1 type=home}}} m=TO_FRONT f=SHOW_WALLPAPER|MOVE_TO_TOP|EDGE_EXTENSION_RESTRICTION leash=Surface(name=Task=1)/@0x971338c sb=Rect(0, 0 - 1080, 2340) eb=Rect(0, 0 - 1080, 2340) d=0 taskParent=-1 inset=Rect(0, 99 - 0, 45)},
07-28 21:18:16.828  1525  1623 V WindowManager:         {WCT{RemoteToken{de439c7 Task{9901882 #2683 type=standard A=10260:com.fceumm.wrapper}}} m=TO_BACK f=EDGE_EXTENSION_RESTRICTION leash=Surface(name=Task=2683)/@0xc3b65e1 sb=Rect(0, 0 - 1080, 2340) eb=Rect(0, 0 - 1080, 2340) d=0 taskParent=-1 inset=Rect(0, 0 - 0, 0) dim=true},
07-28 21:18:16.828  1525  1623 V WindowManager:         {null m=TO_FRONT f=IS_WALLPAPER p=WCT{RemoteToken{356bee2 RemoteWallpaperAnim:1:1@13240420}} leash=Surface(name=WallpaperWindowToken{fee635 token=android.os.Binder@7b25c9b})/@0xb10205d sb=Rect(0, 0 - 1080, 2340) eb=Rect(0, 0 - 1080, 2340) d=0 inset=Rect(0, 0 - 0, 0)}
07-28 21:18:16.828  1525  1623 V WindowManager:     ]}
07-28 21:18:16.829  2762  2815 V WindowManagerShell:  animated by com.android.wm.shell.transition.RemoteTransitionHandler@45d3aa0
07-28 21:18:16.829  1525  2897 D WindowManager: finishDrawingWindow: Window{b5bd250 u0 com.sec.android.app.launcher/com.sec.android.app.launcher.activities.LauncherActivity} mDrawState=HAS_DRAWN seqId=0
07-28 21:18:16.829  1525  5395 D WindowManager: finishDrawingWindow: Window{24fe429 u0 (1-1)-Window{483b2e4 alpha=1.0 fl=}} mDrawState=DRAW_PENDING seqId=0
07-28 21:18:16.829  3284  3471 I HoneySpace.RecentTasks: onRecentTasksChanged
07-28 21:18:16.831  3284  3284 I HoneySpace.RectFAnimation: animateToFinalPosition RectF(0.0, 0.0, 1080.0, 2340.0)
07-28 21:18:16.831  3284  3284 I HoneySpace.RectFAnimation: animateToFinalPosition RectF(0.0, 1.1520996, 1080.0, 2341.152)
07-28 21:18:16.831  3284  3284 I HoneySpace.RectFAnimation: animateToFinalPosition RectF(1.9714355, 3.9053345, 1078.0286, 2333.4038)
07-28 21:18:16.831  1369  1369 I SurfaceFlinger: Layer [Surface(name=569e615 StatusBar)/@0x6[...]tion-leash of insets_animation#29558] hidden!! flag(0)
07-28 21:18:16.831  1369  1369 I SurfaceFlinger: Layer [Surface(name=c34a82d NavigationBar0)[...]tion-leash of insets_animation#29559] hidden!! flag(0)
07-28 21:18:16.831  1369  1369 E SurfaceFlinger: alpha changed 0.000 -> 1.000 - Surface(name=Task=1)/@0xcb4aa57_transition-leash#29562
07-28 21:18:16.831  3284  3284 I HoneySpace.FloatingAnimator: container x: 0.17850712, y: 0.13303003, scale : 0.9993358
07-28 21:18:16.831  3284  3284 I HoneySpace.RectFAnimation: animateToFinalPosition RectF(1.9714355, 3.9053345, 1078.0286, 2333.4038)
07-28 21:18:16.831  1525  2466 D InputMethodManagerService: isImeSwitcherDisabledPackage : false
07-28 21:18:16.832  1369  1369 W Layer   : gatherBufferInfo: Received unknown dataspace from gralloc
07-28 21:18:16.833  3284  5433 I VRI[LauncherActivity]@3f57eb9: mWNT: t=0xb400007483ef5450 mBlastBufferQueue=0xb400007343ef1230 fn= 3 HdrRenderState mRenderHdrSdrRatio=1.0 caller= com.android.systemui.shared.launcher.ViewRootImplCompat.mergeWithNextTransaction:4 com.honeyspace.transition.utils.SurfaceTransactionApplier.scheduleApply$lambda$1:26 com.honeyspace.transition.utils.SurfaceTransactionApplier.b:0 
07-28 21:18:16.833 30781 30781 I bnao    : (REDACTED) onApplyWindowInsets: systemWindowInsets=%s
07-28 21:18:16.833 30781 30781 I bnao    : (REDACTED) onApplyWindowInsets: systemWindowInsets=%s
07-28 21:18:16.834  1525  1627 V WindowManager: performShowLocked: mDrawState=HAS_DRAWN in Window{24fe429 u0 (1-1)-Window{483b2e4 alpha=1.0 fl=}}
07-28 21:18:16.834 30781 30781 D VRI[0 fl=}]@12f7680: Setup new sync=wmsSync-VRI[0 fl=}]@12f7680#26
07-28 21:18:16.834 30781 30781 I VRI[0 fl=}]@12f7680: Creating new active sync group VRI[0 fl=}]@12f7680#27
07-28 21:18:16.835  1525  2466 D InputMethodManagerService: shouldShowImeSwitcherLocked : checking vis : 3
07-28 21:18:16.835  1525  1626 D PowerManagerService: [api] setScreenDimDurationOverrideFromWindowManagerInternal: timeoutMillis: 200000
07-28 21:18:16.835 30781 30781 D VRI[0 fl=}]@12f7680: registerCallbacksForSync syncBuffer=false
07-28 21:18:16.835  1525  1626 V WindowManager: Unknown focus tokens, dropping reportFocusChanged
07-28 21:18:16.835  1525  1626 W ActivityManager: setHasOverlayUi called on unknown pid: 8031
07-28 21:18:16.836 30781  1963 D VRI[0 fl=}]@12f7680: Received frameDrawingCallback syncResult=0 frameNum=2.
07-28 21:18:16.836 30781  1963 I VRI[0 fl=}]@12f7680: Setting up sync and frameCommitCallback
07-28 21:18:16.837 30781  1875 I VRI[0 fl=}]@12f7680: Received frameCommittedCallback lastAttemptedDrawFrameNum=2 didProduceBuffer=true
07-28 21:18:16.838  3284  3471 I HoneySpace.HistoryViewModel@104049178@OneUI: Illegal access. Unknown type. skip load history items
07-28 21:18:16.838 30781 30781 D VRI[0 fl=}]@12f7680: reportDrawFinished seqId=0
07-28 21:18:16.838  1525  5749 D WindowManager: finishDrawingWindow: Window{24fe429 u0 (1-1)-Window{483b2e4 alpha=1.0 fl=}} mDrawState=HAS_DRAWN seqId=0
07-28 21:18:16.839  2762  2762 D SystemUIService: SYSUI_RAM_OPTIMIZATION onTrimMemory=20
07-28 21:18:16.839  1369  1369 D SurfaceFlinger: Display 4630947232161729154 HWC layers:
07-28 21:18:16.839  1369  1369 D SurfaceFlinger:        DEVICE |   0xb40000788b17a070 | 0000 | RGBA_8888    |    0.0    0.0 1080.0 2340.0 |    0    0 1080 2340 | Wallpaper BBQ wrapper 5_system#72 (19)
07-28 21:18:16.839  1369  1369 D SurfaceFlinger:        DEVICE |   0xb40000788b1bf130 | 0001 | RGBA_8888    |    0.0    0.0 1080.0 2340.0 |    0    0 1080 2340 | com.sec.android.app.launcher/com.sec[...]ivities.LauncherActivity$_3284#29557 (2)
07-28 21:18:16.839  1369  1369 D SurfaceFlinger:        CLIENT |                      | 0003 | Unknown      |    0.0    0.0    0.0    0.0 |    0    0 1080 2340 | Background for SurfaceView[com.fceum[...]m.wrapper.EmulationActivity]@0#29550
07-28 21:18:16.839  1369  1369 D SurfaceFlinger:        CLIENT |   0xb40000788b1baed0 | 0002 | RGBx_8888    |    0.0    0.0 1080.0 2340.0 |    0    0 1080 2340 | SurfaceView[com.fceumm.wrapper/com.f[...]er.EmulationActivity]@0(BLAST)#29549 (11497)
07-28 21:18:16.839  1369  1369 D SurfaceFlinger:        CLIENT |   0xb40000788b1b8650 | 0001 | RGBA_8888    |    0.0    0.0 1080.0 2340.0 |    0    0 1080 2340 | com.fceumm.wrapper/com.fceumm.wrapper.EmulationActivity$_8031#29544 (3)
07-28 21:18:16.839  1369  1369 D SurfaceFlinger:        DEVICE |   0xb40000788b1a5f90 | 0001 | RGBA_8888    | 
07-28 21:18:16.839  1369  1369 D SurfaceFlinger:    0.0    0.0 1080.0   99.0 |    0 2241 1080 2340 | NavigationBar0$_2762#95 (178730)
07-28 21:18:16.839  1369  1369 D SurfaceFlinger:        DEVICE |   0xb40000788b1b73c0 | 0041 | RGBA_8888    |    0.0    0.0 1080.0  121.0 |    0    0 1080  121 | ScreenDecorOverlay$_2762#107 (3436)
07-28 21:18:16.839  1369  1369 D SurfaceFlinger:        DEVICE |   0xb40000788b194650 | 0041 | RGBA_8888    |    0.0    0.0 1080.0  121.0 |    0 2219 1080 2340 | ScreenDecorOverlayBottom$_2762#108 (1387)
07-28 21:18:16.839  1369  1369 D SurfaceFlinger: 
07-28 21:18:16.839  2762  2762 D CentralSurfaces: SYSUI_RAM_OPTIMIZATION onTrimMemory=20
07-28 21:18:16.839  3284  3284 I HoneySpace.RectFAnimation: animateToFinalPosition RectF(1.9714355, 8.742371, 1078.0286, 2338.241)
07-28 21:18:16.839  3284  3284 I HoneySpace.RectFAnimation: animateToFinalPosition RectF(9.909424, 19.803345, 1070.0906, 2307.1133)
07-28 21:18:16.840  1369  3759 D NativeSemDvfsManager: acquire:: timeout = 2000 mIsAcquired = 1  mTagName : SurfaceFlinger 
07-28 21:18:16.840  3284  3284 I HoneySpace.FloatingAnimator: container x: 1.1015384, y: 1.0757816, scale : 0.996285
07-28 21:18:16.840  2762  2917 D HWUI    : CacheManager::trimMemory(20)
07-28 21:18:16.840  1369  3759 E NativeCustomFrequencyManager: [NativeCFMS] BpCustomFrequencyManager::acquire()
07-28 21:18:16.840  3284  3284 I HoneySpace.RectFAnimation: animateToFinalPosition RectF(9.375549, 19.803345, 1069.5566, 2307.1133)
07-28 21:18:16.840  1525  2911 D InputDispatcher: Focus entered window (0): b5bd250 com.sec.android.app.launcher/com.sec.android.app.launcher.activities.LauncherActivity
07-28 21:18:16.840  1369  1369 W Layer   : gatherBufferInfo: Received unknown dataspace from gralloc
07-28 21:18:16.840  1369  1369 W Layer   : gatherBufferInfo: Received unknown dataspace from gralloc
07-28 21:18:16.840  1369  1369 D SurfaceFlinger: GPIS:: requestGPISForClientComposition
07-28 21:18:16.842  1196  1358 I HYPER-HAL: [RequestManager.cpp]acquire(): Acquired ID : 2808265  [1369 / 1000]    HINT : SF_GPU_MINLOCK    list : [TIMEOUT / 2000] 
07-28 21:18:16.842  3284  5434 I VRI[LauncherActivity]@3f57eb9: mWNT: t=0xb400007483ed0a10 mBlastBufferQueue=0xb400007343ef1230 fn= 4 HdrRenderState mRenderHdrSdrRatio=1.0 caller= com.android.systemui.shared.launcher.ViewRootImplCompat.mergeWithNextTransaction:4 com.honeyspace.transition.utils.SurfaceTransactionApplier.scheduleApply$lambda$1:26 com.honeyspace.transition.utils.SurfaceTransactionApplier.b:0 
07-28 21:18:16.842  3284  3284 I InputMethodManager: startInputInner - IInputMethodManagerGlobalInvoker.startInputOrWindowGainedFocus
07-28 21:18:16.844  1525  2465 D InputMethodManagerService: setWindowStateInner, windowToken=android.os.BinderProxy@d911013, state=ImeTargetWindowState{ imeToken null imeFocusChanged true hasEditorFocused false requestedImeVisible false imeDisplayId 0 softInputModeState STATE_UNSPECIFIED|ADJUST_NOTHING isStartInputByGainFocus true}
07-28 21:18:16.844  1525  2465 V InputMethodManagerService: Unspecified window will hide input
07-28 21:18:16.844  1525  2465 I ImeTracker: com.sec.android.app.launcher:ac0db112: onRequestHide at ORIGIN_SERVER reason HIDE_UNSPECIFIED_WINDOW fromUser false
07-28 21:18:16.844  1525  2465 V InputMethodManagerService: applyImeVisibility state=6
07-28 21:18:16.844  1525  2465 D InputMethodManagerService: setWindowStateInner, windowToken=android.os.BinderProxy@d911013, state=ImeTargetWindowState{ imeToken android.os.Binder@3c3ef79 imeFocusChanged true hasEditorFocused false requestedImeVisible false imeDisplayId 0 softInputModeState STATE_UNSPECIFIED|ADJUST_NOTHING isStartInputByGainFocus true}
07-28 21:18:16.844  1525  2465 I ImeTracker: com.sec.android.app.launcher:ac0db112: onCancelled at PHASE_SERVER_SHOULD_HIDE
07-28 21:18:16.844  1525  2465 V InputMethodManagerService: hideCurrentInputLocked : canceled, shouldHideSoftInput=false, mInputShown=false, mImeWindowVis=0
07-28 21:18:16.844  1525  2465 D InputMethodManagerService: DESKTOP MODE! : 2
07-28 21:18:16.844  1525  2465 D InputMethodManagerService: NOT IN KNOX DESKTOP MODE!
07-28 21:18:16.844  1525  2465 V InputMethodManagerService: semComputeImeDisplayIdForTarget: displayId=0
07-28 21:18:16.844  1525  2465 D InputMethodManagerService: isImeSwitcherDisabledPackage : false
07-28 21:18:16.844  1525  2465 D InputMethodManagerService: shouldShowImeSwitcherLocked : checking vis : 3
07-28 21:18:16.844  1525  2465 D InputMethodManagerService: checkDisplayOfStartInputAndUpdateKeyboard: displayId=0, mFocusedDisplayId=0
07-28 21:18:16.844  1525  2465 D InputTransport: Input channel constructed: 'ClientS', fd=1190
07-28 21:18:16.844  1525  2465 D InputTransport: Input channel destroyed: 'ClientS', fd=1190
07-28 21:18:16.845  3284  6483 E AppIconSolution: Couldn't get theme package resources, package is null
07-28 21:18:16.845  3284  6483 I AppIconSolution: load= live icon for com.sec.android.app.clockpackage, from overlay = false
07-28 21:18:16.846  3284 24470 I AppIconSolution: getThemeIconWithBG called with public API, pkg = com.fceumm.wrapper, mode = 48
07-28 21:18:16.846  3284 24470 I AppIconSolution: return adaptive icon for com.fceumm.wrapper, isNight = false
07-28 21:18:16.846  3284  6483 I LauncherActivityInfo: packageName: com.sec.android.app.clockpackage, useThemeIcon: false, height: 288, width: 288, density: 640
07-28 21:18:16.848  3284  3284 I HoneySpace.RectFAnimation: animateToFinalPosition RectF(9.375549, 27.875488, 1069.5566, 2315.1855)
07-28 21:18:16.848 22118 22118 D BoundBrokerSvc: onRebind: Intent { act=com.google.android.gms.inappreach.service.START dat=chimera-action:/... cmp=com.google.android.gms/.chimera.GmsApiService }
07-28 21:18:16.848  1369  1369 I SurfaceFlinger: Layer [(1-1)-Window{483b2e4 alpha=1.0 fl=}$_30781#29560] hidden!! flag(0)
07-28 21:18:16.849 20209 20209 I GoogleInputMethodService: GoogleInputMethodService.onFinishInput():2051 
07-28 21:18:16.849  1525  5749 D RestrictionPolicy: isScreenCaptureEnabled : ret=true userId=0
07-28 21:18:16.849  1525  5749 I WindowManager: Cancelling animation restarting=true, leash=Surface(name=Surface(name=8469c25 InputMethod)/@0xc2a63ab - animation-leash of insets_animation)/@0x3784a63
07-28 21:18:16.849  1525  5749 I WindowManager: Reparenting to original parent: Surface(name=WindowToken{c4acf1b type=2011 android.os.Binder@69c252a})/@0x9acba08, destroy=false, syncState=0, syncCommitDepth=0, surface=Surface(name=8469c25 InputMethod)/@0xc2a63ab
07-28 21:18:16.849  1525  5749 I WindowManager: Reparenting to leash, surface=Surface(name=8469c25 InputMethod)/@0xc2a63ab, syncState=0, syncCommitDepth=0, leashParent=Surface(name=WindowToken{c4acf1b type=2011 android.os.Binder@69c252a})/@0x9acba08
07-28 21:18:16.849 20209 20209 I Module  : DeviceLockedStatusModuleProvider$Module.updateDeviceLockedStatus():100 repeatCheckTimes = 0, locked = false
07-28 21:18:16.849 20209 20209 D InputMethodService: unregisterCompatOnBackInvokedCallback return because registered : false
07-28 21:18:16.849 20209 20209 D InputMethodService: updateClientDisplayId: displayId=0, mClientDisplayId=0
07-28 21:18:16.849  3284 24470 I LauncherActivityInfo: packageName: com.fceumm.wrapper, useThemeIcon: false, height: 216, width: 216, density: 640
07-28 21:18:16.849  3284  3284 I HoneySpace.RectFAnimation: animateToFinalPosition RectF(22.042358, 45.462463, 1056.8899, 2265.6926)
07-28 21:18:16.849 20209 20209 I GoogleInputMethodService: GoogleInputMethodService.onStartInput():1311 onStartInput(EditorInfo{EditorInfo{packageName=com.sec.android.app.launcher, inputType=0, inputTypeString=NULL, enableLearning=false, autoCorrection=false, autoComplete=false, imeOptions=0, privateImeOptions=null, actionName=UNSPECIFIED, actionLabel=null, initialSelStart=-1, initialSelEnd=-1, initialCapsMode=0, label=null, fieldId=0, fieldName=null, extras=Bundle[{isTextEditor=false, displayId=0}], hintText=null, hintLocales=[]}}, false)
07-28 21:18:16.850  3284  3284 I HoneySpace.FloatingAnimator: container x: 3.1987839, y: 3.9004931, scale : 0.9903692
07-28 21:18:16.850  3284  3284 I HoneySpace.RectFAnimation: animateToFinalPosition RectF(20.54895, 45.462463, 1055.3965, 2265.6926)
07-28 21:18:16.850  1369  1423 I SurfaceFlinger: id=29564 createSurf, flag=24004, Surface(name=8469c25 InputMethod)/@0xc2a63ab - animation-leash of insets_animation#29564
07-28 21:18:16.851 20209 20209 I Module  : DeviceLockedStatusModuleProvider$Module.updateDeviceLockedStatus():100 repeatCheckTimes = 1, locked = false
07-28 21:18:16.851  1525  5395 W PackageConfigPersister: App-specific configuration not found for packageName: com.sec.android.app.launcher and userId: 0
07-28 21:18:16.851  1525  5749 D WindowManager: makeSurface duration=2 leash=Surface(name=Surface(name=8469c25 InputMethod)/@0xc2a63ab - animation-leash of insets_animation)/@0x27e546c
07-28 21:18:16.851  1525  5749 D InsetsSourceProvider: updateControlForTarget: control=InsetsSourceControl: {3 mType=ime mSurfacePosition=Point(0, 99) mInsetsHint=Insets{left=0, top=0, right=0, bottom=1075}}, target=Window{b5bd250 u0 com.sec.android.app.launcher/com.sec.android.app.launcher.activities.LauncherActivity}, from=com.android.server.wm.ImeInsetsSourceProvider.updateControlForTarget:17 com.android.server.wm.InsetsStateController.onControlTargetChanged:81 com.android.server.wm.DisplayContent.updateImeControlTarget:21 com.android.server.wm.DisplayContent.updateImeInputAndControlTarget:81 com.android.server.wm.WindowManagerService$LocalService.updateInputMethodTargetWindow:21 
07-28 21:18:16.851  8457  8457 I lix.mediaclient: Using CollectorTypeCC GC.
07-28 21:18:16.853  3284  5433 I VRI[LauncherActivity]@3f57eb9: mWNT: t=0xb400007483f5fe90 mBlastBufferQueue=0xb400007343ef1230 fn= 5 HdrRenderState mRenderHdrSdrRatio=1.0 caller= com.android.systemui.shared.launcher.ViewRootImplCompat.mergeWithNextTransaction:4 com.honeyspace.transition.utils.SurfaceTransactionApplier.scheduleApply$lambda$1:26 com.honeyspace.transition.utils.SurfaceTransactionApplier.b:0 
07-28 21:18:16.853  3284  6483 I HoneySpace.LiveIconSupplier: updateIcon - 64, CLOCK, true - 21:18, view: #ce44d08, parent: ApplistCellLayout#748a860
07-28 21:18:16.853  3284 24470 I HoneySpace.AdaptiveIconDrawable: AdaptiveIconDrawable to BitmapDrawable: 3.439636ms
07-28 21:18:16.853  3284 24470 I HoneySpace.WallpaperAnimator: createWallpaperSurface
07-28 21:18:16.855  1525  5749 I WindowManager: Reparenting to leash, surface=Surface(name=RemoteWallpaperAnim:1:1)/@0xc736a60, syncState=0, syncCommitDepth=0, leashParent=Surface(name=OneHanded:0:14)/@0xdcdbb19
07-28 21:18:16.855  1369  1423 I SurfaceFlinger: id=29565 createSurf, flag=24000, Surface(name=RemoteWallpaperAnim:1:1)/@0xc736a60 - animation-leash of remote_wallpaper#29565
07-28 21:18:16.855  2762  2762 I WallpaperService: resized: system, reportDraw=false, forceLayout=false, displayId=0
07-28 21:18:16.855  2762  2762 I VRI[StatusBar]@756325e: handleResized, frames=ClientWindowFrames{frame=[0,0][1080,99] display=[0,0][1080,2340] parentFrame=[0,0][0,0]} displayId=0 dragResizing=false compatScale=1.0 frameChanged=false attachedFrameChanged=false configChanged=false displayChanged=false compatScaleChanged=false dragResizingChanged=false
07-28 21:18:16.855  2762  2762 I VRI[NavigationBar0]@1459cd8: handleResized, frames=ClientWindowFrames{frame=[0,2196][1080,2340] display=[0,0][1080,2340] parentFrame=[0,0][0,0]} displayId=0 dragResizing=false compatScale=1.0 frameChanged=false attachedFrameChanged=false configChanged=false displayChanged=false compatScaleChanged=false dragResizingChanged=false
07-28 21:18:16.855  2762  2762 I VRI[ScreenDecorOverlay]@2675291: Resizing android.view.ViewRootImpl@da25089: frame = [0,0][1080,121] reportDraw = false forceLayout = false syncSeqId = -1
07-28 21:18:16.855  2762  2762 I VRI[ScreenDecorOverlayBottom]@13dc000: Resizing android.view.ViewRootImpl@16d03fa: frame = [0,2219][1080,2340] reportDraw = false forceLayout = false syncSeqId = -1
07-28 21:18:16.856  1525  5749 D WindowManager: makeSurface duration=0 leash=Surface(name=Surface(name=RemoteWallpaperAnim:1:1)/@0xc736a60 - animation-leash of remote_wallpaper)/@0x96f14b1
07-28 21:18:16.856  1525  5749 D WindowManager: startAnimation for remote wallpaper, leash=Surface(name=Surface(name=RemoteWallpaperAnim:1:1)/@0xc736a60 - animation-leash of remote_wallpaper)/@0x96f14b1
07-28 21:18:16.856  1525  5749 D WindowManager: startRemoteWallpaperAnimation, d=0, leash=Surface(name=Surface(name=RemoteWallpaperAnim:1:1)/@0xc736a60 - animation-leash of remote_wallpaper)/@0x96f14b1
07-28 21:18:16.856  1369  1369 D SurfaceFlinger: Display 4630947232161729154 HWC layers:
07-28 21:18:16.856  1369  1369 D SurfaceFlinger:        DEVICE |   0xb40000788b17a070 | 0000 | RGBA_8888    |    0.0    0.0 1080.0 2340.0 |    0    0 1080 2340 | Wallpaper BBQ wrapper 5_system#72 (19)
07-28 21:18:16.856  1369  1369 D SurfaceFlinger:        DEVICE |   0xb40000788b1c7b90 | 0001 | RGBA_8888    |    0.0    0.0 1080.0 2340.0 |    0    0 1080 2340 | com.sec.android.app.launcher/com.sec[...]ivities.LauncherActivity$_3284#29557 (3)
07-28 21:18:16.856  1369  1369 D SurfaceFlinger:        CLIENT |                      | 0003 | Unknown      |    0.0    0.0    0.0    0.0 |    0    0 1079 2338 | Background for SurfaceView[com.fceum[...]m.wrapper.EmulationActivity]@0#29550
07-28 21:18:16.856  1369  1369 D SurfaceFlinger:        CLIENT |   0xb40000788b1baed0 | 0002 | RGBx_8888    |    0.0    0.0 1080.0 2339.0 |    0    0 1079 2338 | SurfaceView[com.fceumm.wrapper/com.f[...]er.EmulationActivity]@0(BLAST)#29549 (11497)
07-28 21:18:16.856  1369  1369 D SurfaceFlinger:        CLIENT |   0xb40000788b1b8650 | 0001 | RGBA_8888    |    0.0    0.0 1080.0 2339.0 |    0    0 1079 2338 | com.fceumm.wrapper/com.fceumm.wrapper.EmulationActivity$_8031#29544 (3)
07-28 21:18:16.856  1369  1369 D SurfaceFlinger:        DEVICE |   0xb40000788b1a4130 | 0001 | RGBA_8888    | 
07-28 21:18:16.856  1369  1369 D SurfaceFlinger:    0.0   97.0 1080.0   99.0 |    0    0 1080    2 | StatusBar$_2762#99 (66354)
07-28 21:18:16.856  1369  1369 D SurfaceFlinger:        DEVICE |   0xb40000788b1a5f90 | 0001 | RGBA_8888    |    0.0    0.0 1080.0   99.0 |    0 2241 1080 2340 | NavigationBar0$_2762#95 (178730)
07-28 21:18:16.856  1369  1369 D SurfaceFlinger:        DEVICE |   0xb40000788b1b73c0 | 0041 | RGBA_8888    |    0.0    0.0 1080.0  121.0 |    0    0 1080  121 | ScreenDecorOverlay$_2762#107 (3436)
07-28 21:18:16.856  1369  1369 D SurfaceFlinger:        DEVICE |   0xb40000788b194650 | 0041 | RGBA_8888    |    0.0    0.0 1080.0  121.0 |    0 2219 1080 2340 | ScreenDecorOverlayBottom$_2762#108 (1387)
07-28 21:18:16.856  1369  1369 D SurfaceFlinger: 
07-28 21:18:16.856  1369  1369 I SurfaceFlinger: [LayerHierarchy{RequestedLayerState{ImeContainer#16 parentId=135 relativeParentId=136 z=1} 1 children}] reparent to LayerHierarchy{RequestedLayerState{ActivityRecord{239a2fa u0 com.sec.android.app.launcher/.activities.LauncherActivity t2169}#135 parentId=134} 4 children}
07-28 21:18:16.857  1369  1369 I SurfaceFlinger: [LayerHierarchy{RequestedLayerState{ImeContainer#16 parentId=135 relativeParentId=136 z=1} 1 children}] RelativeParent to LayerHierarchy{RequestedLayerState{b5bd250 com.sec.android.app.launcher/com.sec.android.app.launcher.activities.LauncherActivity#136 parentId=135} 2 children}
07-28 21:18:16.857  1369  1369 I SurfaceFlinger: [LayerHierarchy{RequestedLayerState{8469c25 InputMethod#17037 parentId=29564} no children}] reparent to LayerHierarchy{RequestedLayerState{Surface(name=8469c25 InputMethod)/@0xc2a63ab - animation-leash of insets_animation#29564 parentId=17036} 1 children}
07-28 21:18:16.857  1369  1369 I SurfaceFlinger: [LayerHierarchy{RequestedLayerState{Surface(name=8469c25 InputMethod)/@0xc2a63ab - animation-leash of insets_animation#29556} no children}] reparent to OffscreenRoot
07-28 21:18:16.857  1369  1369 I SurfaceFlinger: [LayerHierarchy{RequestedLayerState{Surface(name=8469c25 InputMethod)/@0xc2a63ab - animation-leash of insets_animation#29556} no children}] RelativeParent to null
07-28 21:18:16.857  1369  1369 I SurfaceFlinger: [Surface(name=8469c25 InputMethod)/@0xc2a63ab - animation-leash of insets_animation#29564] attach to parent LayerHierarchy{RequestedLayerState{WindowToken{c4acf1b type=2011 android.os.Binder@69c252a}#17036 parentId=16} 1 children}
07-28 21:18:16.857  1369  1369 I SurfaceFlinger: [Surface(name=RemoteWallpaperAnim:1:1)/@0xc736a60 - animation-leash of remote_wallpaper#29565] attach to parent LayerHierarchy{RequestedLayerState{OneHanded:0:14#4 parentId=3} 5 children}
07-28 21:18:16.857  1369  1369 W Layer   : gatherBufferInfo: Received unknown dataspace from gralloc
07-28 21:18:16.857  2762  3786 I VRI[ScreenDecorOverlay]@2675291: handleResized, frames=ClientWindowFrames{frame=[0,0][1080,121] display=[0,0][1080,2340] parentFrame=[0,0][0,0]} displayId=0 dragResizing=false compatScale=1.0 frameChanged=false attachedFrameChanged=false configChanged=false displayChanged=false compatScaleChanged=false dragResizingChanged=false
07-28 21:18:16.857  2762  3786 I VRI[ScreenDecorOverlayBottom]@13dc000: handleResized, frames=ClientWindowFrames{frame=[0,2219][1080,2340] display=[0,0][1080,2340] parentFrame=[0,0][0,0]} displayId=0 dragResizing=false compatScale=1.0 frameChanged=false attachedFrameChanged=false configChanged=false displayChanged=false compatScaleChanged=false dragResizingChanged=false
07-28 21:18:16.857 30781 30781 I VRI[0 fl=}]@12f7680: handleResized, frames=ClientWindowFrames{frame=[0,0][1080,2340] display=[0,0][1080,2340] parentFrame=[0,0][0,0]} displayId=0 dragResizing=false compatScale=1.0 frameChanged=false attachedFrameChanged=false configChanged=false displayChanged=false compatScaleChanged=false dragResizingChanged=false
07-28 21:18:16.857  2762  3174 I WallpaperService: handleResized: which=5, reportDraw=false
07-28 21:18:16.858  2762  3174 I WallpaperService: updateSurface system forceRelayout=true forceReport=false redrawNeeded=false myWidth=-1 myHeight=-1 fixedSize=false x = 0 y = 0 mWidth=-1 mHeight=-1
07-28 21:18:16.858  3284  3284 I HoneySpace.RectFAnimation: animateToFinalPosition RectF(20.54895, 57.750122, 1055.3965, 2277.9802)
07-28 21:18:16.858  2762  3174 I WallpaperService: maxBounds : Rect(0, 0 - 1080, 2340) , mDeviceHeight : 2340, mDeviceWidth : 1080,mDeviceRotation  : 0
07-28 21:18:16.858  2762  3174 I WallpaperService: updateSurface: invoke Session.relayout
07-28 21:18:16.858  3284  3284 I HoneySpace.RectFAnimation: animateToFinalPosition RectF(38.936493, 83.185486, 1037.0089, 2206.4006)
07-28 21:18:16.858  3284  3284 I HoneySpace.FloatingAnimator: container x: 7.0305986, y: 9.96757, scale : 0.98059046
07-28 21:18:16.858  3284  3284 I HoneySpace.RectFAnimation: animateToFinalPosition RectF(36.29605, 83.185486, 1034.3685, 2206.4006)
07-28 21:18:16.859  1525  1627 I SurfaceControl: apply, lowDebugName=startRemoteWallpaperAnimation_243264918, caller=android.view.SurfaceControl$Transaction.apply:3122 android.view.SurfaceControl$Transaction.apply:3078 com.android.server.wm.WindowAnimator.animate:380 com.android.server.wm.WindowAnimator$$ExternalSyntheticLambda1.doFrame:14 android.view.Choreographer$CallbackRecord.run:1749 android.view.Choreographer$CallbackRecord.run:1760 
07-28 21:18:16.859  3959  3982 I adbd    : jdwp connection from 8457
07-28 21:18:16.859  1525  5749 V WindowManager: Relayout Window{d958e4f u0 com.android.systemui.wallpapers.ImageWallpaper}: viewVisibility=0 req=-1x-1 ty=2013 d0
07-28 21:18:16.861  3284  5434 I VRI[LauncherActivity]@3f57eb9: mWNT: t=0xb400007483f01310 mBlastBufferQueue=0xb400007343ef1230 fn= 6 HdrRenderState mRenderHdrSdrRatio=1.0 caller= com.android.systemui.shared.launcher.ViewRootImplCompat.mergeWithNextTransaction:4 com.honeyspace.transition.utils.SurfaceTransactionApplier.scheduleApply$lambda$1:26 com.honeyspace.transition.utils.SurfaceTransactionApplier.b:0 
07-28 21:18:16.861  3284  3284 I InsetsSourceConsumer: applyRequestedVisibilityToControl: visible=false, type=ime, host=com.sec.android.app.launcher/com.sec.android.app.launcher.activities.LauncherActivity
07-28 21:18:16.862  1525  5395 D InputMethodManagerService: isImeSwitcherDisabledPackage : false
07-28 21:18:16.862  3284  3284 I VRI[LauncherActivity]@3f57eb9: handleResized, frames=ClientWindowFrames{frame=[0,0][1080,2340] display=[0,0][1080,2340] parentFrame=[0,0][0,0]} displayId=0 dragResizing=false compatScale=1.0 frameChanged=false attachedFrameChanged=false configChanged=false displayChanged=false compatScaleChanged=false dragResizingChanged=false
07-28 21:18:16.862  1525  5749 V WindowManager: Relayout hash=d958e4f, pid=2762, syncId=-1: mAttrs={(0,0)(fillxfill) gr=TOP START CENTER layoutInDisplayCutoutMode=always ty=WALLPAPER fmt=RGBX_8888 wanim=0x1030323
07-28 21:18:16.862  1525  5749 V WindowManager:   fl=10318
07-28 21:18:16.862  1525  5749 V WindowManager:   pfl=14
07-28 21:18:16.862  1525  5749 V WindowManager:   bhv=1
07-28 21:18:16.862  1525  5749 V WindowManager:   frameRateBoostOnTouch=true
07-28 21:18:16.862  1525  5749 V WindowManager:   dvrrWindowFrameRateHint=true naviIconColor=0}
07-28 21:18:16.863  8457  8457 D nativeloader: Load libframework-connectivity-tiramisu-jni.so using APEX ns com_android_tethering for caller /apex/com.android.tethering/javalib/framework-connectivity-t.jar: ok
07-28 21:18:16.863 20209 20209 I InputMethodService: scheduleImeSurfaceRemoval: removeImeSurface is posted.
07-28 21:18:16.863  2762  3174 I BLASTBufferQueue_Java: update, w= 1080 h= 2340 mName = Wallpaper mNativeObject= 0xb400007343e81cf0 sc.mNativeObject= 0xb4000073c3e74650 format= 2 caller= android.service.wallpaper.WallpaperService$Engine.getOrCreateBLASTSurface:2887 android.service.wallpaper.WallpaperService$Engine.updateSurface:1643 android.service.wallpaper.WallpaperService$IWallpaperEngineWrapper.handleResized:3483 android.service.wallpaper.WallpaperService$IWallpaperEngineWrapper.executeMessage:3402 com.android.internal.os.HandlerCaller$MyHandler.handleMessage:44 android.os.Handler.dispatchMessage:107 
07-28 21:18:16.864  2762  3174 I BLASTBufferQueue: [Wallpaper#0](f:0,a:1,s:0) update width=1080 height=2340 format=2 mTransformHint=0
07-28 21:18:16.864  2762  2762 D NavigationBar: setImeWindowStatus displayId=0 vis=0 backDisposition=0 showImeSwitcher=false imeShown=false
07-28 21:18:16.864  3284  3284 I HoneySpace.RectFAnimation: animateToFinalPosition RectF(36.29605, 96.432556, 1034.3685, 2219.6477)
07-28 21:18:16.865  3284  3284 I HoneySpace.RectFAnimation: animateToFinalPosition RectF(55.21689, 122.49811, 1015.44763, 2146.2944)
07-28 21:18:16.865  1369  1369 E SurfaceFlinger: alpha changed 1.000 -> 0.000 - Surface(name=8469c25 InputMethod)/@0xc2a63ab - animation-leash of insets_animation#29564
07-28 21:18:16.865  1369  1369 I SurfaceFlinger: [LayerHierarchy{RequestedLayerState{RemoteWallpaperAnim:1:1#7 parentId=29565 z=1} 1 children}] reparent to LayerHierarchy{RequestedLayerState{Surface(name=RemoteWallpaperAnim:1:1)/@0xc736a60 - animation-leash of remote_wallpaper#29565 parentId=4} 1 children}
07-28 21:18:16.865  3284  3284 I HoneySpace.FloatingAnimator: container x: 12.820015, y: 20.44491, scale : 0.96698314
07-28 21:18:16.865  3284  3284 I HoneySpace.RectFAnimation: animateToFinalPosition RectF(52.16507, 122.49811, 1012.3959, 2146.2944)
07-28 21:18:16.865  1369  1369 W Layer   : gatherBufferInfo: Received unknown dataspace from gralloc
07-28 21:18:16.866  8457  8457 D ActivityThread: setConscryptValidator
07-28 21:18:16.866  8457  8457 D ActivityThread: setConscryptValidator - put
07-28 21:18:16.866  1525  1626 D WindowManager: mRunner#onAnimationStart for remote wallpaper=[android.view.RemoteAnimationTarget@9454d22], transaction=startRemoteWallpaperAnimation_243264918
07-28 21:18:16.868  3284  5433 I VRI[LauncherActivity]@3f57eb9: mWNT: t=0xb400007483eefb10 mBlastBufferQueue=0xb400007343ef1230 fn= 7 HdrRenderState mRenderHdrSdrRatio=1.0 caller= com.android.systemui.shared.launcher.ViewRootImplCompat.mergeWithNextTransaction:4 com.honeyspace.transition.utils.SurfaceTransactionApplier.scheduleApply$lambda$1:26 com.honeyspace.transition.utils.SurfaceTransactionApplier.b:0 
07-28 21:18:16.869  3284  3304 I HoneySpace.WallpaperAnimator: onAnimationStart, wallpapers: Surface(name=Surface(name=RemoteWallpaperAnim:1:1)/@0xc736a60 - animation-leash of remote_wallpaper)/@0xd9d472a
07-28 21:18:16.869  3284  3284 I HoneySpace.WallpaperAnimator: startWallpaperAnimation, isOpen-false, from:1.3, to:1.0, duration:1200
07-28 21:18:16.869  3284  3284 I HoneySpace.WallpaperAnimator: wallpaper animation start [203573531]
07-28 21:18:16.873  3284  3284 I HoneySpace.RectFAnimation: animateToFinalPosition RectF(52.16507, 139.47021, 1012.3959, 2163.2666)
07-28 21:18:16.873  3284  3284 I HoneySpace.RectFAnimation: animateToFinalPosition RectF(75.31033, 171.18832, 989.2506, 2074.006)
07-28 21:18:16.873  3284  3284 I HoneySpace.FloatingAnimator: container x: 20.905455, y: 35.862144, scale : 0.94835746
07-28 21:18:16.874  1369  1369 W Layer   : gatherBufferInfo: Received unknown dataspace from gralloc
07-28 21:18:16.874  3284  3284 I HoneySpace.RectFAnimation: animateToFinalPosition RectF(71.23953, 171.18832, 985.1798, 2074.006)
07-28 21:18:16.876  3284  5434 I VRI[LauncherActivity]@3f57eb9: mWNT: t=0xb400007483ebd0d0 mBlastBufferQueue=0xb400007343ef1230 fn= 8 HdrRenderState mRenderHdrSdrRatio=1.0 caller= com.android.systemui.shared.launcher.ViewRootImplCompat.mergeWithNextTransaction:4 com.honeyspace.transition.utils.SurfaceTransactionApplier.scheduleApply$lambda$1:26 com.honeyspace.transition.utils.SurfaceTransactionApplier.b:0 
07-28 21:18:16.878  8457  8457 D ApplicationLoaders: Returning zygote-cached class loader: /system/framework/org.apache.http.legacy.jar
07-28 21:18:16.878  8457  8457 D ApplicationLoaders: Returning zygote-cached class loader: /system_ext/framework/androidx.window.extensions.jar
07-28 21:18:16.878  8457  8457 D ApplicationLoaders: Returning zygote-cached class loader: /system_ext/framework/androidx.window.sidecar.jar
07-28 21:18:16.881  3284  3284 I HoneySpace.RectFAnimation: animateToFinalPosition RectF(71.23953, 187.70126, 985.1798, 2090.519)
07-28 21:18:16.881  3284  3284 I HoneySpace.RectFAnimation: animateToFinalPosition RectF(92.75656, 217.07217, 963.6627, 2007.8639)
07-28 21:18:16.882  3284  3284 I HoneySpace.FloatingAnimator: container x: 30.944317, y: 56.485027, scale : 0.92610663
07-28 21:18:16.882  3284  3284 I HoneySpace.RectFAnimation: animateToFinalPosition RectF(88.68906, 217.07217, 959.5952, 2007.8639)
07-28 21:18:16.882  1369  1369 W Layer   : gatherBufferInfo: Received unknown dataspace from gralloc
07-28 21:18:16.883  3284  5433 I VRI[LauncherActivity]@3f57eb9: mWNT: t=0xb400007483f45550 mBlastBufferQueue=0xb400007343ef1230 fn= 9 HdrRenderState mRenderHdrSdrRatio=1.0 caller= com.android.systemui.shared.launcher.ViewRootImplCompat.mergeWithNextTransaction:4 com.honeyspace.transition.utils.SurfaceTransactionApplier.scheduleApply$lambda$1:26 com.honeyspace.transition.utils.SurfaceTransactionApplier.b:0 
07-28 21:18:16.890  1369  1369 W Layer   : gatherBufferInfo: Received unknown dataspace from gralloc
07-28 21:18:16.890  3284  3284 I HoneySpace.RectFAnimation: animateToFinalPosition RectF(88.68906, 236.8295, 959.5952, 2027.6212)
07-28 21:18:16.891  3284  3284 I HoneySpace.RectFAnimation: animateToFinalPosition RectF(113.30133, 270.28912, 934.983, 1933.4598)
07-28 21:18:16.891  3284  3284 I HoneySpace.FloatingAnimator: container x: 42.72202, y: 82.24498, scale : 0.9004604
07-28 21:18:16.891  3284  3284 I HoneySpace.RectFAnimation: animateToFinalPosition RectF(108.34192, 270.28912, 930.02356, 1933.4598)
07-28 21:18:16.892  3284  5434 I VRI[LauncherActivity]@3f57eb9: mWNT: t=0xb400007483eff010 mBlastBufferQueue=0xb400007343ef1230 fn= 10 HdrRenderState mRenderHdrSdrRatio=1.0 caller= com.android.systemui.shared.launcher.ViewRootImplCompat.mergeWithNextTransaction:4 com.honeyspace.transition.utils.SurfaceTransactionApplier.scheduleApply$lambda$1:26 com.honeyspace.transition.utils.SurfaceTransactionApplier.b:0 
07-28 21:18:16.898  3284  3284 I HoneySpace.RectFAnimation: animateToFinalPosition RectF(108.34192, 288.58307, 930.02356, 1951.7538)
07-28 21:18:16.898  3284  3284 I HoneySpace.RectFAnimation: animateToFinalPosition RectF(130.14346, 317.98126, 908.22205, 1869.022)
07-28 21:18:16.898  3284  3284 I HoneySpace.FloatingAnimator: container x: 56.19884, y: 112.695656, scale : 0.87118524
07-28 21:18:16.899  1369  1369 W Layer   : gatherBufferInfo: Received unknown dataspace from gralloc
07-28 21:18:16.899  3284  3284 I HoneySpace.RectFAnimation: animateToFinalPosition RectF(125.48544, 317.98126, 903.56396, 1869.022)
07-28 21:18:16.900  8457  8457 W lix.mediaclient: Failed to find entry 'classes.dex': Entry not found
07-28 21:18:16.901  8457  8457 W lix.mediaclient: Failed to find entry 'classes.dex': Entry not found
07-28 21:18:16.902  3284  5433 I VRI[LauncherActivity]@3f57eb9: mWNT: t=0xb400007483f3d050 mBlastBufferQueue=0xb400007343ef1230 fn= 11 HdrRenderState mRenderHdrSdrRatio=1.0 caller= com.android.systemui.shared.launcher.ViewRootImplCompat.mergeWithNextTransaction:4 com.honeyspace.transition.utils.SurfaceTransactionApplier.scheduleApply$lambda$1:26 com.honeyspace.transition.utils.SurfaceTransactionApplier.b:0 
07-28 21:18:16.902  8457  8457 W lix.mediaclient: Failed to find entry 'classes.dex': Entry not found
07-28 21:18:16.902  8457  8457 W lix.mediaclient: Failed to find entry 'classes.dex': Entry not found
07-28 21:18:16.905  8457  8457 W lix.mediaclient: Failed to find entry 'classes.dex': Entry not found
07-28 21:18:16.905  8457  8457 W lix.mediaclient: Failed to find entry 'classes.dex': Entry not found
07-28 21:18:16.906  8457  8457 W lix.mediaclient: Failed to find entry 'classes.dex': Entry not found
07-28 21:18:16.906  3284  3284 I HoneySpace.RectFAnimation: animateToFinalPosition RectF(125.48544, 336.70337, 903.56396, 1887.7441)
07-28 21:18:16.906  3284  3284 I HoneySpace.RectFAnimation: animateToFinalPosition RectF(146.89825, 365.506, 882.1512, 1806.6882)
07-28 21:18:16.907  1369  1369 W Layer   : gatherBufferInfo: Received unknown dataspace from gralloc
07-28 21:18:16.907  3284  3284 I HoneySpace.FloatingAnimator: container x: 70.84419, y: 147.47253, scale : 0.83936036
07-28 21:18:16.907  3284  3284 I HoneySpace.RectFAnimation: animateToFinalPosition RectF(142.08047, 365.506, 877.3334, 1806.6882)
07-28 21:18:16.909  3284  5434 I VRI[LauncherActivity]@3f57eb9: mWNT: t=0xb400007483f2d450 mBlastBufferQueue=0xb400007343ef1230 fn= 12 HdrRenderState mRenderHdrSdrRatio=1.0 caller= com.android.systemui.shared.launcher.ViewRootImplCompat.mergeWithNextTransaction:4 com.honeyspace.transition.utils.SurfaceTransactionApplier.scheduleApply$lambda$1:26 com.honeyspace.transition.utils.SurfaceTransactionApplier.b:0 
07-28 21:18:16.911  8457  8457 W lix.mediaclient: Failed to find entry 'classes.dex': Entry not found
07-28 21:18:16.912  8457  8457 W lix.mediaclient: Failed to find entry 'classes.dex': Entry not found
07-28 21:18:16.913  8457  8457 W lix.mediaclient: Failed to find entry 'classes.dex': Entry not found
07-28 21:18:16.915  1369  1369 W Layer   : gatherBufferInfo: Received unknown dataspace from gralloc
07-28 21:18:16.916  3284  3284 I HoneySpace.RectFAnimation: animateToFinalPosition RectF(142.08047, 384.43948, 877.3334, 1825.6218)
07-28 21:18:16.916  3284  3284 I HoneySpace.RectFAnimation: animateToFinalPosition RectF(162.87473, 412.1715, 856.5392, 1747.5787)
07-28 21:18:16.916  3284  3284 I HoneySpace.FloatingAnimator: container x: 86.25516, y: 184.99388, scale : 0.8057884
07-28 21:18:16.916  3284  3284 I HoneySpace.RectFAnimation: animateToFinalPosition RectF(157.96014, 412.1715, 851.6246, 1747.5787)
07-28 21:18:16.918  3284  5433 I VRI[LauncherActivity]@3f57eb9: mWNT: t=0xb400007483f01150 mBlastBufferQueue=0xb400007343ef1230 fn= 13 HdrRenderState mRenderHdrSdrRatio=1.0 caller= com.android.systemui.shared.launcher.ViewRootImplCompat.mergeWithNextTransaction:4 com.honeyspace.transition.utils.SurfaceTransactionApplier.scheduleApply$lambda$1:26 com.honeyspace.transition.utils.SurfaceTransactionApplier.b:0 
07-28 21:18:16.919  8457  8457 W lix.mediaclient: Failed to find entry 'classes.dex': Entry not found
07-28 21:18:16.919  1525  2543 D MdnieScenarioControlService:  packageName : com.sec.android.app.launcher    className : com.sec.android.app.launcher.Launcher
07-28 21:18:16.919  1525  2543 V MdnieScenarioControlService: setUIMode from UI function(3)
07-28 21:18:16.920  8457  8457 W lix.mediaclient: Failed to find entry 'classes.dex': Entry not found
07-28 21:18:16.921  8457  8457 D nativeloader: Configuring clns-7 for other apk /data/app/~~tJ4n6epwLbRq-FU0v8YGDg==/com.netflix.mediaclient-TBe9FDTdc_hP-mLNPCWMxg==/base.apk:/data/app/~~tJ4n6epwLbRq-FU0v8YGDg==/com.netflix.mediaclient-TBe9FDTdc_hP-mLNPCWMxg==/split_config.arm64_v8a.apk:/data/app/~~tJ4n6epwLbRq-FU0v8YGDg==/com.netflix.mediaclient-TBe9FDTdc_hP-mLNPCWMxg==/split_config.en.apk:/data/app/~~tJ4n6epwLbRq-FU0v8YGDg==/com.netflix.mediaclient-TBe9FDTdc_hP-mLNPCWMxg==/split_config.fr.apk:/data/app/~~tJ4n6epwLbRq-FU0v8YGDg==/com.netflix.mediaclient-TBe9FDTdc_hP-mLNPCWMxg==/split_config.xxhdpi.apk:/data/app/~~tJ4n6epwLbRq-FU0v8YGDg==/com.netflix.mediaclient-TBe9FDTdc_hP-mLNPCWMxg==/split_partnermodule.apk:/data/app/~~tJ4n6epwLbRq-FU0v8YGDg==/com.netflix.mediaclient-TBe9FDTdc_hP-mLNPCWMxg==/split_partnermodule.config.en.apk:/data/app/~~tJ4n6epwLbRq-FU0v8YGDg==/com.netflix.mediaclient-TBe9FDTdc_hP-mLNPCWMxg==/split_partnermodule.config.fr.apk:/data/app/~~tJ4n6epwLbRq-FU0v8YGDg==/com.netflix.mediaclient-TBe9FDTdc_hP-mLNPCWMxg==/split_partnermodule.conf
07-28 21:18:16.924  1369  1369 W Layer   : gatherBufferInfo: Received unknown dataspace from gralloc
07-28 21:18:16.924  3284  3284 I HoneySpace.RectFAnimation: animateToFinalPosition RectF(157.96014, 435.8526, 851.6246, 1771.2598)
07-28 21:18:16.924  3284  3284 I HoneySpace.RectFAnimation: animateToFinalPosition RectF(182.82828, 468.7282, 826.7565, 1678.742)
07-28 21:18:16.924  3284  3284 I HoneySpace.FloatingAnimator: container x: 106.18548, y: 235.04715, scale : 0.76209605
07-28 21:18:16.925  3284  3284 I HoneySpace.RectFAnimation: animateToFinalPosition RectF(176.63147, 468.7282, 820.55963, 1678.742)
07-28 21:18:16.926  3284  5434 I VRI[LauncherActivity]@3f57eb9: mWNT: t=0xb400007483f2d990 mBlastBufferQueue=0xb400007343ef1230 fn= 14 HdrRenderState mRenderHdrSdrRatio=1.0 caller= com.android.systemui.shared.launcher.ViewRootImplCompat.mergeWithNextTransaction:4 com.honeyspace.transition.utils.SurfaceTransactionApplier.scheduleApply$lambda$1:26 com.honeyspace.transition.utils.SurfaceTransactionApplier.b:0 
07-28 21:18:16.927  8457  8457 D CompatChangeReporter: Compat change id reported: 202956589; UID 10407; state: ENABLED
07-28 21:18:16.931  3284  3284 I HoneySpace.RectFAnimation: animateToFinalPosition RectF(176.63147, 485.16113, 820.55963, 1695.1748)
07-28 21:18:16.931  3284  3284 I HoneySpace.RectFAnimation: animateToFinalPosition RectF(193.18192, 506.76108, 804.00916, 1634.3887)
07-28 21:18:16.932  3284  3284 I HoneySpace.FloatingAnimator: container x: 118.27172, y: 266.84076, scale : 0.7356366
07-28 21:18:16.932  3284  3284 I HoneySpace.RectFAnimation: animateToFinalPosition RectF(188.85379, 506.76108, 799.681, 1634.3887)
07-28 21:18:16.932  1369  1369 W Layer   : gatherBufferInfo: Received unknown dataspace from gralloc
07-28 21:18:16.933  3284  5433 I VRI[LauncherActivity]@3f57eb9: mWNT: t=0xb400007483f03990 mBlastBufferQueue=0xb400007343ef1230 fn= 15 HdrRenderState mRenderHdrSdrRatio=1.0 caller= com.android.systemui.shared.launcher.ViewRootImplCompat.mergeWithNextTransaction:4 com.honeyspace.transition.utils.SurfaceTransactionApplier.scheduleApply$lambda$1:26 com.honeyspace.transition.utils.SurfaceTransactionApplier.b:0 
07-28 21:18:16.940  3284  3284 I HoneySpace.RectFAnimation: animateToFinalPosition RectF(188.85379, 527.553, 799.681, 1655.1807)
07-28 21:18:16.940  3284  3284 I HoneySpace.RectFAnimation: animateToFinalPosition RectF(209.00314, 553.84985, 779.53174, 1581.1766)
07-28 21:18:16.940  3284  3284 I HoneySpace.FloatingAnimator: container x: 134.37831, y: 309.77588, scale : 0.69987535
07-28 21:18:16.940  3284  3284 I HoneySpace.RectFAnimation: animateToFinalPosition RectF(203.49802, 553.84985, 774.0266, 1581.1766)
07-28 21:18:16.940  1369  1369 W Layer   : gatherBufferInfo: Received unknown dataspace from gralloc
07-28 21:18:16.941  3284  5434 I VRI[LauncherActivity]@3f57eb9: mWNT: t=0xb400007483efd790 mBlastBufferQueue=0xb400007343ef1230 fn= 16 HdrRenderState mRenderHdrSdrRatio=1.0 caller= com.android.systemui.shared.launcher.ViewRootImplCompat.mergeWithNextTransaction:4 com.honeyspace.transition.utils.SurfaceTransactionApplier.scheduleApply$lambda$1:26 com.honeyspace.transition.utils.SurfaceTransactionApplier.b:0 
07-28 21:18:16.949  1369  1369 W Layer   : gatherBufferInfo: Received unknown dataspace from gralloc
07-28 21:18:16.949  3284  3284 I HoneySpace.RectFAnimation: animateToFinalPosition RectF(203.49802, 574.1194, 774.0266, 1601.4463)
07-28 21:18:16.949  3284  3284 I HoneySpace.RectFAnimation: animateToFinalPosition RectF(222.32101, 598.6852, 755.2036, 1532.3137)
07-28 21:18:16.950  3284  3284 I HoneySpace.FloatingAnimator: container x: 149.72975, y: 353.7127, scale : 0.66585267
07-28 21:18:16.950  3284  3284 I HoneySpace.RectFAnimation: animateToFinalPosition RectF(216.92606, 598.6852, 749.8086, 1532.3137)
07-28 21:18:16.951  3284  5433 I VRI[LauncherActivity]@3f57eb9: mWNT: t=0xb400007483f02490 mBlastBufferQueue=0xb400007343ef1230 fn= 17 HdrRenderState mRenderHdrSdrRatio=1.0 caller= com.android.systemui.shared.launcher.ViewRootImplCompat.mergeWithNextTransaction:4 com.honeyspace.transition.utils.SurfaceTransactionApplier.scheduleApply$lambda$1:26 com.honeyspace.transition.utils.SurfaceTransactionApplier.b:0 
07-28 21:18:16.956  3284  3284 I HoneySpace.RectFAnimation: animateToFinalPosition RectF(216.92606, 614.00696, 749.8086, 1547.6355)
07-28 21:18:16.956  3284  3284 I HoneySpace.RectFAnimation: animateToFinalPosition RectF(230.63342, 631.8965, 736.10126, 1497.2913)
07-28 21:18:16.956  3284  3284 I HoneySpace.FloatingAnimator: container x: 161.96619, y: 387.5813, scale : 0.63789743
07-28 21:18:16.956  3284  3284 I HoneySpace.RectFAnimation: animateToFinalPosition RectF(226.53842, 631.8965, 732.0062, 1497.2913)
07-28 21:18:16.957  1369  1369 W Layer   : gatherBufferInfo: Received unknown dataspace from gralloc
07-28 21:18:16.958  3284  5434 I VRI[LauncherActivity]@3f57eb9: mWNT: t=0xb400007483f43b10 mBlastBufferQueue=0xb400007343ef1230 fn= 18 HdrRenderState mRenderHdrSdrRatio=1.0 caller= com.android.systemui.shared.launcher.ViewRootImplCompat.mergeWithNextTransaction:4 com.honeyspace.transition.utils.SurfaceTransactionApplier.scheduleApply$lambda$1:26 com.honeyspace.transition.utils.SurfaceTransactionApplier.b:0 
07-28 21:18:16.964  3284  3284 I HoneySpace.RectFAnimation: animateToFinalPosition RectF(226.53842, 648.8639, 732.0062, 1514.2587)
07-28 21:18:16.965  3284  3284 I HoneySpace.RectFAnimation: animateToFinalPosition RectF(241.20721, 667.42676, 717.33746, 1462.0195)
07-28 21:18:16.965  3284  3284 I HoneySpace.FloatingAnimator: container x: 177.01666, y: 432.0197, scale : 0.6032678
07-28 21:18:16.965  3284  3284 I HoneySpace.RectFAnimation: animateToFinalPosition RectF(236.65637, 667.42676, 712.7866, 1462.0195)
07-28 21:18:16.965  1369  1369 W Layer   : gatherBufferInfo: Received unknown dataspace from gralloc
07-28 21:18:16.967  3284  5433 I VRI[LauncherActivity]@3f57eb9: mWNT: t=0xb400007483f51950 mBlastBufferQueue=0xb400007343ef1230 fn= 19 HdrRenderState mRenderHdrSdrRatio=1.0 caller= com.android.systemui.shared.launcher.ViewRootImplCompat.mergeWithNextTransaction:4 com.honeyspace.transition.utils.SurfaceTransactionApplier.scheduleApply$lambda$1:26 com.honeyspace.transition.utils.SurfaceTransactionApplier.b:0 
07-28 21:18:16.969  8457  8457 V GraphicsEnvironment: Currently set values for:
07-28 21:18:16.969  8457  8457 V GraphicsEnvironment:   angle_gl_driver_selection_pkgs=[]
07-28 21:18:16.969  8457  8457 V GraphicsEnvironment:   angle_gl_driver_selection_values=[]
07-28 21:18:16.969  8457  8457 V GraphicsEnvironment: Global.Settings values are invalid: number of packages: 0, number of values: 0
07-28 21:18:16.969  8457  8457 V GraphicsEnvironment: App is not on the allowlist for updatable production driver.
07-28 21:18:16.973  3284  3284 I HoneySpace.RectFAnimation: animateToFinalPosition RectF(236.65637, 685.7545, 712.7866, 1480.3474)
07-28 21:18:16.973  3284  3284 I HoneySpace.RectFAnimation: animateToFinalPosition RectF(251.90973, 705.0464, 697.53326, 1426.0566)
07-28 21:18:16.973  3284  3284 I HoneySpace.FloatingAnimator: container x: 191.42249, y: 475.815, scale : 0.56956905
07-28 21:18:16.973  3284  3284 I HoneySpace.RectFAnimation: animateToFinalPosition RectF(246.97598, 705.0464, 692.5995, 1426.0566)
07-28 21:18:16.973  1369  1369 W Layer   : gatherBufferInfo: Received unknown dataspace from gralloc
07-28 21:18:16.974  3284  5434 I VRI[LauncherActivity]@3f57eb9: mWNT: t=0xb400007483f0b410 mBlastBufferQueue=0xb400007343ef1230 fn= 20 HdrRenderState mRenderHdrSdrRatio=1.0 caller= com.android.systemui.shared.launcher.ViewRootImplCompat.mergeWithNextTransaction:4 com.honeyspace.transition.utils.SurfaceTransactionApplier.scheduleApply$lambda$1:26 com.honeyspace.transition.utils.SurfaceTransactionApplier.b:0 
07-28 21:18:16.980  8457  8457 I LoadedApk: No resource references to update in package com.netflix.mediaclient.partnermodule
07-28 21:18:16.981  3284  3284 I HoneySpace.RectFAnimation: animateToFinalPosition RectF(246.97598, 720.61365, 692.5995, 1441.6239)
07-28 21:18:16.981  3284  3284 I HoneySpace.RectFAnimation: animateToFinalPosition RectF(259.45697, 736.2261, 680.1185, 1397.6876)
07-28 21:18:16.981  3284  3284 I HoneySpace.FloatingAnimator: container x: 204.97061, y: 519.22894, scale : 0.53737
07-28 21:18:16.981  3284  3284 I HoneySpace.RectFAnimation: animateToFinalPosition RectF(255.25214, 736.2261, 675.9137, 1397.6876)
07-28 21:18:16.982  1369  1369 W Layer   : gatherBufferInfo: Received unknown dataspace from gralloc
