07-28 21:18:19.427  1369  1369 D SurfaceFlinger:        DEVICE |   0xb40000788b1b73c0 | 0041 | RGBA_8888    |    0.0    0.0 1080.0  121.0 |    0    0 1080  121 | ScreenDecorOverlay$_2762#107 (3436)
07-28 21:18:19.427  1369  1369 D SurfaceFlinger:        DEVICE |   0xb40000788b194650 | 0041 | RGBA_8888    |    0.0    0.0 1080.0  121.0 |    0 2219 1080 2340 | ScreenDecorOverlayBottom$_2762#108 (1387)
07-28 21:18:19.427  1369  1369 D SurfaceFlinger: 
07-28 21:18:19.429  1369  1369 W Layer   : gatherBufferInfo: Received unknown dataspace from gralloc
07-28 21:18:19.429  1369  1369 W Layer   : gatherBufferInfo: Received unknown dataspace from gralloc
07-28 21:18:19.437  1369  1369 W Layer   : gatherBufferInfo: Received unknown dataspace from gralloc
07-28 21:18:19.437  1369  1369 W Layer   : gatherBufferInfo: Received unknown dataspace from gralloc
07-28 21:18:19.439  8530  8535 I .fceumm.wrapper: Compiler allocated 7439KB to compile void android.view.ViewRootImpl.performTraversals()
07-28 21:18:19.445  1369  1369 W Layer   : gatherBufferInfo: Received unknown dataspace from gralloc
07-28 21:18:19.446  1369  1369 W Layer   : gatherBufferInfo: Received unknown dataspace from gralloc
07-28 21:18:19.453  8530  8530 I InsetsController: cancelAnimation: types=statusBars, animType=1, host=com.fceumm.wrapper/com.fceumm.wrapper.SplashActivity, from=android.view.InsetsController.notifyFinished:1890 android.view.InsetsAnimationThreadControlRunner$1.lambda$notifyFinished$0:87 android.view.InsetsAnimationThreadControlRunner$1.$r8$lambda$cDFF0h4Ncq-8EXdGszv69jrUu7c:0 
07-28 21:18:19.454  1369  1369 W Layer   : gatherBufferInfo: Received unknown dataspace from gralloc
07-28 21:18:19.454  1369  1369 W Layer   : gatherBufferInfo: Received unknown dataspace from gralloc
07-28 21:18:19.454  8530  8555 W InteractionJankMonitor: Initializing without READ_DEVICE_CONFIG permission. enabled=false, interval=1, missedFrameThreshold=3, frameTimeThreshold=64, package=com.fceumm.wrapper
07-28 21:18:19.461  1369  1369 I SurfaceFlinger: Layer [Surface(name=569e615 StatusBar)/@0x6[...]tion-leash of insets_animation#29580] hidden!! flag(1)
07-28 21:18:19.463  1369  1369 W Layer   : gatherBufferInfo: Received unknown dataspace from gralloc
07-28 21:18:19.463  1369  1369 W Layer   : gatherBufferInfo: Received unknown dataspace from gralloc
07-28 21:18:19.463  1369  1369 W ComposerExtn: DisplayExtnImpl::SetActiveConfig: HWC Display 0 is not registered!
07-28 21:18:19.471  1369  1369 W Layer   : gatherBufferInfo: Received unknown dataspace from gralloc
07-28 21:18:19.471  1369  1369 W Layer   : gatherBufferInfo: Received unknown dataspace from gralloc
07-28 21:18:19.474   796   796 D io_stats: !@   8,0 r 23370652 614699008 w 7560451 111475536 d 677775 58498012 f 0 0 iot 10880716 0 th 0 0 0 pt 0 inp 0 0 179928.246
07-28 21:18:19.475   796   796 D io_stats: !@ Read_top(KB): ch_zygote(8457) 57468 loop46(3911) 1284 chbox:googleapp(30781) 1240
07-28 21:18:19.475   796   796 D io_stats: !@ Write_top(KB): kworker/u16:11(6436) 68 .fceumm.wrapper(8530) 8 system_server(1525) 8
07-28 21:18:19.479  1369  1369 W Layer   : gatherBufferInfo: Received unknown dataspace from gralloc
07-28 21:18:19.479  1369  1369 W Layer   : gatherBufferInfo: Received unknown dataspace from gralloc
07-28 21:18:19.487  1369  1369 W Layer   : gatherBufferInfo: Received unknown dataspace from gralloc
07-28 21:18:19.488  1369  1369 W Layer   : gatherBufferInfo: Received unknown dataspace from gralloc
07-28 21:18:19.495  1369  1369 W Layer   : gatherBufferInfo: Received unknown dataspace from gralloc
07-28 21:18:19.495  1369  1369 W Layer   : gatherBufferInfo: Received unknown dataspace from gralloc
07-28 21:18:19.504  1369  1369 W Layer   : gatherBufferInfo: Received unknown dataspace from gralloc
07-28 21:18:19.504  1369  1369 W Layer   : gatherBufferInfo: Received unknown dataspace from gralloc
07-28 21:18:19.512  1369  1369 W Layer   : gatherBufferInfo: Received unknown dataspace from gralloc
07-28 21:18:19.512  1369  1369 W Layer   : gatherBufferInfo: Received unknown dataspace from gralloc
07-28 21:18:19.520  1369  1369 W Layer   : gatherBufferInfo: Received unknown dataspace from gralloc
07-28 21:18:19.521  1369  1369 W Layer   : gatherBufferInfo: Received unknown dataspace from gralloc
07-28 21:18:19.529  1369  1369 W Layer   : gatherBufferInfo: Received unknown dataspace from gralloc
07-28 21:18:19.529  1369  1369 W Layer   : gatherBufferInfo: Received unknown dataspace from gralloc
07-28 21:18:19.537  1369  1369 W Layer   : gatherBufferInfo: Received unknown dataspace from gralloc
07-28 21:18:19.538  1369  1369 W Layer   : gatherBufferInfo: Received unknown dataspace from gralloc
07-28 21:18:19.541 22522 22612 I FontLog : (REDACTED) Received query %s, URI %s
07-28 21:18:19.541 22522 22612 I FontLog : (REDACTED) Query [%s] resolved to %s
07-28 21:18:19.542 22522 22612 I FontLog : (REDACTED) Fetch %s end status %s
07-28 21:18:19.545 22522 22612 I FontLog : (REDACTED) Pulling font file for id = %d, cache size = %d
07-28 21:18:19.546  1369  1369 W Layer   : gatherBufferInfo: Received unknown dataspace from gralloc
07-28 21:18:19.546  1369  1369 W Layer   : gatherBufferInfo: Received unknown dataspace from gralloc
07-28 21:18:19.548 22522 22612 I FontLog : (REDACTED) Pulling font file for id = %d, cache size = %d
07-28 21:18:19.554  1369  1369 W Layer   : gatherBufferInfo: Received unknown dataspace from gralloc
07-28 21:18:19.554  1369  1369 W Layer   : gatherBufferInfo: Received unknown dataspace from gralloc
07-28 21:18:19.562  1369  1369 W Layer   : gatherBufferInfo: Received unknown dataspace from gralloc
07-28 21:18:19.562  1369  1369 W Layer   : gatherBufferInfo: Received unknown dataspace from gralloc
07-28 21:18:19.570  1369  1369 W Layer   : gatherBufferInfo: Received unknown dataspace from gralloc
07-28 21:18:19.571  1369  1369 W Layer   : gatherBufferInfo: Received unknown dataspace from gralloc
07-28 21:18:19.579  1369  1369 W Layer   : gatherBufferInfo: Received unknown dataspace from gralloc
07-28 21:18:19.579  1369  1369 W Layer   : gatherBufferInfo: Received unknown dataspace from gralloc
07-28 21:18:19.587  1369  1369 W Layer   : gatherBufferInfo: Received unknown dataspace from gralloc
07-28 21:18:19.588  1369  1369 W Layer   : gatherBufferInfo: Received unknown dataspace from gralloc
07-28 21:18:19.595  1369  1369 W Layer   : gatherBufferInfo: Received unknown dataspace from gralloc
07-28 21:18:19.596  1369  1369 W Layer   : gatherBufferInfo: Received unknown dataspace from gralloc
07-28 21:18:19.603  1186  1186 I android.hardware.health@2.1-service-samsung: updateLrpSysfs: write: 363
07-28 21:18:19.604  1525  2570 D [SS]BattFunctions: [sendRemainingChargingTimeChangedIntent]remainingChargingTime:196 ,mLastRemainingChargingTime:222
07-28 21:18:19.604  1369  1369 W Layer   : gatherBufferInfo: Received unknown dataspace from gralloc
07-28 21:18:19.604  1369  1369 W Layer   : gatherBufferInfo: Received unknown dataspace from gralloc
07-28 21:18:19.605  2762  2762 I AODBatteryManager: updateBatteryData: ACTION_BATTERY_CHANGED
07-28 21:18:19.605  2762  2762 I ChargingInfoManager: updateChargingInfo: newState = AOD ChargingInfo [mState=BATTERY_AND_REMAIN_TIME, mIsCharging=true, mIsPlugged=true, mIsFullyCharged=false, mIsBatteryProtectMode=false, mBetteryLevel=99, mBetteryProtectModeType0, mIsSlowChargingfalse], oldState = AOD ChargingInfo [mState=BATTERY_AND_REMAIN_TIME, mIsCharging=true, mIsPlugged=true, mIsFullyCharged=false, mIsBatteryProtectMode=false, mBetteryLevel=99, mBetteryProtectModeType0, mIsSlowChargingfalse]
07-28 21:18:19.605  2762  2762 D PowerUI : Charging time is changed, check charging notification
07-28 21:18:19.605  2762  2762 D PowerUI.Notification: showChargingNotice - oldBatteryLevel : 98 , BatteryLevel : 99 / oldChargingType : 11 , ChargingType : 11 / oldChargingTime : 222, ChargingTime : 196 / oldMaximumEnabled : false , MaximumEnabled : false / oldMaximumThreshold : 80 , MaximumThreshold : 80
07-28 21:18:19.606  2762  2762 I NotificationManager: com.android.systemui: notify(2131363874, charging_state, Notification(channel=CHR shortcut=null contentView=null vibrate=null sound=null defaults=0 flags=ONGOING_EVENT|ONLY_ALERT_ONCE color=0x00000000 category=sys groupKey=CHARGING vis=PUBLIC semFlags=0x0 semPriority=0 semMissedCount=0)) as user
07-28 21:18:19.607  1525  5856 W PermissionService: getPermissionFlags: Unknown user -1
07-28 21:18:19.607  1525  5856 W PermissionService: getPermissionFlags: Unknown user -1
07-28 21:18:19.612  1369  1369 W Layer   : gatherBufferInfo: Received unknown dataspace from gralloc
07-28 21:18:19.613  1369  1369 W Layer   : gatherBufferInfo: Received unknown dataspace from gralloc
07-28 21:18:19.621  1369  1369 W Layer   : gatherBufferInfo: Received unknown dataspace from gralloc
07-28 21:18:19.621  1369  1369 W Layer   : gatherBufferInfo: Received unknown dataspace from gralloc
07-28 21:18:19.629  1369  1369 W Layer   : gatherBufferInfo: Received unknown dataspace from gralloc
07-28 21:18:19.629  1369  1369 W Layer   : gatherBufferInfo: Received unknown dataspace from gralloc
07-28 21:18:19.637  1369  1369 W Layer   : gatherBufferInfo: Received unknown dataspace from gralloc
07-28 21:18:19.637  1369  1369 W Layer   : gatherBufferInfo: Received unknown dataspace from gralloc
07-28 21:18:19.646  1369  1369 W Layer   : gatherBufferInfo: Received unknown dataspace from gralloc
07-28 21:18:19.646  1369  1369 W Layer   : gatherBufferInfo: Received unknown dataspace from gralloc
07-28 21:18:19.650  1525  1626 D SGM:GameManager: identifyForegroundApp. com.fceumm.wrapper, mCurrentUserId: 0, callerUserId: 0
07-28 21:18:19.650  1525  1626 D SGM:SemGameManager: isForegroundGame(), ret=false
07-28 21:18:19.651  1525  8563 D SemInputDeviceManager: setProperty: (0) CMD,GRIP_DATA,1,45,7,15,702
07-28 21:18:19.651  1525  8563 D TspStateManager: wrote command: cmd=1,45,7,15,702, type=1
07-28 21:18:19.651  1525  2461 D SemInputDevice:TSP: SetPropertyTask: CMD,set_grip_data,1,45,7,15,702 [07-28 21:18:19.651]
07-28 21:18:19.654  1369  1369 W Layer   : gatherBufferInfo: Received unknown dataspace from gralloc
07-28 21:18:19.654  1369  1369 W Layer   : gatherBufferInfo: Received unknown dataspace from gralloc
07-28 21:18:19.657 20209 20209 I InputMethodService: removeImeSurface
07-28 21:18:19.657 20209 20209 I InputMethodService: cancelImeSurfaceRemoval: removeCallbacks
07-28 21:18:19.659  1331  1331 I sysinput:Touch: writeInformation:249, OK
07-28 21:18:19.660  1525  2461 D SysinputHAL_V1_3(V1_2): runTspCmdNoRead(TSP(1)): set_grip_data,1,45,7,15,702 ret=0
07-28 21:18:19.662  1369  1369 W Layer   : gatherBufferInfo: Received unknown dataspace from gralloc
07-28 21:18:19.662  1369  1369 W Layer   : gatherBufferInfo: Received unknown dataspace from gralloc
07-28 21:18:19.670  1369  1369 W Layer   : gatherBufferInfo: Received unknown dataspace from gralloc
07-28 21:18:19.670  1369  1369 W Layer   : gatherBufferInfo: Received unknown dataspace from gralloc
07-28 21:18:19.679  1369  1369 W Layer   : gatherBufferInfo: Received unknown dataspace from gralloc
07-28 21:18:19.679  1369  1369 W Layer   : gatherBufferInfo: Received unknown dataspace from gralloc
07-28 21:18:19.687  1369  1369 W Layer   : gatherBufferInfo: Received unknown dataspace from gralloc
07-28 21:18:19.687  1369  1369 W Layer   : gatherBufferInfo: Received unknown dataspace from gralloc
07-28 21:18:19.696  1369  1369 W Layer   : gatherBufferInfo: Received unknown dataspace from gralloc
07-28 21:18:19.696  1369  1369 W Layer   : gatherBufferInfo: Received unknown dataspace from gralloc
07-28 21:18:19.704  1369  1369 W Layer   : gatherBufferInfo: Received unknown dataspace from gralloc
07-28 21:18:19.705  1369  1369 W Layer   : gatherBufferInfo: Received unknown dataspace from gralloc
07-28 21:18:19.713  1369  1369 W Layer   : gatherBufferInfo: Received unknown dataspace from gralloc
07-28 21:18:19.713  1369  1369 W Layer   : gatherBufferInfo: Received unknown dataspace from gralloc
07-28 21:18:19.719  1196  8527 I HYPER-HAL: [ResourceManager.cpp]removeResource(): [CPULittleMinFreq] RemoveResource Request ID : 1195852
07-28 21:18:19.721  1369  1369 W Layer   : gatherBufferInfo: Received unknown dataspace from gralloc
07-28 21:18:19.721  1369  1369 W Layer   : gatherBufferInfo: Received unknown dataspace from gralloc
07-28 21:18:19.723  1196  8527 I HYPER-HAL: [ResourceManager.cpp]removeResource(): [CPUMinFreq] RemoveResource Request ID : 1195852
07-28 21:18:19.723  1196  8527 I HYPER-HAL: [RequestManager.cpp]releaseLocked(): Released ID : 1195852
07-28 21:18:19.730  1369  1369 W Layer   : gatherBufferInfo: Received unknown dataspace from gralloc
07-28 21:18:19.730  1369  1369 W Layer   : gatherBufferInfo: Received unknown dataspace from gralloc
07-28 21:18:19.738  1369  1369 W Layer   : gatherBufferInfo: Received unknown dataspace from gralloc
07-28 21:18:19.738  1369  1369 W Layer   : gatherBufferInfo: Received unknown dataspace from gralloc
07-28 21:18:19.747  1369  1369 W Layer   : gatherBufferInfo: Received unknown dataspace from gralloc
07-28 21:18:19.747  1369  1369 W Layer   : gatherBufferInfo: Received unknown dataspace from gralloc
07-28 21:18:19.756  1369  1369 W Layer   : gatherBufferInfo: Received unknown dataspace from gralloc
07-28 21:18:19.756  1369  1369 W Layer   : gatherBufferInfo: Received unknown dataspace from gralloc
07-28 21:18:19.764  1369  1369 W Layer   : gatherBufferInfo: Received unknown dataspace from gralloc
07-28 21:18:19.765  1369  1369 W Layer   : gatherBufferInfo: Received unknown dataspace from gralloc
07-28 21:18:19.772  1369  1369 W Layer   : gatherBufferInfo: Received unknown dataspace from gralloc
07-28 21:18:19.773  1369  1369 W Layer   : gatherBufferInfo: Received unknown dataspace from gralloc
07-28 21:18:19.781  1369  1369 W Layer   : gatherBufferInfo: Received unknown dataspace from gralloc
07-28 21:18:19.789  1369  1369 W Layer   : gatherBufferInfo: Received unknown dataspace from gralloc
07-28 21:18:19.797  1369  1369 W Layer   : gatherBufferInfo: Received unknown dataspace from gralloc
07-28 21:18:19.805  1369  1369 W Layer   : gatherBufferInfo: Received unknown dataspace from gralloc
07-28 21:18:19.810  1525  1525 I Telecom : SamsungTelecomServiceImpl : isInManagedCall - callingPackage : android / callingUser : UserHandle{0} / hasCrossUserAccess : true
07-28 21:18:19.814  1369  1369 W Layer   : gatherBufferInfo: Received unknown dataspace from gralloc
07-28 21:18:19.822  1369  1369 W Layer   : gatherBufferInfo: Received unknown dataspace from gralloc
07-28 21:18:19.827  3284  6492 I HoneySpace.NotificationListener: onNotificationPosted com.android.systemui: -1|com.android.systemui|2131363874|charging_state|10046: 0
07-28 21:18:19.827  3284  6492 I HoneySpace.NotificationListener: invalid notification: com.android.systemui UserHandle{-1}: canShowBadge is false
07-28 21:18:19.830  3284  8452 I HoneySpace.BadgeDataSourceImpl: Get notification count. PK(p='com.google.android.gm', u=UserHandle{0}) - forceBadgeCount: false, notification listener: 1, badge provider: 0
07-28 21:18:19.831  1369  1369 W Layer   : gatherBufferInfo: Received unknown dataspace from gralloc
07-28 21:18:19.838  1369  1369 W Layer   : gatherBufferInfo: Received unknown dataspace from gralloc
07-28 21:18:19.840  2762  2762 I LockscreenNotificationIconsOnlyController: onNotificationInfoUpdated 0
07-28 21:18:19.841  2762  2762 I AODNotificationManager: updateNotification() 
07-28 21:18:19.847  1369  1369 W Layer   : gatherBufferInfo: Received unknown dataspace from gralloc
07-28 21:18:19.847  1369  1369 W Layer   : gatherBufferInfo: Received unknown dataspace from gralloc
07-28 21:18:19.855  1369  1369 W Layer   : gatherBufferInfo: Received unknown dataspace from gralloc
07-28 21:18:19.864  1369  1369 W Layer   : gatherBufferInfo: Received unknown dataspace from gralloc
07-28 21:18:19.873  1369  1369 W Layer   : gatherBufferInfo: Received unknown dataspace from gralloc
07-28 21:18:19.881  1369  1369 W Layer   : gatherBufferInfo: Received unknown dataspace from gralloc
07-28 21:18:19.889  1369  1369 W Layer   : gatherBufferInfo: Received unknown dataspace from gralloc
07-28 21:18:19.898  1369  1369 W Layer   : gatherBufferInfo: Received unknown dataspace from gralloc
07-28 21:18:19.906  1369  1369 W Layer   : gatherBufferInfo: Received unknown dataspace from gralloc
07-28 21:18:19.914  1369  1369 W Layer   : gatherBufferInfo: Received unknown dataspace from gralloc
07-28 21:18:19.922  1369  1369 W Layer   : gatherBufferInfo: Received unknown dataspace from gralloc
07-28 21:18:19.931  1369  1369 W Layer   : gatherBufferInfo: Received unknown dataspace from gralloc
07-28 21:18:19.939  1369  1369 W Layer   : gatherBufferInfo: Received unknown dataspace from gralloc
07-28 21:18:19.947  1369  1369 W Layer   : gatherBufferInfo: Received unknown dataspace from gralloc
07-28 21:18:19.956  1369  1369 W Layer   : gatherBufferInfo: Received unknown dataspace from gralloc
07-28 21:18:19.964  1369  1369 W Layer   : gatherBufferInfo: Received unknown dataspace from gralloc
07-28 21:18:19.972  1369  1369 W Layer   : gatherBufferInfo: Received unknown dataspace from gralloc
07-28 21:18:19.981  1369  1369 W Layer   : gatherBufferInfo: Received unknown dataspace from gralloc
07-28 21:18:19.989  1369  1369 W Layer   : gatherBufferInfo: Received unknown dataspace from gralloc
07-28 21:18:19.998  1369  1369 W Layer   : gatherBufferInfo: Received unknown dataspace from gralloc
07-28 21:18:20.006  1369  1369 W Layer   : gatherBufferInfo: Received unknown dataspace from gralloc
07-28 21:18:20.015  1369  1369 W Layer   : gatherBufferInfo: Received unknown dataspace from gralloc
07-28 21:18:20.023  1369  1369 W Layer   : gatherBufferInfo: Received unknown dataspace from gralloc
07-28 21:18:20.031  1369  1369 W Layer   : gatherBufferInfo: Received unknown dataspace from gralloc
07-28 21:18:20.032  2762  2762 D Bubbles : onEntryUpdated : shouldBubbleUp=false ,key=-1|com.android.systemui|2131363874|charging_state|10046
07-28 21:18:20.035  2762  2762 D InterruptionStateProvider:  no Heads up : edgelighting enabled app. -1|com.android.systemui|2131363874|charging_state|10046
07-28 21:18:20.040  1369  1369 W Layer   : gatherBufferInfo: Received unknown dataspace from gralloc
07-28 21:18:20.044  2762  2762 D SecKeyguardClockPositionAlgorithm: getTopMargin scale = 1.3825535, clockContainerHeight = 481, scaleMarginY = -66
07-28 21:18:20.047  1369  1369 W Layer   : gatherBufferInfo: Received unknown dataspace from gralloc
07-28 21:18:20.049  2762  2762 I LockscreenNotificationIconsOnlyController: onNotificationInfoUpdated 0
07-28 21:18:20.050  2762  2762 I AODNotificationManager: updateNotification() 
07-28 21:18:20.056  1369  1369 W Layer   : gatherBufferInfo: Received unknown dataspace from gralloc
07-28 21:18:20.056  1369  1369 W Layer   : gatherBufferInfo: Received unknown dataspace from gralloc
07-28 21:18:20.056  2762  3335 D LocalImageResolver: Couldn't use ImageDecoder for drawable, falling back to non-resized load.
07-28 21:18:20.059  2762  3335 D LocalImageResolver: Couldn't use ImageDecoder for drawable, falling back to non-resized load.
07-28 21:18:20.063  2762  2762 D LocalImageResolver: Couldn't use ImageDecoder for drawable, falling back to non-resized load.
07-28 21:18:20.064  1369  1369 W Layer   : gatherBufferInfo: Received unknown dataspace from gralloc
07-28 21:18:20.072  2762  2762 D SecKeyguardClockPositionAlgorithm: getTopMargin scale = 1.3825535, clockContainerHeight = 481, scaleMarginY = -66
07-28 21:18:20.072  1369  1369 W Layer   : gatherBufferInfo: Received unknown dataspace from gralloc
07-28 21:18:20.080  2762  2762 D LocalImageResolver: Couldn't use ImageDecoder for drawable, falling back to non-resized load.
07-28 21:18:20.081  1369  1369 W Layer   : gatherBufferInfo: Received unknown dataspace from gralloc
07-28 21:18:20.085  2762  2762 D SecKeyguardClockPositionAlgorithm: getTopMargin scale = 1.3825535, clockContainerHeight = 481, scaleMarginY = -66
07-28 21:18:20.088  2762  2762 I LockscreenNotificationIconsOnlyController: onNotificationInfoUpdated 0
07-28 21:18:20.088  2762  2762 I AODNotificationManager: updateNotification() 
07-28 21:18:20.090  1369  1369 W Layer   : gatherBufferInfo: Received unknown dataspace from gralloc
07-28 21:18:20.097  1369  1369 W Layer   : gatherBufferInfo: Received unknown dataspace from gralloc
07-28 21:18:20.097  1369  1369 W Layer   : gatherBufferInfo: Received unknown dataspace from gralloc
07-28 21:18:20.106  1369  1369 W Layer   : gatherBufferInfo: Received unknown dataspace from gralloc
07-28 21:18:20.115  1369  1369 W Layer   : gatherBufferInfo: Received unknown dataspace from gralloc
07-28 21:18:20.123  1369  1369 W Layer   : gatherBufferInfo: Received unknown dataspace from gralloc
07-28 21:18:20.131  1369  1369 W Layer   : gatherBufferInfo: Received unknown dataspace from gralloc
07-28 21:18:20.139  1369  1369 W Layer   : gatherBufferInfo: Received unknown dataspace from gralloc
07-28 21:18:20.148  1369  1369 W Layer   : gatherBufferInfo: Received unknown dataspace from gralloc
07-28 21:18:20.157  1369  1369 W Layer   : gatherBufferInfo: Received unknown dataspace from gralloc
07-28 21:18:20.165  1369  1369 W Layer   : gatherBufferInfo: Received unknown dataspace from gralloc
07-28 21:18:20.174  1369  1369 W Layer   : gatherBufferInfo: Received unknown dataspace from gralloc
07-28 21:18:20.182  1369  1369 W Layer   : gatherBufferInfo: Received unknown dataspace from gralloc
07-28 21:18:20.190  1369  1369 W Layer   : gatherBufferInfo: Received unknown dataspace from gralloc
07-28 21:18:20.198  1369  1369 W Layer   : gatherBufferInfo: Received unknown dataspace from gralloc
07-28 21:18:20.206  1369  1369 W Layer   : gatherBufferInfo: Received unknown dataspace from gralloc
07-28 21:18:20.215  1369  1369 W Layer   : gatherBufferInfo: Received unknown dataspace from gralloc
07-28 21:18:20.218  1196  8525 I HYPER-HAL: [ResourceManager.cpp]removeResource(): [CPUMaxFreq] RemoveResource Request ID : 13094417
07-28 21:18:20.218  1196  8525 I HYPER-HAL: [RequestManager.cpp]releaseLocked(): Released ID : 13094417
07-28 21:18:20.223  1369  1369 W Layer   : gatherBufferInfo: Received unknown dataspace from gralloc
07-28 21:18:20.231  1369  1369 W Layer   : gatherBufferInfo: Received unknown dataspace from gralloc
07-28 21:18:20.240  1369  1369 W Layer   : gatherBufferInfo: Received unknown dataspace from gralloc
07-28 21:18:20.248  1369  1369 W Layer   : gatherBufferInfo: Received unknown dataspace from gralloc
07-28 21:18:20.256  1369  1369 W Layer   : gatherBufferInfo: Received unknown dataspace from gralloc
07-28 21:18:20.265  1369  1369 W Layer   : gatherBufferInfo: Received unknown dataspace from gralloc
07-28 21:18:20.273  1369  1369 W Layer   : gatherBufferInfo: Received unknown dataspace from gralloc
07-28 21:18:20.281  1369  1369 W Layer   : gatherBufferInfo: Received unknown dataspace from gralloc
07-28 21:18:20.290  1369  1369 W Layer   : gatherBufferInfo: Received unknown dataspace from gralloc
07-28 21:18:20.298  1369  1369 W Layer   : gatherBufferInfo: Received unknown dataspace from gralloc
07-28 21:18:20.307  1369  1369 W Layer   : gatherBufferInfo: Received unknown dataspace from gralloc
07-28 21:18:20.315  1369  1369 W Layer   : gatherBufferInfo: Received unknown dataspace from gralloc
07-28 21:18:20.323  1369  1369 W Layer   : gatherBufferInfo: Received unknown dataspace from gralloc
07-28 21:18:20.332  1369  1369 W Layer   : gatherBufferInfo: Received unknown dataspace from gralloc
07-28 21:18:20.340  1369  1369 W Layer   : gatherBufferInfo: Received unknown dataspace from gralloc
07-28 21:18:20.348  1369  1369 W Layer   : gatherBufferInfo: Received unknown dataspace from gralloc
07-28 21:18:20.357  1369  1369 W Layer   : gatherBufferInfo: Received unknown dataspace from gralloc
07-28 21:18:20.365  1369  1369 W Layer   : gatherBufferInfo: Received unknown dataspace from gralloc
07-28 21:18:20.373  1369  1369 W Layer   : gatherBufferInfo: Received unknown dataspace from gralloc
07-28 21:18:20.382  1369  1369 W Layer   : gatherBufferInfo: Received unknown dataspace from gralloc
07-28 21:18:20.390  1369  1369 W Layer   : gatherBufferInfo: Received unknown dataspace from gralloc
07-28 21:18:20.399  1369  1369 W Layer   : gatherBufferInfo: Received unknown dataspace from gralloc
07-28 21:18:20.407  1369  1369 W Layer   : gatherBufferInfo: Received unknown dataspace from gralloc
07-28 21:18:20.415  1369  1369 W Layer   : gatherBufferInfo: Received unknown dataspace from gralloc
07-28 21:18:20.423  1369  1369 W Layer   : gatherBufferInfo: Received unknown dataspace from gralloc
07-28 21:18:20.432  1369  1369 W Layer   : gatherBufferInfo: Received unknown dataspace from gralloc
07-28 21:18:20.440  1369  1369 W Layer   : gatherBufferInfo: Received unknown dataspace from gralloc
07-28 21:18:20.449  1369  1369 W Layer   : gatherBufferInfo: Received unknown dataspace from gralloc
07-28 21:18:20.457  1369  1369 W Layer   : gatherBufferInfo: Received unknown dataspace from gralloc
07-28 21:18:20.465  1369  1369 W Layer   : gatherBufferInfo: Received unknown dataspace from gralloc
07-28 21:18:20.474  1369  1369 W Layer   : gatherBufferInfo: Received unknown dataspace from gralloc
07-28 21:18:20.482  1369  1369 W Layer   : gatherBufferInfo: Received unknown dataspace from gralloc
07-28 21:18:20.490  1369  1369 W Layer   : gatherBufferInfo: Received unknown dataspace from gralloc
07-28 21:18:20.498  1369  1369 W Layer   : gatherBufferInfo: Received unknown dataspace from gralloc
07-28 21:18:20.506  1369  1369 W Layer   : gatherBufferInfo: Received unknown dataspace from gralloc
07-28 21:18:20.510  5103  5756 I SDHMS:x : SIOP:: AP:448 BAT:371 USB:361 CHG:399 WIFI:377 CF:376 BLK:0 SUBBAT:0 SKIN:363 SKINF:369 SKINB:364 LRP:369 LRP2:363 LRF:369 LRB:364 LRF2:363 LRB2:363 AP2:363 CHG2:363 WIFI2:361 RCV2:361 SPK2:351 FCAM:361 UPSPK:376 DNSPK:361 VAP:397 AVGCUR:242 AVGSYS:267 POWER:1045
07-28 21:18:20.513  5103  5445 I SDHMS:N0: p2p-if:: false, , 
07-28 21:18:20.513  5103  5445 I N0      : limitCPUFreq:: freq = -1
07-28 21:18:20.515  1369  1369 W Layer   : gatherBufferInfo: Received unknown dataspace from gralloc
07-28 21:18:20.523  1369  1369 W Layer   : gatherBufferInfo: Received unknown dataspace from gralloc
07-28 21:18:20.531  1369  1369 W Layer   : gatherBufferInfo: Received unknown dataspace from gralloc
07-28 21:18:20.540  1369  1369 W Layer   : gatherBufferInfo: Received unknown dataspace from gralloc
07-28 21:18:20.549  1369  1369 W Layer   : gatherBufferInfo: Received unknown dataspace from gralloc
07-28 21:18:20.557  1369  1369 W Layer   : gatherBufferInfo: Received unknown dataspace from gralloc
07-28 21:18:20.566  1369  1369 W Layer   : gatherBufferInfo: Received unknown dataspace from gralloc
07-28 21:18:20.574  1369  1369 W Layer   : gatherBufferInfo: Received unknown dataspace from gralloc
07-28 21:18:20.582  1369  1369 W Layer   : gatherBufferInfo: Received unknown dataspace from gralloc
07-28 21:18:20.591  1369  1369 W Layer   : gatherBufferInfo: Received unknown dataspace from gralloc
07-28 21:18:20.599  1369  1369 W Layer   : gatherBufferInfo: Received unknown dataspace from gralloc
07-28 21:18:20.607  1369  1369 W Layer   : gatherBufferInfo: Received unknown dataspace from gralloc
07-28 21:18:20.616  1369  1369 W Layer   : gatherBufferInfo: Received unknown dataspace from gralloc
07-28 21:18:20.624  1369  1369 W Layer   : gatherBufferInfo: Received unknown dataspace from gralloc
07-28 21:18:20.632  1369  1369 W Layer   : gatherBufferInfo: Received unknown dataspace from gralloc
07-28 21:18:20.641  1369  1369 W Layer   : gatherBufferInfo: Received unknown dataspace from gralloc
07-28 21:18:20.649  1369  1369 W Layer   : gatherBufferInfo: Received unknown dataspace from gralloc
07-28 21:18:20.658  1369  1369 W Layer   : gatherBufferInfo: Received unknown dataspace from gralloc
07-28 21:18:20.666  1369  1369 W Layer   : gatherBufferInfo: Received unknown dataspace from gralloc
07-28 21:18:20.674  1369  1369 W Layer   : gatherBufferInfo: Received unknown dataspace from gralloc
07-28 21:18:20.682  1369  1369 W Layer   : gatherBufferInfo: Received unknown dataspace from gralloc
07-28 21:18:20.691  1369  1369 W Layer   : gatherBufferInfo: Received unknown dataspace from gralloc
07-28 21:18:20.699  1369  1369 W Layer   : gatherBufferInfo: Received unknown dataspace from gralloc
07-28 21:18:20.707  1369  1369 W Layer   : gatherBufferInfo: Received unknown dataspace from gralloc
07-28 21:18:20.716  1369  1369 W Layer   : gatherBufferInfo: Received unknown dataspace from gralloc
07-28 21:18:20.724  1369  1369 W Layer   : gatherBufferInfo: Received unknown dataspace from gralloc
07-28 21:18:20.730  1525  3852 D FreecessController: com.radiocanada.android(10202) is important[18]
07-28 21:18:20.732  1369  1369 W Layer   : gatherBufferInfo: Received unknown dataspace from gralloc
07-28 21:18:20.741  1369  1369 W Layer   : gatherBufferInfo: Received unknown dataspace from gralloc
07-28 21:18:20.749  1369  1369 W Layer   : gatherBufferInfo: Received unknown dataspace from gralloc
07-28 21:18:20.758  1369  1369 W Layer   : gatherBufferInfo: Received unknown dataspace from gralloc
07-28 21:18:20.766  1369  1369 W Layer   : gatherBufferInfo: Received unknown dataspace from gralloc
07-28 21:18:20.774  1369  1369 W Layer   : gatherBufferInfo: Received unknown dataspace from gralloc
07-28 21:18:20.781  1196  8459 I HYPER-HAL: [RequestManager.cpp]releaseLocked(): Released ID : 2808265
07-28 21:18:20.783  1369  1369 W Layer   : gatherBufferInfo: Received unknown dataspace from gralloc
07-28 21:18:20.791  1369  1369 W Layer   : gatherBufferInfo: Received unknown dataspace from gralloc
07-28 21:18:20.799  1369  1369 W Layer   : gatherBufferInfo: Received unknown dataspace from gralloc
07-28 21:18:20.807  1369  1369 W Layer   : gatherBufferInfo: Received unknown dataspace from gralloc
07-28 21:18:20.816  1369  1369 W Layer   : gatherBufferInfo: Received unknown dataspace from gralloc
07-28 21:18:20.824  1369  1369 W Layer   : gatherBufferInfo: Received unknown dataspace from gralloc
07-28 21:18:20.832  1525  5856 D ActivityTaskManager: startActivityAsUser: callingPid=8530, callingUid=10260, caller=com.android.server.wm.ActivityTaskManagerService.startActivity:120 android.app.IActivityTaskManager$Stub.onTransact:1356 com.android.server.wm.ActivityTaskManagerService.onTransact:1 android.os.Binder.execTransactInternal:1536 android.os.Binder.execTransact:1480 <bottom of call stack> <bottom of call stack> 
07-28 21:18:20.832  1369  1369 W Layer   : gatherBufferInfo: Received unknown dataspace from gralloc
07-28 21:18:20.833  1525  5856 D ActivityTaskManager: TaskLaunchParamsModifier:task=null activity=null display-area-from-source=DefaultTaskDisplayArea_d0@214964408 display-id=0 task-display-area-windowing-mode=1 suggested-display-area=DefaultTaskDisplayArea_d0@214964408
07-28 21:18:20.834  1525  5856 W OptProp : Cannot read opt property android.window.PROPERTY_COMPAT_ALLOW_ORIENTATION_OVERRIDE
07-28 21:18:20.834  1525  5856 V GrammaticalInflectionUtils: AttributionSource: AttributionSource { uid = 10260, packageName = null, attributionTag = null, token = android.os.Binder@e084b9f, deviceId = 0, next = null } does not have READ_SYSTEM_GRAMMATICAL_GENDER permission.
07-28 21:18:20.835  1525  5856 W OptProp : Cannot read opt property android.window.PROPERTY_COMPAT_ALLOW_RESIZEABLE_ACTIVITY_OVERRIDES
07-28 21:18:20.835  1525  5856 W OptProp : Cannot read opt property android.window.PROPERTY_COMPAT_ALLOW_MIN_ASPECT_RATIO_OVERRIDE
07-28 21:18:20.835  1525  5856 D WindowManager: Transition is created, t=TransitionRecord{ac88f7d id=-1 type=OPEN flags=0x0}, caller=com.android.server.wm.Transition.<init>:170 com.android.server.wm.ActivityStarter.startActivityUnchecked:330 com.android.server.wm.ActivityStarter.executeRequest:3361 com.android.server.wm.ActivityStarter.execute:1122 com.android.server.wm.ActivityTaskManagerService.startActivityAsUser:88 
07-28 21:18:20.836  1525  5856 D BLASTSyncEngine: SyncGroup is created, id=1951, name=Transition-OPEN, caller=com.android.server.wm.BLASTSyncEngine$SyncGroup.<init>:51 com.android.server.wm.TransitionController.moveToCollecting:78 com.android.server.wm.ActivityStarter.startActivityUnchecked:333 com.android.server.wm.ActivityStarter.executeRequest:3361 com.android.server.wm.ActivityStarter.execute:1122 com.android.server.wm.ActivityTaskManagerService.startActivityAsUser:88 com.android.server.wm.ActivityTaskManagerService.startActivity:120 
07-28 21:18:20.836  1525  5856 W BLASTSyncEngine: setSyncMethod, id=1951, method=0, caller=com.android.server.wm.TransitionController.moveToCollecting:90 com.android.server.wm.ActivityStarter.startActivityUnchecked:333 com.android.server.wm.ActivityStarter.executeRequest:3361 
07-28 21:18:20.836  1525  5856 V WindowManager: Start collecting in Transition: TransitionRecord{ac88f7d id=1951 type=OPEN flags=0x0}, caller=com.android.server.wm.ActivityStarter.startActivityUnchecked:333 com.android.server.wm.ActivityStarter.executeRequest:3361 com.android.server.wm.ActivityStarter.execute:1122 com.android.server.wm.ActivityTaskManagerService.startActivityAsUser:88 com.android.server.wm.ActivityTaskManagerService.startActivity:120 
07-28 21:18:20.837  1525  5856 V WindowManager: Collecting in transition 1951: ActivityRecord{acb5e72 u0 com.fceumm.wrapper/.MainMenuActivity, caller=com.android.server.wm.TransitionController.collect:7 com.android.server.wm.ActivityStarter.startActivityUnchecked:626 com.android.server.wm.ActivityStarter.executeRequest:3361 com.android.server.wm.ActivityStarter.execute:1122 com.android.server.wm.ActivityTaskManagerService.startActivityAsUser:88 
07-28 21:18:20.837  1525  5856 D ActivityTaskManager: TaskLaunchParamsModifier:task=null activity=ActivityRecord{acb5e72 u0 com.fceumm.wrapper/.MainMenuActivity t-1} display-area-from-source=DefaultTaskDisplayArea_d0@214964408 display-id=0 task-display-area-windowing-mode=1 suggested-display-area=DefaultTaskDisplayArea_d0@214964408
07-28 21:18:20.837  1525  5856 D ActivityTaskManager: TaskLaunchParamsModifier:task=Task{a95d18c #2684 type=standard A=10260:com.fceumm.wrapper} activity=ActivityRecord{acb5e72 u0 com.fceumm.wrapper/.MainMenuActivity t-1} display-area-from-source=DefaultTaskDisplayArea_d0@214964408 display-id=0 task-display-area-windowing-mode=1 suggested-display-area=DefaultTaskDisplayArea_d0@214964408 inherit-from-source=fullscreen non-freeform-task-display-area display-area=DefaultTaskDisplayArea_d0@214964408 default-portrait freeform-size-mismatch=Rect(81, 612 - 999, 1782)
07-28 21:18:20.838  1525  5856 I SemDvfsHyPerManager: acquire hyper - AMS_ACT_START/1525@20, type = -999
07-28 21:18:20.838  1525  5856 D ActivityManagerPerformance: AMP_acquire() ACT_START
07-28 21:18:20.838  1525  5856 V WindowManager: Collecting in transition 1951: ActivityRecord{a4d36e4 u0 com.fceumm.wrapper/.SplashActivity t2684}, caller=com.android.server.wm.TransitionController.collect:7 com.android.server.wm.ActivityStarter.startActivityInner:235 com.android.server.wm.ActivityStarter.startActivityUnchecked:639 com.android.server.wm.ActivityStarter.executeRequest:3361 com.android.server.wm.ActivityStarter.execute:1122 
07-28 21:18:20.838  1196  1358 I HYPER-HAL: [RequestManager.cpp]acquire(): Acquired ID : 1194305  [1525 / 20]    HINT : AMS_ACT_START    list : 
07-28 21:18:20.839  1525  5856 D WindowManager: prepareSync <SYNC_STATE_WAITING_FOR_DRAW>, mPrepareSyncSeqId=0, win=Window{d0f830a u0 com.fceumm.wrapper/com.fceumm.wrapper.SplashActivity}
07-28 21:18:20.839  1369  1422 I SurfaceFlinger: id=29584 createSurf, flag=84004, ActivityRecord{acb5e72 u0 com.fceumm.wrapper/.MainMenuActivity t2684}#29584
07-28 21:18:20.841  1369  1369 I SurfaceFlinger: [ActivityRecord{acb5e72 u0 com.fceumm.wrapper/.MainMenuActivity t2684}#29584] attach to parent LayerHierarchy{RequestedLayerState{Task=2684#29567 parentId=11 z=5} 2 children}
07-28 21:18:20.842  1525  5856 V WindowManager: Checking theme of starting window: 0x7f10026d
07-28 21:18:20.843  1525  5856 V WindowManager: Translucent=false Floating=false ShowWallpaper=false Disable=false
07-28 21:18:20.843  1525  5856 D ActivityTaskManager: addStartingWindow: type=0 typeParameter=2c
07-28 21:18:20.843  1369  1369 W Layer   : gatherBufferInfo: Received unknown dataspace from gralloc
07-28 21:18:20.843  1525  5856 D ActivityTaskManager: scheduleTopResumedActivityChanged, onTop=false, r=ActivityRecord{a4d36e4 u0 com.fceumm.wrapper/.SplashActivity t2684}, caller=com.android.server.wm.ActivityTaskSupervisor.scheduleTopResumedActivityStateLossIfNeeded:11 com.android.server.wm.ActivityTaskSupervisor.updateTopResumedActivityIfNeeded:19 com.android.server.wm.TaskFragment.setResumedActivity:29 com.android.server.wm.ActivityRecord.setState:95 com.android.server.wm.TaskFragment.startPausing$1:210 com.android.server.wm.TaskFragment.resumeTopActivity:698 
07-28 21:18:20.845  1196  1358 I HYPER-HAL: [ResourceManager.cpp]updateResource(): [CPUMinFreq] UpdateResource Request ID : 1194305    Value : 1785600
07-28 21:18:20.845  1525  5856 V WindowManager: Collecting in transition 1951: ActivityRecord{acb5e72 u0 com.fceumm.wrapper/.MainMenuActivity t2684}, caller=com.android.server.wm.Transition.collectExistenceChange:42 com.android.server.wm.ActivityStarter.handleStartResult:523 com.android.server.wm.ActivityStarter.startActivityUnchecked:653 com.android.server.wm.ActivityStarter.executeRequest:3361 com.android.server.wm.ActivityStarter.execute:1122 
07-28 21:18:20.846  1525  5856 V WindowManager: Requesting StartTransition: TransitionRecord{ac88f7d id=1951 type=OPEN flags=0x0}, caller=com.android.server.wm.ActivityStarter.handleStartResult:677 com.android.server.wm.ActivityStarter.startActivityUnchecked:653 com.android.server.wm.ActivityStarter.executeRequest:3361 com.android.server.wm.ActivityStarter.execute:1122 com.android.server.wm.ActivityTaskManagerService.startActivityAsUser:88 
07-28 21:18:20.847  1525  5856 I Pageboost: stop alp
07-28 21:18:20.848  2762  2815 V WindowManagerShell: Transition requested (#1951): android.os.BinderProxy@b84e88e TransitionRequestInfo { type = OPEN, triggerTask = TaskInfo{userId=0 taskId=2684 displayId=0 isRunning=true baseIntent=Intent { flg=0x10000000 cmp=com.fceumm.wrapper/.MainActivity } baseActivity=ComponentInfo{com.fceumm.wrapper/com.fceumm.wrapper.SplashActivity} topActivity=ComponentInfo{com.fceumm.wrapper/com.fceumm.wrapper.MainMenuActivity} origActivity=null realActivity=ComponentInfo{com.fceumm.wrapper/com.fceumm.wrapper.MainActivity} numActivities=2 lastActiveTime=816059406 supportsMultiWindow=true resizeMode=1 isResizeable=true minWidth=-1 minHeight=-1 maxWidth=-1 maxHeight=-1 defaultMinSize=220 token=WCT{android.window.IWindowContainerToken$Stub$Proxy@24678af} topActivityType=1 pictureInPictureParams=null shouldDockBigOverlays=false launchIntoPipHostTaskId=-1 lastParentTaskIdBeforePip=-1 displayCutoutSafeInsets=null topActivityInfo=ActivityInfo{720e4bc com.fceumm.wrapper.MainMenuActivity} launchCookies=[] positionInParent=Point(0, 0) parentTaskId=-1 isFocused=true isVisible=true isVisibleRequested=true isSleeping=false topActivityInSizeCompat=false locusId=null displayAreaFeatureId=1 isTopActivityTransparent=false isTopActivityStyleFloating=false appCompatTaskInfo=AppCompatTaskInfo { topActivityInSizeCompat=false eligibleForLetterboxEducation= false isLetterboxEducationEnabled= false isLetterboxDoubleTapEnabled= false eligibleForUserAspectRatioButton= false topActivityBoundsLetterboxed= false isFromLetterboxDoubleTap= false topActivityLetterboxVerticalPosition= -1 topActivityLetterboxHorizontalPosition= -1 topActivityLetterboxWidth=1080 topActivityLetterboxHeight=2340 topActivityLetterboxAppWidth=1080 topActivityLetterboxAppHeight=2340 isUserFullscreenOverrideEnabled=false isSystemFullscreenOverrideEnabled=false hasMinAspectRatioOverride=false cameraCompatTaskInfo=CameraCompatTaskInfo { freeformCameraCompatMode=inactive} topActivityBounds=null topActivityInDisplayCompat=false} originallySupportedMultiWindow=true hasWallpaper=false rootAffinity=10260:com.fceumm.wrapper isTopTaskInStage=false topActivityUiMode=17 CoverLauncherWidgetTask=false isKeepScreenOn=true isAllowedSeamlessRotation=false isTopTransparentActivity=false snappingGuideBounds=Rect(81, 612 - 999, 1782) isAliasManaged=false hasConfigChanged=false isAiKeyRemoveAppTask=false}, pipTask = null, remoteTransition = null, displayChange = null, flags = 0, debugId = 1951 }
07-28 21:18:20.848  1525  5856 I ActivityTaskManager: START u0 {cmp=com.fceumm.wrapper/.MainMenuActivity} with LAUNCH_MULTIPLE from uid 10260 (BAL_ALLOW_VISIBLE_WINDOW) result code=0
07-28 21:18:20.848  3875  3875 E pageboostd: Received HALT command code 2
07-28 21:18:20.849  1369  1369 W Layer   : gatherBufferInfo: Received unknown dataspace from gralloc
07-28 21:18:20.849  1525  7704 V WindowManager: Starting Transition 1951, caller=com.android.server.wm.WindowOrganizerController.startTransition:37 com.android.server.wm.WindowOrganizerController.startTransition:1 android.window.IWindowOrganizerController$Stub.onTransact:271 
07-28 21:18:20.850  1525  5856 V WindowManager: Collecting in transition 1951: ActivityRecord{a4d36e4 u0 com.fceumm.wrapper/.SplashActivity t2684 f}}, caller=com.android.server.wm.Transition.collectExistenceChange:42 com.android.server.wm.Transition.collectClose:7 com.android.server.wm.ActivityRecord.finishIfPossible:46 com.android.server.wm.ActivityClientController.finishActivity:225 android.app.IActivityClientController$Stub.onTransact:822 
07-28 21:18:20.851  1525  1626 D SGM:FgCheckThread: notePauseComponent(), received pkgName: com.fceumm.wrapper, userId: 0
07-28 21:18:20.851  1525  1626 D SGM:FgCheckThread: notePauseComponent(), received pkgName: com.fceumm.wrapper, userId: 0
07-28 21:18:20.851  1525  2587 I CocktailBarManagerServiceContainer: handleMessage: entry what = 6
07-28 21:18:20.851  1525  1626 D SGM:FgCheckThread: notifyFocusInOut(). of pkg: com.fceumm.wrapper, type: 20, isSecGameFamily: false, userId: 0
07-28 21:18:20.851  1525  2587 I CocktailBarManagerServiceImpl: notePauseComponent : no active host
07-28 21:18:20.851  1525  7704 V WindowManager: Collecting in transition 1951: ActivityRecord{a4d36e4 u0 com.fceumm.wrapper/.SplashActivity t2684 f}}, caller=com.android.server.wm.TransitionController.collect:7 com.android.server.wm.ActivityRecord.setVisibility:189 com.android.server.wm.TaskFragment.resumeTopActivity:1617 com.android.server.wm.Task.resumeTopActivityInnerLocked:98 com.android.server.wm.Task.resumeTopActivityUncheckedLocked:23 
07-28 21:18:20.852  1525  7704 V WindowManager: Collecting in transition 1951: ActivityRecord{acb5e72 u0 com.fceumm.wrapper/.MainMenuActivity t2684}, caller=com.android.server.wm.TransitionController.collect:7 com.android.server.wm.ActivityRecord.setVisibility:189 com.android.server.wm.EnsureActivitiesVisibleHelper.process:561 com.android.server.wm.TaskFragment.updateActivityVisibilities:12 com.android.server.wm.Task$$ExternalSyntheticLambda3.accept:399 
07-28 21:18:20.852  1525  7704 V WindowManager: rotationForOrientation(orient=SCREEN_ORIENTATION_UNSPECIFIED (-1), last=ROTATION_0 (0)); user=ROTATION_0 (0) 
07-28 21:18:20.852  1525  7704 D WindowManager: rotationForOrientation, orientationSource=ActivityRecord{acb5e72 u0 com.fceumm.wrapper/.MainMenuActivity t2684}
07-28 21:18:20.852  1525  7704 V WindowManager: Computed rotation=ROTATION_0 (0) for display id=0 based on lastOrientation=SCREEN_ORIENTATION_UNSPECIFIED (-1) and oldRotation=ROTATION_0 (0), caller=com.android.server.wm.DisplayRotation.updateOrientation:25 com.android.server.wm.DisplayContent.updateOrientation:65 com.android.server.wm.DisplayContent.updateOrientation:11 com.android.server.wm.RootWindowContainer.ensureVisibilityAndConfig:7 com.android.server.wm.ActivityTaskSupervisor.realStartActivityLocked:213 com.android.server.wm.ActivityTaskSupervisor.startSpecificActivity:27 
07-28 21:18:20.853  1525  7704 V WindowManager: Collecting in transition 1951: ActivityRecord{acb5e72 u0 com.fceumm.wrapper/.MainMenuActivity t2684}, caller=com.android.server.wm.TransitionController.collect:7 com.android.server.wm.ActivityRecord.setVisibility:189 com.android.server.wm.ActivityTaskSupervisor.realStartActivityLocked:234 com.android.server.wm.ActivityTaskSupervisor.startSpecificActivity:27 com.android.server.wm.TaskFragment.resumeTopActivity:2204 
07-28 21:18:20.853  1525  7704 D SGM:FgCheckThread: notifyAppCreated(), packageName: com.fceumm.wrapper, userId: 0, sendRet: true
07-28 21:18:20.853  1525  2471 D SGM:FgCheckThread: onLooperPrepared(), msg: MSG_APP_CREATE, pkgName: com.fceumm.wrapper, userId: 0
07-28 21:18:20.853  1525  7704 D InputDispatcher: Focused application(0): ActivityRecord{acb5e72 u0 com.fceumm.wrapper/.MainMenuActivity t2684}
07-28 21:18:20.854  1525  7704 D WindowManager: Changing focus from Window{d0f830a u0 com.fceumm.wrapper/com.fceumm.wrapper.SplashActivity} to null displayId=0 Callers=com.android.server.wm.ActivityTaskManagerService.setLastResumedActivityUncheckLocked:264 com.android.server.wm.ActivityTaskSupervisor.updateTopResumedActivityIfNeeded:50 com.android.server.wm.TaskFragment.setResumedActivity:29 com.android.server.wm.ActivityRecord.setState:104 
07-28 21:18:20.854  1525  1626 D SGM:GameManager: identifyGamePackage. com.fceumm.wrapper, mCurrentUserId: 0, callerUserId: 0, callingMethodInfo: com.samsung.android.game.SemGameManager.isGamePackage(SemGameManager.java:105)
07-28 21:18:20.854  1525  1626 D SGM:SemGameManager: isGamePackage(), pkgName=com.fceumm.wrapper, ret=false
07-28 21:18:20.854  1525  1626 D SGM:FgCheckThread:   notifyFocusInOut(). unexpected type. 20
07-28 21:18:20.854  1525  7704 V SystemKeyManager: updateFocusedWindow() is called, 
07-28 21:18:20.854  1525  7704 I SystemKeyManager: isSystemKeyEventRequested() : focusedWindow is empty.
07-28 21:18:20.854  1525  7704 I SystemKeyManager: isSystemKeyEventRequested() : focusedWindow is empty.
07-28 21:18:20.854  1525  7704 D ActivityTaskManager: scheduleTopResumedActivityChanged, onTop=true, r=ActivityRecord{acb5e72 u0 com.fceumm.wrapper/.MainMenuActivity t2684}, caller=com.android.server.wm.ActivityTaskSupervisor.updateTopResumedActivityIfNeeded:62 com.android.server.wm.TaskFragment.setResumedActivity:29 com.android.server.wm.ActivityRecord.setState:104 com.android.server.wm.ActivityTaskSupervisor.realStartActivityLocked:949 com.android.server.wm.ActivityTaskSupervisor.startSpecificActivity:27 com.android.server.wm.TaskFragment.resumeTopActivity:2204 
07-28 21:18:20.854  1525  7704 D WindowManagerServiceExt: updateTaskbarTargetIfNeeded: cn=ComponentInfo{com.fceumm.wrapper/com.fceumm.wrapper.MainMenuActivity} occludesParent=true isInSplitScreenMode=false styleFloating=false
07-28 21:18:20.855  1525  7704 D BLASTSyncEngine: SyncGroup 1951:  Unfinished container: ActivityRecord{acb5e72 u0 com.fceumm.wrapper/.MainMenuActivity t2684} mSyncState=2
07-28 21:18:20.856  1525  7704 D GraphicsStatsService: requestRenderEngineFor(com.fceumm.wrapper)
07-28 21:18:20.856  8530  8530 D ActivityThread: com.fceumm.wrapper will use render engine as VK
07-28 21:18:20.858  1369  1369 W Layer   : gatherBufferInfo: Received unknown dataspace from gralloc
07-28 21:18:20.865  1369  1369 I SurfaceFlinger: [LayerHierarchy{RequestedLayerState{ImeContainer#16 parentId=29575 relativeParentId=29575 z=1} 1 children}] RelativeParent to null
07-28 21:18:20.867  1369  1369 W Layer   : gatherBufferInfo: Received unknown dataspace from gralloc
07-28 21:18:20.868  1369  1369 I BpBinder: onLastStrongRef automatically unlinking death recipients: 
07-28 21:18:20.868  8530  8530 D AppCompatDelegate: Checking for metadata for AppLocalesMetadataHolderService : Service not found
07-28 21:18:20.869  1525  2587 I CocktailBarManagerServiceContainer: handleMessage: entry what = 5
07-28 21:18:20.870  1525  2587 I CocktailBarManagerServiceImpl: noteResumeComponent : no active host
07-28 21:18:20.870  1525  1626 D SGM:FgCheckThread: noteResumeComponent(), received pkgName: com.fceumm.wrapper, userId: 0
07-28 21:18:20.870  1525  2471 D SGM:FgCheckThread: onLooperPrepared(), msg: MSG_APP_RESUME, pkgName: com.fceumm.wrapper, userid: 0
07-28 21:18:20.870  1525  2471 D SGM:FgCheckThread: handleResume().
07-28 21:18:20.870  1525  2471 D SGM:FgCheckThread:   handleResume(). same package with Prev KILL_YOURSELF. ignore
07-28 21:18:20.871  5103  5998 I SDHMS:l : handleResumeComponent : put = com.fceumm.wrapper, userid = 0 instanceid =227156675
07-28 21:18:20.873  1369  1512 D SurfaceFlinger: [input] setFocusedWindow: <null>
07-28 21:18:20.873  1525  5856 D InputDispatcher: Focus left window (0): d0f830a com.fceumm.wrapper/com.fceumm.wrapper.SplashActivity
07-28 21:18:20.873  1525  7704 D InputDispatcher: Once focus requested (0): <null>
07-28 21:18:20.874  1369  1369 W Layer   : gatherBufferInfo: Received unknown dataspace from gralloc
07-28 21:18:20.881  8530  8530 I DecorView: setWindowBackground: isPopOver=false color=ffffffff d=android.graphics.drawable.ColorDrawable@b75c2e6
07-28 21:18:20.882  1369  1369 W Layer   : gatherBufferInfo: Received unknown dataspace from gralloc
07-28 21:18:20.883  8530  8530 I .fceumm.wrapper: hiddenapi: Accessing hidden method Landroid/view/View;->computeFitSystemWindows(Landroid/graphics/Rect;Landroid/graphics/Rect;)Z (runtime_flags=0, domain=platform, api=unsupported) from Landroidx/appcompat/widget/ViewUtils; (domain=app) using reflection: allowed
07-28 21:18:20.883  8530  8530 I .fceumm.wrapper: hiddenapi: Accessing hidden method Landroid/view/ViewGroup;->makeOptionalFitsSystemWindows()V (runtime_flags=0, domain=platform, api=unsupported) from Landroidx/appcompat/widget/ViewUtils; (domain=app) using reflection: allowed
